Warning: This is a nightly build of Foundry. It is recommended to use the latest stable version. To mute this warning set `FOUNDRY_DISABLE_NIGHTLY_WARNING` in your environment. 

Unable to resolve imports:
      "@openzeppelin/contracts/mocks/account/AccountMock.sol" in "/Users/yevhen/Documents/GitHub/RLD/contracts/lib/openzeppelin-v5/test/account/AccountEIP7702.t.sol"
      "ds-test/test.sol" in "/Users/yevhen/Documents/GitHub/RLD/contracts/v4-twamm-hook/lib/v4-periphery/lib/permit2/lib/solmate/src/test/utils/DSTestPlus.sol"
      "permit2/src/interfaces/IAllowanceTransfer.sol" in "/Users/yevhen/Documents/GitHub/RLD/contracts/lib/v4-periphery/script/DeployPosm.s.sol"
      "../munged/governance/extensions/GovernorCountingSimple.sol" in "/Users/yevhen/Documents/GitHub/RLD/contracts/v4-twamm-hook/lib/v4-periphery/lib/permit2/lib/openzeppelin-contracts/certora/harnesses/WizardControlFirstPriority.sol"
      "@uniswap/v4-core/src/types/Currency.sol" in "/Users/yevhen/Documents/GitHub/RLD/contracts/v4-twamm-hook/lib/v4-periphery/src/interfaces/IV4Router.sol"
      "@openzeppelin/contracts/proxy/transparent/TransparentUpgradeableProxy.sol" in "/Users/yevhen/Documents/GitHub/RLD/contracts/lib/v4-periphery/test/shared/PosmTestSetup.sol"
      "forge-std/Test.sol" in "/Users/yevhen/Documents/GitHub/RLD/contracts/v4-twamm-hook/lib/v4-periphery/lib/v4-core/test/Sync.t.sol"
      "forge-std/interfaces/IERC20.sol" in "/Users/yevhen/Documents/GitHub/RLD/contracts/v4-twamm-hook/lib/v4-periphery/test/position-managers/Permit.t.sol"
      "v4-core/test/utils/Constants.sol" in "/Users/yevhen/Documents/GitHub/RLD/contracts/v4-twamm-hook/test/TWAMM.kill.t.sol"
      "@uniswap/v4-core/src/libraries/TickMath.sol" in "/Users/yevhen/Documents/GitHub/RLD/contracts/v4-twamm-hook/test/TWAMM.t.sol"
      "@uniswap/v4-core/src/types/BalanceDelta.sol" in "/Users/yevhen/Documents/GitHub/RLD/contracts/v4-twamm-hook/test/TWAMM.uneven.t.sol"
      "v4-core/src/types/Currency.sol" in "/Users/yevhen/Documents/GitHub/RLD/contracts/v4-twamm-hook/test/utils/Fixtures.sol"
      "forge-std/Test.sol" in "/Users/yevhen/Documents/GitHub/RLD/contracts/lib/v4-periphery/test/EIP712.t.sol"
      "v4-periphery/src/libraries/PositionInfoLibrary.sol" in "/Users/yevhen/Documents/GitHub/RLD/contracts/v4-twamm-hook/test/utils/EasyPosm.sol"
      "@uniswap/v4-core/src/interfaces/callback/IUnlockCallback.sol" in "/Users/yevhen/Documents/GitHub/RLD/contracts/v4-twamm-hook/lib/v4-periphery/test/mocks/MockDeltaResolver.sol"
      "@openzeppelin/contracts/token/ERC721/extensions/ERC721Consecutive.sol" in "/Users/yevhen/Documents/GitHub/RLD/contracts/lib/openzeppelin-v5/test/token/ERC721/extensions/ERC721Consecutive.t.sol"
      "forge-std/Test.sol" in "/Users/yevhen/Documents/GitHub/RLD/contracts/v4-twamm-hook/lib/v4-periphery/test/EIP712.t.sol"
      "@uniswap/v4-core/src/interfaces/IPoolManager.sol" in "/Users/yevhen/Documents/GitHub/RLD/contracts/v4-twamm-hook/lib/v4-periphery/src/PositionDescriptor.sol"
      "forge-std/Test.sol" in "/Users/yevhen/Documents/GitHub/RLD/contracts/lib/v4-core/test/libraries/Lock.t.sol"
      "forge-std/Script.sol" in "/Users/yevhen/Documents/GitHub/RLD/contracts/lib/v4-periphery/script/DeployStateView.s.sol"
      "@uniswap/v4-core/src/interfaces/external/IERC20Minimal.sol" in "/Users/yevhen/Documents/GitHub/RLD/contracts/v4-twamm-hook/src/TWAMM.sol"
      "forge-std/StdError.sol" in "/Users/yevhen/Documents/GitHub/RLD/contracts/lib/v4-core/test/Tick.t.sol"
      "forge-std/Test.sol" in "/Users/yevhen/Documents/GitHub/RLD/contracts/v4-twamm-hook/lib/v4-periphery/lib/v4-core/test/NoDelegateCall.t.sol"
      "@uniswap/v4-core/src/interfaces/IPoolManager.sol" in "/Users/yevhen/Documents/GitHub/RLD/contracts/v4-twamm-hook/lib/v4-periphery/src/base/SafeCallback.sol"
      "@uniswap/v4-core/src/interfaces/IPoolManager.sol" in "/Users/yevhen/Documents/GitHub/RLD/contracts/v4-twamm-hook/lib/v4-periphery/test/position-managers/Execute.t.sol"
      "forge-std/Test.sol" in "/Users/yevhen/Documents/GitHub/RLD/contracts/v4-twamm-hook/lib/v4-core/test/libraries/SwapMath.t.sol"
      "forge-std/Test.sol" in "/Users/yevhen/Documents/GitHub/RLD/contracts/v4-twamm-hook/lib/v4-periphery/lib/v4-core/test/libraries/SwapMath.t.sol"
      "forge-std/Script.sol" in "/Users/yevhen/Documents/GitHub/RLD/contracts/lib/v4-periphery/script/03_PoolSwapTest.s.sol"
      "@openzeppelin/contracts/metatx/ERC2771Forwarder.sol" in "/Users/yevhen/Documents/GitHub/RLD/contracts/lib/openzeppelin-v5/test/metatx/ERC2771Forwarder.t.sol"
      "@openzeppelin/contracts/mocks/token/ERC20Mock.sol" in "/Users/yevhen/Documents/GitHub/RLD/contracts/lib/openzeppelin-v5/test/token/ERC20/extensions/ERC4626.t.sol"
      "@uniswap/v4-core/src/libraries/SafeCast.sol" in "/Users/yevhen/Documents/GitHub/RLD/contracts/lib/v4-periphery/src/libraries/SlippageCheck.sol"
      "@uniswap/v4-core/src/types/PoolOperation.sol" in "/Users/yevhen/Documents/GitHub/RLD/contracts/lib/v4-periphery/test/shared/fuzz/LiquidityFuzzers.sol"
      "forge-std/Test.sol" in "/Users/yevhen/Documents/GitHub/RLD/contracts/lib/openzeppelin-v5/test/utils/Base64.t.sol"
      "../patched/access/Ownable.sol" in "/Users/yevhen/Documents/GitHub/RLD/contracts/lib/openzeppelin-v5/fv/harnesses/OwnableHarness.sol"
      "@uniswap/v4-core/src/libraries/StateLibrary.sol" in "/Users/yevhen/Documents/GitHub/RLD/contracts/v4-twamm-hook/lib/v4-periphery/test/position-managers/PositionManager.modifyLiquidities.t.sol"
      "@uniswap/v4-core/src/test/Fuzzers.sol" in "/Users/yevhen/Documents/GitHub/RLD/contracts/lib/v4-periphery/test/position-managers/IncreaseLiquidity.t.sol"
      "@uniswap/v4-core/src/libraries/TickMath.sol" in "/Users/yevhen/Documents/GitHub/RLD/contracts/src/libraries/UniswapIntegration.sol"
      "forge-std/Test.sol" in "/Users/yevhen/Documents/GitHub/RLD/contracts/lib/v4-periphery/test/script/DeployPoolManager.t.sol"
      "forge-std/Test.sol" in "/Users/yevhen/Documents/GitHub/RLD/contracts/v4-twamm-hook/lib/v4-periphery/lib/v4-core/lib/openzeppelin-contracts/test/utils/ShortStrings.t.sol"
      "../patched/utils/structs/EnumerableMap.sol" in "/Users/yevhen/Documents/GitHub/RLD/contracts/v4-twamm-hook/lib/v4-core/lib/openzeppelin-contracts/certora/harnesses/EnumerableMapHarness.sol"
      "permit2/src/interfaces/IAllowanceTransfer.sol" in "/Users/yevhen/Documents/GitHub/RLD/contracts/lib/v4-periphery/test/shared/Permit2SignatureHelpers.sol"
      "src/test/PoolNestedActionsTest.sol" in "/Users/yevhen/Documents/GitHub/RLD/contracts/v4-twamm-hook/lib/v4-core/test/utils/NestedActions.t.sol"
      "@uniswap/v4-core/src/types/BalanceDelta.sol" in "/Users/yevhen/Documents/GitHub/RLD/contracts/v4-twamm-hook/lib/v4-periphery/src/lens/V4Quoter.sol"
      "forge-std/console2.sol" in "/Users/yevhen/Documents/GitHub/RLD/contracts/lib/v4-periphery/script/DeployPosm.s.sol"
      "@uniswap/v4-core/src/interfaces/IPoolManager.sol" in "/Users/yevhen/Documents/GitHub/RLD/contracts/v4-twamm-hook/lib/v4-periphery/test/position-managers/NativeToken.t.sol"
      "@uniswap/v4-core/src/interfaces/IHooks.sol" in "/Users/yevhen/Documents/GitHub/RLD/contracts/lib/v4-periphery/test/hooks/WstETHHook.fork.t.sol"
      "@openzeppelin/contracts/interfaces/draft-IERC4337.sol" in "/Users/yevhen/Documents/GitHub/RLD/contracts/lib/openzeppelin-v5/test/account/utils/draft-ERC7579Utils.t.sol"
      "@uniswap/v4-core/src/interfaces/IPoolManager.sol" in "/Users/yevhen/Documents/GitHub/RLD/contracts/lib/v4-periphery/src/PositionDescriptor.sol"
      "@uniswap/v4-core/src/types/Currency.sol" in "/Users/yevhen/Documents/GitHub/RLD/contracts/v4-twamm-hook/src/ITWAMM.sol"
      "forge-std/mocks/MockERC20.sol" in "/Users/yevhen/Documents/GitHub/RLD/contracts/lib/v4-core/test/PoolManager.clear.t.sol"
      "@uniswap/v4-core/src/types/PoolKey.sol" in "/Users/yevhen/Documents/GitHub/RLD/contracts/v4-twamm-hook/lib/v4-periphery/test/position-managers/Permit.t.sol"
      "@openzeppelin/contracts/utils/Arrays.sol" in "/Users/yevhen/Documents/GitHub/RLD/contracts/lib/openzeppelin-v5/test/utils/Arrays.t.sol"
      "@uniswap/v4-core/src/libraries/LPFeeLibrary.sol" in "/Users/yevhen/Documents/GitHub/RLD/contracts/v4-twamm-hook/test/TWAMM.uneven.t.sol"
      "forge-std/interfaces/IERC20.sol" in "/Users/yevhen/Documents/GitHub/RLD/contracts/v4-twamm-hook/test/utils/Fixtures.sol"
      "v4-core/src/libraries/FullMath.sol" in "/Users/yevhen/Documents/GitHub/RLD/contracts/src/libraries/LiquidityAmounts.sol"
      "forge-std/Test.sol" in "/Users/yevhen/Documents/GitHub/RLD/contracts/lib/v4-periphery/test/position-managers/NativeToken.t.sol"
      "@uniswap/v4-core/src/types/BalanceDelta.sol" in "/Users/yevhen/Documents/GitHub/RLD/contracts/lib/v4-periphery/test/shared/FeeMath.sol"
      "forge-std/interfaces/IERC721.sol" in "/Users/yevhen/Documents/GitHub/RLD/contracts/lib/v4-periphery/test/position-managers/PositionManager.multicall.t.sol"
      "v4-core/src/types/Currency.sol" in "/Users/yevhen/Documents/GitHub/RLD/contracts/src/modules/broker/TwammBrokerModule.sol"
      "src/types/BalanceDelta.sol" in "/Users/yevhen/Documents/GitHub/RLD/contracts/v4-twamm-hook/lib/v4-periphery/lib/v4-core/test/ModifyLiquidity.t.sol"
      "@uniswap/v4-core/src/types/PoolId.sol" in "/Users/yevhen/Documents/GitHub/RLD/contracts/v4-twamm-hook/src/libraries/PoolGetters.sol"
      "@uniswap/v4-core/src/types/PoolId.sol" in "/Users/yevhen/Documents/GitHub/RLD/contracts/v4-twamm-hook/test/TWAMM_Matching.t.sol"
      "@uniswap/v4-core/src/types/PoolKey.sol" in "/Users/yevhen/Documents/GitHub/RLD/contracts/lib/v4-periphery/test/libraries/CalldataDecoder.t.sol"
      "permit2/src/interfaces/ISignatureTransfer.sol" in "/Users/yevhen/Documents/GitHub/RLD/contracts/v4-twamm-hook/lib/v4-periphery/test/shared/Permit2SignatureHelpers.sol"
      "@uniswap/v4-core/src/types/BeforeSwapDelta.sol" in "/Users/yevhen/Documents/GitHub/RLD/contracts/lib/v4-periphery/test/mocks/MockCounterHook.sol"
      "solmate/src/test/utils/mocks/MockERC20.sol" in "/Users/yevhen/Documents/GitHub/RLD/contracts/v4-twamm-hook/lib/v4-periphery/test/shared/RoutingTestHelpers.sol"
      "@uniswap/v4-core/src/interfaces/IHooks.sol" in "/Users/yevhen/Documents/GitHub/RLD/contracts/v4-twamm-hook/lib/v4-periphery/test/position-managers/PositionManager.gas.t.sol"
      "@uniswap/v4-core/src/types/BalanceDelta.sol" in "/Users/yevhen/Documents/GitHub/RLD/contracts/lib/v4-periphery/src/interfaces/ISubscriber.sol"
      "@uniswap/v4-core/src/interfaces/IPoolManager.sol" in "/Users/yevhen/Documents/GitHub/RLD/contracts/lib/v4-periphery/src/base/BaseActionsRouter.sol"
      "forge-std/Test.sol" in "/Users/yevhen/Documents/GitHub/RLD/contracts/v4-twamm-hook/lib/v4-core/test/libraries/ProtocolFeeLibrary.t.sol"
      "@uniswap/v4-core/src/types/Currency.sol" in "/Users/yevhen/Documents/GitHub/RLD/contracts/lib/v4-periphery/src/base/DeltaResolver.sol"
      "forge-std/Test.sol" in "/Users/yevhen/Documents/GitHub/RLD/contracts/lib/openzeppelin-v5/test/utils/Blockhash.t.sol"
      "permit2/src/libraries/SignatureVerification.sol" in "/Users/yevhen/Documents/GitHub/RLD/contracts/lib/v4-periphery/test/erc721Permit/ERC721Permit.permitForAll.t.sol"
      "src/libraries/SafeCast.sol" in "/Users/yevhen/Documents/GitHub/RLD/contracts/lib/v4-core/test/libraries/LiquidityMath.t.sol"
      "@uniswap/v4-core/src/types/PoolOperation.sol" in "/Users/yevhen/Documents/GitHub/RLD/contracts/lib/v4-periphery/test/hooks/WETHHook.t.sol"
      "permit2/src/interfaces/IAllowanceTransfer.sol" in "/Users/yevhen/Documents/GitHub/RLD/contracts/lib/v4-periphery/test/shared/PosmTestSetup.sol"
      "v4-core/src/libraries/TickMath.sol" in "/Users/yevhen/Documents/GitHub/RLD/contracts/src/modules/broker/UniswapV4BrokerModule.sol"
      "v4-core/src/types/PoolKey.sol" in "/Users/yevhen/Documents/GitHub/RLD/contracts/test/AtomicDeployment.t.sol"
      "solmate/src/test/utils/mocks/MockERC20.sol" in "/Users/yevhen/Documents/GitHub/RLD/contracts/v4-twamm-hook/lib/v4-core/test/utils/SwapHelper.t.sol"
      "@openzeppelin/contracts/utils/Memory.sol" in "/Users/yevhen/Documents/GitHub/RLD/contracts/lib/openzeppelin-v5/test/utils/Memory.t.sol"
      "@openzeppelin/contracts/utils/cryptography/P256.sol" in "/Users/yevhen/Documents/GitHub/RLD/contracts/lib/openzeppelin-v5/test/utils/cryptography/WebAuthn.t.sol"
      "forge-std/Test.sol" in "/Users/yevhen/Documents/GitHub/RLD/contracts/lib/v4-core/src/test/ActionsRouter.sol"
      "@uniswap/v4-core/src/libraries/CustomRevert.sol" in "/Users/yevhen/Documents/GitHub/RLD/contracts/lib/v4-periphery/test/position-managers/PositionManager.notifier.t.sol"
      "@uniswap/v4-core/src/interfaces/IHooks.sol" in "/Users/yevhen/Documents/GitHub/RLD/contracts/v4-twamm-hook/lib/v4-periphery/src/libraries/PathKey.sol"
      "@uniswap/v4-core/test/utils/SortTokens.sol" in "/Users/yevhen/Documents/GitHub/RLD/contracts/v4-twamm-hook/lib/v4-periphery/test/shared/PosmTestSetup.sol"
      "forge-std/Test.sol" in "/Users/yevhen/Documents/GitHub/RLD/contracts/lib/openzeppelin-v5/test/account/utils/draft-ERC7579Utils.t.sol"
      "permit2/test/utils/DeployPermit2.sol" in "/Users/yevhen/Documents/GitHub/RLD/contracts/v4-twamm-hook/test/utils/Fixtures.sol"
      "@uniswap/v4-core/src/test/Fuzzers.sol" in "/Users/yevhen/Documents/GitHub/RLD/contracts/v4-twamm-hook/lib/v4-periphery/test/shared/fuzz/LiquidityFuzzers.sol"
      "forge-std/Vm.sol" in "/Users/yevhen/Documents/GitHub/RLD/contracts/lib/v4-core/test/libraries/TickBitmap.t.sol"
      "@uniswap/v4-core/src/libraries/Hooks.sol" in "/Users/yevhen/Documents/GitHub/RLD/contracts/lib/v4-periphery/script/DeployHook.s.sol"
      "forge-std/Vm.sol" in "/Users/yevhen/Documents/GitHub/RLD/contracts/lib/v4-core/test/libraries/Hooks.t.sol"
      "../patched/utils/structs/EnumerableSet.sol" in "/Users/yevhen/Documents/GitHub/RLD/contracts/v4-twamm-hook/lib/v4-periphery/lib/v4-core/lib/openzeppelin-contracts/certora/harnesses/EnumerableSetHarness.sol"
      "@uniswap/v4-core/src/interfaces/IPoolManager.sol" in "/Users/yevhen/Documents/GitHub/RLD/contracts/v4-twamm-hook/lib/v4-periphery/test/shared/PosmTestSetup.sol"
      "forge-std/Test.sol" in "/Users/yevhen/Documents/GitHub/RLD/contracts/lib/openzeppelin-v5/test/utils/Bytes.t.sol"
      "@uniswap/v4-core/src/types/BalanceDelta.sol" in "/Users/yevhen/Documents/GitHub/RLD/contracts/lib/v4-periphery/src/V4Router.sol"
      "@uniswap/v4-core/src/types/PoolId.sol" in "/Users/yevhen/Documents/GitHub/RLD/contracts/lib/v4-periphery/src/base/BaseV4Quoter.sol"
      "@uniswap/v4-core/src/types/PoolKey.sol" in "/Users/yevhen/Documents/GitHub/RLD/contracts/lib/v4-periphery/src/interfaces/IV4Router.sol"
      "forge-std/Vm.sol" in "/Users/yevhen/Documents/GitHub/RLD/contracts/v4-twamm-hook/lib/v4-core/test/libraries/Hooks.t.sol"
      "../patched/token/ERC20/extensions/ERC20Wrapper.sol" in "/Users/yevhen/Documents/GitHub/RLD/contracts/v4-twamm-hook/lib/v4-periphery/lib/v4-core/lib/openzeppelin-contracts/certora/harnesses/ERC20WrapperHarness.sol"
      "forge-std/Test.sol" in "/Users/yevhen/Documents/GitHub/RLD/contracts/lib/v4-periphery/test/position-managers/Permit2Forwarder.t.sol"
      "src/types/PoolKey.sol" in "/Users/yevhen/Documents/GitHub/RLD/contracts/v4-twamm-hook/lib/v4-periphery/lib/v4-core/test/ModifyLiquidity.t.sol"
      "solmate/src/utils/FixedPointMathLib.sol" in "/Users/yevhen/Documents/GitHub/RLD/contracts/v4-twamm-hook/lib/v4-periphery/test/position-managers/IncreaseLiquidity.t.sol"
      "@uniswap/v4-core/test/utils/LiquidityAmounts.sol" in "/Users/yevhen/Documents/GitHub/RLD/contracts/lib/v4-periphery/test/position-managers/NativeToken.t.sol"
      "forge-std/Vm.sol" in "/Users/yevhen/Documents/GitHub/RLD/contracts/v4-twamm-hook/lib/v4-periphery/lib/permit2/test/utils/PermitSignature.sol"
      "forge-std/Script.sol" in "/Users/yevhen/Documents/GitHub/RLD/contracts/v4-twamm-hook/lib/v4-periphery/lib/permit2/test/utils/DeployPermit2.sol"
      "forge-std/Test.sol" in "/Users/yevhen/Documents/GitHub/RLD/contracts/v4-twamm-hook/lib/v4-periphery/test/libraries/VanityAddressLib.t.sol"
      "@uniswap/v4-core/src/types/PoolId.sol" in "/Users/yevhen/Documents/GitHub/RLD/contracts/v4-twamm-hook/lib/v4-periphery/test/position-managers/PositionManager.gas.t.sol"
      "@uniswap/v4-core/src/libraries/Hooks.sol" in "/Users/yevhen/Documents/GitHub/RLD/contracts/lib/v4-periphery/test/shared/PosmTestSetup.sol"
      "@uniswap/v4-core/src/interfaces/IPoolManager.sol" in "/Users/yevhen/Documents/GitHub/RLD/contracts/v4-twamm-hook/lib/v4-periphery/test/position-managers/PositionManager.modifyLiquidities.t.sol"
      "@uniswap/v4-core/src/libraries/TickMath.sol" in "/Users/yevhen/Documents/GitHub/RLD/contracts/v4-twamm-hook/lib/v4-periphery/test/shared/LiquidityOperations.sol"
      "@uniswap/v4-core/src/types/PoolOperation.sol" in "/Users/yevhen/Documents/GitHub/RLD/contracts/lib/v4-periphery/test/hooks/WstETHHook.fork.t.sol"
      "v4-core/src/types/Currency.sol" in "/Users/yevhen/Documents/GitHub/RLD/contracts/src/core/RLDMarketFactory.sol"
      "src/libraries/SafeCast.sol" in "/Users/yevhen/Documents/GitHub/RLD/contracts/v4-twamm-hook/lib/v4-core/test/libraries/LiquidityMath.t.sol"
      "@openzeppelin/contracts/token/ERC20/ERC20.sol" in "/Users/yevhen/Documents/GitHub/RLD/contracts/lib/openzeppelin-v5/test/token/ERC20/extensions/ERC4626.t.sol"
      "forge-std/Test.sol" in "/Users/yevhen/Documents/GitHub/RLD/contracts/lib/v4-core/test/libraries/SafeCast.t.sol"
      "@openzeppelin/contracts/token/ERC721/ERC721.sol" in "/Users/yevhen/Documents/GitHub/RLD/contracts/v4-twamm-hook/lib/v4-periphery/lib/v4-core/lib/openzeppelin-contracts/test/token/ERC721/extensions/ERC721Consecutive.t.sol"
      "forge-std/interfaces/IERC721.sol" in "/Users/yevhen/Documents/GitHub/RLD/contracts/v4-twamm-hook/lib/v4-periphery/test/position-managers/PositionManager.t.sol"
      "@uniswap/v4-core/src/interfaces/IHooks.sol" in "/Users/yevhen/Documents/GitHub/RLD/contracts/v4-twamm-hook/lib/v4-periphery/test/shared/RoutingTestHelpers.sol"
      "@uniswap/v4-core/src/types/PoolKey.sol" in "/Users/yevhen/Documents/GitHub/RLD/contracts/lib/v4-periphery/test/shared/FeeMath.sol"
      "@uniswap/v4-core/src/types/PoolKey.sol" in "/Users/yevhen/Documents/GitHub/RLD/contracts/v4-twamm-hook/lib/v4-periphery/src/PositionManager.sol"
      "@uniswap/v4-core/src/types/PoolKey.sol" in "/Users/yevhen/Documents/GitHub/RLD/contracts/v4-twamm-hook/test/TWAMM.complex.t.sol"
      "openzeppelin-contracts/contracts/token/ERC20/utils/SafeERC20.sol" in "/Users/yevhen/Documents/GitHub/RLD/contracts/v4-twamm-hook/lib/v4-periphery/lib/permit2/test/Permit2Lib.t.sol"
      "forge-std/Test.sol" in "/Users/yevhen/Documents/GitHub/RLD/contracts/v4-twamm-hook/lib/v4-periphery/lib/v4-core/src/test/SkipCallsTestHook.sol"
      "forge-std/Test.sol" in "/Users/yevhen/Documents/GitHub/RLD/contracts/lib/v4-periphery/test/shared/RoutingTestHelpers.sol"
      "solmate/src/utils/FixedPointMathLib.sol" in "/Users/yevhen/Documents/GitHub/RLD/contracts/lib/v4-periphery/test/position-managers/PositionManager.gas.t.sol"
      "forge-std/Test.sol" in "/Users/yevhen/Documents/GitHub/RLD/contracts/v4-twamm-hook/lib/v4-periphery/lib/v4-core/test/libraries/UnsafeMath.t.sol"
      "@uniswap/v4-core/src/libraries/Position.sol" in "/Users/yevhen/Documents/GitHub/RLD/contracts/v4-twamm-hook/lib/v4-periphery/test/StateViewTest.t.sol"
      "@openzeppelin/contracts/utils/Create2.sol" in "/Users/yevhen/Documents/GitHub/RLD/contracts/v4-twamm-hook/lib/v4-periphery/test/UniswapV4DeployerCompetition.t.sol"
      "@uniswap/v4-core/src/interfaces/IHooks.sol" in "/Users/yevhen/Documents/GitHub/RLD/contracts/v4-twamm-hook/test/TWAMM.flow.t.sol"
      "v4-periphery/src/interfaces/IERC721Permit_v4.sol" in "/Users/yevhen/Documents/GitHub/RLD/contracts/v4-twamm-hook/test/utils/Fixtures.sol"
      "@uniswap/v4-core/src/types/Currency.sol" in "/Users/yevhen/Documents/GitHub/RLD/contracts/lib/v4-periphery/src/base/hooks/BaseTokenWrapperHook.sol"
      "solmate/src/test/utils/mocks/MockERC20.sol" in "/Users/yevhen/Documents/GitHub/RLD/contracts/v4-twamm-hook/lib/v4-periphery/lib/permit2/test/mocks/MockNonPermitERC20.sol"
      "@uniswap/v4-core/src/interfaces/IHooks.sol" in "/Users/yevhen/Documents/GitHub/RLD/contracts/lib/v4-periphery/src/utils/BaseHook.sol"
      "forge-std/Vm.sol" in "/Users/yevhen/Documents/GitHub/RLD/contracts/v4-twamm-hook/lib/v4-periphery/lib/v4-core/test/DynamicFees.t.sol"
      "solmate/src/tokens/ERC20.sol" in "/Users/yevhen/Documents/GitHub/RLD/contracts/src/tokens/PositionToken.sol"
      "forge-std/Test.sol" in "/Users/yevhen/Documents/GitHub/RLD/contracts/lib/v4-core/src/test/SkipCallsTestHook.sol"
      "solmate/src/utils/FixedPointMathLib.sol" in "/Users/yevhen/Documents/GitHub/RLD/contracts/v4-twamm-hook/lib/v4-periphery/test/position-managers/NativeToken.t.sol"
      "forge-std/Test.sol" in "/Users/yevhen/Documents/GitHub/RLD/contracts/v4-twamm-hook/lib/v4-periphery/lib/v4-core/test/libraries/Pool.t.sol"
      "@uniswap/v4-core/src/libraries/TickMath.sol" in "/Users/yevhen/Documents/GitHub/RLD/contracts/lib/v4-periphery/test/position-managers/PositionManager.modifyLiquidities.t.sol"
      "@uniswap/v4-core/src/interfaces/IPoolManager.sol" in "/Users/yevhen/Documents/GitHub/RLD/contracts/lib/v4-periphery/test/script/DeployPoolMofifyLiquidityTest.t.sol"
      "@uniswap/v4-core/src/types/BalanceDelta.sol" in "/Users/yevhen/Documents/GitHub/RLD/contracts/v4-twamm-hook/lib/v4-periphery/test/mocks/MockSubscriber.sol"
      "@uniswap/v4-core/src/interfaces/IPoolManager.sol" in "/Users/yevhen/Documents/GitHub/RLD/contracts/v4-twamm-hook/test/TWAMM.complex.t.sol"
      "solmate/src/test/utils/mocks/MockERC20.sol" in "/Users/yevhen/Documents/GitHub/RLD/contracts/v4-twamm-hook/lib/v4-core/test/ModifyLiquidity.t.sol"
      "@uniswap/v4-core/src/types/Currency.sol" in "/Users/yevhen/Documents/GitHub/RLD/contracts/lib/v4-periphery/test/hooks/WstETHHook.fork.t.sol"
      "@uniswap/v4-core/src/interfaces/IHooks.sol" in "/Users/yevhen/Documents/GitHub/RLD/contracts/v4-twamm-hook/test/TWAMM_Cancel.t.sol"
      "src/types/BalanceDelta.sol" in "/Users/yevhen/Documents/GitHub/RLD/contracts/lib/v4-core/test/ModifyLiquidity.t.sol"
      "@openzeppelin/contracts/token/ERC20/extensions/ERC4626.sol" in "/Users/yevhen/Documents/GitHub/RLD/contracts/lib/openzeppelin-v5/test/token/ERC20/extensions/ERC4626.t.sol"
      "@uniswap/v4-core/src/PoolManager.sol" in "/Users/yevhen/Documents/GitHub/RLD/contracts/lib/v4-periphery/test/script/DeployPoolMofifyLiquidityTest.t.sol"
      "@uniswap/v4-core/src/types/BalanceDelta.sol" in "/Users/yevhen/Documents/GitHub/RLD/contracts/v4-twamm-hook/src/TWAMM.sol"
      "@uniswap/v4-core/src/types/PoolId.sol" in "/Users/yevhen/Documents/GitHub/RLD/contracts/v4-twamm-hook/lib/v4-periphery/test/position-managers/NativeToken.t.sol"
      "@uniswap/v4-core/src/libraries/TickMath.sol" in "/Users/yevhen/Documents/GitHub/RLD/contracts/lib/v4-periphery/test/PositionDescriptor.t.sol"
      "v4-core/src/types/Currency.sol" in "/Users/yevhen/Documents/GitHub/RLD/contracts/test/GenericExecution.t.sol"
      "permit2/src/libraries/SignatureVerification.sol" in "/Users/yevhen/Documents/GitHub/RLD/contracts/lib/v4-periphery/src/base/ERC721Permit_v4.sol"
      "permit2/src/libraries/SignatureVerification.sol" in "/Users/yevhen/Documents/GitHub/RLD/contracts/v4-twamm-hook/lib/v4-periphery/src/base/ERC721Permit_v4.sol"
      "forge-std/Test.sol" in "/Users/yevhen/Documents/GitHub/RLD/contracts/lib/openzeppelin-v5/test/utils/math/Math.t.sol"
      "@uniswap/v4-core/test/utils/CurrencySettler.sol" in "/Users/yevhen/Documents/GitHub/RLD/contracts/v4-twamm-hook/src/TWAMM.sol"
      "@uniswap/v4-core/src/libraries/StateLibrary.sol" in "/Users/yevhen/Documents/GitHub/RLD/contracts/v4-twamm-hook/src/TWAMM.sol"
      "@uniswap/v4-core/src/types/Currency.sol" in "/Users/yevhen/Documents/GitHub/RLD/contracts/lib/v4-periphery/test/mocks/MockBaseActionsRouter.sol"
      "@uniswap/v4-core/src/types/Currency.sol" in "/Users/yevhen/Documents/GitHub/RLD/contracts/lib/v4-periphery/test/position-managers/PositionManager.t.sol"
      "@uniswap/v4-core/src/types/Currency.sol" in "/Users/yevhen/Documents/GitHub/RLD/contracts/v4-twamm-hook/lib/v4-periphery/test/libraries/CalldataDecoder.t.sol"
      "@uniswap/v4-core/src/types/PoolId.sol" in "/Users/yevhen/Documents/GitHub/RLD/contracts/v4-twamm-hook/lib/v4-periphery/test/position-managers/Permit.t.sol"
      "forge-std/Test.sol" in "/Users/yevhen/Documents/GitHub/RLD/contracts/lib/v4-periphery/test/script/DeployPoolMofifyLiquidityTest.t.sol"
      "forge-std/Test.sol" in "/Users/yevhen/Documents/GitHub/RLD/contracts/lib/v4-periphery/test/position-managers/PositionManager.t.sol"
      "forge-std/Test.sol" in "/Users/yevhen/Documents/GitHub/RLD/contracts/v4-twamm-hook/lib/v4-periphery/lib/v4-core/lib/openzeppelin-contracts/test/utils/structs/Checkpoints.t.sol"
      "@uniswap/v4-core/src/interfaces/IHooks.sol" in "/Users/yevhen/Documents/GitHub/RLD/contracts/v4-twamm-hook/lib/v4-periphery/test/position-managers/PositionManager.notifier.t.sol"
      "@uniswap/v4-core/src/types/BeforeSwapDelta.sol" in "/Users/yevhen/Documents/GitHub/RLD/contracts/lib/v4-periphery/src/base/hooks/BaseTokenWrapperHook.sol"
      "forge-std/Test.sol" in "/Users/yevhen/Documents/GitHub/RLD/contracts/v4-twamm-hook/lib/v4-periphery/lib/v4-core/test/libraries/Hooks.t.sol"
      "solmate/src/test/utils/mocks/MockERC20.sol" in "/Users/yevhen/Documents/GitHub/RLD/contracts/v4-twamm-hook/lib/v4-periphery/lib/v4-core/test/utils/Deployers.sol"
      "@uniswap/v4-core/src/interfaces/IHooks.sol" in "/Users/yevhen/Documents/GitHub/RLD/contracts/v4-twamm-hook/lib/v4-periphery/src/base/hooks/BaseHook.sol"
      "@uniswap/v4-core/src/interfaces/IPoolManager.sol" in "/Users/yevhen/Documents/GitHub/RLD/contracts/v4-twamm-hook/lib/v4-periphery/src/interfaces/IStateView.sol"
      "forge-std/interfaces/IERC20.sol" in "/Users/yevhen/Documents/GitHub/RLD/contracts/v4-twamm-hook/lib/v4-periphery/test/position-managers/PositionManager.t.sol"
      "forge-std/Vm.sol" in "/Users/yevhen/Documents/GitHub/RLD/contracts/v4-twamm-hook/lib/v4-periphery/lib/v4-core/test/libraries/TickMath.t.sol"
      "@uniswap/v4-core/src/interfaces/IPoolManager.sol" in "/Users/yevhen/Documents/GitHub/RLD/contracts/v4-twamm-hook/lib/v4-periphery/test/script/DeployPoolSwapTest.t.sol"
      "@uniswap/v4-core/src/types/PoolId.sol" in "/Users/yevhen/Documents/GitHub/RLD/contracts/v4-twamm-hook/lib/v4-periphery/test/position-managers/PositionManager.t.sol"
      "@uniswap/v4-core/src/libraries/StateLibrary.sol" in "/Users/yevhen/Documents/GitHub/RLD/contracts/v4-twamm-hook/test/TWAMM.complex.t.sol"
      "v4-core/src/types/Currency.sol" in "/Users/yevhen/Documents/GitHub/RLD/contracts/v4-twamm-hook/test/utils/EasyPosm.sol"
      "solmate/src/utils/SafeTransferLib.sol" in "/Users/yevhen/Documents/GitHub/RLD/contracts/src/core/PrimeBroker.sol"
      "src/types/Currency.sol" in "/Users/yevhen/Documents/GitHub/RLD/contracts/lib/v4-core/test/ModifyLiquidity.t.sol"
      "@uniswap/v4-core/src/types/PoolKey.sol" in "/Users/yevhen/Documents/GitHub/RLD/contracts/v4-twamm-hook/lib/v4-periphery/test/position-managers/Execute.t.sol"
      "../munged/governance/Governor.sol" in "/Users/yevhen/Documents/GitHub/RLD/contracts/v4-twamm-hook/lib/v4-periphery/lib/permit2/lib/openzeppelin-contracts/certora/harnesses/WizardFirstTry.sol"
      "forge-std/Test.sol" in "/Users/yevhen/Documents/GitHub/RLD/contracts/v4-twamm-hook/lib/v4-periphery/test/UniswapV4DeployerCompetition.t.sol"
      "@openzeppelin/contracts/utils/structs/Checkpoints.sol" in "/Users/yevhen/Documents/GitHub/RLD/contracts/lib/openzeppelin-v5/test/utils/structs/Checkpoints.t.sol"
      "forge-std/Test.sol" in "/Users/yevhen/Documents/GitHub/RLD/contracts/lib/openzeppelin-v5/test/metatx/ERC2771Forwarder.t.sol"
      "@openzeppelin/contracts/utils/structs/Accumulators.sol" in "/Users/yevhen/Documents/GitHub/RLD/contracts/lib/openzeppelin-v5/test/utils/structs/Accumulators.t.sol"
      "@uniswap/v4-core/src/types/Currency.sol" in "/Users/yevhen/Documents/GitHub/RLD/contracts/v4-twamm-hook/test/TWAMM_Cancel.t.sol"
      "forge-std/Test.sol" in "/Users/yevhen/Documents/GitHub/RLD/contracts/v4-twamm-hook/lib/v4-core/test/libraries/Pool.t.sol"
      "@uniswap/v4-core/src/libraries/TickMath.sol" in "/Users/yevhen/Documents/GitHub/RLD/contracts/lib/v4-periphery/test/position-managers/NativeToken.t.sol"
      "src/libraries/Position.sol" in "/Users/yevhen/Documents/GitHub/RLD/contracts/v4-twamm-hook/lib/v4-periphery/lib/v4-core/test/ModifyLiquidity.t.sol"
      "forge-std/Test.sol" in "/Users/yevhen/Documents/GitHub/RLD/contracts/v4-twamm-hook/lib/v4-periphery/lib/v4-core/test/Tick.t.sol"
      "forge-std/Test.sol" in "/Users/yevhen/Documents/GitHub/RLD/contracts/lib/v4-core/test/DynamicReturnFees.t.sol"
      "v4-core/test/utils/Constants.sol" in "/Users/yevhen/Documents/GitHub/RLD/contracts/v4-twamm-hook/test/TWAMM.t.sol"
      "@uniswap/v4-core/src/types/PoolKey.sol" in "/Users/yevhen/Documents/GitHub/RLD/contracts/v4-twamm-hook/lib/v4-periphery/test/mocks/MockReenterHook.sol"
      "forge-std/Test.sol" in "/Users/yevhen/Documents/GitHub/RLD/contracts/lib/openzeppelin-v5/test/utils/SlotDerivation.t.sol"
      "@uniswap/v4-core/src/types/BalanceDelta.sol" in "/Users/yevhen/Documents/GitHub/RLD/contracts/v4-twamm-hook/lib/v4-periphery/src/base/Notifier.sol"
      "forge-std/Test.sol" in "/Users/yevhen/Documents/GitHub/RLD/contracts/v4-twamm-hook/lib/v4-core/lib/openzeppelin-contracts/test/metatx/ERC2771Forwarder.t.sol"
      "@uniswap/v4-core/src/libraries/FullMath.sol" in "/Users/yevhen/Documents/GitHub/RLD/contracts/v4-twamm-hook/lib/v4-periphery/src/libraries/Descriptor.sol"
      "forge-std/Test.sol" in "/Users/yevhen/Documents/GitHub/RLD/contracts/v4-twamm-hook/test/TWAMM.complex.t.sol"
      "@openzeppelin/contracts/utils/Packing.sol" in "/Users/yevhen/Documents/GitHub/RLD/contracts/lib/openzeppelin-v5/test/utils/Packing.t.sol"
      "@uniswap/v4-core/src/types/Currency.sol" in "/Users/yevhen/Documents/GitHub/RLD/contracts/lib/v4-periphery/test/shared/fuzz/LiquidityFuzzers.sol"
      "@uniswap/v4-core/src/types/PoolId.sol" in "/Users/yevhen/Documents/GitHub/RLD/contracts/lib/v4-periphery/test/position-managers/NativeToken.t.sol"
      "@uniswap/v4-core/test/utils/Deployers.sol" in "/Users/yevhen/Documents/GitHub/RLD/contracts/lib/v4-periphery/test/V4Quoter.t.sol"
      "forge-std/Test.sol" in "/Users/yevhen/Documents/GitHub/RLD/contracts/v4-twamm-hook/lib/v4-periphery/lib/permit2/test/AllowanceTransferInvariants.t.sol"
      "@uniswap/v4-core/src/libraries/StateLibrary.sol" in "/Users/yevhen/Documents/GitHub/RLD/contracts/v4-twamm-hook/lib/v4-periphery/src/interfaces/IStateView.sol"
      "forge-std/Test.sol" in "/Users/yevhen/Documents/GitHub/RLD/contracts/lib/v4-periphery/test/position-managers/Permit.t.sol"
      "@uniswap/v4-core/src/interfaces/IPoolManager.sol" in "/Users/yevhen/Documents/GitHub/RLD/contracts/lib/v4-periphery/src/interfaces/IPositionDescriptor.sol"
      "@uniswap/v4-core/src/interfaces/IPoolManager.sol" in "/Users/yevhen/Documents/GitHub/RLD/contracts/lib/v4-periphery/src/base/hooks/BaseTokenWrapperHook.sol"
      "@uniswap/v4-core/src/interfaces/IHooks.sol" in "/Users/yevhen/Documents/GitHub/RLD/contracts/lib/v4-periphery/test/V4Quoter.t.sol"
      "forge-std/Test.sol" in "/Users/yevhen/Documents/GitHub/RLD/contracts/lib/v4-periphery/test/position-managers/Execute.t.sol"
      "forge-std/Test.sol" in "/Users/yevhen/Documents/GitHub/RLD/contracts/lib/v4-core/test/Sync.t.sol"
      "@uniswap/v4-core/src/types/PoolOperation.sol" in "/Users/yevhen/Documents/GitHub/RLD/contracts/lib/v4-periphery/test/shared/RoutingTestHelpers.sol"
      "openzeppelin-contracts/contracts/utils/cryptography/draft-EIP712.sol" in "/Users/yevhen/Documents/GitHub/RLD/contracts/v4-twamm-hook/lib/v4-periphery/lib/permit2/test/utils/PermitSignature.sol"
      "solmate/src/auth/Owned.sol" in "/Users/yevhen/Documents/GitHub/RLD/contracts/v4-twamm-hook/lib/v4-periphery/lib/v4-core/src/ProtocolFees.sol"
      "forge-std/Test.sol" in "/Users/yevhen/Documents/GitHub/RLD/contracts/v4-twamm-hook/lib/v4-core/test/libraries/Position.t.sol"
      "@uniswap/v4-core/src/libraries/TickMath.sol" in "/Users/yevhen/Documents/GitHub/RLD/contracts/lib/v4-periphery/src/PositionManager.sol"
      "solmate/src/utils/FixedPointMathLib.sol" in "/Users/yevhen/Documents/GitHub/RLD/contracts/src/core/RLDMarketFactory.sol"
      "forge-std/Test.sol" in "/Users/yevhen/Documents/GitHub/RLD/contracts/v4-twamm-hook/lib/v4-periphery/lib/permit2/lib/forge-gas-snapshot/test/GasSnapshot.t.sol"
      "forge-std/Test.sol" in "/Users/yevhen/Documents/GitHub/RLD/contracts/v4-twamm-hook/lib/v4-periphery/lib/permit2/test/integration/Argent.t.sol"
      "@uniswap/v4-core/src/interfaces/IHooks.sol" in "/Users/yevhen/Documents/GitHub/RLD/contracts/lib/v4-periphery/test/position-managers/PositionManager.t.sol"
      "forge-std/Script.sol" in "/Users/yevhen/Documents/GitHub/RLD/contracts/v4-twamm-hook/lib/v4-periphery/script/03_PoolSwapTest.s.sol"
      "@uniswap/v4-core/src/types/PoolId.sol" in "/Users/yevhen/Documents/GitHub/RLD/contracts/v4-twamm-hook/lib/v4-periphery/src/interfaces/IStateView.sol"
      "@uniswap/v4-core/src/types/PoolOperation.sol" in "/Users/yevhen/Documents/GitHub/RLD/contracts/lib/v4-periphery/src/utils/BaseHook.sol"
      "@uniswap/v4-core/src/libraries/TickMath.sol" in "/Users/yevhen/Documents/GitHub/RLD/contracts/v4-twamm-hook/lib/v4-periphery/test/StateViewTest.t.sol"
      "forge-std/interfaces/IERC721.sol" in "/Users/yevhen/Documents/GitHub/RLD/contracts/v4-twamm-hook/lib/v4-periphery/test/position-managers/NativeToken.t.sol"
      "forge-std/Test.sol" in "/Users/yevhen/Documents/GitHub/RLD/contracts/test/RLDCore.t.sol"
      "@uniswap/v4-core/src/types/Currency.sol" in "/Users/yevhen/Documents/GitHub/RLD/contracts/v4-twamm-hook/lib/v4-periphery/test/router/Payments.gas.t.sol"
      "@uniswap/v4-core/src/types/Currency.sol" in "/Users/yevhen/Documents/GitHub/RLD/contracts/lib/v4-periphery/src/PositionDescriptor.sol"
      "@uniswap/v4-core/src/types/Currency.sol" in "/Users/yevhen/Documents/GitHub/RLD/contracts/lib/v4-periphery/src/hooks/WstETHHook.sol"
      "@uniswap/v4-core/test/utils/LiquidityAmounts.sol" in "/Users/yevhen/Documents/GitHub/RLD/contracts/lib/v4-periphery/test/V4Quoter.t.sol"
      "@uniswap/v4-core/test/utils/Deployers.sol" in "/Users/yevhen/Documents/GitHub/RLD/contracts/lib/v4-periphery/test/hooks/WstETHHook.t.sol"
      "forge-std/interfaces/IERC721.sol" in "/Users/yevhen/Documents/GitHub/RLD/contracts/lib/v4-periphery/test/position-managers/PositionManager.modifyLiquidities.t.sol"
      "forge-std/Test.sol" in "/Users/yevhen/Documents/GitHub/RLD/contracts/lib/openzeppelin-v5/test/utils/cryptography/MessageHashUtils.t.sol"
      "@uniswap/v4-core/src/interfaces/IHooks.sol" in "/Users/yevhen/Documents/GitHub/RLD/contracts/lib/v4-periphery/test/DeltaResolver.t.sol"
      "@uniswap/v4-core/src/types/BalanceDelta.sol" in "/Users/yevhen/Documents/GitHub/RLD/contracts/lib/v4-periphery/test/shared/HookSavesDelta.sol"
      "@uniswap/v4-core/src/types/Currency.sol" in "/Users/yevhen/Documents/GitHub/RLD/contracts/lib/v4-periphery/test/mocks/MockCalldataDecoder.sol"
      "@uniswap/v4-core/src/types/PoolKey.sol" in "/Users/yevhen/Documents/GitHub/RLD/contracts/lib/v4-periphery/test/shared/PosmTestSetup.sol"
      "solmate/src/test/utils/mocks/MockERC20.sol" in "/Users/yevhen/Documents/GitHub/RLD/contracts/test/BondNFTTest.t.sol"
      "openzeppelin-contracts/contracts/utils/cryptography/ECDSA.sol" in "/Users/yevhen/Documents/GitHub/RLD/contracts/v4-twamm-hook/lib/v4-periphery/lib/permit2/test/utils/PermitSignature.sol"
      "openzeppelin-contracts/contracts/utils/Strings.sol" in "/Users/yevhen/Documents/GitHub/RLD/contracts/v4-twamm-hook/lib/v4-periphery/src/libraries/SVG.sol"
      "@uniswap/v4-core/src/libraries/StateLibrary.sol" in "/Users/yevhen/Documents/GitHub/RLD/contracts/lib/v4-periphery/test/position-managers/PositionManager.gas.t.sol"
      "@uniswap/v4-core/src/PoolManager.sol" in "/Users/yevhen/Documents/GitHub/RLD/contracts/v4-twamm-hook/lib/v4-periphery/test/UniswapV4DeployerCompetition.t.sol"
      "forge-std/Vm.sol" in "/Users/yevhen/Documents/GitHub/RLD/contracts/v4-twamm-hook/lib/v4-periphery/test/shared/Permit2SignatureHelpers.sol"
      "@uniswap/v4-core/src/interfaces/IHooks.sol" in "/Users/yevhen/Documents/GitHub/RLD/contracts/v4-twamm-hook/lib/v4-periphery/test/shared/PosmTestSetup.sol"
      "@uniswap/v4-core/src/types/PoolId.sol" in "/Users/yevhen/Documents/GitHub/RLD/contracts/v4-twamm-hook/test/TWAMM_Cancel.t.sol"
      "solmate/src/test/utils/mocks/MockERC20.sol" in "/Users/yevhen/Documents/GitHub/RLD/contracts/lib/v4-periphery/test/shared/RoutingTestHelpers.sol"
      "@src/TWAMM.sol" in "/Users/yevhen/Documents/GitHub/RLD/contracts/v4-twamm-hook/test/TWAMM.kill.t.sol"
      "forge-std/Vm.sol" in "/Users/yevhen/Documents/GitHub/RLD/contracts/v4-twamm-hook/lib/v4-periphery/test/shared/Deploy.sol"
      "../patched/governance/TimelockController.sol" in "/Users/yevhen/Documents/GitHub/RLD/contracts/lib/openzeppelin-v5/fv/harnesses/TimelockControllerHarness.sol"
      "@uniswap/v4-core/src/types/PoolId.sol" in "/Users/yevhen/Documents/GitHub/RLD/contracts/lib/v4-periphery/test/position-managers/Permit.t.sol"
      "forge-std/Test.sol" in "/Users/yevhen/Documents/GitHub/RLD/contracts/lib/openzeppelin-v5/test/utils/Arrays.t.sol"
      "solmate/src/utils/SafeTransferLib.sol" in "/Users/yevhen/Documents/GitHub/RLD/contracts/v4-twamm-hook/lib/v4-periphery/lib/permit2/test/integration/MainnetToken.t.sol"
      "@uniswap/v4-core/src/types/BalanceDelta.sol" in "/Users/yevhen/Documents/GitHub/RLD/contracts/v4-twamm-hook/lib/v4-periphery/test/position-managers/PositionManager.t.sol"
      "@uniswap/v4-core/src/types/BalanceDelta.sol" in "/Users/yevhen/Documents/GitHub/RLD/contracts/lib/v4-periphery/test/position-managers/PositionManager.modifyLiquidities.t.sol"
      "solmate/src/tokens/ERC20.sol" in "/Users/yevhen/Documents/GitHub/RLD/contracts/lib/v4-periphery/test/DeltaResolver.t.sol"
      "../patched/utils/structs/DoubleEndedQueue.sol" in "/Users/yevhen/Documents/GitHub/RLD/contracts/v4-twamm-hook/lib/v4-core/lib/openzeppelin-contracts/certora/harnesses/DoubleEndedQueueHarness.sol"
      "@uniswap/v4-core/src/types/PoolKey.sol" in "/Users/yevhen/Documents/GitHub/RLD/contracts/v4-twamm-hook/lib/v4-periphery/test/shared/RoutingTestHelpers.sol"
      "../patched/token/ERC20/extensions/ERC20Wrapper.sol" in "/Users/yevhen/Documents/GitHub/RLD/contracts/v4-twamm-hook/lib/v4-core/lib/openzeppelin-contracts/certora/harnesses/ERC20WrapperHarness.sol"
      "forge-std/Test.sol" in "/Users/yevhen/Documents/GitHub/RLD/contracts/v4-twamm-hook/lib/v4-core/test/libraries/StateLibrary.t.sol"
      "solmate/src/tokens/ERC20.sol" in "/Users/yevhen/Documents/GitHub/RLD/contracts/test/TwammIntegration.t.sol"
      "forge-std/console2.sol" in "/Users/yevhen/Documents/GitHub/RLD/contracts/v4-twamm-hook/lib/v4-core/test/utils/Logger.sol"
      "@uniswap/v4-core/src/interfaces/IPoolManager.sol" in "/Users/yevhen/Documents/GitHub/RLD/contracts/lib/v4-periphery/test/mocks/MockBaseActionsRouter.sol"
      "@uniswap/v4-core/test/utils/Deployers.sol" in "/Users/yevhen/Documents/GitHub/RLD/contracts/v4-twamm-hook/lib/v4-periphery/test/position-managers/NativeToken.t.sol"
      "permit2/src/interfaces/IAllowanceTransfer.sol" in "/Users/yevhen/Documents/GitHub/RLD/contracts/v4-twamm-hook/lib/v4-periphery/test/position-managers/PositionManager.multicall.t.sol"
      "@uniswap/v4-core/src/types/Currency.sol" in "/Users/yevhen/Documents/GitHub/RLD/contracts/lib/v4-periphery/src/PositionManager.sol"
      "@uniswap/v4-core/test/utils/Deployers.sol" in "/Users/yevhen/Documents/GitHub/RLD/contracts/lib/v4-periphery/test/StateViewTest.t.sol"
      "src/libraries/TickMath.sol" in "/Users/yevhen/Documents/GitHub/RLD/contracts/v4-twamm-hook/lib/v4-periphery/lib/v4-core/test/libraries/TickMath.t.sol"
      "forge-std/Test.sol" in "/Users/yevhen/Documents/GitHub/RLD/contracts/lib/v4-periphery/test/position-managers/FeeCollection.t.sol"
      "solmate/src/test/utils/mocks/MockERC20.sol" in "/Users/yevhen/Documents/GitHub/RLD/contracts/lib/v4-periphery/test/V4Quoter.t.sol"
      "@uniswap/v4-core/src/interfaces/IPoolManager.sol" in "/Users/yevhen/Documents/GitHub/RLD/contracts/v4-twamm-hook/lib/v4-periphery/src/V4Router.sol"
      "@openzeppelin/contracts/token/ERC721/ERC721.sol" in "/Users/yevhen/Documents/GitHub/RLD/contracts/v4-twamm-hook/lib/v4-periphery/test/position-managers/NativeToken.t.sol"
      "forge-std/Test.sol" in "/Users/yevhen/Documents/GitHub/RLD/contracts/lib/openzeppelin-v5/test/proxy/Clones.t.sol"
      "v4-core/src/libraries/Hooks.sol" in "/Users/yevhen/Documents/GitHub/RLD/contracts/v4-twamm-hook/script/Deploy.s.sol"
      "@uniswap/v4-core/src/libraries/FixedPoint96.sol" in "/Users/yevhen/Documents/GitHub/RLD/contracts/v4-twamm-hook/src/TWAMM.sol"
      "@openzeppelin/contracts/token/ERC721/ERC721.sol" in "/Users/yevhen/Documents/GitHub/RLD/contracts/lib/openzeppelin-v5/test/token/ERC721/extensions/ERC721Consecutive.t.sol"
      "forge-std/Script.sol" in "/Users/yevhen/Documents/GitHub/RLD/contracts/lib/v4-periphery/script/01_PoolManager.s.sol"
      "forge-std/interfaces/IERC20.sol" in "/Users/yevhen/Documents/GitHub/RLD/contracts/lib/v4-periphery/test/shared/HookModifyLiquidities.sol"
      "v4-core/src/interfaces/IHooks.sol" in "/Users/yevhen/Documents/GitHub/RLD/contracts/src/core/RLDMarketFactory.sol"
      "@uniswap/v4-core/src/libraries/FullMath.sol" in "/Users/yevhen/Documents/GitHub/RLD/contracts/src/libraries/UniswapIntegration.sol"
      "@uniswap/v4-core/src/libraries/SafeCast.sol" in "/Users/yevhen/Documents/GitHub/RLD/contracts/lib/v4-periphery/src/base/hooks/BaseTokenWrapperHook.sol"
      "@uniswap/v4-core/src/libraries/StateLibrary.sol" in "/Users/yevhen/Documents/GitHub/RLD/contracts/lib/v4-periphery/test/position-managers/IncreaseLiquidity.t.sol"
      "@uniswap/v4-core/src/types/PoolOperation.sol" in "/Users/yevhen/Documents/GitHub/RLD/contracts/lib/v4-periphery/src/base/BaseV4Quoter.sol"
      "solmate/src/tokens/ERC20.sol" in "/Users/yevhen/Documents/GitHub/RLD/contracts/src/modules/oracles/UniswapV4SingletonOracle.sol"
      "@uniswap/v4-core/src/types/PoolKey.sol" in "/Users/yevhen/Documents/GitHub/RLD/contracts/lib/v4-periphery/test/mocks/MockCounterHook.sol"
      "@uniswap/v4-core/src/interfaces/external/IERC20Minimal.sol" in "/Users/yevhen/Documents/GitHub/RLD/contracts/v4-twamm-hook/src/libraries/TransferHelper.sol"
      "@uniswap/v4-core/src/libraries/Position.sol" in "/Users/yevhen/Documents/GitHub/RLD/contracts/lib/v4-periphery/src/interfaces/IStateView.sol"
      "@uniswap/v4-core/src/libraries/Hooks.sol" in "/Users/yevhen/Documents/GitHub/RLD/contracts/lib/v4-periphery/src/utils/HookMiner.sol"
      "forge-std/Test.sol" in "/Users/yevhen/Documents/GitHub/RLD/contracts/lib/v4-periphery/test/libraries/SVG.t.sol"
      "@uniswap/v4-core/test/utils/LiquidityAmounts.sol" in "/Users/yevhen/Documents/GitHub/RLD/contracts/lib/v4-periphery/test/position-managers/PositionManager.gas.t.sol"
      "@uniswap/v4-core/src/types/BalanceDelta.sol" in "/Users/yevhen/Documents/GitHub/RLD/contracts/lib/v4-periphery/src/base/Notifier.sol"
      "@uniswap/v4-core/src/types/PoolKey.sol" in "/Users/yevhen/Documents/GitHub/RLD/contracts/lib/v4-periphery/test/shared/HookSavesDelta.sol"
      "@openzeppelin/contracts/governance/Governor.sol" in "/Users/yevhen/Documents/GitHub/RLD/contracts/v4-twamm-hook/lib/v4-core/lib/openzeppelin-contracts/test/governance/Governor.t.sol"
      "forge-std/Vm.sol" in "/Users/yevhen/Documents/GitHub/RLD/contracts/v4-twamm-hook/lib/v4-core/test/DynamicFees.t.sol"
      "src/types/PoolId.sol" in "/Users/yevhen/Documents/GitHub/RLD/contracts/v4-twamm-hook/lib/v4-periphery/lib/v4-core/test/ModifyLiquidity.t.sol"
      "@uniswap/v4-core/src/interfaces/IPoolManager.sol" in "/Users/yevhen/Documents/GitHub/RLD/contracts/v4-twamm-hook/lib/v4-periphery/script/01_PoolManager.s.sol"
      "forge-std/Script.sol" in "/Users/yevhen/Documents/GitHub/RLD/contracts/v4-twamm-hook/lib/v4-periphery/script/DeployPosm.s.sol"
      "openzeppelin-contracts/contracts/token/ERC20/extensions/IERC20Metadata.sol" in "/Users/yevhen/Documents/GitHub/RLD/contracts/v4-twamm-hook/lib/v4-periphery/src/libraries/SafeCurrencyMetadata.sol"
      "v4-core/src/libraries/Hooks.sol" in "/Users/yevhen/Documents/GitHub/RLD/contracts/v4-twamm-hook/test/utils/Fixtures.sol"
      "@uniswap/v4-core/src/interfaces/IPoolManager.sol" in "/Users/yevhen/Documents/GitHub/RLD/contracts/lib/v4-periphery/test/position-managers/PositionManager.t.sol"
      "@uniswap/v4-core/src/interfaces/IHooks.sol" in "/Users/yevhen/Documents/GitHub/RLD/contracts/v4-twamm-hook/test/TWAMM_Matching.t.sol"
      "@uniswap/v4-core/src/types/PoolKey.sol" in "/Users/yevhen/Documents/GitHub/RLD/contracts/v4-twamm-hook/lib/v4-periphery/test/shared/fuzz/LiquidityFuzzers.sol"
      "@uniswap/v4-core/src/libraries/TickMath.sol" in "/Users/yevhen/Documents/GitHub/RLD/contracts/v4-twamm-hook/test/TWAMM.flow.t.sol"
      "test/utils/Deployers.sol" in "/Users/yevhen/Documents/GitHub/RLD/contracts/v4-twamm-hook/lib/v4-periphery/lib/v4-core/test/utils/NestedActions.t.sol"
      "forge-std/Test.sol" in "/Users/yevhen/Documents/GitHub/RLD/contracts/v4-twamm-hook/lib/v4-periphery/lib/permit2/test/TypehashGeneration.t.sol"
      "@openzeppelin/contracts/mocks/token/ERC4626Mock.sol" in "/Users/yevhen/Documents/GitHub/RLD/contracts/lib/openzeppelin-v5/test/token/ERC20/extensions/ERC4626.t.sol"
      "@uniswap/v4-core/src/types/PoolKey.sol" in "/Users/yevhen/Documents/GitHub/RLD/contracts/v4-twamm-hook/lib/v4-periphery/test/position-managers/IncreaseLiquidity.t.sol"
      "src/types/PoolId.sol" in "/Users/yevhen/Documents/GitHub/RLD/contracts/lib/v4-core/test/ModifyLiquidity.t.sol"
      "@uniswap/v4-core/test/utils/LiquidityAmounts.sol" in "/Users/yevhen/Documents/GitHub/RLD/contracts/lib/v4-periphery/test/position-managers/PositionManager.modifyLiquidities.t.sol"
      "@uniswap/v4-core/src/libraries/Position.sol" in "/Users/yevhen/Documents/GitHub/RLD/contracts/v4-twamm-hook/lib/v4-periphery/test/position-managers/IncreaseLiquidity.t.sol"
      "forge-std/Test.sol" in "/Users/yevhen/Documents/GitHub/RLD/contracts/lib/v4-core/test/libraries/BitMath.t.sol"
      "v4-periphery/src/interfaces/IPositionManager.sol" in "/Users/yevhen/Documents/GitHub/RLD/contracts/v4-twamm-hook/test/TWAMM.complex.t.sol"
      "src/libraries/TickMath.sol" in "/Users/yevhen/Documents/GitHub/RLD/contracts/v4-twamm-hook/lib/v4-periphery/lib/v4-core/test/ModifyLiquidity.t.sol"
      "@src/TWAMM.sol" in "/Users/yevhen/Documents/GitHub/RLD/contracts/v4-twamm-hook/test/TWAMM_Cancel.t.sol"
      "solmate/src/test/utils/mocks/MockERC20.sol" in "/Users/yevhen/Documents/GitHub/RLD/contracts/lib/v4-periphery/test/position-managers/PositionManager.modifyLiquidities.t.sol"
      "forge-std/Test.sol" in "/Users/yevhen/Documents/GitHub/RLD/contracts/lib/v4-periphery/test/V4Quoter.t.sol"
      "forge-std/Test.sol" in "/Users/yevhen/Documents/GitHub/RLD/contracts/v4-twamm-hook/lib/v4-core/test/libraries/LiquidityMath.t.sol"
      "solmate/src/test/utils/mocks/MockERC20.sol" in "/Users/yevhen/Documents/GitHub/RLD/contracts/v4-twamm-hook/lib/v4-periphery/lib/permit2/test/mocks/MockPermitWithDS.sol"
      "forge-std/Vm.sol" in "/Users/yevhen/Documents/GitHub/RLD/contracts/v4-twamm-hook/lib/v4-periphery/lib/v4-core/test/libraries/Hooks.t.sol"
      "@uniswap/v4-core/test/utils/Deployers.sol" in "/Users/yevhen/Documents/GitHub/RLD/contracts/v4-twamm-hook/lib/v4-periphery/test/SafeCallback.t.sol"
      "forge-std/Test.sol" in "/Users/yevhen/Documents/GitHub/RLD/contracts/lib/openzeppelin-v5/test/utils/RLP.t.sol"
      "src/types/PoolKey.sol" in "/Users/yevhen/Documents/GitHub/RLD/contracts/lib/v4-core/test/ModifyLiquidity.t.sol"
      "forge-std/Test.sol" in "/Users/yevhen/Documents/GitHub/RLD/contracts/v4-twamm-hook/lib/v4-periphery/test/script/DeployPoolManager.t.sol"
      "forge-std/Test.sol" in "/Users/yevhen/Documents/GitHub/RLD/contracts/v4-twamm-hook/lib/v4-periphery/lib/permit2/test/utils/DeployPermit2.t.sol"
      "@openzeppelin/contracts/mocks/token/ERC4626Mock.sol" in "/Users/yevhen/Documents/GitHub/RLD/contracts/v4-twamm-hook/lib/v4-periphery/lib/v4-core/lib/openzeppelin-contracts/test/token/ERC20/extensions/ERC4626.t.sol"
      "forge-std/Test.sol" in "/Users/yevhen/Documents/GitHub/RLD/contracts/lib/v4-core/test/libraries/LPFeeLibrary.t.sol"
      "v4-periphery/src/interfaces/IPositionManager.sol" in "/Users/yevhen/Documents/GitHub/RLD/contracts/src/modules/broker/UniswapV4BrokerModule.sol"
      "@uniswap/v4-core/src/interfaces/IPoolManager.sol" in "/Users/yevhen/Documents/GitHub/RLD/contracts/v4-twamm-hook/test/TWAMM.flow.t.sol"
      "forge-std/Test.sol" in "/Users/yevhen/Documents/GitHub/RLD/contracts/v4-twamm-hook/lib/v4-periphery/test/StateViewTest.t.sol"
      "@uniswap/v4-core/src/types/PoolId.sol" in "/Users/yevhen/Documents/GitHub/RLD/contracts/lib/v4-periphery/test/position-managers/PositionManager.multicall.t.sol"
      "forge-std/Test.sol" in "/Users/yevhen/Documents/GitHub/RLD/contracts/v4-twamm-hook/lib/v4-core/test/libraries/BitMath.t.sol"
      "solmate/src/utils/FixedPointMathLib.sol" in "/Users/yevhen/Documents/GitHub/RLD/contracts/v4-twamm-hook/lib/v4-periphery/test/position-managers/Permit.t.sol"
      "src/libraries/TickMath.sol" in "/Users/yevhen/Documents/GitHub/RLD/contracts/v4-twamm-hook/lib/v4-core/test/ModifyLiquidity.t.sol"
      "permit2/src/interfaces/IAllowanceTransfer.sol" in "/Users/yevhen/Documents/GitHub/RLD/contracts/v4-twamm-hook/lib/v4-periphery/test/position-managers/PositionManager.t.sol"
      "solmate/src/utils/SafeTransferLib.sol" in "/Users/yevhen/Documents/GitHub/RLD/contracts/lib/v4-periphery/test/mocks/MockV4Router.sol"
      "solmate/src/test/utils/mocks/MockERC20.sol" in "/Users/yevhen/Documents/GitHub/RLD/contracts/v4-twamm-hook/lib/v4-core/test/DynamicReturnFees.t.sol"
      "../munged/governance/extensions/GovernorVotes.sol" in "/Users/yevhen/Documents/GitHub/RLD/contracts/v4-twamm-hook/lib/v4-periphery/lib/permit2/lib/openzeppelin-contracts/certora/harnesses/WizardControlFirstPriority.sol"
      "solmate/src/tokens/WETH.sol" in "/Users/yevhen/Documents/GitHub/RLD/contracts/lib/v4-periphery/test/shared/PosmTestSetup.sol"
      "permit2/src/libraries/SignatureVerification.sol" in "/Users/yevhen/Documents/GitHub/RLD/contracts/v4-twamm-hook/lib/v4-periphery/test/position-managers/Permit.t.sol"
      "@uniswap/v4-core/src/types/PoolId.sol" in "/Users/yevhen/Documents/GitHub/RLD/contracts/v4-twamm-hook/src/ITWAMM.sol"
      "v4-core/src/PoolManager.sol" in "/Users/yevhen/Documents/GitHub/RLD/contracts/test/AtomicDeployment.t.sol"
      "solmate/src/utils/FixedPointMathLib.sol" in "/Users/yevhen/Documents/GitHub/RLD/contracts/src/core/PrimeBroker.sol"
      "@uniswap/v4-core/src/types/PoolKey.sol" in "/Users/yevhen/Documents/GitHub/RLD/contracts/lib/v4-periphery/test/mocks/MockCalldataDecoder.sol"
      "@uniswap/v4-core/src/libraries/TickMath.sol" in "/Users/yevhen/Documents/GitHub/RLD/contracts/lib/v4-periphery/test/position-managers/Execute.t.sol"
      "v4-core/src/types/PoolKey.sol" in "/Users/yevhen/Documents/GitHub/RLD/contracts/test/TwammIntegration.t.sol"
      "@uniswap/v4-core/src/interfaces/IPoolManager.sol" in "/Users/yevhen/Documents/GitHub/RLD/contracts/lib/v4-periphery/src/utils/BaseHook.sol"
      "forge-std/Test.sol" in "/Users/yevhen/Documents/GitHub/RLD/contracts/v4-twamm-hook/lib/v4-core/test/SkipCallsTestHook.t.sol"
      "@openzeppelin/contracts/token/ERC20/extensions/ERC4626.sol" in "/Users/yevhen/Documents/GitHub/RLD/contracts/v4-twamm-hook/lib/v4-periphery/lib/v4-core/lib/openzeppelin-contracts/test/token/ERC20/extensions/ERC4626.t.sol"
      "forge-std/Test.sol" in "/Users/yevhen/Documents/GitHub/RLD/contracts/v4-twamm-hook/lib/v4-core/lib/openzeppelin-contracts/test/governance/Governor.t.sol"
      "@openzeppelin/contracts/proxy/utils/Initializable.sol" in "/Users/yevhen/Documents/GitHub/RLD/contracts/src/tokens/PositionToken.sol"
      "forge-std/Test.sol" in "/Users/yevhen/Documents/GitHub/RLD/contracts/v4-twamm-hook/lib/v4-core/test/PoolManager.swap.t.sol"
      "src/libraries/Position.sol" in "/Users/yevhen/Documents/GitHub/RLD/contracts/lib/v4-core/test/ModifyLiquidity.t.sol"
      "solmate/src/test/utils/mocks/MockERC20.sol" in "/Users/yevhen/Documents/GitHub/RLD/contracts/v4-twamm-hook/lib/v4-periphery/lib/v4-core/test/ModifyLiquidity.t.sol"
      "src/types/PoolOperation.sol" in "/Users/yevhen/Documents/GitHub/RLD/contracts/lib/v4-core/test/ModifyLiquidity.t.sol"
      "@uniswap/v4-core/src/types/PoolKey.sol" in "/Users/yevhen/Documents/GitHub/RLD/contracts/lib/v4-periphery/test/position-managers/FeeCollection.t.sol"
      "../patched/token/ERC20/extensions/ERC20Permit.sol" in "/Users/yevhen/Documents/GitHub/RLD/contracts/lib/openzeppelin-v5/fv/harnesses/ERC20FlashMintHarness.sol"
      "@uniswap/v4-core/src/libraries/Position.sol" in "/Users/yevhen/Documents/GitHub/RLD/contracts/lib/v4-periphery/test/position-managers/PositionManager.multicall.t.sol"
      "@uniswap/v4-core/src/types/PoolOperation.sol" in "/Users/yevhen/Documents/GitHub/RLD/contracts/lib/v4-periphery/src/base/hooks/BaseTokenWrapperHook.sol"
      "@uniswap/v4-core/src/types/Currency.sol" in "/Users/yevhen/Documents/GitHub/RLD/contracts/lib/v4-periphery/test/shared/HookModifyLiquidities.sol"
      "@openzeppelin/contracts/utils/Create2.sol" in "/Users/yevhen/Documents/GitHub/RLD/contracts/lib/openzeppelin-v5/test/utils/Create2.t.sol"
      "test/utils/Deployers.sol" in "/Users/yevhen/Documents/GitHub/RLD/contracts/lib/v4-core/test/libraries/Hooks.t.sol"
      "@uniswap/v4-core/src/types/PoolId.sol" in "/Users/yevhen/Documents/GitHub/RLD/contracts/lib/v4-periphery/test/hooks/WstETHHook.fork.t.sol"
      "@uniswap/v4-core/src/interfaces/IPoolManager.sol" in "/Users/yevhen/Documents/GitHub/RLD/contracts/src/libraries/UniswapIntegration.sol"
      "@uniswap/v4-core/src/test/PoolSwapTest.sol" in "/Users/yevhen/Documents/GitHub/RLD/contracts/lib/v4-periphery/test/position-managers/NativeToken.t.sol"
      "openzeppelin-contracts/contracts/token/ERC20/utils/SafeERC20.sol" in "/Users/yevhen/Documents/GitHub/RLD/contracts/v4-twamm-hook/lib/v4-periphery/lib/permit2/test/NonceBitmap.t.sol"
      "../patched/interfaces/IERC3156FlashBorrower.sol" in "/Users/yevhen/Documents/GitHub/RLD/contracts/lib/openzeppelin-v5/fv/harnesses/ERC3156FlashBorrowerHarness.sol"
      "../patched/access/Ownable.sol" in "/Users/yevhen/Documents/GitHub/RLD/contracts/v4-twamm-hook/lib/v4-periphery/lib/v4-core/lib/openzeppelin-contracts/certora/harnesses/OwnableHarness.sol"
      "@uniswap/v4-core/src/libraries/SafeCast.sol" in "/Users/yevhen/Documents/GitHub/RLD/contracts/lib/v4-periphery/test/shared/TestRouter.sol"
      "forge-std/Test.sol" in "/Users/yevhen/Documents/GitHub/RLD/contracts/lib/v4-core/test/libraries/LiquidityMath.t.sol"
      "src/libraries/TickMath.sol" in "/Users/yevhen/Documents/GitHub/RLD/contracts/v4-twamm-hook/lib/v4-core/test/libraries/TickMath.t.sol"
      "forge-std/mocks/MockERC20.sol" in "/Users/yevhen/Documents/GitHub/RLD/contracts/v4-twamm-hook/lib/v4-periphery/lib/v4-core/test/PoolManager.clear.t.sol"
      "@uniswap/v4-core/src/types/PoolKey.sol" in "/Users/yevhen/Documents/GitHub/RLD/contracts/v4-twamm-hook/lib/v4-periphery/src/base/PoolInitializer_v4.sol"
      "forge-std/Vm.sol" in "/Users/yevhen/Documents/GitHub/RLD/contracts/lib/v4-core/test/libraries/SwapMath.t.sol"
      "forge-std/Test.sol" in "/Users/yevhen/Documents/GitHub/RLD/contracts/lib/v4-core/test/PoolManager.swap.t.sol"
      "@uniswap/v4-core/src/libraries/StateLibrary.sol" in "/Users/yevhen/Documents/GitHub/RLD/contracts/lib/v4-periphery/test/position-managers/PositionManager.notifier.t.sol"
      "@openzeppelin/contracts/utils/cryptography/MessageHashUtils.sol" in "/Users/yevhen/Documents/GitHub/RLD/contracts/lib/openzeppelin-v5/test/utils/cryptography/MessageHashUtils.t.sol"
      "@uniswap/v4-core/src/types/BalanceDelta.sol" in "/Users/yevhen/Documents/GitHub/RLD/contracts/lib/v4-periphery/test/shared/HookModifyLiquidities.sol"
      "forge-std/interfaces/IERC20.sol" in "/Users/yevhen/Documents/GitHub/RLD/contracts/lib/v4-periphery/test/shared/RoutingTestHelpers.sol"
      "solmate/src/utils/SafeTransferLib.sol" in "/Users/yevhen/Documents/GitHub/RLD/contracts/v4-twamm-hook/lib/v4-periphery/lib/permit2/src/AllowanceTransfer.sol"
      "solmate/src/utils/SafeTransferLib.sol" in "/Users/yevhen/Documents/GitHub/RLD/contracts/v4-twamm-hook/lib/v4-periphery/lib/permit2/src/SignatureTransfer.sol"
      "@uniswap/v4-core/src/libraries/StateLibrary.sol" in "/Users/yevhen/Documents/GitHub/RLD/contracts/v4-twamm-hook/lib/v4-periphery/src/lens/V4Quoter.sol"
      "solmate/src/tokens/ERC20.sol" in "/Users/yevhen/Documents/GitHub/RLD/contracts/v4-twamm-hook/lib/v4-periphery/test/mocks/MockV4Router.sol"
      "solmate/src/utils/SafeTransferLib.sol" in "/Users/yevhen/Documents/GitHub/RLD/contracts/src/modules/broker/TwammBrokerModule.sol"
      "v4-core/src/PoolManager.sol" in "/Users/yevhen/Documents/GitHub/RLD/contracts/test/TwammIntegration.t.sol"
      "forge-std/Test.sol" in "/Users/yevhen/Documents/GitHub/RLD/contracts/v4-twamm-hook/lib/v4-core/test/utils/NestedActions.t.sol"
      "@uniswap/v4-core/src/libraries/TransientStateLibrary.sol" in "/Users/yevhen/Documents/GitHub/RLD/contracts/v4-twamm-hook/lib/v4-periphery/src/PositionManager.sol"
      "@uniswap/v4-core/src/test/Fuzzers.sol" in "/Users/yevhen/Documents/GitHub/RLD/contracts/lib/v4-periphery/test/shared/fuzz/LiquidityFuzzers.sol"
      "@uniswap/v4-core/src/types/PoolId.sol" in "/Users/yevhen/Documents/GitHub/RLD/contracts/lib/v4-periphery/test/V4Quoter.t.sol"
      "@uniswap/v4-core/src/libraries/TickMath.sol" in "/Users/yevhen/Documents/GitHub/RLD/contracts/v4-twamm-hook/lib/v4-periphery/test/V4Quoter.t.sol"
      "@uniswap/v4-core/src/interfaces/IHooks.sol" in "/Users/yevhen/Documents/GitHub/RLD/contracts/v4-twamm-hook/lib/v4-periphery/test/position-managers/IncreaseLiquidity.t.sol"
      "forge-std/interfaces/IERC20.sol" in "/Users/yevhen/Documents/GitHub/RLD/contracts/v4-twamm-hook/lib/v4-periphery/test/position-managers/IncreaseLiquidity.t.sol"
      "solmate/src/test/utils/mocks/MockERC20.sol" in "/Users/yevhen/Documents/GitHub/RLD/contracts/v4-twamm-hook/lib/v4-core/test/types/Currency.t.sol"
      "@uniswap/v4-core/src/types/BalanceDelta.sol" in "/Users/yevhen/Documents/GitHub/RLD/contracts/v4-twamm-hook/lib/v4-periphery/test/position-managers/NativeToken.t.sol"
      "forge-std/Test.sol" in "/Users/yevhen/Documents/GitHub/RLD/contracts/v4-twamm-hook/lib/v4-core/src/test/ActionsRouter.sol"
      "forge-std/Test.sol" in "/Users/yevhen/Documents/GitHub/RLD/contracts/v4-twamm-hook/lib/v4-core/test/PoolManagerInitialize.t.sol"
      "src/interfaces/IPoolManager.sol" in "/Users/yevhen/Documents/GitHub/RLD/contracts/v4-twamm-hook/lib/v4-periphery/lib/v4-core/test/ModifyLiquidity.t.sol"
      "@uniswap/v4-core/src/interfaces/IPoolManager.sol" in "/Users/yevhen/Documents/GitHub/RLD/contracts/lib/v4-periphery/script/03_PoolSwapTest.s.sol"
      "forge-std/Test.sol" in "/Users/yevhen/Documents/GitHub/RLD/contracts/v4-twamm-hook/lib/v4-core/test/NoDelegateCall.t.sol"
      "@uniswap/v4-core/src/libraries/TickMath.sol" in "/Users/yevhen/Documents/GitHub/RLD/contracts/v4-twamm-hook/lib/v4-periphery/test/position-managers/PositionManager.t.sol"
      "ds-test/test.sol" in "/Users/yevhen/Documents/GitHub/RLD/contracts/v4-twamm-hook/lib/v4-core/lib/solmate/src/test/utils/DSTestPlus.sol"
      "solmate/src/test/utils/mocks/MockERC20.sol" in "/Users/yevhen/Documents/GitHub/RLD/contracts/v4-twamm-hook/lib/v4-periphery/lib/v4-core/test/utils/SwapHelper.t.sol"
      "@uniswap/v4-core/src/libraries/StateLibrary.sol" in "/Users/yevhen/Documents/GitHub/RLD/contracts/v4-twamm-hook/lib/v4-periphery/test/shared/FeeMath.sol"
      "@uniswap/v4-core/src/interfaces/IHooks.sol" in "/Users/yevhen/Documents/GitHub/RLD/contracts/lib/v4-periphery/test/position-managers/PositionManager.notifier.t.sol"
      "forge-std/Test.sol" in "/Users/yevhen/Documents/GitHub/RLD/contracts/v4-twamm-hook/lib/v4-periphery/test/script/DeployPoolMofifyLiquidityTest.t.sol"
      "../patched/access/Ownable2Step.sol" in "/Users/yevhen/Documents/GitHub/RLD/contracts/lib/openzeppelin-v5/fv/harnesses/Ownable2StepHarness.sol"
      "../patched/proxy/utils/Initializable.sol" in "/Users/yevhen/Documents/GitHub/RLD/contracts/lib/openzeppelin-v5/fv/harnesses/InitializableHarness.sol"
      "forge-std/Vm.sol" in "/Users/yevhen/Documents/GitHub/RLD/contracts/lib/v4-core/test/DynamicFees.t.sol"
      "@uniswap/v4-core/src/PoolManager.sol" in "/Users/yevhen/Documents/GitHub/RLD/contracts/lib/v4-periphery/test/script/DeployPoolSwapTest.t.sol"
      "forge-std/Test.sol" in "/Users/yevhen/Documents/GitHub/RLD/contracts/v4-twamm-hook/lib/v4-core/test/libraries/NonzeroDeltaCount.t.sol"
      "forge-std/interfaces/IERC20.sol" in "/Users/yevhen/Documents/GitHub/RLD/contracts/v4-twamm-hook/lib/v4-periphery/test/position-managers/NativeToken.t.sol"
      "@uniswap/v4-core/src/types/BeforeSwapDelta.sol" in "/Users/yevhen/Documents/GitHub/RLD/contracts/v4-twamm-hook/src/TWAMM.sol"
      "@src/TWAMM.sol" in "/Users/yevhen/Documents/GitHub/RLD/contracts/v4-twamm-hook/test/TWAMM_Matching.t.sol"
      "solmate/src/utils/FixedPointMathLib.sol" in "/Users/yevhen/Documents/GitHub/RLD/contracts/lib/v4-periphery/test/position-managers/FeeCollection.t.sol"
      "forge-std/Test.sol" in "/Users/yevhen/Documents/GitHub/RLD/contracts/v4-twamm-hook/lib/v4-periphery/lib/v4-core/test/libraries/PoolId.t.sol"
      "v4-core/src/libraries/SafeCast.sol" in "/Users/yevhen/Documents/GitHub/RLD/contracts/v4-twamm-hook/test/utils/EasyPosm.sol"
      "forge-std/Test.sol" in "/Users/yevhen/Documents/GitHub/RLD/contracts/v4-twamm-hook/lib/v4-core/lib/openzeppelin-contracts/test/token/ERC721/extensions/ERC721Consecutive.t.sol"
      "@uniswap/v4-core/src/interfaces/IHooks.sol" in "/Users/yevhen/Documents/GitHub/RLD/contracts/lib/v4-periphery/test/position-managers/NativeToken.t.sol"
      "forge-std/StdUtils.sol" in "/Users/yevhen/Documents/GitHub/RLD/contracts/lib/v4-core/src/test/Fuzzers.sol"
      "@src/TWAMM.sol" in "/Users/yevhen/Documents/GitHub/RLD/contracts/v4-twamm-hook/test/TWAMM.uneven.t.sol"
      "@uniswap/v4-core/src/PoolManager.sol" in "/Users/yevhen/Documents/GitHub/RLD/contracts/lib/v4-periphery/test/position-managers/PositionManager.gas.t.sol"
      "forge-std/Test.sol" in "/Users/yevhen/Documents/GitHub/RLD/contracts/v4-twamm-hook/lib/v4-periphery/lib/v4-core/test/utils/NestedActions.t.sol"
      "forge-std/interfaces/IERC20.sol" in "/Users/yevhen/Documents/GitHub/RLD/contracts/v4-twamm-hook/lib/v4-periphery/test/position-managers/FeeCollection.t.sol"
      "test/utils/Deployers.sol" in "/Users/yevhen/Documents/GitHub/RLD/contracts/v4-twamm-hook/lib/v4-core/test/utils/NestedActions.t.sol"
      "../patched/access/Ownable2Step.sol" in "/Users/yevhen/Documents/GitHub/RLD/contracts/v4-twamm-hook/lib/v4-core/lib/openzeppelin-contracts/certora/harnesses/Ownable2StepHarness.sol"
      "@uniswap/v4-core/test/utils/LiquidityAmounts.sol" in "/Users/yevhen/Documents/GitHub/RLD/contracts/v4-twamm-hook/lib/v4-periphery/test/position-managers/PositionManager.gas.t.sol"
      "@uniswap/v4-core/src/types/PoolId.sol" in "/Users/yevhen/Documents/GitHub/RLD/contracts/v4-twamm-hook/lib/v4-periphery/test/position-managers/PositionManager.modifyLiquidities.t.sol"
      "forge-std/console2.sol" in "/Users/yevhen/Documents/GitHub/RLD/contracts/lib/v4-periphery/script/DeployStateView.s.sol"
      "@uniswap/v4-core/src/interfaces/IPoolManager.sol" in "/Users/yevhen/Documents/GitHub/RLD/contracts/v4-twamm-hook/lib/v4-periphery/test/shared/FeeMath.sol"
      "forge-std/Test.sol" in "/Users/yevhen/Documents/GitHub/RLD/contracts/lib/v4-core/src/test/NativeERC20.sol"
      "@uniswap/v4-core/src/types/Currency.sol" in "/Users/yevhen/Documents/GitHub/RLD/contracts/lib/v4-periphery/test/mocks/MockV4Router.sol"
      "@uniswap/v4-core/src/types/BeforeSwapDelta.sol" in "/Users/yevhen/Documents/GitHub/RLD/contracts/v4-twamm-hook/lib/v4-periphery/test/shared/HookModifyLiquidities.sol"
      "@lib/TransferHelper.sol" in "/Users/yevhen/Documents/GitHub/RLD/contracts/v4-twamm-hook/src/TWAMM.sol"
      "@uniswap/v4-core/src/interfaces/IPoolManager.sol" in "/Users/yevhen/Documents/GitHub/RLD/contracts/lib/v4-periphery/src/V4Router.sol"
      "permit2/src/libraries/SignatureVerification.sol" in "/Users/yevhen/Documents/GitHub/RLD/contracts/v4-twamm-hook/lib/v4-periphery/test/erc721Permit/ERC721Permit.permitForAll.t.sol"
      "@src/TWAMM.sol" in "/Users/yevhen/Documents/GitHub/RLD/contracts/v4-twamm-hook/test/TWAMM.t.sol"
      "@uniswap/v4-core/src/types/PoolKey.sol" in "/Users/yevhen/Documents/GitHub/RLD/contracts/lib/v4-periphery/src/interfaces/IPositionManager.sol"
      "forge-std/Script.sol" in "/Users/yevhen/Documents/GitHub/RLD/contracts/v4-twamm-hook/lib/v4-periphery/script/02_PoolModifyLiquidityTest.s.sol"
      "@uniswap/v4-core/src/types/Currency.sol" in "/Users/yevhen/Documents/GitHub/RLD/contracts/v4-twamm-hook/lib/v4-periphery/test/V4Quoter.t.sol"
      "@uniswap/v4-core/src/types/PoolKey.sol" in "/Users/yevhen/Documents/GitHub/RLD/contracts/v4-twamm-hook/lib/v4-periphery/test/position-managers/PositionManager.t.sol"
      "@uniswap/v4-core/src/libraries/SafeCast.sol" in "/Users/yevhen/Documents/GitHub/RLD/contracts/v4-twamm-hook/lib/v4-periphery/test/position-managers/PositionManager.t.sol"
      "@openzeppelin/contracts/utils/Create2.sol" in "/Users/yevhen/Documents/GitHub/RLD/contracts/lib/v4-periphery/src/UniswapV4DeployerCompetition.sol"
      "@uniswap/v4-core/src/types/Currency.sol" in "/Users/yevhen/Documents/GitHub/RLD/contracts/lib/v4-periphery/src/interfaces/IV4Quoter.sol"
      "forge-std/Test.sol" in "/Users/yevhen/Documents/GitHub/RLD/contracts/v4-twamm-hook/lib/v4-core/test/ERC6909Claims.t.sol"
      "forge-std/Vm.sol" in "/Users/yevhen/Documents/GitHub/RLD/contracts/v4-twamm-hook/lib/v4-periphery/lib/v4-core/test/SkipCallsTestHook.t.sol"
      "forge-std/console2.sol" in "/Users/yevhen/Documents/GitHub/RLD/contracts/v4-twamm-hook/lib/v4-periphery/script/02_PoolModifyLiquidityTest.s.sol"
      "@openzeppelin/contracts/token/ERC721/extensions/ERC721Consecutive.sol" in "/Users/yevhen/Documents/GitHub/RLD/contracts/v4-twamm-hook/lib/v4-core/lib/openzeppelin-contracts/test/token/ERC721/extensions/ERC721Consecutive.t.sol"
      "forge-std/interfaces/IERC20.sol" in "/Users/yevhen/Documents/GitHub/RLD/contracts/v4-twamm-hook/lib/v4-periphery/test/position-managers/PositionManager.gas.t.sol"
      "@uniswap/v4-core/src/libraries/Hooks.sol" in "/Users/yevhen/Documents/GitHub/RLD/contracts/lib/v4-periphery/test/mocks/MockReenterHook.sol"
      "forge-std/Test.sol" in "/Users/yevhen/Documents/GitHub/RLD/contracts/test/CDSHook.t.sol"
      "forge-std/Base.sol" in "/Users/yevhen/Documents/GitHub/RLD/contracts/v4-twamm-hook/lib/v4-core/test/utils/JavascriptFfi.sol"
      "forge-std/Test.sol" in "/Users/yevhen/Documents/GitHub/RLD/contracts/lib/openzeppelin-v5/test/utils/cryptography/P256.t.sol"
      "@uniswap/v4-core/src/libraries/Hooks.sol" in "/Users/yevhen/Documents/GitHub/RLD/contracts/v4-twamm-hook/lib/v4-periphery/test/position-managers/PositionManager.modifyLiquidities.t.sol"
      "@uniswap/v4-core/src/libraries/SafeCast.sol" in "/Users/yevhen/Documents/GitHub/RLD/contracts/v4-twamm-hook/lib/v4-periphery/test/position-managers/PositionManager.modifyLiquidities.t.sol"
      "v4-core/src/types/Currency.sol" in "/Users/yevhen/Documents/GitHub/RLD/contracts/test/AtomicDeployment.t.sol"
      "@uniswap/v4-core/src/interfaces/IPoolManager.sol" in "/Users/yevhen/Documents/GitHub/RLD/contracts/v4-twamm-hook/test/TWAMM.kill.t.sol"
      "@uniswap/v4-core/src/interfaces/IPoolManager.sol" in "/Users/yevhen/Documents/GitHub/RLD/contracts/lib/v4-periphery/script/01_PoolManager.s.sol"
      "solmate/src/test/utils/mocks/MockERC20.sol" in "/Users/yevhen/Documents/GitHub/RLD/contracts/v4-twamm-hook/lib/v4-periphery/lib/v4-core/src/test/ActionsRouter.sol"
      "@uniswap/v4-core/src/interfaces/IPoolManager.sol" in "/Users/yevhen/Documents/GitHub/RLD/contracts/v4-twamm-hook/lib/v4-periphery/src/interfaces/IImmutableState.sol"
      "solmate/src/test/utils/mocks/MockERC20.sol" in "/Users/yevhen/Documents/GitHub/RLD/contracts/v4-twamm-hook/lib/v4-core/test/utils/Deployers.sol"
      "@uniswap/v4-core/src/libraries/CustomRevert.sol" in "/Users/yevhen/Documents/GitHub/RLD/contracts/lib/v4-periphery/test/hooks/WstETHHook.fork.t.sol"
      "@uniswap/v4-core/src/libraries/StateLibrary.sol" in "/Users/yevhen/Documents/GitHub/RLD/contracts/v4-twamm-hook/lib/v4-periphery/src/PositionDescriptor.sol"
      "@openzeppelin/contracts/utils/cryptography/ECDSA.sol" in "/Users/yevhen/Documents/GitHub/RLD/contracts/lib/openzeppelin-v5/test/account/utils/draft-ERC7579Utils.t.sol"
      "forge-std/Test.sol" in "/Users/yevhen/Documents/GitHub/RLD/contracts/lib/openzeppelin-v5/test/utils/Packing.t.sol"
      "@uniswap/v4-core/src/types/PoolKey.sol" in "/Users/yevhen/Documents/GitHub/RLD/contracts/lib/v4-periphery/test/position-managers/Permit.t.sol"
      "forge-std/Script.sol" in "/Users/yevhen/Documents/GitHub/RLD/contracts/lib/v4-periphery/script/02_PoolModifyLiquidityTest.s.sol"
      "@uniswap/v4-core/src/interfaces/IHooks.sol" in "/Users/yevhen/Documents/GitHub/RLD/contracts/lib/v4-periphery/test/hooks/WstETHHook.t.sol"
      "@openzeppelin/contracts/mocks/token/ERC4626Mock.sol" in "/Users/yevhen/Documents/GitHub/RLD/contracts/v4-twamm-hook/lib/v4-core/lib/openzeppelin-contracts/test/token/ERC20/extensions/ERC4626.t.sol"
      "@openzeppelin/contracts/utils/ShortStrings.sol" in "/Users/yevhen/Documents/GitHub/RLD/contracts/v4-twamm-hook/lib/v4-periphery/lib/v4-core/lib/openzeppelin-contracts/test/utils/ShortStrings.t.sol"
      "test/utils/JavascriptFfi.sol" in "/Users/yevhen/Documents/GitHub/RLD/contracts/v4-twamm-hook/lib/v4-periphery/lib/v4-core/test/libraries/TickMath.t.sol"
      "forge-std/Script.sol" in "/Users/yevhen/Documents/GitHub/RLD/contracts/v4-twamm-hook/lib/v4-periphery/script/DeployStateView.s.sol"
      "@uniswap/v4-core/src/types/PoolKey.sol" in "/Users/yevhen/Documents/GitHub/RLD/contracts/v4-twamm-hook/lib/v4-periphery/src/interfaces/IV4Quoter.sol"
      "@uniswap/v4-core/src/types/BalanceDelta.sol" in "/Users/yevhen/Documents/GitHub/RLD/contracts/lib/v4-periphery/test/shared/fuzz/LiquidityFuzzers.sol"
      "src/libraries/StateLibrary.sol" in "/Users/yevhen/Documents/GitHub/RLD/contracts/lib/v4-core/test/ModifyLiquidity.t.sol"
      "@uniswap/v4-core/src/types/BalanceDelta.sol" in "/Users/yevhen/Documents/GitHub/RLD/contracts/lib/v4-periphery/src/utils/BaseHook.sol"
      "forge-std/Test.sol" in "/Users/yevhen/Documents/GitHub/RLD/contracts/lib/openzeppelin-v5/test/utils/draft-InteroperableAddress.t.sol"
      "forge-std/Test.sol" in "/Users/yevhen/Documents/GitHub/RLD/contracts/lib/v4-core/src/test/PoolNestedActionsTest.sol"
      "forge-std/Test.sol" in "/Users/yevhen/Documents/GitHub/RLD/contracts/lib/v4-core/test/types/Slot0.t.sol"
      "forge-std/Script.sol" in "/Users/yevhen/Documents/GitHub/RLD/contracts/lib/v4-periphery/script/DeployV4Quoter.s.sol"
      "@uniswap/v4-core/src/interfaces/IPoolManager.sol" in "/Users/yevhen/Documents/GitHub/RLD/contracts/lib/v4-periphery/test/position-managers/IncreaseLiquidity.t.sol"
      "@uniswap/v4-core/test/utils/LiquidityAmounts.sol" in "/Users/yevhen/Documents/GitHub/RLD/contracts/lib/v4-periphery/test/position-managers/IncreaseLiquidity.t.sol"
      "@uniswap/v4-core/src/interfaces/IPoolManager.sol" in "/Users/yevhen/Documents/GitHub/RLD/contracts/lib/v4-periphery/test/position-managers/PositionManager.gas.t.sol"
      "@uniswap/v4-core/src/types/Currency.sol" in "/Users/yevhen/Documents/GitHub/RLD/contracts/lib/v4-periphery/test/position-managers/PositionManager.gas.t.sol"
      "solmate/src/utils/FixedPointMathLib.sol" in "/Users/yevhen/Documents/GitHub/RLD/contracts/v4-twamm-hook/lib/v4-core/test/libraries/StateLibrary.t.sol"
      "@uniswap/v4-core/src/types/PoolKey.sol" in "/Users/yevhen/Documents/GitHub/RLD/contracts/lib/v4-periphery/src/interfaces/IPoolInitializer_v4.sol"
      "@uniswap/v4-core/src/types/PoolId.sol" in "/Users/yevhen/Documents/GitHub/RLD/contracts/src/libraries/UniswapIntegration.sol"
      "forge-std/Vm.sol" in "/Users/yevhen/Documents/GitHub/RLD/contracts/v4-twamm-hook/lib/v4-core/test/libraries/Pool.t.sol"
      "forge-std/Test.sol" in "/Users/yevhen/Documents/GitHub/RLD/contracts/v4-twamm-hook/lib/v4-periphery/lib/permit2/test/Permit2Lib.t.sol"
      "forge-std/Test.sol" in "/Users/yevhen/Documents/GitHub/RLD/contracts/lib/v4-core/test/Tick.t.sol"
      "solmate/src/utils/FixedPointMathLib.sol" in "/Users/yevhen/Documents/GitHub/RLD/contracts/lib/v4-periphery/test/StateViewTest.t.sol"
      "@uniswap/v4-core/src/types/PoolOperation.sol" in "/Users/yevhen/Documents/GitHub/RLD/contracts/lib/v4-periphery/test/V4Quoter.t.sol"
      "forge-std/Test.sol" in "/Users/yevhen/Documents/GitHub/RLD/contracts/v4-twamm-hook/lib/v4-periphery/lib/v4-core/lib/openzeppelin-contracts/lib/erc4626-tests/ERC4626.prop.sol"
      "forge-std/Test.sol" in "/Users/yevhen/Documents/GitHub/RLD/contracts/v4-twamm-hook/lib/v4-periphery/lib/v4-core/test/SkipCallsTestHook.t.sol"
      "../patched/token/ERC721/ERC721.sol" in "/Users/yevhen/Documents/GitHub/RLD/contracts/lib/openzeppelin-v5/fv/harnesses/ERC721Harness.sol"
      "@uniswap/v4-core/src/libraries/StateLibrary.sol" in "/Users/yevhen/Documents/GitHub/RLD/contracts/lib/v4-periphery/test/position-managers/Permit.t.sol"
      "forge-std/Test.sol" in "/Users/yevhen/Documents/GitHub/RLD/contracts/lib/v4-core/test/libraries/NonzeroDeltaCount.t.sol"
      "@uniswap/v4-core/src/types/PoolKey.sol" in "/Users/yevhen/Documents/GitHub/RLD/contracts/lib/v4-periphery/test/shared/TestRouter.sol"
      "../patched/access/Ownable.sol" in "/Users/yevhen/Documents/GitHub/RLD/contracts/v4-twamm-hook/lib/v4-core/lib/openzeppelin-contracts/certora/harnesses/OwnableHarness.sol"
      "ds-test/test.sol" in "/Users/yevhen/Documents/GitHub/RLD/contracts/v4-twamm-hook/lib/v4-core/lib/openzeppelin-contracts/lib/forge-std/src/StdAssertions.sol"
      "@openzeppelin/contracts/utils/math/Math.sol" in "/Users/yevhen/Documents/GitHub/RLD/contracts/v4-twamm-hook/lib/v4-core/lib/openzeppelin-contracts/test/utils/math/Math.t.sol"
      "forge-std/Test.sol" in "/Users/yevhen/Documents/GitHub/RLD/contracts/v4-twamm-hook/lib/v4-periphery/lib/permit2/test/SignatureTransfer.t.sol"
      "@uniswap/v4-core/src/types/Currency.sol" in "/Users/yevhen/Documents/GitHub/RLD/contracts/v4-twamm-hook/lib/v4-periphery/test/position-managers/IncreaseLiquidity.t.sol"
      "@uniswap/v4-core/src/types/PoolId.sol" in "/Users/yevhen/Documents/GitHub/RLD/contracts/v4-twamm-hook/lib/v4-periphery/test/position-managers/IncreaseLiquidity.t.sol"
      "@uniswap/v4-core/src/libraries/SafeCast.sol" in "/Users/yevhen/Documents/GitHub/RLD/contracts/lib/v4-periphery/src/PositionManager.sol"
      "forge-std/Test.sol" in "/Users/yevhen/Documents/GitHub/RLD/contracts/v4-twamm-hook/lib/v4-periphery/test/libraries/SafeCurrencyMetadata.t.sol"
      "@uniswap/v4-core/src/interfaces/IPoolManager.sol" in "/Users/yevhen/Documents/GitHub/RLD/contracts/v4-twamm-hook/lib/v4-periphery/test/position-managers/PositionManager.notifier.t.sol"
      "@uniswap/v4-core/src/test/BaseTestHooks.sol" in "/Users/yevhen/Documents/GitHub/RLD/contracts/v4-twamm-hook/lib/v4-periphery/test/shared/HookSavesDelta.sol"
      "openzeppelin-contracts/contracts/utils/cryptography/ECDSA.sol" in "/Users/yevhen/Documents/GitHub/RLD/contracts/v4-twamm-hook/lib/v4-periphery/test/shared/Permit2SignatureHelpers.sol"
      "@uniswap/v4-core/src/interfaces/IPoolManager.sol" in "/Users/yevhen/Documents/GitHub/RLD/contracts/v4-twamm-hook/src/libraries/PoolGetters.sol"
      "forge-std/Test.sol" in "/Users/yevhen/Documents/GitHub/RLD/contracts/v4-twamm-hook/lib/v4-periphery/test/position-managers/PositionManager.multicall.t.sol"
      "@uniswap/v4-core/src/interfaces/IPoolManager.sol" in "/Users/yevhen/Documents/GitHub/RLD/contracts/v4-twamm-hook/src/TWAMM.sol"
      "@uniswap/v4-core/src/types/BalanceDelta.sol" in "/Users/yevhen/Documents/GitHub/RLD/contracts/lib/v4-periphery/src/libraries/SlippageCheck.sol"
      "@uniswap/v4-core/src/types/PoolKey.sol" in "/Users/yevhen/Documents/GitHub/RLD/contracts/v4-twamm-hook/test/TWAMM.uneven.t.sol"
      "../patched/token/ERC20/extensions/ERC20FlashMint.sol" in "/Users/yevhen/Documents/GitHub/RLD/contracts/lib/openzeppelin-v5/fv/harnesses/ERC20FlashMintHarness.sol"
      "@uniswap/v4-core/src/PoolManager.sol" in "/Users/yevhen/Documents/GitHub/RLD/contracts/v4-twamm-hook/lib/v4-periphery/test/script/DeployPoolMofifyLiquidityTest.t.sol"
      "@uniswap/v4-core/src/libraries/TickMath.sol" in "/Users/yevhen/Documents/GitHub/RLD/contracts/v4-twamm-hook/test/TWAMM.complex.t.sol"
      "forge-std/Test.sol" in "/Users/yevhen/Documents/GitHub/RLD/contracts/v4-twamm-hook/lib/v4-periphery/test/position-managers/PositionManager.notifier.t.sol"
      "@openzeppelin/contracts/proxy/Proxy.sol" in "/Users/yevhen/Documents/GitHub/RLD/contracts/v4-twamm-hook/lib/v4-periphery/lib/v4-core/src/test/MockContract.sol"
      "@uniswap/v4-core/src/libraries/TransientStateLibrary.sol" in "/Users/yevhen/Documents/GitHub/RLD/contracts/v4-twamm-hook/lib/v4-periphery/src/base/DeltaResolver.sol"
      "@uniswap/v4-core/src/libraries/StateLibrary.sol" in "/Users/yevhen/Documents/GitHub/RLD/contracts/v4-twamm-hook/lib/v4-periphery/test/position-managers/PositionManager.t.sol"
      "forge-std/Test.sol" in "/Users/yevhen/Documents/GitHub/RLD/contracts/v4-twamm-hook/lib/v4-periphery/test/position-managers/PositionManager.modifyLiquidities.t.sol"
      "@uniswap/v4-core/src/libraries/TickBitmap.sol" in "/Users/yevhen/Documents/GitHub/RLD/contracts/v4-twamm-hook/src/libraries/PoolGetters.sol"
      "@uniswap/v4-core/src/libraries/Pool.sol" in "/Users/yevhen/Documents/GitHub/RLD/contracts/lib/v4-periphery/test/position-managers/PositionManager.modifyLiquidities.t.sol"
      "@uniswap/v4-core/src/types/PoolId.sol" in "/Users/yevhen/Documents/GitHub/RLD/contracts/lib/v4-periphery/test/hooks/WETHHook.t.sol"
      "solmate/src/test/utils/mocks/MockERC20.sol" in "/Users/yevhen/Documents/GitHub/RLD/contracts/v4-twamm-hook/lib/v4-core/test/libraries/Hooks.t.sol"
      "solmate/src/tokens/ERC20.sol" in "/Users/yevhen/Documents/GitHub/RLD/contracts/v4-twamm-hook/lib/v4-periphery/lib/permit2/test/integration/MainnetToken.t.sol"
      "v4-core/src/types/PoolKey.sol" in "/Users/yevhen/Documents/GitHub/RLD/contracts/v4-twamm-hook/test/utils/EasyPosm.sol"
      "solmate/src/test/utils/mocks/MockERC20.sol" in "/Users/yevhen/Documents/GitHub/RLD/contracts/v4-twamm-hook/lib/v4-periphery/lib/v4-core/test/SkipCallsTestHook.t.sol"
      "solmate/src/test/utils/mocks/MockERC20.sol" in "/Users/yevhen/Documents/GitHub/RLD/contracts/test/TwammIntegration.t.sol"
      "@src/TWAMM.sol" in "/Users/yevhen/Documents/GitHub/RLD/contracts/v4-twamm-hook/test/TWAMM.complex.t.sol"
      "forge-std/Test.sol" in "/Users/yevhen/Documents/GitHub/RLD/contracts/v4-twamm-hook/test/TWAMM.flow.t.sol"
      "src/test/TickMathTest.sol" in "/Users/yevhen/Documents/GitHub/RLD/contracts/v4-twamm-hook/lib/v4-core/test/libraries/TickMath.t.sol"
      "@uniswap/v4-core/src/libraries/TickMath.sol" in "/Users/yevhen/Documents/GitHub/RLD/contracts/lib/v4-periphery/src/V4Router.sol"
      "@uniswap/v4-core/src/PoolManager.sol" in "/Users/yevhen/Documents/GitHub/RLD/contracts/lib/v4-periphery/test/position-managers/PositionManager.t.sol"
      "@openzeppelin/contracts/governance/Governor.sol" in "/Users/yevhen/Documents/GitHub/RLD/contracts/v4-twamm-hook/lib/v4-periphery/lib/v4-core/lib/openzeppelin-contracts/test/governance/Governor.t.sol"
      "forge-std/Test.sol" in "/Users/yevhen/Documents/GitHub/RLD/contracts/v4-twamm-hook/lib/v4-periphery/test/position-managers/Execute.t.sol"
      "@uniswap/v4-core/src/types/Currency.sol" in "/Users/yevhen/Documents/GitHub/RLD/contracts/v4-twamm-hook/test/TWAMM_Matching.t.sol"
      "v4-periphery/src/interfaces/IPositionManager.sol" in "/Users/yevhen/Documents/GitHub/RLD/contracts/v4-twamm-hook/test/TWAMM_Matching.t.sol"
      "@uniswap/v4-core/src/types/Currency.sol" in "/Users/yevhen/Documents/GitHub/RLD/contracts/lib/v4-periphery/src/interfaces/IV4Router.sol"
      "@uniswap/v4-core/src/types/Currency.sol" in "/Users/yevhen/Documents/GitHub/RLD/contracts/lib/v4-periphery/test/router/V4Router.gas.t.sol"
      "@uniswap/v4-core/src/test/Fuzzers.sol" in "/Users/yevhen/Documents/GitHub/RLD/contracts/v4-twamm-hook/lib/v4-periphery/test/position-managers/IncreaseLiquidity.t.sol"
      "@uniswap/v4-core/src/libraries/StateLibrary.sol" in "/Users/yevhen/Documents/GitHub/RLD/contracts/lib/v4-periphery/src/lens/StateView.sol"
      "@uniswap/v4-core/src/libraries/FullMath.sol" in "/Users/yevhen/Documents/GitHub/RLD/contracts/v4-twamm-hook/lib/v4-periphery/test/shared/FeeMath.sol"
      "forge-std/StdError.sol" in "/Users/yevhen/Documents/GitHub/RLD/contracts/v4-twamm-hook/lib/v4-core/test/types/Currency.t.sol"
      "permit2/src/interfaces/IAllowanceTransfer.sol" in "/Users/yevhen/Documents/GitHub/RLD/contracts/v4-twamm-hook/lib/v4-periphery/test/shared/Permit2SignatureHelpers.sol"
      "v4-periphery/src/interfaces/IPositionManager.sol" in "/Users/yevhen/Documents/GitHub/RLD/contracts/v4-twamm-hook/test/TWAMM.uneven.t.sol"
      "@uniswap/v4-core/src/types/BalanceDelta.sol" in "/Users/yevhen/Documents/GitHub/RLD/contracts/v4-twamm-hook/test/TWAMM_Matching.t.sol"
      "@openzeppelin/contracts/utils/Bytes.sol" in "/Users/yevhen/Documents/GitHub/RLD/contracts/lib/openzeppelin-v5/test/utils/Bytes.t.sol"
      "v4-core/src/libraries/FixedPoint96.sol" in "/Users/yevhen/Documents/GitHub/RLD/contracts/src/libraries/LiquidityAmounts.sol"
      "v4-periphery/src/interfaces/IPositionManager.sol" in "/Users/yevhen/Documents/GitHub/RLD/contracts/v4-twamm-hook/test/TWAMM.kill.t.sol"
      "@uniswap/v4-core/src/libraries/TickMath.sol" in "/Users/yevhen/Documents/GitHub/RLD/contracts/v4-twamm-hook/test/TWAMM_Matching.t.sol"
      "v4-core/src/types/PoolKey.sol" in "/Users/yevhen/Documents/GitHub/RLD/contracts/v4-twamm-hook/test/utils/Fixtures.sol"
      "@uniswap/v4-core/src/interfaces/IPoolManager.sol" in "/Users/yevhen/Documents/GitHub/RLD/contracts/v4-twamm-hook/lib/v4-periphery/test/script/DeployPoolMofifyLiquidityTest.t.sol"
      "@openzeppelin/contracts/proxy/Proxy.sol" in "/Users/yevhen/Documents/GitHub/RLD/contracts/v4-twamm-hook/lib/v4-core/src/test/MockContract.sol"
      "forge-std/Test.sol" in "/Users/yevhen/Documents/GitHub/RLD/contracts/v4-twamm-hook/lib/v4-periphery/test/shared/RoutingTestHelpers.sol"
      "v4-core/src/interfaces/IHooks.sol" in "/Users/yevhen/Documents/GitHub/RLD/contracts/test/TwammIntegration.t.sol"
      "forge-std/Vm.sol" in "/Users/yevhen/Documents/GitHub/RLD/contracts/lib/v4-core/test/libraries/Pool.t.sol"
      "@uniswap/v4-core/src/types/BalanceDelta.sol" in "/Users/yevhen/Documents/GitHub/RLD/contracts/lib/v4-periphery/test/shared/LiquidityOperations.sol"
      "@uniswap/v4-core/src/types/Currency.sol" in "/Users/yevhen/Documents/GitHub/RLD/contracts/lib/v4-periphery/test/router/Payments.gas.t.sol"
      "solmate/src/test/utils/mocks/MockERC20.sol" in "/Users/yevhen/Documents/GitHub/RLD/contracts/v4-twamm-hook/lib/v4-core/test/Sync.t.sol"
      "@uniswap/v4-core/src/types/Currency.sol" in "/Users/yevhen/Documents/GitHub/RLD/contracts/v4-twamm-hook/lib/v4-periphery/test/StateViewTest.t.sol"
      "@uniswap/v4-core/src/test/Fuzzers.sol" in "/Users/yevhen/Documents/GitHub/RLD/contracts/v4-twamm-hook/lib/v4-periphery/test/StateViewTest.t.sol"
      "@openzeppelin/contracts/utils/math/Math.sol" in "/Users/yevhen/Documents/GitHub/RLD/contracts/lib/openzeppelin-v5/test/utils/math/Math.t.sol"
      "@uniswap/v4-core/src/libraries/StateLibrary.sol" in "/Users/yevhen/Documents/GitHub/RLD/contracts/lib/v4-periphery/src/interfaces/IStateView.sol"
      "@uniswap/v4-core/src/types/Currency.sol" in "/Users/yevhen/Documents/GitHub/RLD/contracts/lib/v4-periphery/test/position-managers/Permit.t.sol"
      "forge-std/Base.sol" in "/Users/yevhen/Documents/GitHub/RLD/contracts/lib/v4-periphery/test/shared/LiquidityOperations.sol"
      "forge-std/interfaces/IERC20.sol" in "/Users/yevhen/Documents/GitHub/RLD/contracts/lib/v4-periphery/test/position-managers/IncreaseLiquidity.t.sol"
      "forge-std/Test.sol" in "/Users/yevhen/Documents/GitHub/RLD/contracts/v4-twamm-hook/lib/v4-core/test/libraries/FullMath.t.sol"
      "@openzeppelin/contracts/utils/Strings.sol" in "/Users/yevhen/Documents/GitHub/RLD/contracts/lib/openzeppelin-v5/test/account/AccountEIP7702.t.sol"
      "../patched/interfaces/IERC3156FlashBorrower.sol" in "/Users/yevhen/Documents/GitHub/RLD/contracts/v4-twamm-hook/lib/v4-core/lib/openzeppelin-contracts/certora/harnesses/ERC3156FlashBorrowerHarness.sol"
      "src/interfaces/IHooks.sol" in "/Users/yevhen/Documents/GitHub/RLD/contracts/v4-twamm-hook/lib/v4-periphery/lib/v4-core/test/ModifyLiquidity.t.sol"
      "forge-std/Vm.sol" in "/Users/yevhen/Documents/GitHub/RLD/contracts/v4-twamm-hook/lib/v4-periphery/lib/v4-core/test/libraries/SafeCast.t.sol"
      "@uniswap/v4-core/src/libraries/SafeCast.sol" in "/Users/yevhen/Documents/GitHub/RLD/contracts/v4-twamm-hook/lib/v4-periphery/test/position-managers/IncreaseLiquidity.t.sol"
      "@uniswap/v4-core/src/libraries/SwapMath.sol" in "/Users/yevhen/Documents/GitHub/RLD/contracts/v4-twamm-hook/src/TWAMM.sol"
      "forge-std/interfaces/IERC20.sol" in "/Users/yevhen/Documents/GitHub/RLD/contracts/lib/v4-periphery/test/hooks/WstETHHook.fork.t.sol"
      "@uniswap/v4-core/src/libraries/StateLibrary.sol" in "/Users/yevhen/Documents/GitHub/RLD/contracts/lib/v4-periphery/src/lens/V4Quoter.sol"
      "@uniswap/v4-core/src/interfaces/IPoolManager.sol" in "/Users/yevhen/Documents/GitHub/RLD/contracts/lib/v4-periphery/src/hooks/WstETHHook.sol"
      "@uniswap/v4-core/src/types/PoolKey.sol" in "/Users/yevhen/Documents/GitHub/RLD/contracts/lib/v4-periphery/src/libraries/PathKey.sol"
      "@uniswap/v4-core/src/types/PoolKey.sol" in "/Users/yevhen/Documents/GitHub/RLD/contracts/lib/v4-periphery/test/shared/PositionConfig.sol"
      "@openzeppelin/contracts/governance/Governor.sol" in "/Users/yevhen/Documents/GitHub/RLD/contracts/lib/openzeppelin-v5/test/governance/Governor.t.sol"
      "@uniswap/v4-core/src/types/Currency.sol" in "/Users/yevhen/Documents/GitHub/RLD/contracts/lib/v4-periphery/src/hooks/WETHHook.sol"
      "@uniswap/v4-core/src/PoolManager.sol" in "/Users/yevhen/Documents/GitHub/RLD/contracts/lib/v4-periphery/test/position-managers/IncreaseLiquidity.t.sol"
      "@uniswap/v4-core/src/types/PoolKey.sol" in "/Users/yevhen/Documents/GitHub/RLD/contracts/lib/v4-periphery/test/shared/LiquidityOperations.sol"
      "@uniswap/v4-core/src/types/PoolKey.sol" in "/Users/yevhen/Documents/GitHub/RLD/contracts/v4-twamm-hook/lib/v4-periphery/src/interfaces/IPoolInitializer_v4.sol"
      "forge-std/Test.sol" in "/Users/yevhen/Documents/GitHub/RLD/contracts/v4-twamm-hook/lib/v4-periphery/lib/v4-core/src/test/ActionsRouter.sol"
      "@uniswap/v4-core/src/libraries/SafeCast.sol" in "/Users/yevhen/Documents/GitHub/RLD/contracts/v4-twamm-hook/lib/v4-periphery/test/shared/FeeMath.sol"
      "@uniswap/v4-core/src/libraries/StateLibrary.sol" in "/Users/yevhen/Documents/GitHub/RLD/contracts/v4-twamm-hook/lib/v4-periphery/test/position-managers/Execute.t.sol"
      "@uniswap/v4-core/src/types/PoolId.sol" in "/Users/yevhen/Documents/GitHub/RLD/contracts/lib/v4-periphery/test/mocks/MockCounterHook.sol"
      "forge-std/console2.sol" in "/Users/yevhen/Documents/GitHub/RLD/contracts/lib/v4-periphery/script/01_PoolManager.s.sol"
      "@uniswap/v4-core/src/interfaces/IHooks.sol" in "/Users/yevhen/Documents/GitHub/RLD/contracts/lib/v4-periphery/test/hooks/WETHHook.t.sol"
      "halmos-cheatcodes/SymTest.sol" in "/Users/yevhen/Documents/GitHub/RLD/contracts/lib/openzeppelin-v5/test/utils/ShortStrings.t.sol"
      "@uniswap/v4-core/src/PoolManager.sol" in "/Users/yevhen/Documents/GitHub/RLD/contracts/lib/v4-periphery/test/position-managers/PositionManager.modifyLiquidities.t.sol"
      "forge-std/interfaces/IERC20.sol" in "/Users/yevhen/Documents/GitHub/RLD/contracts/lib/v4-periphery/test/position-managers/NativeToken.t.sol"
      "v4-core/src/interfaces/IPoolManager.sol" in "/Users/yevhen/Documents/GitHub/RLD/contracts/test/GenericExecution.t.sol"
      "solmate/src/tokens/ERC20.sol" in "/Users/yevhen/Documents/GitHub/RLD/contracts/v4-twamm-hook/lib/v4-periphery/lib/permit2/test/mocks/MockERC20.sol"
      "forge-std/Test.sol" in "/Users/yevhen/Documents/GitHub/RLD/contracts/v4-twamm-hook/lib/v4-periphery/lib/v4-core/test/DynamicFees.t.sol"
      "@uniswap/v4-core/src/interfaces/IHooks.sol" in "/Users/yevhen/Documents/GitHub/RLD/contracts/v4-twamm-hook/lib/v4-periphery/test/PositionDescriptor.t.sol"
      "solmate/src/tokens/ERC20.sol" in "/Users/yevhen/Documents/GitHub/RLD/contracts/v4-twamm-hook/lib/v4-periphery/test/mocks/MockDeltaResolver.sol"
      "@uniswap/v4-core/src/types/Currency.sol" in "/Users/yevhen/Documents/GitHub/RLD/contracts/v4-twamm-hook/lib/v4-periphery/test/shared/LiquidityOperations.sol"
      "@uniswap/v4-core/src/libraries/Position.sol" in "/Users/yevhen/Documents/GitHub/RLD/contracts/v4-twamm-hook/lib/v4-periphery/test/position-managers/Execute.t.sol"
      "forge-std/Test.sol" in "/Users/yevhen/Documents/GitHub/RLD/contracts/v4-twamm-hook/lib/v4-periphery/test/shared/PosmTestSetup.sol"
      "@uniswap/v4-core/src/types/PoolKey.sol" in "/Users/yevhen/Documents/GitHub/RLD/contracts/v4-twamm-hook/src/ITWAMM.sol"
      "solmate/src/test/utils/mocks/MockERC20.sol" in "/Users/yevhen/Documents/GitHub/RLD/contracts/lib/v4-periphery/test/mocks/ReentrantToken.sol"
      "@uniswap/v4-core/src/libraries/ProtocolFeeLibrary.sol" in "/Users/yevhen/Documents/GitHub/RLD/contracts/v4-twamm-hook/src/TWAMM.sol"
      "@uniswap/v4-core/src/types/PoolId.sol" in "/Users/yevhen/Documents/GitHub/RLD/contracts/v4-twamm-hook/test/TWAMM.flow.t.sol"
      "@uniswap/v4-core/src/types/PoolId.sol" in "/Users/yevhen/Documents/GitHub/RLD/contracts/lib/v4-periphery/src/lens/StateView.sol"
      "@uniswap/v4-core/src/libraries/StateLibrary.sol" in "/Users/yevhen/Documents/GitHub/RLD/contracts/lib/v4-periphery/test/position-managers/NativeToken.t.sol"
      "solmate/src/auth/Owned.sol" in "/Users/yevhen/Documents/GitHub/RLD/contracts/v4-twamm-hook/lib/v4-core/src/ProtocolFees.sol"
      "@uniswap/v4-core/src/libraries/LPFeeLibrary.sol" in "/Users/yevhen/Documents/GitHub/RLD/contracts/v4-twamm-hook/lib/v4-periphery/test/position-managers/PositionManager.t.sol"
      "@uniswap/v4-core/src/interfaces/IPoolManager.sol" in "/Users/yevhen/Documents/GitHub/RLD/contracts/lib/v4-periphery/test/script/DeployPoolSwapTest.t.sol"
      "../patched/token/ERC20/extensions/ERC20Permit.sol" in "/Users/yevhen/Documents/GitHub/RLD/contracts/v4-twamm-hook/lib/v4-periphery/lib/v4-core/lib/openzeppelin-contracts/certora/harnesses/ERC20PermitHarness.sol"
      "@uniswap/v4-core/src/interfaces/IPoolManager.sol" in "/Users/yevhen/Documents/GitHub/RLD/contracts/v4-twamm-hook/lib/v4-periphery/src/base/hooks/BaseHook.sol"
      "forge-std/Vm.sol" in "/Users/yevhen/Documents/GitHub/RLD/contracts/lib/v4-core/test/libraries/SqrtPriceMath.t.sol"
      "@uniswap/v4-core/src/types/PoolKey.sol" in "/Users/yevhen/Documents/GitHub/RLD/contracts/v4-twamm-hook/lib/v4-periphery/src/base/hooks/BaseHook.sol"
      "@uniswap/v4-core/src/test/PoolModifyLiquidityTest.sol" in "/Users/yevhen/Documents/GitHub/RLD/contracts/lib/v4-periphery/test/script/DeployPoolMofifyLiquidityTest.t.sol"
      "@uniswap/v4-core/src/libraries/Hooks.sol" in "/Users/yevhen/Documents/GitHub/RLD/contracts/lib/v4-periphery/test/mocks/MockCounterHook.sol"
      "solmate/src/utils/FixedPointMathLib.sol" in "/Users/yevhen/Documents/GitHub/RLD/contracts/lib/v4-periphery/src/hooks/WstETHHook.sol"
      "@uniswap/v4-core/src/types/PoolKey.sol" in "/Users/yevhen/Documents/GitHub/RLD/contracts/lib/v4-periphery/test/position-managers/IncreaseLiquidity.t.sol"
      "@uniswap/v4-core/src/interfaces/IHooks.sol" in "/Users/yevhen/Documents/GitHub/RLD/contracts/lib/v4-periphery/test/position-managers/PositionManager.multicall.t.sol"
      "@uniswap/v4-core/src/types/PoolKey.sol" in "/Users/yevhen/Documents/GitHub/RLD/contracts/lib/v4-periphery/src/PositionDescriptor.sol"
      "@uniswap/v4-core/src/libraries/Position.sol" in "/Users/yevhen/Documents/GitHub/RLD/contracts/lib/v4-periphery/test/StateViewTest.t.sol"
      "forge-std/Test.sol" in "/Users/yevhen/Documents/GitHub/RLD/contracts/test/TwammIntegration.t.sol"
      "@uniswap/v4-core/src/interfaces/IPoolManager.sol" in "/Users/yevhen/Documents/GitHub/RLD/contracts/lib/v4-periphery/test/shared/FeeMath.sol"
      "../patched/token/ERC721/ERC721.sol" in "/Users/yevhen/Documents/GitHub/RLD/contracts/v4-twamm-hook/lib/v4-periphery/lib/v4-core/lib/openzeppelin-contracts/certora/harnesses/ERC721Harness.sol"
      "solmate/src/test/utils/mocks/MockERC20.sol" in "/Users/yevhen/Documents/GitHub/RLD/contracts/v4-twamm-hook/lib/v4-periphery/lib/v4-core/test/Sync.t.sol"
      "@uniswap/v4-core/src/types/PoolKey.sol" in "/Users/yevhen/Documents/GitHub/RLD/contracts/lib/v4-periphery/src/lens/V4Quoter.sol"
      "@uniswap/v4-core/src/libraries/FullMath.sol" in "/Users/yevhen/Documents/GitHub/RLD/contracts/lib/v4-periphery/src/libraries/Descriptor.sol"
      "@uniswap/v4-core/src/libraries/Position.sol" in "/Users/yevhen/Documents/GitHub/RLD/contracts/v4-twamm-hook/lib/v4-periphery/src/lens/StateView.sol"
      "@uniswap/v4-core/src/types/PoolKey.sol" in "/Users/yevhen/Documents/GitHub/RLD/contracts/v4-twamm-hook/lib/v4-periphery/src/interfaces/IPositionManager.sol"
      "forge-std/Test.sol" in "/Users/yevhen/Documents/GitHub/RLD/contracts/lib/openzeppelin-v5/test/utils/Create2.t.sol"
      "permit2/src/interfaces/IAllowanceTransfer.sol" in "/Users/yevhen/Documents/GitHub/RLD/contracts/v4-twamm-hook/lib/v4-periphery/test/position-managers/Permit2Forwarder.t.sol"
      "forge-std/Test.sol" in "/Users/yevhen/Documents/GitHub/RLD/contracts/v4-twamm-hook/lib/v4-periphery/lib/v4-core/test/PoolManager.clear.t.sol"
      "ds-test/test.sol" in "/Users/yevhen/Documents/GitHub/RLD/contracts/v4-twamm-hook/lib/v4-periphery/lib/v4-core/lib/openzeppelin-contracts/lib/forge-std/src/Test.sol"
      "@uniswap/v4-core/src/libraries/LPFeeLibrary.sol" in "/Users/yevhen/Documents/GitHub/RLD/contracts/v4-twamm-hook/lib/v4-periphery/src/libraries/Descriptor.sol"
      "forge-std/Test.sol" in "/Users/yevhen/Documents/GitHub/RLD/contracts/v4-twamm-hook/lib/v4-core/test/DynamicFees.t.sol"
      "forge-std/Test.sol" in "/Users/yevhen/Documents/GitHub/RLD/contracts/v4-twamm-hook/lib/v4-core/test/libraries/Hooks.t.sol"
      "@uniswap/v4-core/src/interfaces/IPoolManager.sol" in "/Users/yevhen/Documents/GitHub/RLD/contracts/v4-twamm-hook/lib/v4-periphery/src/base/ImmutableState.sol"
      "@uniswap/v4-core/src/types/PoolId.sol" in "/Users/yevhen/Documents/GitHub/RLD/contracts/v4-twamm-hook/lib/v4-periphery/src/lens/StateView.sol"
      "src/libraries/TickMath.sol" in "/Users/yevhen/Documents/GitHub/RLD/contracts/lib/v4-core/test/ModifyLiquidity.t.sol"
      "@uniswap/v4-core/src/types/PoolKey.sol" in "/Users/yevhen/Documents/GitHub/RLD/contracts/lib/v4-periphery/test/position-managers/Execute.t.sol"
      "src/types/Currency.sol" in "/Users/yevhen/Documents/GitHub/RLD/contracts/v4-twamm-hook/lib/v4-core/test/ModifyLiquidity.t.sol"
      "forge-std/Test.sol" in "/Users/yevhen/Documents/GitHub/RLD/contracts/lib/v4-core/test/libraries/SwapMath.t.sol"
      "forge-std/StdError.sol" in "/Users/yevhen/Documents/GitHub/RLD/contracts/v4-twamm-hook/lib/v4-core/test/Tick.t.sol"
      "forge-std/Test.sol" in "/Users/yevhen/Documents/GitHub/RLD/contracts/v4-twamm-hook/lib/v4-periphery/lib/v4-core/src/test/NativeERC20.sol"
      "@openzeppelin/contracts/utils/Create2.sol" in "/Users/yevhen/Documents/GitHub/RLD/contracts/v4-twamm-hook/lib/v4-periphery/src/UniswapV4DeployerCompetition.sol"
      "@uniswap/v4-core/src/libraries/Hooks.sol" in "/Users/yevhen/Documents/GitHub/RLD/contracts/v4-twamm-hook/lib/v4-periphery/src/base/hooks/BaseHook.sol"
      "@uniswap/v4-core/src/types/PoolKey.sol" in "/Users/yevhen/Documents/GitHub/RLD/contracts/lib/v4-periphery/test/StateViewTest.t.sol"
      "../patched/access/manager/AccessManager.sol" in "/Users/yevhen/Documents/GitHub/RLD/contracts/lib/openzeppelin-v5/fv/harnesses/AccessManagerHarness.sol"
      "v4-core/src/types/BalanceDelta.sol" in "/Users/yevhen/Documents/GitHub/RLD/contracts/test/GenericExecution.t.sol"
      "@uniswap/v4-core/src/test/PoolModifyLiquidityTest.sol" in "/Users/yevhen/Documents/GitHub/RLD/contracts/lib/v4-periphery/test/V4Quoter.t.sol"
      "forge-std/Test.sol" in "/Users/yevhen/Documents/GitHub/RLD/contracts/v4-twamm-hook/lib/v4-periphery/lib/v4-core/test/libraries/FullMath.t.sol"
      "forge-std/Test.sol" in "/Users/yevhen/Documents/GitHub/RLD/contracts/v4-twamm-hook/lib/v4-periphery/lib/v4-core/test/libraries/TickMath.t.sol"
      "solmate/src/tokens/ERC20.sol" in "/Users/yevhen/Documents/GitHub/RLD/contracts/v4-twamm-hook/lib/v4-periphery/lib/permit2/test/integration/tokens/DAI.t.sol"
      "forge-std/Test.sol" in "/Users/yevhen/Documents/GitHub/RLD/contracts/lib/openzeppelin-v5/test/utils/structs/Checkpoints.t.sol"
      "forge-std/Test.sol" in "/Users/yevhen/Documents/GitHub/RLD/contracts/lib/v4-core/test/utils/NestedActions.t.sol"
      "../patched/access/Ownable2Step.sol" in "/Users/yevhen/Documents/GitHub/RLD/contracts/v4-twamm-hook/lib/v4-periphery/lib/v4-core/lib/openzeppelin-contracts/certora/harnesses/Ownable2StepHarness.sol"
      "@uniswap/v4-core/src/types/BalanceDelta.sol" in "/Users/yevhen/Documents/GitHub/RLD/contracts/lib/v4-periphery/test/mocks/MockMsgSenderHook.sol"
      "@uniswap/v4-core/src/libraries/FixedPoint96.sol" in "/Users/yevhen/Documents/GitHub/RLD/contracts/v4-twamm-hook/lib/v4-periphery/src/libraries/LiquidityAmounts.sol"
      "forge-std/Test.sol" in "/Users/yevhen/Documents/GitHub/RLD/contracts/v4-twamm-hook/lib/v4-periphery/test/Multicall.t.sol"
      "@uniswap/v4-core/src/types/BalanceDelta.sol" in "/Users/yevhen/Documents/GitHub/RLD/contracts/v4-twamm-hook/lib/v4-periphery/test/position-managers/IncreaseLiquidity.t.sol"
      "@uniswap/v4-core/src/PoolManager.sol" in "/Users/yevhen/Documents/GitHub/RLD/contracts/v4-twamm-hook/lib/v4-periphery/test/position-managers/PositionManager.multicall.t.sol"
      "solmate/src/utils/FixedPointMathLib.sol" in "/Users/yevhen/Documents/GitHub/RLD/contracts/lib/v4-periphery/test/position-managers/Permit.t.sol"
      "@openzeppelin/contracts/metatx/ERC2771Forwarder.sol" in "/Users/yevhen/Documents/GitHub/RLD/contracts/v4-twamm-hook/lib/v4-core/lib/openzeppelin-contracts/test/metatx/ERC2771Forwarder.t.sol"
      "@uniswap/v4-core/src/interfaces/IHooks.sol" in "/Users/yevhen/Documents/GitHub/RLD/contracts/v4-twamm-hook/lib/v4-periphery/src/libraries/SVG.sol"
      "forge-std/Test.sol" in "/Users/yevhen/Documents/GitHub/RLD/contracts/test/BondNFTTest.t.sol"
      "@uniswap/v4-core/src/types/PoolKey.sol" in "/Users/yevhen/Documents/GitHub/RLD/contracts/lib/v4-periphery/src/libraries/CalldataDecoder.sol"
      "@uniswap/v4-core/src/types/Currency.sol" in "/Users/yevhen/Documents/GitHub/RLD/contracts/lib/v4-periphery/test/position-managers/FeeCollection.t.sol"
      "erc4626-tests/ERC4626.test.sol" in "/Users/yevhen/Documents/GitHub/RLD/contracts/v4-twamm-hook/lib/v4-periphery/lib/v4-core/lib/openzeppelin-contracts/test/token/ERC20/extensions/ERC4626.t.sol"
      "forge-std/Test.sol" in "/Users/yevhen/Documents/GitHub/RLD/contracts/lib/v4-core/test/libraries/Position.t.sol"
      "solmate/src/tokens/ERC20.sol" in "/Users/yevhen/Documents/GitHub/RLD/contracts/v4-twamm-hook/lib/v4-periphery/lib/permit2/test/integration/tokens/FeeOnTransferToken.t.sol"
      "forge-std/Test.sol" in "/Users/yevhen/Documents/GitHub/RLD/contracts/v4-twamm-hook/lib/v4-core/test/CustomAccounting.t.sol"
      "@uniswap/v4-core/src/libraries/SafeCast.sol" in "/Users/yevhen/Documents/GitHub/RLD/contracts/v4-twamm-hook/lib/v4-periphery/test/V4Quoter.t.sol"
      "@uniswap/v4-core/src/libraries/Pool.sol" in "/Users/yevhen/Documents/GitHub/RLD/contracts/v4-twamm-hook/lib/v4-periphery/test/position-managers/PositionManager.modifyLiquidities.t.sol"
      "forge-std/interfaces/IERC721.sol" in "/Users/yevhen/Documents/GitHub/RLD/contracts/v4-twamm-hook/lib/v4-periphery/test/position-managers/PositionManager.multicall.t.sol"
      "@uniswap/v4-core/src/libraries/StateLibrary.sol" in "/Users/yevhen/Documents/GitHub/RLD/contracts/v4-twamm-hook/test/TWAMM.uneven.t.sol"
      "solmate/src/tokens/ERC20.sol" in "/Users/yevhen/Documents/GitHub/RLD/contracts/v4-twamm-hook/lib/v4-periphery/test/DeltaResolver.t.sol"
      "@uniswap/v4-core/test/utils/LiquidityAmounts.sol" in "/Users/yevhen/Documents/GitHub/RLD/contracts/v4-twamm-hook/lib/v4-periphery/test/position-managers/PositionManager.t.sol"
      "@uniswap/v4-core/src/types/BalanceDelta.sol" in "/Users/yevhen/Documents/GitHub/RLD/contracts/v4-twamm-hook/lib/v4-periphery/test/shared/HookSavesDelta.sol"
      "solmate/src/test/utils/mocks/MockERC20.sol" in "/Users/yevhen/Documents/GitHub/RLD/contracts/v4-twamm-hook/lib/v4-periphery/test/shared/PosmTestSetup.sol"
      "v4-core/src/types/PoolKey.sol" in "/Users/yevhen/Documents/GitHub/RLD/contracts/src/core/RLDMarketFactory.sol"
      "@uniswap/v4-core/src/types/Currency.sol" in "/Users/yevhen/Documents/GitHub/RLD/contracts/v4-twamm-hook/lib/v4-periphery/test/PositionDescriptor.t.sol"
      "solmate/src/utils/FixedPointMathLib.sol" in "/Users/yevhen/Documents/GitHub/RLD/contracts/lib/v4-periphery/test/position-managers/IncreaseLiquidity.t.sol"
      "solmate/src/utils/FixedPointMathLib.sol" in "/Users/yevhen/Documents/GitHub/RLD/contracts/lib/v4-periphery/test/position-managers/PositionManager.multicall.t.sol"
      "@uniswap/v4-core/src/types/PoolOperation.sol" in "/Users/yevhen/Documents/GitHub/RLD/contracts/lib/v4-periphery/test/mocks/MockReenterHook.sol"
      "permit2/src/interfaces/IAllowanceTransfer.sol" in "/Users/yevhen/Documents/GitHub/RLD/contracts/v4-twamm-hook/lib/v4-periphery/src/interfaces/IPermit2Forwarder.sol"
      "@uniswap/v4-core/src/interfaces/IPoolManager.sol" in "/Users/yevhen/Documents/GitHub/RLD/contracts/v4-twamm-hook/src/ITWAMM.sol"
      "@uniswap/v4-core/src/libraries/TickMath.sol" in "/Users/yevhen/Documents/GitHub/RLD/contracts/v4-twamm-hook/lib/v4-periphery/test/position-managers/PositionManager.gas.t.sol"
      "src/interfaces/IHooks.sol" in "/Users/yevhen/Documents/GitHub/RLD/contracts/v4-twamm-hook/lib/v4-periphery/lib/v4-core/test/utils/NestedActions.t.sol"
      "@uniswap/v4-core/src/PoolManager.sol" in "/Users/yevhen/Documents/GitHub/RLD/contracts/v4-twamm-hook/lib/v4-periphery/test/position-managers/Permit.t.sol"
      "forge-std/Test.sol" in "/Users/yevhen/Documents/GitHub/RLD/contracts/v4-twamm-hook/lib/v4-periphery/test/position-managers/PositionManager.gas.t.sol"
      "@uniswap/v4-core/src/types/PoolKey.sol" in "/Users/yevhen/Documents/GitHub/RLD/contracts/lib/v4-periphery/src/base/BaseV4Quoter.sol"
      "@uniswap/v4-core/src/interfaces/IHooks.sol" in "/Users/yevhen/Documents/GitHub/RLD/contracts/lib/v4-periphery/test/shared/PosmTestSetup.sol"
      "@uniswap/v4-core/src/interfaces/IPoolManager.sol" in "/Users/yevhen/Documents/GitHub/RLD/contracts/lib/v4-periphery/script/DeployHook.s.sol"
      "permit2/src/interfaces/IAllowanceTransfer.sol" in "/Users/yevhen/Documents/GitHub/RLD/contracts/lib/v4-periphery/test/position-managers/Permit2Forwarder.t.sol"
      "forge-std/Test.sol" in "/Users/yevhen/Documents/GitHub/RLD/contracts/test/AtomicDeployment.t.sol"
      "ds-test/test.sol" in "/Users/yevhen/Documents/GitHub/RLD/contracts/v4-twamm-hook/lib/v4-core/lib/openzeppelin-contracts/lib/forge-std/src/Test.sol"
      "@uniswap/v4-core/test/utils/Deployers.sol" in "/Users/yevhen/Documents/GitHub/RLD/contracts/lib/v4-periphery/test/position-managers/NativeToken.t.sol"
      "@uniswap/v4-core/src/types/PoolId.sol" in "/Users/yevhen/Documents/GitHub/RLD/contracts/lib/v4-periphery/test/position-managers/IncreaseLiquidity.t.sol"
      "@openzeppelin/contracts/mocks/token/ERC4626OffsetMock.sol" in "/Users/yevhen/Documents/GitHub/RLD/contracts/v4-twamm-hook/lib/v4-periphery/lib/v4-core/lib/openzeppelin-contracts/test/token/ERC20/extensions/ERC4626.t.sol"
      "solmate/src/test/utils/mocks/MockERC20.sol" in "/Users/yevhen/Documents/GitHub/RLD/contracts/v4-twamm-hook/lib/v4-periphery/lib/v4-core/test/types/Currency.t.sol"
      "forge-std/Test.sol" in "/Users/yevhen/Documents/GitHub/RLD/contracts/v4-twamm-hook/lib/v4-periphery/test/position-managers/FeeCollection.t.sol"
      "@openzeppelin/contracts/utils/cryptography/MessageHashUtils.sol" in "/Users/yevhen/Documents/GitHub/RLD/contracts/lib/openzeppelin-v5/test/account/utils/draft-ERC7579Utils.t.sol"
      "@uniswap/v4-core/src/libraries/Hooks.sol" in "/Users/yevhen/Documents/GitHub/RLD/contracts/lib/v4-periphery/test/mocks/MockBlankHook.sol"
      "permit2/src/interfaces/IAllowanceTransfer.sol" in "/Users/yevhen/Documents/GitHub/RLD/contracts/v4-twamm-hook/lib/v4-periphery/script/DeployPosm.s.sol"
      "@openzeppelin/contracts/proxy/transparent/TransparentUpgradeableProxy.sol" in "/Users/yevhen/Documents/GitHub/RLD/contracts/v4-twamm-hook/lib/v4-periphery/test/shared/PosmTestSetup.sol"
      "forge-std/interfaces/IERC721.sol" in "/Users/yevhen/Documents/GitHub/RLD/contracts/v4-twamm-hook/lib/v4-periphery/test/position-managers/Execute.t.sol"
      "@uniswap/v4-core/src/libraries/SafeCast.sol" in "/Users/yevhen/Documents/GitHub/RLD/contracts/v4-twamm-hook/src/TWAMM.sol"
      "@uniswap/v4-core/src/PoolManager.sol" in "/Users/yevhen/Documents/GitHub/RLD/contracts/v4-twamm-hook/lib/v4-periphery/test/position-managers/IncreaseLiquidity.t.sol"
      "@uniswap/v4-core/src/libraries/TransientStateLibrary.sol" in "/Users/yevhen/Documents/GitHub/RLD/contracts/v4-twamm-hook/src/TWAMM.sol"
      "@uniswap/v4-core/src/libraries/Hooks.sol" in "/Users/yevhen/Documents/GitHub/RLD/contracts/v4-twamm-hook/test/TWAMM.t.sol"
      "@uniswap/v4-core/src/libraries/Position.sol" in "/Users/yevhen/Documents/GitHub/RLD/contracts/lib/v4-periphery/test/position-managers/PositionManager.notifier.t.sol"
      "@uniswap/v4-core/src/libraries/FullMath.sol" in "/Users/yevhen/Documents/GitHub/RLD/contracts/lib/v4-periphery/src/libraries/LiquidityAmounts.sol"
      "@uniswap/v4-core/src/types/PoolKey.sol" in "/Users/yevhen/Documents/GitHub/RLD/contracts/lib/v4-periphery/test/mocks/MockReenterHook.sol"
      "@openzeppelin/contracts/proxy/Proxy.sol" in "/Users/yevhen/Documents/GitHub/RLD/contracts/lib/v4-core/src/test/MockContract.sol"
      "@uniswap/v4-core/src/types/PoolKey.sol" in "/Users/yevhen/Documents/GitHub/RLD/contracts/lib/v4-periphery/test/position-managers/PositionManager.multicall.t.sol"
      "@uniswap/v4-core/src/libraries/FixedPoint128.sol" in "/Users/yevhen/Documents/GitHub/RLD/contracts/v4-twamm-hook/lib/v4-periphery/test/StateViewTest.t.sol"
      "@openzeppelin/contracts/utils/Bytes.sol" in "/Users/yevhen/Documents/GitHub/RLD/contracts/lib/openzeppelin-v5/test/utils/structs/Accumulators.t.sol"
      "@uniswap/v4-core/src/types/Currency.sol" in "/Users/yevhen/Documents/GitHub/RLD/contracts/v4-twamm-hook/lib/v4-periphery/src/base/DeltaResolver.sol"
      "@uniswap/v4-core/src/interfaces/IPoolManager.sol" in "/Users/yevhen/Documents/GitHub/RLD/contracts/v4-twamm-hook/lib/v4-periphery/test/position-managers/FeeCollection.t.sol"
      "v4-core/test/utils/Constants.sol" in "/Users/yevhen/Documents/GitHub/RLD/contracts/v4-twamm-hook/test/TWAMM.flow.t.sol"
      "forge-std/Test.sol" in "/Users/yevhen/Documents/GitHub/RLD/contracts/lib/openzeppelin-v5/test/utils/Strings.t.sol"
      "@uniswap/v4-core/src/libraries/FullMath.sol" in "/Users/yevhen/Documents/GitHub/RLD/contracts/src/modules/oracles/UniswapV4SingletonOracle.sol"
      "../patched/utils/Pausable.sol" in "/Users/yevhen/Documents/GitHub/RLD/contracts/v4-twamm-hook/lib/v4-periphery/lib/v4-core/lib/openzeppelin-contracts/certora/harnesses/PausableHarness.sol"
      "@uniswap/v4-core/src/types/BalanceDelta.sol" in "/Users/yevhen/Documents/GitHub/RLD/contracts/v4-twamm-hook/src/ITWAMM.sol"
      "v4-core/src/types/PoolId.sol" in "/Users/yevhen/Documents/GitHub/RLD/contracts/src/core/RLDMarketFactory.sol"
      "@uniswap/v4-core/src/PoolManager.sol" in "/Users/yevhen/Documents/GitHub/RLD/contracts/lib/v4-periphery/test/position-managers/FeeCollection.t.sol"
      "forge-std/interfaces/IERC721.sol" in "/Users/yevhen/Documents/GitHub/RLD/contracts/lib/v4-periphery/test/mocks/MockReenterHook.sol"
      "permit2/src/interfaces/IAllowanceTransfer.sol" in "/Users/yevhen/Documents/GitHub/RLD/contracts/lib/v4-periphery/test/position-managers/PositionManager.multicall.t.sol"
      "test/utils/JavascriptFfi.sol" in "/Users/yevhen/Documents/GitHub/RLD/contracts/v4-twamm-hook/lib/v4-core/test/libraries/TickMath.t.sol"
      "../munged/token/ERC20/extensions/ERC20Votes.sol" in "/Users/yevhen/Documents/GitHub/RLD/contracts/v4-twamm-hook/lib/v4-periphery/lib/permit2/lib/openzeppelin-contracts/certora/harnesses/ERC20VotesHarness.sol"
      "@uniswap/v4-core/src/libraries/Position.sol" in "/Users/yevhen/Documents/GitHub/RLD/contracts/v4-twamm-hook/lib/v4-periphery/test/position-managers/PositionManager.notifier.t.sol"
      "forge-std/Test.sol" in "/Users/yevhen/Documents/GitHub/RLD/contracts/lib/v4-core/test/utils/V3Helper.sol"
      "@uniswap/v4-core/src/types/PoolKey.sol" in "/Users/yevhen/Documents/GitHub/RLD/contracts/v4-twamm-hook/lib/v4-periphery/test/shared/HookModifyLiquidities.sol"
      "@uniswap/v4-core/test/utils/Deployers.sol" in "/Users/yevhen/Documents/GitHub/RLD/contracts/lib/v4-periphery/test/DeltaResolver.t.sol"
      "@uniswap/v4-core/src/types/Currency.sol" in "/Users/yevhen/Documents/GitHub/RLD/contracts/lib/v4-periphery/test/PositionDescriptor.t.sol"
      "@uniswap/v4-core/src/libraries/Position.sol" in "/Users/yevhen/Documents/GitHub/RLD/contracts/lib/v4-periphery/test/position-managers/PositionManager.modifyLiquidities.t.sol"
      "forge-std/interfaces/IERC721.sol" in "/Users/yevhen/Documents/GitHub/RLD/contracts/lib/v4-periphery/test/position-managers/NativeToken.t.sol"
      "@uniswap/v4-core/src/libraries/TickMath.sol" in "/Users/yevhen/Documents/GitHub/RLD/contracts/src/modules/oracles/UniswapV4SingletonOracle.sol"
      "solmate/src/tokens/ERC20.sol" in "/Users/yevhen/Documents/GitHub/RLD/contracts/v4-twamm-hook/lib/v4-periphery/lib/permit2/test/integration/tokens/UNI.t.sol"
      "@uniswap/v4-core/src/types/Currency.sol" in "/Users/yevhen/Documents/GitHub/RLD/contracts/lib/v4-periphery/test/DeltaResolver.t.sol"
      "@uniswap/v4-core/test/utils/Deployers.sol" in "/Users/yevhen/Documents/GitHub/RLD/contracts/lib/v4-periphery/test/hooks/WETHHook.t.sol"
      "@openzeppelin/contracts/utils/Strings.sol" in "/Users/yevhen/Documents/GitHub/RLD/contracts/v4-twamm-hook/lib/v4-periphery/lib/v4-core/lib/openzeppelin-contracts/test/governance/Governor.t.sol"
      "@uniswap/v4-core/src/interfaces/IHooks.sol" in "/Users/yevhen/Documents/GitHub/RLD/contracts/lib/v4-periphery/test/PositionDescriptor.t.sol"
      "@uniswap/v4-core/src/types/Currency.sol" in "/Users/yevhen/Documents/GitHub/RLD/contracts/lib/v4-periphery/test/shared/LiquidityOperations.sol"
      "@uniswap/v4-core/src/interfaces/IPoolManager.sol" in "/Users/yevhen/Documents/GitHub/RLD/contracts/v4-twamm-hook/lib/v4-periphery/src/lens/V4Quoter.sol"
      "@openzeppelin/contracts/account/utils/draft-ERC4337Utils.sol" in "/Users/yevhen/Documents/GitHub/RLD/contracts/lib/openzeppelin-v5/test/account/utils/draft-ERC7579Utils.t.sol"
      "forge-std/Vm.sol" in "/Users/yevhen/Documents/GitHub/RLD/contracts/v4-twamm-hook/lib/v4-core/src/test/Fuzzers.sol"
      "../patched/utils/structs/DoubleEndedQueue.sol" in "/Users/yevhen/Documents/GitHub/RLD/contracts/v4-twamm-hook/lib/v4-periphery/lib/v4-core/lib/openzeppelin-contracts/certora/harnesses/DoubleEndedQueueHarness.sol"
      "src/test/LiquidityMathTest.sol" in "/Users/yevhen/Documents/GitHub/RLD/contracts/lib/v4-core/test/libraries/LiquidityMath.t.sol"
      "forge-std/interfaces/IERC721.sol" in "/Users/yevhen/Documents/GitHub/RLD/contracts/lib/v4-periphery/test/position-managers/Execute.t.sol"
      "@uniswap/v4-core/src/libraries/StateLibrary.sol" in "/Users/yevhen/Documents/GitHub/RLD/contracts/lib/v4-periphery/src/PositionManager.sol"
      "@uniswap/v4-core/src/interfaces/IHooks.sol" in "/Users/yevhen/Documents/GitHub/RLD/contracts/lib/v4-periphery/test/position-managers/FeeCollection.t.sol"
      "forge-std/console2.sol" in "/Users/yevhen/Documents/GitHub/RLD/contracts/v4-twamm-hook/lib/v4-periphery/lib/permit2/script/DeployPermit2.s.sol"
      "../patched/token/ERC20/extensions/ERC20Permit.sol" in "/Users/yevhen/Documents/GitHub/RLD/contracts/v4-twamm-hook/lib/v4-periphery/lib/v4-core/lib/openzeppelin-contracts/certora/harnesses/ERC20FlashMintHarness.sol"
      "@openzeppelin/contracts/mocks/CallReceiverMock.sol" in "/Users/yevhen/Documents/GitHub/RLD/contracts/lib/openzeppelin-v5/test/account/AccountEIP7702.t.sol"
      "solmate/src/test/utils/mocks/MockERC20.sol" in "/Users/yevhen/Documents/GitHub/RLD/contracts/lib/v4-periphery/test/mocks/MockWstETH.sol"
      "@openzeppelin/contracts/utils/Strings.sol" in "/Users/yevhen/Documents/GitHub/RLD/contracts/lib/openzeppelin-v5/test/utils/Strings.t.sol"
      "forge-std/Test.sol" in "/Users/yevhen/Documents/GitHub/RLD/contracts/v4-twamm-hook/lib/v4-periphery/lib/v4-core/test/types/Slot0.t.sol"
      "forge-std/Test.sol" in "/Users/yevhen/Documents/GitHub/RLD/contracts/v4-twamm-hook/lib/v4-periphery/lib/permit2/test/actors/Spender.sol"
      "forge-std/Test.sol" in "/Users/yevhen/Documents/GitHub/RLD/contracts/v4-twamm-hook/lib/v4-periphery/test/libraries/Descriptor.t.sol"
      "@openzeppelin/contracts/token/ERC20/ERC20.sol" in "/Users/yevhen/Documents/GitHub/RLD/contracts/v4-twamm-hook/lib/v4-periphery/lib/v4-core/lib/openzeppelin-contracts/test/token/ERC20/extensions/ERC4626.t.sol"
      "../patched/token/ERC20/extensions/ERC20Wrapper.sol" in "/Users/yevhen/Documents/GitHub/RLD/contracts/lib/openzeppelin-v5/fv/harnesses/ERC20WrapperHarness.sol"
      "@uniswap/v4-core/src/interfaces/IPoolManager.sol" in "/Users/yevhen/Documents/GitHub/RLD/contracts/lib/v4-periphery/src/PositionManager.sol"
      "solmate/src/test/utils/mocks/MockERC20.sol" in "/Users/yevhen/Documents/GitHub/RLD/contracts/lib/v4-core/test/ModifyLiquidity.t.sol"
      "src/libraries/SafeCast.sol" in "/Users/yevhen/Documents/GitHub/RLD/contracts/v4-twamm-hook/lib/v4-periphery/lib/v4-core/test/libraries/LiquidityMath.t.sol"
      "solmate/src/utils/SafeTransferLib.sol" in "/Users/yevhen/Documents/GitHub/RLD/contracts/v4-twamm-hook/lib/v4-periphery/test/mocks/MockV4Router.sol"
      "@uniswap/v4-core/src/PoolManager.sol" in "/Users/yevhen/Documents/GitHub/RLD/contracts/v4-twamm-hook/lib/v4-periphery/test/position-managers/FeeCollection.t.sol"
      "@uniswap/v4-core/src/types/PoolKey.sol" in "/Users/yevhen/Documents/GitHub/RLD/contracts/v4-twamm-hook/lib/v4-periphery/test/StateViewTest.t.sol"
      "@uniswap/v4-core/src/libraries/Position.sol" in "/Users/yevhen/Documents/GitHub/RLD/contracts/v4-twamm-hook/lib/v4-periphery/test/position-managers/NativeToken.t.sol"
      "forge-std/Test.sol" in "/Users/yevhen/Documents/GitHub/RLD/contracts/lib/v4-periphery/test/Multicall.t.sol"
      "@uniswap/v4-core/src/types/Currency.sol" in "/Users/yevhen/Documents/GitHub/RLD/contracts/lib/v4-periphery/test/position-managers/PositionManager.modifyLiquidities.t.sol"
      "@uniswap/v4-core/src/types/Currency.sol" in "/Users/yevhen/Documents/GitHub/RLD/contracts/v4-twamm-hook/test/TWAMM.kill.t.sol"
      "solmate/src/test/utils/mocks/MockERC20.sol" in "/Users/yevhen/Documents/GitHub/RLD/contracts/v4-twamm-hook/test/TWAMM.kill.t.sol"
      "forge-std/Test.sol" in "/Users/yevhen/Documents/GitHub/RLD/contracts/v4-twamm-hook/lib/v4-periphery/lib/permit2/test/EIP712.t.sol"
      "@uniswap/v4-core/src/types/PoolKey.sol" in "/Users/yevhen/Documents/GitHub/RLD/contracts/v4-twamm-hook/test/TWAMM.t.sol"
      "@uniswap/v4-core/src/types/PoolKey.sol" in "/Users/yevhen/Documents/GitHub/RLD/contracts/v4-twamm-hook/test/TWAMM.flow.t.sol"
      "solmate/src/test/utils/mocks/MockERC20.sol" in "/Users/yevhen/Documents/GitHub/RLD/contracts/v4-twamm-hook/test/TWAMM_Cancel.t.sol"
      "@uniswap/v4-core/src/libraries/Position.sol" in "/Users/yevhen/Documents/GitHub/RLD/contracts/lib/v4-periphery/test/position-managers/NativeToken.t.sol"
      "solmate/src/test/utils/mocks/MockERC20.sol" in "/Users/yevhen/Documents/GitHub/RLD/contracts/v4-twamm-hook/lib/v4-periphery/lib/v4-core/test/DynamicFees.t.sol"
      "@uniswap/v4-core/src/types/BalanceDelta.sol" in "/Users/yevhen/Documents/GitHub/RLD/contracts/v4-twamm-hook/lib/v4-periphery/test/position-managers/FeeCollection.t.sol"
      "forge-std/Test.sol" in "/Users/yevhen/Documents/GitHub/RLD/contracts/v4-twamm-hook/test/TWAMM.kill.t.sol"
      "v4-core/test/utils/Deployers.sol" in "/Users/yevhen/Documents/GitHub/RLD/contracts/v4-twamm-hook/test/utils/Fixtures.sol"
      "@uniswap/v4-core/src/types/Currency.sol" in "/Users/yevhen/Documents/GitHub/RLD/contracts/v4-twamm-hook/test/TWAMM.uneven.t.sol"
      "solmate/src/tokens/ERC20.sol" in "/Users/yevhen/Documents/GitHub/RLD/contracts/src/core/RLDMarketFactory.sol"
      "@uniswap/v4-core/src/types/PoolOperation.sol" in "/Users/yevhen/Documents/GitHub/RLD/contracts/lib/v4-periphery/test/shared/HookModifyLiquidities.sol"
      "../patched/token/ERC20/extensions/ERC20Permit.sol" in "/Users/yevhen/Documents/GitHub/RLD/contracts/lib/openzeppelin-v5/fv/harnesses/ERC20WrapperHarness.sol"
      "src/interfaces/IHooks.sol" in "/Users/yevhen/Documents/GitHub/RLD/contracts/lib/v4-core/test/ModifyLiquidity.t.sol"
      "forge-std/interfaces/IERC20.sol" in "/Users/yevhen/Documents/GitHub/RLD/contracts/lib/v4-periphery/test/position-managers/PositionManager.t.sol"
      "forge-std/Test.sol" in "/Users/yevhen/Documents/GitHub/RLD/contracts/v4-twamm-hook/lib/v4-periphery/lib/v4-core/test/CurrencyReserves.t.sol"
      "@uniswap/v4-core/src/libraries/StateLibrary.sol" in "/Users/yevhen/Documents/GitHub/RLD/contracts/v4-twamm-hook/lib/v4-periphery/test/position-managers/NativeToken.t.sol"
      "@uniswap/v4-core/src/libraries/TickMath.sol" in "/Users/yevhen/Documents/GitHub/RLD/contracts/v4-twamm-hook/test/TWAMM.kill.t.sol"
      "forge-std/Test.sol" in "/Users/yevhen/Documents/GitHub/RLD/contracts/lib/openzeppelin-v5/test/utils/structs/Heap.t.sol"
      "../patched/access/extensions/AccessControlDefaultAdminRules.sol" in "/Users/yevhen/Documents/GitHub/RLD/contracts/lib/openzeppelin-v5/fv/harnesses/AccessControlDefaultAdminRulesHarness.sol"
      "forge-std/Vm.sol" in "/Users/yevhen/Documents/GitHub/RLD/contracts/lib/v4-core/src/test/Fuzzers.sol"
      "@uniswap/v4-core/test/utils/Deployers.sol" in "/Users/yevhen/Documents/GitHub/RLD/contracts/lib/v4-periphery/test/hooks/WstETHHook.fork.t.sol"
      "@uniswap/v4-core/src/interfaces/IPoolManager.sol" in "/Users/yevhen/Documents/GitHub/RLD/contracts/lib/v4-periphery/src/interfaces/IImmutableState.sol"
      "@uniswap/v4-core/src/types/PoolOperation.sol" in "/Users/yevhen/Documents/GitHub/RLD/contracts/lib/v4-periphery/test/mocks/MockMsgSenderHook.sol"
      "permit2/src/interfaces/IAllowanceTransfer.sol" in "/Users/yevhen/Documents/GitHub/RLD/contracts/lib/v4-periphery/test/shared/HookModifyLiquidities.sol"
      "@openzeppelin/contracts/utils/Bytes.sol" in "/Users/yevhen/Documents/GitHub/RLD/contracts/lib/openzeppelin-v5/test/utils/Memory.t.sol"
      "@uniswap/v4-core/src/types/BeforeSwapDelta.sol" in "/Users/yevhen/Documents/GitHub/RLD/contracts/v4-twamm-hook/lib/v4-periphery/src/base/hooks/BaseHook.sol"
      "@uniswap/v4-core/src/interfaces/IPoolManager.sol" in "/Users/yevhen/Documents/GitHub/RLD/contracts/v4-twamm-hook/lib/v4-periphery/src/interfaces/IPositionDescriptor.sol"
      "../patched/token/ERC20/extensions/ERC20Permit.sol" in "/Users/yevhen/Documents/GitHub/RLD/contracts/v4-twamm-hook/lib/v4-periphery/lib/v4-core/lib/openzeppelin-contracts/certora/harnesses/ERC20WrapperHarness.sol"
      "@uniswap/v4-core/src/types/PoolKey.sol" in "/Users/yevhen/Documents/GitHub/RLD/contracts/v4-twamm-hook/lib/v4-periphery/src/interfaces/IV4Router.sol"
      "forge-std/Test.sol" in "/Users/yevhen/Documents/GitHub/RLD/contracts/v4-twamm-hook/lib/v4-periphery/test/libraries/PositionInfoLibrary.t.sol"
      "@uniswap/v4-core/src/types/BalanceDelta.sol" in "/Users/yevhen/Documents/GitHub/RLD/contracts/v4-twamm-hook/lib/v4-periphery/test/position-managers/PositionManager.multicall.t.sol"
      "@uniswap/v4-core/src/libraries/TickMath.sol" in "/Users/yevhen/Documents/GitHub/RLD/contracts/v4-twamm-hook/test/TWAMM.uneven.t.sol"
      "@uniswap/v4-core/src/libraries/StateLibrary.sol" in "/Users/yevhen/Documents/GitHub/RLD/contracts/v4-twamm-hook/test/TWAMM_Cancel.t.sol"
      "@openzeppelin/contracts/proxy/utils/Initializable.sol" in "/Users/yevhen/Documents/GitHub/RLD/contracts/lib/openzeppelin-v5/scripts/upgradeable/alias/Initializable.sol"
      "@uniswap/v4-core/src/libraries/Hooks.sol" in "/Users/yevhen/Documents/GitHub/RLD/contracts/lib/v4-periphery/test/position-managers/PositionManager.modifyLiquidities.t.sol"
      "solmate/src/tokens/ERC20.sol" in "/Users/yevhen/Documents/GitHub/RLD/contracts/src/core/RLDCore.sol"
      "@uniswap/v4-core/src/types/PoolId.sol" in "/Users/yevhen/Documents/GitHub/RLD/contracts/lib/v4-periphery/src/PositionDescriptor.sol"
      "@openzeppelin/contracts/token/ERC721/ERC721.sol" in "/Users/yevhen/Documents/GitHub/RLD/contracts/lib/v4-periphery/test/position-managers/NativeToken.t.sol"
      "forge-std/Test.sol" in "/Users/yevhen/Documents/GitHub/RLD/contracts/lib/v4-core/test/libraries/StateLibrary.t.sol"
      "v4-core/src/PoolManager.sol" in "/Users/yevhen/Documents/GitHub/RLD/contracts/test/GenericExecution.t.sol"
      "../patched/governance/TimelockController.sol" in "/Users/yevhen/Documents/GitHub/RLD/contracts/v4-twamm-hook/lib/v4-core/lib/openzeppelin-contracts/certora/harnesses/TimelockControllerHarness.sol"
      "@uniswap/v4-core/src/types/Currency.sol" in "/Users/yevhen/Documents/GitHub/RLD/contracts/lib/v4-periphery/test/StateViewTest.t.sol"
      "solmate/src/test/utils/mocks/MockERC20.sol" in "/Users/yevhen/Documents/GitHub/RLD/contracts/test/GenericExecution.t.sol"
      "src/interfaces/IHooks.sol" in "/Users/yevhen/Documents/GitHub/RLD/contracts/v4-twamm-hook/lib/v4-core/test/ModifyLiquidity.t.sol"
      "forge-std/mocks/MockERC20.sol" in "/Users/yevhen/Documents/GitHub/RLD/contracts/v4-twamm-hook/lib/v4-core/test/PoolManager.clear.t.sol"
      "test/utils/Deployers.sol" in "/Users/yevhen/Documents/GitHub/RLD/contracts/v4-twamm-hook/lib/v4-core/test/libraries/Hooks.t.sol"
      "@uniswap/v4-core/src/test/PoolModifyLiquidityTest.sol" in "/Users/yevhen/Documents/GitHub/RLD/contracts/lib/v4-periphery/test/shared/RoutingTestHelpers.sol"
      "forge-std/Vm.sol" in "/Users/yevhen/Documents/GitHub/RLD/contracts/lib/v4-core/test/libraries/TickMath.t.sol"
      "forge-std/console2.sol" in "/Users/yevhen/Documents/GitHub/RLD/contracts/lib/v4-periphery/script/02_PoolModifyLiquidityTest.s.sol"
      "forge-std/Vm.sol" in "/Users/yevhen/Documents/GitHub/RLD/contracts/v4-twamm-hook/lib/v4-core/test/libraries/SafeCast.t.sol"
      "@openzeppelin/contracts/proxy/utils/UUPSUpgradeable.sol" in "/Users/yevhen/Documents/GitHub/RLD/contracts/lib/openzeppelin-v5/scripts/upgradeable/alias/UUPSUpgradeable.sol"
      "@uniswap/v4-core/src/libraries/Hooks.sol" in "/Users/yevhen/Documents/GitHub/RLD/contracts/lib/v4-periphery/test/hooks/WstETHHook.fork.t.sol"
      "../munged/governance/extensions/GovernorCountingSimple.sol" in "/Users/yevhen/Documents/GitHub/RLD/contracts/v4-twamm-hook/lib/v4-periphery/lib/permit2/lib/openzeppelin-contracts/certora/harnesses/WizardFirstTry.sol"
      "forge-std/Test.sol" in "/Users/yevhen/Documents/GitHub/RLD/contracts/v4-twamm-hook/lib/v4-periphery/lib/permit2/test/AllowanceTransferTest.t.sol"
      "forge-std/Vm.sol" in "/Users/yevhen/Documents/GitHub/RLD/contracts/v4-twamm-hook/lib/v4-periphery/lib/permit2/test/actors/Permitter.sol"
      "permit2/src/interfaces/ISignatureTransfer.sol" in "/Users/yevhen/Documents/GitHub/RLD/contracts/lib/v4-periphery/test/shared/Permit2SignatureHelpers.sol"
      "forge-std/Test.sol" in "/Users/yevhen/Documents/GitHub/RLD/contracts/v4-twamm-hook/lib/v4-periphery/lib/v4-core/test/libraries/Lock.t.sol"
      "@openzeppelin/contracts/utils/math/Math.sol" in "/Users/yevhen/Documents/GitHub/RLD/contracts/lib/openzeppelin-v5/test/utils/Bytes.t.sol"
      "@uniswap/v4-core/src/types/BalanceDelta.sol" in "/Users/yevhen/Documents/GitHub/RLD/contracts/v4-twamm-hook/lib/v4-periphery/src/interfaces/ISubscriber.sol"
      "@uniswap/v4-core/test/utils/Deployers.sol" in "/Users/yevhen/Documents/GitHub/RLD/contracts/v4-twamm-hook/lib/v4-periphery/test/V4Quoter.t.sol"
      "../patched/access/manager/IAccessManager.sol" in "/Users/yevhen/Documents/GitHub/RLD/contracts/lib/openzeppelin-v5/fv/harnesses/AccessManagedHarness.sol"
      "@uniswap/v4-core/src/types/PoolOperation.sol" in "/Users/yevhen/Documents/GitHub/RLD/contracts/lib/v4-periphery/test/shared/TestRouter.sol"
      "permit2/src/libraries/SignatureVerification.sol" in "/Users/yevhen/Documents/GitHub/RLD/contracts/lib/v4-periphery/test/erc721Permit/ERC721Permit.permit.t.sol"
      "@uniswap/v4-core/src/types/BalanceDelta.sol" in "/Users/yevhen/Documents/GitHub/RLD/contracts/lib/v4-periphery/test/shared/TestRouter.sol"
      "forge-std/Test.sol" in "/Users/yevhen/Documents/GitHub/RLD/contracts/v4-twamm-hook/lib/v4-periphery/lib/v4-core/test/utils/SwapHelper.t.sol"
      "@uniswap/v4-core/src/interfaces/IPoolManager.sol" in "/Users/yevhen/Documents/GitHub/RLD/contracts/lib/v4-periphery/script/02_PoolModifyLiquidityTest.s.sol"
      "@openzeppelin/contracts/mocks/token/ERC20Mock.sol" in "/Users/yevhen/Documents/GitHub/RLD/contracts/v4-twamm-hook/lib/v4-core/lib/openzeppelin-contracts/test/token/ERC20/extensions/ERC4626.t.sol"
      "forge-std/console2.sol" in "/Users/yevhen/Documents/GitHub/RLD/contracts/v4-twamm-hook/lib/v4-periphery/script/DeployV4Quoter.s.sol"
      "forge-std/Test.sol" in "/Users/yevhen/Documents/GitHub/RLD/contracts/v4-twamm-hook/lib/v4-periphery/lib/v4-core/test/libraries/ProtocolFeeLibrary.t.sol"
      "forge-std/Test.sol" in "/Users/yevhen/Documents/GitHub/RLD/contracts/lib/v4-core/test/SkipCallsTestHook.t.sol"
      "@uniswap/v4-core/src/libraries/BitMath.sol" in "/Users/yevhen/Documents/GitHub/RLD/contracts/lib/v4-periphery/src/libraries/SVG.sol"
      "@uniswap/v4-core/src/interfaces/IHooks.sol" in "/Users/yevhen/Documents/GitHub/RLD/contracts/v4-twamm-hook/lib/v4-periphery/test/position-managers/PositionManager.multicall.t.sol"
      "@uniswap/v4-core/src/types/BalanceDelta.sol" in "/Users/yevhen/Documents/GitHub/RLD/contracts/v4-twamm-hook/lib/v4-periphery/test/shared/HookModifyLiquidities.sol"
      "@uniswap/v4-core/src/types/PoolId.sol" in "/Users/yevhen/Documents/GitHub/RLD/contracts/v4-twamm-hook/test/TWAMM.kill.t.sol"
      "@uniswap/v4-core/src/interfaces/IHooks.sol" in "/Users/yevhen/Documents/GitHub/RLD/contracts/lib/v4-periphery/src/base/hooks/BaseTokenWrapperHook.sol"
      "@src/TWAMM.sol" in "/Users/yevhen/Documents/GitHub/RLD/contracts/v4-twamm-hook/test/TWAMMExtended.sol"
      "@uniswap/v4-core/src/libraries/CustomRevert.sol" in "/Users/yevhen/Documents/GitHub/RLD/contracts/lib/v4-periphery/test/hooks/WstETHHook.t.sol"
      "../patched/utils/structs/EnumerableMap.sol" in "/Users/yevhen/Documents/GitHub/RLD/contracts/lib/openzeppelin-v5/fv/harnesses/EnumerableMapHarness.sol"
      "forge-std/Test.sol" in "/Users/yevhen/Documents/GitHub/RLD/contracts/lib/v4-periphery/test/position-managers/PositionManager.modifyLiquidities.t.sol"
      "@uniswap/v4-core/src/libraries/BitMath.sol" in "/Users/yevhen/Documents/GitHub/RLD/contracts/v4-twamm-hook/src/libraries/PoolGetters.sol"
      "forge-std/Test.sol" in "/Users/yevhen/Documents/GitHub/RLD/contracts/v4-twamm-hook/test/TWAMM_Matching.t.sol"
      "../patched/mocks/account/AccountMock.sol" in "/Users/yevhen/Documents/GitHub/RLD/contracts/lib/openzeppelin-v5/fv/harnesses/AccountHarness.sol"
      "@uniswap/v4-core/src/interfaces/IHooks.sol" in "/Users/yevhen/Documents/GitHub/RLD/contracts/lib/v4-periphery/test/position-managers/PositionManager.modifyLiquidities.t.sol"
      "@uniswap/v4-core/src/types/PoolKey.sol" in "/Users/yevhen/Documents/GitHub/RLD/contracts/lib/v4-periphery/test/shared/RoutingTestHelpers.sol"
      "solmate/src/test/utils/mocks/MockERC20.sol" in "/Users/yevhen/Documents/GitHub/RLD/contracts/lib/v4-core/test/SkipCallsTestHook.t.sol"
      "../patched/utils/structs/EnumerableSet.sol" in "/Users/yevhen/Documents/GitHub/RLD/contracts/v4-twamm-hook/lib/v4-core/lib/openzeppelin-contracts/certora/harnesses/EnumerableSetHarness.sol"
      "solmate/src/test/utils/mocks/MockERC20.sol" in "/Users/yevhen/Documents/GitHub/RLD/contracts/lib/v4-periphery/test/hooks/WETHHook.t.sol"
      "@uniswap/v4-core/src/test/PoolModifyLiquidityTest.sol" in "/Users/yevhen/Documents/GitHub/RLD/contracts/v4-twamm-hook/lib/v4-periphery/script/02_PoolModifyLiquidityTest.s.sol"
      "@uniswap/v4-core/src/types/Currency.sol" in "/Users/yevhen/Documents/GitHub/RLD/contracts/v4-twamm-hook/lib/v4-periphery/src/libraries/CalldataDecoder.sol"
      "@uniswap/v4-core/src/test/Fuzzers.sol" in "/Users/yevhen/Documents/GitHub/RLD/contracts/lib/v4-periphery/test/StateViewTest.t.sol"
      "@uniswap/v4-core/src/libraries/BitMath.sol" in "/Users/yevhen/Documents/GitHub/RLD/contracts/v4-twamm-hook/lib/v4-periphery/src/libraries/SVG.sol"
      "@uniswap/v4-core/src/types/BalanceDelta.sol" in "/Users/yevhen/Documents/GitHub/RLD/contracts/v4-twamm-hook/test/TWAMM.kill.t.sol"
      "@uniswap/v4-core/src/libraries/TickMath.sol" in "/Users/yevhen/Documents/GitHub/RLD/contracts/v4-twamm-hook/test/TWAMM_Cancel.t.sol"
      "@uniswap/v4-core/test/utils/LiquidityAmounts.sol" in "/Users/yevhen/Documents/GitHub/RLD/contracts/lib/v4-periphery/test/PositionDescriptor.t.sol"
      "@uniswap/v4-core/src/types/PoolKey.sol" in "/Users/yevhen/Documents/GitHub/RLD/contracts/v4-twamm-hook/test/TWAMM_Cancel.t.sol"
      "v4-periphery/src/interfaces/IEIP712_v4.sol" in "/Users/yevhen/Documents/GitHub/RLD/contracts/v4-twamm-hook/test/utils/Fixtures.sol"
      "@uniswap/v4-core/src/libraries/TickMath.sol" in "/Users/yevhen/Documents/GitHub/RLD/contracts/lib/v4-periphery/test/shared/LiquidityOperations.sol"
      "@openzeppelin/contracts/access/Ownable.sol" in "/Users/yevhen/Documents/GitHub/RLD/contracts/lib/openzeppelin-v5/test/account/utils/draft-ERC7579Utils.t.sol"
      "@uniswap/v4-core/test/utils/LiquidityAmounts.sol" in "/Users/yevhen/Documents/GitHub/RLD/contracts/lib/v4-periphery/test/shared/LiquidityOperations.sol"
      "@uniswap/v4-core/src/types/PoolKey.sol" in "/Users/yevhen/Documents/GitHub/RLD/contracts/v4-twamm-hook/lib/v4-periphery/test/position-managers/FeeCollection.t.sol"
      "../patched/proxy/utils/Initializable.sol" in "/Users/yevhen/Documents/GitHub/RLD/contracts/v4-twamm-hook/lib/v4-periphery/lib/v4-core/lib/openzeppelin-contracts/certora/harnesses/InitializableHarness.sol"
      "solmate/src/utils/FixedPointMathLib.sol" in "/Users/yevhen/Documents/GitHub/RLD/contracts/src/modules/broker/TwammBrokerModule.sol"
      "solmate/src/test/utils/mocks/MockERC20.sol" in "/Users/yevhen/Documents/GitHub/RLD/contracts/v4-twamm-hook/lib/v4-core/test/SkipCallsTestHook.t.sol"
      "@uniswap/v4-core/src/interfaces/IPoolManager.sol" in "/Users/yevhen/Documents/GitHub/RLD/contracts/lib/v4-periphery/test/libraries/HookMiner.t.sol"
      "forge-std/interfaces/IERC721.sol" in "/Users/yevhen/Documents/GitHub/RLD/contracts/v4-twamm-hook/lib/v4-periphery/test/position-managers/PositionManager.modifyLiquidities.t.sol"
      "@uniswap/v4-core/src/types/PoolKey.sol" in "/Users/yevhen/Documents/GitHub/RLD/contracts/v4-twamm-hook/lib/v4-periphery/test/shared/PosmTestSetup.sol"
      "forge-std/Test.sol" in "/Users/yevhen/Documents/GitHub/RLD/contracts/lib/v4-periphery/test/erc721Permit/ERC721Permit.permit.t.sol"
      "solmate/src/test/utils/mocks/MockERC20.sol" in "/Users/yevhen/Documents/GitHub/RLD/contracts/v4-twamm-hook/test/TWAMM.flow.t.sol"
      "@uniswap/v4-core/src/types/Currency.sol" in "/Users/yevhen/Documents/GitHub/RLD/contracts/lib/v4-periphery/test/position-managers/Execute.t.sol"
      "forge-std/Test.sol" in "/Users/yevhen/Documents/GitHub/RLD/contracts/v4-twamm-hook/lib/v4-core/lib/openzeppelin-contracts/test/utils/structs/Checkpoints.t.sol"
      "@uniswap/v4-core/src/types/Currency.sol" in "/Users/yevhen/Documents/GitHub/RLD/contracts/lib/v4-periphery/test/shared/PosmTestSetup.sol"
      "@uniswap/v4-core/src/interfaces/callback/IUnlockCallback.sol" in "/Users/yevhen/Documents/GitHub/RLD/contracts/lib/v4-periphery/src/base/SafeCallback.sol"
      "@uniswap/v4-core/src/interfaces/IPoolManager.sol" in "/Users/yevhen/Documents/GitHub/RLD/contracts/lib/v4-periphery/test/script/DeployPoolManager.t.sol"
      "@uniswap/v4-core/src/types/Currency.sol" in "/Users/yevhen/Documents/GitHub/RLD/contracts/lib/v4-periphery/test/router/Payments.t.sol"
      "v4-core/src/libraries/StateLibrary.sol" in "/Users/yevhen/Documents/GitHub/RLD/contracts/src/modules/broker/UniswapV4BrokerModule.sol"
      "@uniswap/v4-core/src/libraries/TickMath.sol" in "/Users/yevhen/Documents/GitHub/RLD/contracts/lib/v4-periphery/test/position-managers/IncreaseLiquidity.t.sol"
      "@uniswap/v4-core/src/libraries/Hooks.sol" in "/Users/yevhen/Documents/GitHub/RLD/contracts/lib/v4-periphery/src/utils/BaseHook.sol"
      "forge-std/Vm.sol" in "/Users/yevhen/Documents/GitHub/RLD/contracts/lib/v4-periphery/test/shared/Deploy.sol"
      "@uniswap/v4-core/src/types/PoolId.sol" in "/Users/yevhen/Documents/GitHub/RLD/contracts/lib/v4-periphery/test/position-managers/PositionManager.gas.t.sol"
      "@uniswap/v4-core/src/test/PoolModifyLiquidityTest.sol" in "/Users/yevhen/Documents/GitHub/RLD/contracts/lib/v4-periphery/script/02_PoolModifyLiquidityTest.s.sol"
      "solmate/src/tokens/ERC20.sol" in "/Users/yevhen/Documents/GitHub/RLD/contracts/test/GenericExecution.t.sol"
      "@uniswap/v4-core/src/types/BalanceDelta.sol" in "/Users/yevhen/Documents/GitHub/RLD/contracts/lib/v4-periphery/test/position-managers/FeeCollection.t.sol"
      "forge-std/Test.sol" in "/Users/yevhen/Documents/GitHub/RLD/contracts/v4-twamm-hook/lib/v4-periphery/lib/v4-core/lib/openzeppelin-contracts/test/governance/Governor.t.sol"
      "forge-std/Vm.sol" in "/Users/yevhen/Documents/GitHub/RLD/contracts/v4-twamm-hook/lib/v4-periphery/lib/v4-core/test/libraries/SwapMath.t.sol"
      "src/interfaces/IPoolManager.sol" in "/Users/yevhen/Documents/GitHub/RLD/contracts/lib/v4-core/test/ModifyLiquidity.t.sol"
      "forge-std/Test.sol" in "/Users/yevhen/Documents/GitHub/RLD/contracts/lib/v4-periphery/test/UniswapV4DeployerCompetition.t.sol"
      "forge-std/StdInvariant.sol" in "/Users/yevhen/Documents/GitHub/RLD/contracts/v4-twamm-hook/lib/v4-periphery/lib/permit2/test/AllowanceTransferInvariants.t.sol"
      "forge-std/console2.sol" in "/Users/yevhen/Documents/GitHub/RLD/contracts/v4-twamm-hook/lib/v4-periphery/lib/v4-core/test/utils/Logger.sol"
      "@uniswap/v4-core/src/libraries/StateLibrary.sol" in "/Users/yevhen/Documents/GitHub/RLD/contracts/lib/v4-periphery/test/position-managers/PositionManager.modifyLiquidities.t.sol"
      "openzeppelin-contracts/contracts/utils/Strings.sol" in "/Users/yevhen/Documents/GitHub/RLD/contracts/lib/v4-periphery/src/libraries/SVG.sol"
      "forge-std/interfaces/IERC721.sol" in "/Users/yevhen/Documents/GitHub/RLD/contracts/lib/v4-periphery/test/position-managers/PositionManager.t.sol"
      "v4-core/src/interfaces/IHooks.sol" in "/Users/yevhen/Documents/GitHub/RLD/contracts/test/AtomicDeployment.t.sol"
      "forge-std/Vm.sol" in "/Users/yevhen/Documents/GitHub/RLD/contracts/v4-twamm-hook/lib/v4-core/test/libraries/SwapMath.t.sol"
      "forge-std/Vm.sol" in "/Users/yevhen/Documents/GitHub/RLD/contracts/v4-twamm-hook/lib/v4-core/test/utils/SwapHelper.t.sol"
      "forge-std/Test.sol" in "/Users/yevhen/Documents/GitHub/RLD/contracts/lib/v4-periphery/test/script/DeployPoolSwapTest.t.sol"
      "../patched/access/extensions/AccessControlDefaultAdminRules.sol" in "/Users/yevhen/Documents/GitHub/RLD/contracts/v4-twamm-hook/lib/v4-periphery/lib/v4-core/lib/openzeppelin-contracts/certora/harnesses/AccessControlDefaultAdminRulesHarness.sol"
      "forge-std/Test.sol" in "/Users/yevhen/Documents/GitHub/RLD/contracts/v4-twamm-hook/lib/v4-periphery/lib/v4-core/test/PoolManager.swap.t.sol"
      "@uniswap/v4-core/src/libraries/StateLibrary.sol" in "/Users/yevhen/Documents/GitHub/RLD/contracts/v4-twamm-hook/lib/v4-periphery/src/PositionManager.sol"
      "@uniswap/v4-core/src/types/PoolKey.sol" in "/Users/yevhen/Documents/GitHub/RLD/contracts/v4-twamm-hook/lib/v4-periphery/src/libraries/PositionConfig.sol"
      "forge-std/Test.sol" in "/Users/yevhen/Documents/GitHub/RLD/contracts/v4-twamm-hook/lib/v4-periphery/test/BaseActionsRouter.t.sol"
      "forge-std/Test.sol" in "/Users/yevhen/Documents/GitHub/RLD/contracts/v4-twamm-hook/lib/v4-core/test/Tick.t.sol"
      "@uniswap/v4-core/src/interfaces/IPoolManager.sol" in "/Users/yevhen/Documents/GitHub/RLD/contracts/v4-twamm-hook/lib/v4-periphery/test/mocks/MockV4Router.sol"
      "permit2/src/libraries/SignatureVerification.sol" in "/Users/yevhen/Documents/GitHub/RLD/contracts/v4-twamm-hook/lib/v4-periphery/test/erc721Permit/ERC721Permit.permit.t.sol"
      "forge-std/Test.sol" in "/Users/yevhen/Documents/GitHub/RLD/contracts/v4-twamm-hook/lib/v4-periphery/lib/permit2/test/AllowanceUnitTest.sol"
      "solmate/src/test/utils/mocks/MockERC20.sol" in "/Users/yevhen/Documents/GitHub/RLD/contracts/v4-twamm-hook/lib/v4-periphery/test/mocks/ReentrantToken.sol"
      "@uniswap/v4-core/src/interfaces/IPoolManager.sol" in "/Users/yevhen/Documents/GitHub/RLD/contracts/v4-twamm-hook/lib/v4-periphery/test/script/DeployPoolManager.t.sol"
      "@uniswap/v4-core/test/utils/LiquidityAmounts.sol" in "/Users/yevhen/Documents/GitHub/RLD/contracts/v4-twamm-hook/lib/v4-periphery/test/shared/LiquidityOperations.sol"
      "@uniswap/v4-core/src/PoolManager.sol" in "/Users/yevhen/Documents/GitHub/RLD/contracts/lib/v4-periphery/script/01_PoolManager.s.sol"
      "v4-core/src/types/Currency.sol" in "/Users/yevhen/Documents/GitHub/RLD/contracts/test/TwammIntegration.t.sol"
      "forge-std/interfaces/IERC721.sol" in "/Users/yevhen/Documents/GitHub/RLD/contracts/v4-twamm-hook/lib/v4-periphery/test/erc721Permit/ERC721Permit.permitForAll.t.sol"
      "@lib/OrderPool.sol" in "/Users/yevhen/Documents/GitHub/RLD/contracts/v4-twamm-hook/src/TWAMM.sol"
      "@uniswap/v4-core/src/interfaces/IPoolManager.sol" in "/Users/yevhen/Documents/GitHub/RLD/contracts/lib/v4-periphery/test/shared/TestRouter.sol"
      "forge-std/Vm.sol" in "/Users/yevhen/Documents/GitHub/RLD/contracts/v4-twamm-hook/lib/v4-periphery/lib/v4-core/test/DynamicReturnFees.t.sol"
      "solmate/src/test/utils/mocks/MockERC20.sol" in "/Users/yevhen/Documents/GitHub/RLD/contracts/lib/v4-core/src/test/ActionsRouter.sol"
      "@uniswap/v4-core/src/libraries/TickMath.sol" in "/Users/yevhen/Documents/GitHub/RLD/contracts/lib/v4-periphery/src/base/BaseV4Quoter.sol"
      "@uniswap/v4-core/src/libraries/CustomRevert.sol" in "/Users/yevhen/Documents/GitHub/RLD/contracts/lib/v4-periphery/src/base/Notifier.sol"
      "@openzeppelin/contracts/mocks/token/ERC4626OffsetMock.sol" in "/Users/yevhen/Documents/GitHub/RLD/contracts/v4-twamm-hook/lib/v4-core/lib/openzeppelin-contracts/test/token/ERC20/extensions/ERC4626.t.sol"
      "solmate/src/tokens/ERC20.sol" in "/Users/yevhen/Documents/GitHub/RLD/contracts/v4-twamm-hook/lib/v4-periphery/lib/permit2/test/integration/tokens/ZRX.t.sol"
      "forge-std/console2.sol" in "/Users/yevhen/Documents/GitHub/RLD/contracts/lib/v4-periphery/script/DeployV4Quoter.s.sol"
      "@uniswap/v4-core/src/types/Currency.sol" in "/Users/yevhen/Documents/GitHub/RLD/contracts/v4-twamm-hook/lib/v4-periphery/test/mocks/MockCalldataDecoder.sol"
      "@uniswap/v4-core/src/libraries/TickMath.sol" in "/Users/yevhen/Documents/GitHub/RLD/contracts/v4-twamm-hook/src/TWAMM.sol"
      "forge-std/Test.sol" in "/Users/yevhen/Documents/GitHub/RLD/contracts/v4-twamm-hook/test/TWAMM.uneven.t.sol"
      "@uniswap/v4-core/src/libraries/Hooks.sol" in "/Users/yevhen/Documents/GitHub/RLD/contracts/lib/v4-periphery/test/StateViewTest.t.sol"
      "@openzeppelin/contracts/utils/math/Math.sol" in "/Users/yevhen/Documents/GitHub/RLD/contracts/lib/openzeppelin-v5/test/utils/cryptography/WebAuthn.t.sol"
      "forge-std/Test.sol" in "/Users/yevhen/Documents/GitHub/RLD/contracts/lib/v4-core/test/ModifyLiquidity.t.sol"
      "@uniswap/v4-core/src/libraries/TickMath.sol" in "/Users/yevhen/Documents/GitHub/RLD/contracts/lib/v4-periphery/test/hooks/WstETHHook.t.sol"
      "@uniswap/v4-core/src/interfaces/IPoolManager.sol" in "/Users/yevhen/Documents/GitHub/RLD/contracts/lib/v4-periphery/test/position-managers/Permit.t.sol"
      "@uniswap/v4-core/src/libraries/CustomRevert.sol" in "/Users/yevhen/Documents/GitHub/RLD/contracts/v4-twamm-hook/lib/v4-periphery/test/position-managers/PositionManager.modifyLiquidities.t.sol"
      "forge-std/Test.sol" in "/Users/yevhen/Documents/GitHub/RLD/contracts/v4-twamm-hook/test/TWAMM_Cancel.t.sol"
      "@uniswap/v4-core/test/utils/LiquidityAmounts.sol" in "/Users/yevhen/Documents/GitHub/RLD/contracts/lib/v4-periphery/test/position-managers/Execute.t.sol"
      "@uniswap/v4-core/src/interfaces/IPoolManager.sol" in "/Users/yevhen/Documents/GitHub/RLD/contracts/v4-twamm-hook/test/TWAMM_Cancel.t.sol"
      "v4-periphery/src/interfaces/IPositionManager.sol" in "/Users/yevhen/Documents/GitHub/RLD/contracts/v4-twamm-hook/test/utils/EasyPosm.sol"
      "@uniswap/v4-core/src/types/BalanceDelta.sol" in "/Users/yevhen/Documents/GitHub/RLD/contracts/v4-twamm-hook/lib/v4-periphery/test/position-managers/Execute.t.sol"
      "@uniswap/v4-core/src/types/PoolKey.sol" in "/Users/yevhen/Documents/GitHub/RLD/contracts/v4-twamm-hook/lib/v4-periphery/test/position-managers/NativeToken.t.sol"
      "@uniswap/v4-core/src/libraries/SafeCast.sol" in "/Users/yevhen/Documents/GitHub/RLD/contracts/v4-twamm-hook/lib/v4-periphery/src/PositionManager.sol"
      "@uniswap/v4-core/src/types/Currency.sol" in "/Users/yevhen/Documents/GitHub/RLD/contracts/lib/v4-periphery/test/router/V4Router.t.sol"
      "@uniswap/v4-core/src/interfaces/IPoolManager.sol" in "/Users/yevhen/Documents/GitHub/RLD/contracts/v4-twamm-hook/lib/v4-periphery/test/StateViewTest.t.sol"
      "@uniswap/v4-core/src/interfaces/IPoolManager.sol" in "/Users/yevhen/Documents/GitHub/RLD/contracts/v4-twamm-hook/lib/v4-periphery/src/PositionManager.sol"
      "solmate/src/tokens/WETH.sol" in "/Users/yevhen/Documents/GitHub/RLD/contracts/lib/v4-periphery/test/hooks/WETHHook.t.sol"
      "forge-std/interfaces/IERC20.sol" in "/Users/yevhen/Documents/GitHub/RLD/contracts/v4-twamm-hook/lib/v4-periphery/test/position-managers/PositionManager.multicall.t.sol"
      "permit2/src/interfaces/IAllowanceTransfer.sol" in "/Users/yevhen/Documents/GitHub/RLD/contracts/v4-twamm-hook/lib/v4-periphery/src/PositionManager.sol"
      "@uniswap/v4-core/src/types/BalanceDelta.sol" in "/Users/yevhen/Documents/GitHub/RLD/contracts/lib/v4-periphery/test/position-managers/PositionManager.t.sol"
      "@uniswap/v4-core/src/libraries/TickMath.sol" in "/Users/yevhen/Documents/GitHub/RLD/contracts/v4-twamm-hook/lib/v4-periphery/test/UniswapV4DeployerCompetition.t.sol"
      "forge-std/Test.sol" in "/Users/yevhen/Documents/GitHub/RLD/contracts/v4-twamm-hook/lib/v4-core/test/libraries/SqrtPriceMath.t.sol"
      "v4-periphery/src/libraries/ERC721PermitHash.sol" in "/Users/yevhen/Documents/GitHub/RLD/contracts/v4-twamm-hook/test/utils/Fixtures.sol"
      "../patched/token/ERC20/extensions/ERC20FlashMint.sol" in "/Users/yevhen/Documents/GitHub/RLD/contracts/v4-twamm-hook/lib/v4-core/lib/openzeppelin-contracts/certora/harnesses/ERC20FlashMintHarness.sol"
      "@uniswap/v4-core/src/types/BalanceDelta.sol" in "/Users/yevhen/Documents/GitHub/RLD/contracts/v4-twamm-hook/lib/v4-periphery/src/PositionManager.sol"
      "@uniswap/v4-core/src/libraries/Hooks.sol" in "/Users/yevhen/Documents/GitHub/RLD/contracts/v4-twamm-hook/lib/v4-periphery/test/StateViewTest.t.sol"
      "@openzeppelin/contracts/utils/SlotDerivation.sol" in "/Users/yevhen/Documents/GitHub/RLD/contracts/lib/openzeppelin-v5/test/utils/SlotDerivation.t.sol"
      "forge-std/console2.sol" in "/Users/yevhen/Documents/GitHub/RLD/contracts/v4-twamm-hook/lib/v4-periphery/script/03_PoolSwapTest.s.sol"
      "forge-std/Test.sol" in "/Users/yevhen/Documents/GitHub/RLD/contracts/v4-twamm-hook/lib/v4-periphery/lib/v4-core/test/utils/Deployers.sol"
      "@uniswap/v4-core/src/libraries/StateLibrary.sol" in "/Users/yevhen/Documents/GitHub/RLD/contracts/v4-twamm-hook/lib/v4-periphery/test/position-managers/PositionManager.notifier.t.sol"
      "forge-std/Test.sol" in "/Users/yevhen/Documents/GitHub/RLD/contracts/lib/v4-core/test/PoolManager.t.sol"
      "@uniswap/v4-core/src/interfaces/IHooks.sol" in "/Users/yevhen/Documents/GitHub/RLD/contracts/v4-twamm-hook/test/TWAMM.uneven.t.sol"
      "@uniswap/v4-core/src/types/BeforeSwapDelta.sol" in "/Users/yevhen/Documents/GitHub/RLD/contracts/lib/v4-periphery/test/mocks/MockMsgSenderHook.sol"
      "@uniswap/v4-core/src/types/BalanceDelta.sol" in "/Users/yevhen/Documents/GitHub/RLD/contracts/lib/v4-periphery/test/position-managers/Execute.t.sol"
      "forge-std/interfaces/IERC20.sol" in "/Users/yevhen/Documents/GitHub/RLD/contracts/lib/v4-periphery/test/position-managers/PositionManager.modifyLiquidities.t.sol"
      "@openzeppelin/contracts/utils/cryptography/ECDSA.sol" in "/Users/yevhen/Documents/GitHub/RLD/contracts/lib/openzeppelin-v5/test/metatx/ERC2771Forwarder.t.sol"
      "@uniswap/v4-core/src/types/PoolKey.sol" in "/Users/yevhen/Documents/GitHub/RLD/contracts/lib/v4-periphery/src/libraries/PositionInfoLibrary.sol"
      "src/interfaces/IHooks.sol" in "/Users/yevhen/Documents/GitHub/RLD/contracts/lib/v4-core/test/utils/NestedActions.t.sol"
      "forge-std/Test.sol" in "/Users/yevhen/Documents/GitHub/RLD/contracts/v4-twamm-hook/lib/v4-periphery/lib/permit2/test/integration/MainnetToken.t.sol"
      "v4-core/src/interfaces/IPoolManager.sol" in "/Users/yevhen/Documents/GitHub/RLD/contracts/src/modules/broker/UniswapV4BrokerModule.sol"
      "@uniswap/v4-core/src/types/PoolKey.sol" in "/Users/yevhen/Documents/GitHub/RLD/contracts/v4-twamm-hook/lib/v4-periphery/test/libraries/CalldataDecoder.t.sol"
      "@uniswap/v4-core/src/interfaces/IPoolManager.sol" in "/Users/yevhen/Documents/GitHub/RLD/contracts/lib/v4-periphery/test/position-managers/PositionManager.multicall.t.sol"
      "forge-std/Test.sol" in "/Users/yevhen/Documents/GitHub/RLD/contracts/v4-twamm-hook/lib/v4-periphery/lib/v4-core/test/libraries/Position.t.sol"
      "../patched/utils/cryptography/EIP712.sol" in "/Users/yevhen/Documents/GitHub/RLD/contracts/lib/openzeppelin-v5/fv/harnesses/AccountHarness.sol"
      "@uniswap/v4-core/src/libraries/Hooks.sol" in "/Users/yevhen/Documents/GitHub/RLD/contracts/lib/v4-periphery/test/V4Quoter.t.sol"
      "@uniswap/v4-core/src/interfaces/IPoolManager.sol" in "/Users/yevhen/Documents/GitHub/RLD/contracts/lib/v4-periphery/test/BaseActionsRouter.t.sol"
      "@uniswap/v4-core/test/utils/LiquidityAmounts.sol" in "/Users/yevhen/Documents/GitHub/RLD/contracts/v4-twamm-hook/lib/v4-periphery/test/V4Quoter.t.sol"
      "@uniswap/v4-core/src/types/PoolKey.sol" in "/Users/yevhen/Documents/GitHub/RLD/contracts/v4-twamm-hook/lib/v4-periphery/test/position-managers/PositionManager.modifyLiquidities.t.sol"
      "permit2/test/utils/DeployPermit2.sol" in "/Users/yevhen/Documents/GitHub/RLD/contracts/v4-twamm-hook/lib/v4-periphery/test/shared/PosmTestSetup.sol"
      "permit2/test/utils/DeployPermit2.sol" in "/Users/yevhen/Documents/GitHub/RLD/contracts/lib/v4-periphery/test/shared/PosmTestSetup.sol"
      "forge-std/Test.sol" in "/Users/yevhen/Documents/GitHub/RLD/contracts/lib/openzeppelin-v5/test/utils/ShortStrings.t.sol"
      "@uniswap/v4-core/src/interfaces/IPoolManager.sol" in "/Users/yevhen/Documents/GitHub/RLD/contracts/v4-twamm-hook/lib/v4-periphery/test/position-managers/PositionManager.multicall.t.sol"
      "@uniswap/v4-core/src/libraries/CustomRevert.sol" in "/Users/yevhen/Documents/GitHub/RLD/contracts/v4-twamm-hook/lib/v4-periphery/src/base/Notifier.sol"
      "@openzeppelin/contracts/metatx/ERC2771Forwarder.sol" in "/Users/yevhen/Documents/GitHub/RLD/contracts/v4-twamm-hook/lib/v4-periphery/lib/v4-core/lib/openzeppelin-contracts/test/metatx/ERC2771Forwarder.t.sol"
      "@uniswap/v4-core/src/interfaces/IPoolManager.sol" in "/Users/yevhen/Documents/GitHub/RLD/contracts/v4-twamm-hook/lib/v4-periphery/test/mocks/MockReenterHook.sol"
      "@uniswap/v4-core/src/types/BalanceDelta.sol" in "/Users/yevhen/Documents/GitHub/RLD/contracts/v4-twamm-hook/lib/v4-periphery/test/position-managers/PositionManager.notifier.t.sol"
      "@uniswap/v4-core/test/utils/LiquidityAmounts.sol" in "/Users/yevhen/Documents/GitHub/RLD/contracts/v4-twamm-hook/lib/v4-periphery/test/position-managers/NativeToken.t.sol"
      "forge-std/Test.sol" in "/Users/yevhen/Documents/GitHub/RLD/contracts/v4-twamm-hook/lib/v4-periphery/test/script/DeployPoolSwapTest.t.sol"
      "@uniswap/v4-core/src/types/PoolKey.sol" in "/Users/yevhen/Documents/GitHub/RLD/contracts/v4-twamm-hook/test/TWAMM_Matching.t.sol"
      "forge-std/Test.sol" in "/Users/yevhen/Documents/GitHub/RLD/contracts/v4-twamm-hook/lib/v4-periphery/lib/v4-core/test/libraries/SqrtPriceMath.t.sol"
      "@uniswap/v4-core/src/types/PoolId.sol" in "/Users/yevhen/Documents/GitHub/RLD/contracts/v4-twamm-hook/lib/v4-periphery/test/position-managers/PositionManager.multicall.t.sol"
      "@openzeppelin/contracts/utils/Strings.sol" in "/Users/yevhen/Documents/GitHub/RLD/contracts/v4-twamm-hook/lib/v4-core/lib/openzeppelin-contracts/test/governance/Governor.t.sol"
      "../patched/token/ERC20/ERC20.sol" in "/Users/yevhen/Documents/GitHub/RLD/contracts/lib/openzeppelin-v5/fv/harnesses/ERC20FlashMintHarness.sol"
      "@uniswap/v4-core/src/libraries/TransientStateLibrary.sol" in "/Users/yevhen/Documents/GitHub/RLD/contracts/lib/v4-periphery/src/PositionManager.sol"
      "v4-core/src/types/PoolKey.sol" in "/Users/yevhen/Documents/GitHub/RLD/contracts/test/GenericExecution.t.sol"
      "solmate/src/auth/Owned.sol" in "/Users/yevhen/Documents/GitHub/RLD/contracts/lib/v4-core/src/ProtocolFees.sol"
      "src/interfaces/IHooks.sol" in "/Users/yevhen/Documents/GitHub/RLD/contracts/v4-twamm-hook/lib/v4-core/test/utils/NestedActions.t.sol"
      "@uniswap/v4-core/src/libraries/TickMath.sol" in "/Users/yevhen/Documents/GitHub/RLD/contracts/lib/v4-periphery/test/hooks/WETHHook.t.sol"
      "@uniswap/v4-core/src/types/PoolKey.sol" in "/Users/yevhen/Documents/GitHub/RLD/contracts/lib/v4-periphery/test/mocks/MockMsgSenderHook.sol"
      "@uniswap/v4-core/src/PoolManager.sol" in "/Users/yevhen/Documents/GitHub/RLD/contracts/v4-twamm-hook/lib/v4-periphery/test/position-managers/NativeToken.t.sol"
      "solmate/src/utils/FixedPointMathLib.sol" in "/Users/yevhen/Documents/GitHub/RLD/contracts/v4-twamm-hook/lib/v4-periphery/test/position-managers/PositionManager.t.sol"
      "forge-std/Test.sol" in "/Users/yevhen/Documents/GitHub/RLD/contracts/v4-twamm-hook/lib/v4-periphery/lib/v4-core/test/libraries/LPFeeLibrary.t.sol"
      "forge-std/Test.sol" in "/Users/yevhen/Documents/GitHub/RLD/contracts/lib/v4-periphery/test/PositionDescriptor.t.sol"
      "@uniswap/v4-core/src/types/Currency.sol" in "/Users/yevhen/Documents/GitHub/RLD/contracts/v4-twamm-hook/lib/v4-periphery/src/PositionDescriptor.sol"
      "@uniswap/v4-core/src/libraries/StateLibrary.sol" in "/Users/yevhen/Documents/GitHub/RLD/contracts/v4-twamm-hook/src/libraries/PoolGetters.sol"
      "@uniswap/v4-core/src/libraries/Hooks.sol" in "/Users/yevhen/Documents/GitHub/RLD/contracts/v4-twamm-hook/test/TWAMM.complex.t.sol"
      "@uniswap/v4-core/src/types/PoolId.sol" in "/Users/yevhen/Documents/GitHub/RLD/contracts/v4-twamm-hook/lib/v4-periphery/src/PositionDescriptor.sol"
      "@uniswap/v4-core/src/libraries/Hooks.sol" in "/Users/yevhen/Documents/GitHub/RLD/contracts/v4-twamm-hook/lib/v4-periphery/test/position-managers/PositionManager.notifier.t.sol"
      "@uniswap/v4-core/src/types/Currency.sol" in "/Users/yevhen/Documents/GitHub/RLD/contracts/lib/v4-periphery/test/V4Quoter.t.sol"
      "forge-std/Script.sol" in "/Users/yevhen/Documents/GitHub/RLD/contracts/v4-twamm-hook/lib/v4-periphery/script/DeployV4Quoter.s.sol"
      "forge-std/Test.sol" in "/Users/yevhen/Documents/GitHub/RLD/contracts/v4-twamm-hook/lib/v4-periphery/lib/v4-core/lib/openzeppelin-contracts/test/token/ERC721/extensions/ERC721Consecutive.t.sol"
      "v4-core/src/interfaces/IPoolManager.sol" in "/Users/yevhen/Documents/GitHub/RLD/contracts/v4-twamm-hook/test/utils/Fixtures.sol"
      "openzeppelin-contracts/contracts/utils/cryptography/ECDSA.sol" in "/Users/yevhen/Documents/GitHub/RLD/contracts/lib/v4-periphery/test/shared/Permit2SignatureHelpers.sol"
      "@uniswap/v4-core/src/types/PoolKey.sol" in "/Users/yevhen/Documents/GitHub/RLD/contracts/lib/v4-periphery/src/base/hooks/BaseTokenWrapperHook.sol"
      "../munged/governance/extensions/GovernorVotes.sol" in "/Users/yevhen/Documents/GitHub/RLD/contracts/v4-twamm-hook/lib/v4-periphery/lib/permit2/lib/openzeppelin-contracts/certora/harnesses/WizardFirstTry.sol"
      "@uniswap/v4-core/src/PoolManager.sol" in "/Users/yevhen/Documents/GitHub/RLD/contracts/lib/v4-periphery/test/position-managers/PositionManager.multicall.t.sol"
      "forge-std/Test.sol" in "/Users/yevhen/Documents/GitHub/RLD/contracts/v4-twamm-hook/lib/v4-periphery/lib/v4-core/test/libraries/BitMath.t.sol"
      "@uniswap/v4-core/src/interfaces/IPoolManager.sol" in "/Users/yevhen/Documents/GitHub/RLD/contracts/lib/v4-periphery/test/mocks/MockV4Router.sol"
      "@uniswap/v4-core/src/libraries/LPFeeLibrary.sol" in "/Users/yevhen/Documents/GitHub/RLD/contracts/v4-twamm-hook/src/TWAMM.sol"
      "forge-std/Test.sol" in "/Users/yevhen/Documents/GitHub/RLD/contracts/v4-twamm-hook/test/TWAMM.t.sol"
      "forge-std/interfaces/IERC721.sol" in "/Users/yevhen/Documents/GitHub/RLD/contracts/v4-twamm-hook/lib/v4-periphery/test/position-managers/PositionManager.notifier.t.sol"
      "@uniswap/v4-core/src/libraries/ParseBytes.sol" in "/Users/yevhen/Documents/GitHub/RLD/contracts/lib/v4-periphery/src/libraries/QuoterRevert.sol"
      "forge-std/Test.sol" in "/Users/yevhen/Documents/GitHub/RLD/contracts/lib/v4-periphery/test/libraries/PositionInfoLibrary.t.sol"
      "@uniswap/v4-core/src/interfaces/IPoolManager.sol" in "/Users/yevhen/Documents/GitHub/RLD/contracts/lib/v4-periphery/test/mocks/MockDeltaResolver.sol"
      "@uniswap/v4-core/src/types/BalanceDelta.sol" in "/Users/yevhen/Documents/GitHub/RLD/contracts/lib/v4-periphery/src/lens/V4Quoter.sol"
      "forge-std/Test.sol" in "/Users/yevhen/Documents/GitHub/RLD/contracts/v4-twamm-hook/lib/v4-periphery/test/V4Quoter.t.sol"
      "@openzeppelin/contracts/utils/Memory.sol" in "/Users/yevhen/Documents/GitHub/RLD/contracts/lib/openzeppelin-v5/test/utils/RLP.t.sol"
      "forge-std/Test.sol" in "/Users/yevhen/Documents/GitHub/RLD/contracts/lib/v4-periphery/test/libraries/SafeCurrencyMetadata.t.sol"
      "@uniswap/v4-core/src/interfaces/IPoolManager.sol" in "/Users/yevhen/Documents/GitHub/RLD/contracts/v4-twamm-hook/lib/v4-periphery/test/shared/HookSavesDelta.sol"
      "@uniswap/v4-core/src/types/BalanceDelta.sol" in "/Users/yevhen/Documents/GitHub/RLD/contracts/lib/v4-periphery/src/base/BaseV4Quoter.sol"
      "@uniswap/v4-core/src/libraries/FixedPoint128.sol" in "/Users/yevhen/Documents/GitHub/RLD/contracts/lib/v4-periphery/test/StateViewTest.t.sol"
      "@uniswap/v4-core/src/PoolManager.sol" in "/Users/yevhen/Documents/GitHub/RLD/contracts/lib/v4-periphery/test/position-managers/NativeToken.t.sol"
      "@uniswap/v4-core/src/libraries/Hooks.sol" in "/Users/yevhen/Documents/GitHub/RLD/contracts/lib/v4-periphery/test/position-managers/PositionManager.notifier.t.sol"
      "../patched/token/ERC721/ERC721.sol" in "/Users/yevhen/Documents/GitHub/RLD/contracts/v4-twamm-hook/lib/v4-core/lib/openzeppelin-contracts/certora/harnesses/ERC721Harness.sol"
      "forge-std/Test.sol" in "/Users/yevhen/Documents/GitHub/RLD/contracts/lib/v4-core/test/ERC6909Claims.t.sol"
      "forge-std/Test.sol" in "/Users/yevhen/Documents/GitHub/RLD/contracts/lib/v4-core/test/ProtocolFeesImplementation.t.sol"
      "@uniswap/v4-core/src/libraries/SafeCast.sol" in "/Users/yevhen/Documents/GitHub/RLD/contracts/v4-twamm-hook/lib/v4-periphery/src/libraries/LiquidityAmounts.sol"
      "@uniswap/v4-core/src/types/BalanceDelta.sol" in "/Users/yevhen/Documents/GitHub/RLD/contracts/v4-twamm-hook/lib/v4-periphery/test/shared/PosmTestSetup.sol"
      "@openzeppelin/contracts/mocks/CallReceiverMock.sol" in "/Users/yevhen/Documents/GitHub/RLD/contracts/lib/openzeppelin-v5/test/metatx/ERC2771Forwarder.t.sol"
      "@uniswap/v4-core/src/types/PoolKey.sol" in "/Users/yevhen/Documents/GitHub/RLD/contracts/lib/v4-periphery/test/hooks/WstETHHook.fork.t.sol"
      "@uniswap/v4-core/src/libraries/StateLibrary.sol" in "/Users/yevhen/Documents/GitHub/RLD/contracts/v4-twamm-hook/lib/v4-periphery/src/lens/StateView.sol"
      "@uniswap/v4-core/src/types/PoolId.sol" in "/Users/yevhen/Documents/GitHub/RLD/contracts/v4-twamm-hook/lib/v4-periphery/test/V4Quoter.t.sol"
      "@openzeppelin/contracts/utils/Base64.sol" in "/Users/yevhen/Documents/GitHub/RLD/contracts/lib/openzeppelin-v5/test/utils/cryptography/WebAuthn.t.sol"
      "forge-std/Test.sol" in "/Users/yevhen/Documents/GitHub/RLD/contracts/lib/v4-core/test/PoolManager.clear.t.sol"
      "forge-std/interfaces/IERC721.sol" in "/Users/yevhen/Documents/GitHub/RLD/contracts/lib/v4-periphery/test/erc721Permit/ERC721Permit.permit.t.sol"
      "@uniswap/v4-core/src/types/PoolKey.sol" in "/Users/yevhen/Documents/GitHub/RLD/contracts/lib/v4-periphery/src/libraries/PositionConfig.sol"
      "@uniswap/v4-core/src/test/PoolSwapTest.sol" in "/Users/yevhen/Documents/GitHub/RLD/contracts/lib/v4-periphery/test/hooks/WETHHook.t.sol"
      "@uniswap/v4-core/src/interfaces/IHooks.sol" in "/Users/yevhen/Documents/GitHub/RLD/contracts/lib/v4-periphery/test/mocks/MockBlankHook.sol"
      "forge-std/StdError.sol" in "/Users/yevhen/Documents/GitHub/RLD/contracts/lib/v4-core/test/types/Currency.t.sol"
      "@uniswap/v4-core/src/libraries/FixedPoint96.sol" in "/Users/yevhen/Documents/GitHub/RLD/contracts/lib/v4-periphery/src/libraries/LiquidityAmounts.sol"
      "@uniswap/v4-core/src/libraries/StateLibrary.sol" in "/Users/yevhen/Documents/GitHub/RLD/contracts/lib/v4-periphery/test/shared/FeeMath.sol"
      "@uniswap/v4-core/src/interfaces/IHooks.sol" in "/Users/yevhen/Documents/GitHub/RLD/contracts/lib/v4-periphery/test/shared/RoutingTestHelpers.sol"
      "../munged/governance/Governor.sol" in "/Users/yevhen/Documents/GitHub/RLD/contracts/v4-twamm-hook/lib/v4-periphery/lib/permit2/lib/openzeppelin-contracts/certora/harnesses/WizardControlFirstPriority.sol"
      "@uniswap/v4-core/src/types/PoolId.sol" in "/Users/yevhen/Documents/GitHub/RLD/contracts/v4-twamm-hook/lib/v4-periphery/src/libraries/PositionInfoLibrary.sol"
      "@uniswap/v4-core/src/libraries/TickBitmap.sol" in "/Users/yevhen/Documents/GitHub/RLD/contracts/v4-twamm-hook/lib/v4-periphery/test/StateViewTest.t.sol"
      "forge-gas-snapshot/GasSnapshot.sol" in "/Users/yevhen/Documents/GitHub/RLD/contracts/v4-twamm-hook/lib/v4-periphery/lib/permit2/test/SignatureTransfer.t.sol"
      "@uniswap/v4-core/src/interfaces/IHooks.sol" in "/Users/yevhen/Documents/GitHub/RLD/contracts/v4-twamm-hook/lib/v4-periphery/test/position-managers/Execute.t.sol"
      "@uniswap/v4-core/src/libraries/SafeCast.sol" in "/Users/yevhen/Documents/GitHub/RLD/contracts/lib/v4-periphery/test/position-managers/IncreaseLiquidity.t.sol"
      "@uniswap/v4-core/src/interfaces/IPoolManager.sol" in "/Users/yevhen/Documents/GitHub/RLD/contracts/lib/v4-periphery/test/mocks/MockBlankHook.sol"
      "solmate/src/tokens/ERC20.sol" in "/Users/yevhen/Documents/GitHub/RLD/contracts/src/modules/broker/TwammBrokerModule.sol"
      "@uniswap/v4-core/src/types/BalanceDelta.sol" in "/Users/yevhen/Documents/GitHub/RLD/contracts/v4-twamm-hook/lib/v4-periphery/test/shared/LiquidityOperations.sol"
      "permit2/src/interfaces/IAllowanceTransfer.sol" in "/Users/yevhen/Documents/GitHub/RLD/contracts/v4-twamm-hook/lib/v4-periphery/test/shared/PosmTestSetup.sol"
      "@uniswap/v4-core/src/types/PoolKey.sol" in "/Users/yevhen/Documents/GitHub/RLD/contracts/v4-twamm-hook/src/TWAMM.sol"
      "@uniswap/v4-core/src/interfaces/IPoolManager.sol" in "/Users/yevhen/Documents/GitHub/RLD/contracts/v4-twamm-hook/lib/v4-periphery/test/BaseActionsRouter.t.sol"
      "solmate/src/tokens/ERC721.sol" in "/Users/yevhen/Documents/GitHub/RLD/contracts/v4-twamm-hook/lib/v4-periphery/src/base/ERC721Permit_v4.sol"
      "v4-periphery/src/interfaces/IPositionManager.sol" in "/Users/yevhen/Documents/GitHub/RLD/contracts/v4-twamm-hook/test/utils/Fixtures.sol"
      "@uniswap/v4-core/src/types/BalanceDelta.sol" in "/Users/yevhen/Documents/GitHub/RLD/contracts/lib/v4-periphery/test/position-managers/PositionManager.multicall.t.sol"
      "solmate/src/test/utils/mocks/MockERC20.sol" in "/Users/yevhen/Documents/GitHub/RLD/contracts/lib/v4-core/test/ProtocolFeesImplementation.t.sol"
      "@uniswap/v4-core/src/types/PoolId.sol" in "/Users/yevhen/Documents/GitHub/RLD/contracts/lib/v4-periphery/test/position-managers/PositionManager.modifyLiquidities.t.sol"
      "@uniswap/v4-core/src/libraries/TickMath.sol" in "/Users/yevhen/Documents/GitHub/RLD/contracts/lib/v4-periphery/test/position-managers/PositionManager.multicall.t.sol"
      "@uniswap/v4-core/src/types/PoolKey.sol" in "/Users/yevhen/Documents/GitHub/RLD/contracts/lib/v4-periphery/src/base/PoolInitializer_v4.sol"
      "@uniswap/v4-core/src/libraries/StateLibrary.sol" in "/Users/yevhen/Documents/GitHub/RLD/contracts/lib/v4-periphery/test/position-managers/PositionManager.t.sol"
      "src/types/Currency.sol" in "/Users/yevhen/Documents/GitHub/RLD/contracts/v4-twamm-hook/lib/v4-periphery/lib/v4-core/test/ModifyLiquidity.t.sol"
      "forge-std/Test.sol" in "/Users/yevhen/Documents/GitHub/RLD/contracts/lib/v4-core/test/libraries/FullMath.t.sol"
      "forge-std/Test.sol" in "/Users/yevhen/Documents/GitHub/RLD/contracts/lib/v4-core/test/libraries/Hooks.t.sol"
      "solmate/src/tokens/ERC20.sol" in "/Users/yevhen/Documents/GitHub/RLD/contracts/lib/v4-periphery/src/hooks/WstETHHook.sol"
      "@uniswap/v4-core/src/types/Currency.sol" in "/Users/yevhen/Documents/GitHub/RLD/contracts/lib/v4-periphery/src/lens/V4Quoter.sol"
      "@uniswap/v4-core/src/interfaces/IHooks.sol" in "/Users/yevhen/Documents/GitHub/RLD/contracts/lib/v4-periphery/test/position-managers/Execute.t.sol"
      "@uniswap/v4-core/src/libraries/LPFeeLibrary.sol" in "/Users/yevhen/Documents/GitHub/RLD/contracts/lib/v4-periphery/test/position-managers/PositionManager.t.sol"
      "forge-std/Vm.sol" in "/Users/yevhen/Documents/GitHub/RLD/contracts/lib/v4-periphery/test/shared/Permit2SignatureHelpers.sol"
      "@uniswap/v4-core/src/types/PoolOperation.sol" in "/Users/yevhen/Documents/GitHub/RLD/contracts/lib/v4-periphery/test/position-managers/NativeToken.t.sol"
      "@uniswap/v4-core/src/libraries/Hooks.sol" in "/Users/yevhen/Documents/GitHub/RLD/contracts/lib/v4-periphery/test/hooks/WETHHook.t.sol"
      "@uniswap/v4-core/src/interfaces/IPoolManager.sol" in "/Users/yevhen/Documents/GitHub/RLD/contracts/v4-twamm-hook/lib/v4-periphery/script/DeployPosm.s.sol"
      "forge-std/Test.sol" in "/Users/yevhen/Documents/GitHub/RLD/contracts/v4-twamm-hook/lib/v4-core/lib/openzeppelin-contracts/lib/erc4626-tests/ERC4626.prop.sol"
      "forge-std/Test.sol" in "/Users/yevhen/Documents/GitHub/RLD/contracts/v4-twamm-hook/lib/v4-core/src/test/NativeERC20.sol"
      "@uniswap/v4-core/src/test/BaseTestHooks.sol" in "/Users/yevhen/Documents/GitHub/RLD/contracts/v4-twamm-hook/lib/v4-periphery/test/mocks/MockReenterHook.sol"
      "@uniswap/v4-core/src/libraries/LiquidityMath.sol" in "/Users/yevhen/Documents/GitHub/RLD/contracts/v4-twamm-hook/src/TWAMM.sol"
      "halmos-cheatcodes/SymTest.sol" in "/Users/yevhen/Documents/GitHub/RLD/contracts/lib/openzeppelin-v5/test/utils/SlotDerivation.t.sol"
      "@uniswap/v4-core/src/interfaces/IHooks.sol" in "/Users/yevhen/Documents/GitHub/RLD/contracts/v4-twamm-hook/test/TWAMM.complex.t.sol"
      "@uniswap/v4-core/src/libraries/SafeCast.sol" in "/Users/yevhen/Documents/GitHub/RLD/contracts/v4-twamm-hook/lib/v4-periphery/src/libraries/SlippageCheck.sol"
      "forge-std/interfaces/IERC20.sol" in "/Users/yevhen/Documents/GitHub/RLD/contracts/lib/v4-periphery/test/position-managers/FeeCollection.t.sol"
      "@uniswap/v4-core/src/interfaces/IPoolManager.sol" in "/Users/yevhen/Documents/GitHub/RLD/contracts/lib/v4-periphery/src/base/DeltaResolver.sol"
      "forge-std/Test.sol" in "/Users/yevhen/Documents/GitHub/RLD/contracts/v4-twamm-hook/lib/v4-periphery/test/PositionDescriptor.t.sol"
      "solmate/src/test/utils/mocks/MockERC20.sol" in "/Users/yevhen/Documents/GitHub/RLD/contracts/lib/v4-core/test/types/Currency.t.sol"
      "v4-core/src/interfaces/IPoolManager.sol" in "/Users/yevhen/Documents/GitHub/RLD/contracts/src/core/RLDMarketFactory.sol"
      "@uniswap/v4-core/src/types/PoolKey.sol" in "/Users/yevhen/Documents/GitHub/RLD/contracts/lib/v4-periphery/test/hooks/WETHHook.t.sol"
      "forge-std/Vm.sol" in "/Users/yevhen/Documents/GitHub/RLD/contracts/v4-twamm-hook/lib/v4-core/test/libraries/SqrtPriceMath.t.sol"
      "solmate/src/test/utils/mocks/MockERC20.sol" in "/Users/yevhen/Documents/GitHub/RLD/contracts/v4-twamm-hook/lib/v4-periphery/lib/v4-core/test/ProtocolFeesImplementation.t.sol"
      "@uniswap/v4-core/src/types/PoolKey.sol" in "/Users/yevhen/Documents/GitHub/RLD/contracts/v4-twamm-hook/lib/v4-periphery/src/libraries/PositionInfoLibrary.sol"
      "v4-periphery/src/base/hooks/BaseHook.sol" in "/Users/yevhen/Documents/GitHub/RLD/contracts/v4-twamm-hook/src/TWAMM.sol"
      "forge-std/Test.sol" in "/Users/yevhen/Documents/GitHub/RLD/contracts/v4-twamm-hook/lib/v4-periphery/test/position-managers/IncreaseLiquidity.t.sol"
      "solmate/src/test/utils/mocks/MockERC20.sol" in "/Users/yevhen/Documents/GitHub/RLD/contracts/test/AtomicDeployment.t.sol"
      "../patched/proxy/utils/Initializable.sol" in "/Users/yevhen/Documents/GitHub/RLD/contracts/v4-twamm-hook/lib/v4-core/lib/openzeppelin-contracts/certora/harnesses/InitializableHarness.sol"
      "forge-std/Test.sol" in "/Users/yevhen/Documents/GitHub/RLD/contracts/v4-twamm-hook/lib/v4-core/test/libraries/TickMath.t.sol"
      "solmate/src/test/utils/mocks/MockERC20.sol" in "/Users/yevhen/Documents/GitHub/RLD/contracts/lib/v4-core/test/DynamicFees.t.sol"
      "forge-std/Test.sol" in "/Users/yevhen/Documents/GitHub/RLD/contracts/lib/v4-core/test/libraries/PoolId.t.sol"
      "solmate/src/test/utils/DSTestPlus.sol" in "/Users/yevhen/Documents/GitHub/RLD/contracts/v4-twamm-hook/lib/v4-periphery/lib/permit2/test/Permit2Lib.t.sol"
      "@uniswap/v4-core/src/types/BalanceDelta.sol" in "/Users/yevhen/Documents/GitHub/RLD/contracts/v4-twamm-hook/lib/v4-periphery/test/StateViewTest.t.sol"
      "@uniswap/v4-core/src/types/PoolKey.sol" in "/Users/yevhen/Documents/GitHub/RLD/contracts/lib/v4-periphery/test/position-managers/NativeToken.t.sol"
      "solmate/src/test/utils/mocks/MockERC20.sol" in "/Users/yevhen/Documents/GitHub/RLD/contracts/lib/v4-core/test/libraries/Hooks.t.sol"
      "@uniswap/v4-core/src/types/PoolKey.sol" in "/Users/yevhen/Documents/GitHub/RLD/contracts/lib/v4-periphery/src/V4Router.sol"
      "solmate/src/tokens/ERC20.sol" in "/Users/yevhen/Documents/GitHub/RLD/contracts/lib/v4-periphery/test/mocks/MockV4Router.sol"
      "@openzeppelin/contracts/utils/Base58.sol" in "/Users/yevhen/Documents/GitHub/RLD/contracts/lib/openzeppelin-v5/test/utils/Base58.t.sol"
      "solmate/src/test/utils/mocks/MockERC20.sol" in "/Users/yevhen/Documents/GitHub/RLD/contracts/lib/v4-periphery/test/shared/PosmTestSetup.sol"
      "forge-std/Test.sol" in "/Users/yevhen/Documents/GitHub/RLD/contracts/v4-twamm-hook/lib/v4-core/test/CurrencyReserves.t.sol"
      "../patched/token/ERC20/extensions/ERC20Permit.sol" in "/Users/yevhen/Documents/GitHub/RLD/contracts/lib/openzeppelin-v5/fv/harnesses/ERC20PermitHarness.sol"
      "forge-std/Test.sol" in "/Users/yevhen/Documents/GitHub/RLD/contracts/lib/v4-core/test/Extsload.t.sol"
      "forge-std/Test.sol" in "/Users/yevhen/Documents/GitHub/RLD/contracts/v4-twamm-hook/lib/v4-core/test/types/Slot0.t.sol"
      "@uniswap/v4-core/src/PoolManager.sol" in "/Users/yevhen/Documents/GitHub/RLD/contracts/v4-twamm-hook/lib/v4-periphery/test/position-managers/Execute.t.sol"
      "forge-std/Test.sol" in "/Users/yevhen/Documents/GitHub/RLD/contracts/v4-twamm-hook/lib/v4-core/test/PoolManager.clear.t.sol"
      "solmate/src/utils/FixedPointMathLib.sol" in "/Users/yevhen/Documents/GitHub/RLD/contracts/v4-twamm-hook/lib/v4-periphery/test/position-managers/FeeCollection.t.sol"
      "@uniswap/v4-core/src/interfaces/IHooks.sol" in "/Users/yevhen/Documents/GitHub/RLD/contracts/v4-twamm-hook/lib/v4-periphery/test/position-managers/PositionManager.t.sol"
      "forge-std/interfaces/IERC20.sol" in "/Users/yevhen/Documents/GitHub/RLD/contracts/lib/v4-periphery/test/position-managers/PositionManager.gas.t.sol"
      "src/types/BalanceDelta.sol" in "/Users/yevhen/Documents/GitHub/RLD/contracts/v4-twamm-hook/lib/v4-core/test/ModifyLiquidity.t.sol"
      "forge-std/Test.sol" in "/Users/yevhen/Documents/GitHub/RLD/contracts/v4-twamm-hook/lib/v4-periphery/lib/v4-core/test/libraries/SafeCast.t.sol"
      "@uniswap/v4-core/src/types/Currency.sol" in "/Users/yevhen/Documents/GitHub/RLD/contracts/v4-twamm-hook/lib/v4-periphery/test/shared/Planner.sol"
      "forge-std/Test.sol" in "/Users/yevhen/Documents/GitHub/RLD/contracts/lib/v4-core/test/types/BalanceDelta.t.sol"
      "../munged/governance/extensions/GovernorProposalThreshold.sol" in "/Users/yevhen/Documents/GitHub/RLD/contracts/v4-twamm-hook/lib/v4-periphery/lib/permit2/lib/openzeppelin-contracts/certora/harnesses/WizardControlFirstPriority.sol"
      "forge-std/Test.sol" in "/Users/yevhen/Documents/GitHub/RLD/contracts/v4-twamm-hook/lib/v4-periphery/lib/v4-core/test/DynamicReturnFees.t.sol"
      "forge-std/Test.sol" in "/Users/yevhen/Documents/GitHub/RLD/contracts/lib/openzeppelin-v5/test/utils/Base58.t.sol"
      "forge-std/Test.sol" in "/Users/yevhen/Documents/GitHub/RLD/contracts/lib/v4-core/test/DynamicFees.t.sol"
      "forge-std/Vm.sol" in "/Users/yevhen/Documents/GitHub/RLD/contracts/v4-twamm-hook/lib/v4-core/test/libraries/TickBitmap.t.sol"
      "solmate/src/test/utils/mocks/MockERC20.sol" in "/Users/yevhen/Documents/GitHub/RLD/contracts/v4-twamm-hook/lib/v4-periphery/lib/v4-core/test/DynamicReturnFees.t.sol"
      "@uniswap/v4-core/src/interfaces/IPoolManager.sol" in "/Users/yevhen/Documents/GitHub/RLD/contracts/v4-twamm-hook/lib/v4-periphery/test/mocks/MockSafeCallback.sol"
      "@uniswap/v4-core/src/types/PoolId.sol" in "/Users/yevhen/Documents/GitHub/RLD/contracts/v4-twamm-hook/test/TWAMM.uneven.t.sol"
      "../patched/token/ERC20/extensions/ERC20Permit.sol" in "/Users/yevhen/Documents/GitHub/RLD/contracts/v4-twamm-hook/lib/v4-core/lib/openzeppelin-contracts/certora/harnesses/ERC20PermitHarness.sol"
      "forge-std/Test.sol" in "/Users/yevhen/Documents/GitHub/RLD/contracts/lib/openzeppelin-v5/test/utils/math/SignedMath.t.sol"
      "forge-std/Test.sol" in "/Users/yevhen/Documents/GitHub/RLD/contracts/lib/openzeppelin-v5/test/utils/Memory.t.sol"
      "forge-std/Test.sol" in "/Users/yevhen/Documents/GitHub/RLD/contracts/v4-twamm-hook/lib/v4-periphery/test/libraries/BipsLibrary.t.sol"
      "forge-std/Test.sol" in "/Users/yevhen/Documents/GitHub/RLD/contracts/v4-twamm-hook/lib/v4-periphery/test/position-managers/Permit.t.sol"
      "@uniswap/v4-core/src/types/PoolKey.sol" in "/Users/yevhen/Documents/GitHub/RLD/contracts/lib/v4-periphery/test/libraries/PositionInfoLibrary.t.sol"
      "@uniswap/v4-core/src/types/PoolKey.sol" in "/Users/yevhen/Documents/GitHub/RLD/contracts/v4-twamm-hook/lib/v4-periphery/test/shared/PositionConfig.sol"
      "@uniswap/v4-core/src/test/PoolModifyLiquidityTest.sol" in "/Users/yevhen/Documents/GitHub/RLD/contracts/v4-twamm-hook/lib/v4-periphery/test/V4Quoter.t.sol"
      "@uniswap/v4-core/src/types/Currency.sol" in "/Users/yevhen/Documents/GitHub/RLD/contracts/v4-twamm-hook/lib/v4-periphery/test/position-managers/PositionManager.t.sol"
      "forge-std/Vm.sol" in "/Users/yevhen/Documents/GitHub/RLD/contracts/v4-twamm-hook/lib/v4-periphery/lib/v4-core/test/libraries/Pool.t.sol"
      "src/types/PoolId.sol" in "/Users/yevhen/Documents/GitHub/RLD/contracts/v4-twamm-hook/lib/v4-core/test/ModifyLiquidity.t.sol"
      "solmate/src/test/utils/mocks/MockERC20.sol" in "/Users/yevhen/Documents/GitHub/RLD/contracts/lib/v4-core/test/Sync.t.sol"
      "forge-std/Script.sol" in "/Users/yevhen/Documents/GitHub/RLD/contracts/v4-twamm-hook/lib/v4-periphery/lib/permit2/script/DeployPermit2.s.sol"
      "@uniswap/v4-core/src/interfaces/IPoolManager.sol" in "/Users/yevhen/Documents/GitHub/RLD/contracts/lib/v4-periphery/test/mocks/MockCounterHook.sol"
      "@uniswap/v4-core/src/libraries/StateLibrary.sol" in "/Users/yevhen/Documents/GitHub/RLD/contracts/lib/v4-periphery/test/position-managers/Execute.t.sol"
      "@uniswap/v4-core/src/types/Currency.sol" in "/Users/yevhen/Documents/GitHub/RLD/contracts/v4-twamm-hook/lib/v4-periphery/test/position-managers/Permit.t.sol"
      "forge-std/Test.sol" in "/Users/yevhen/Documents/GitHub/RLD/contracts/lib/v4-periphery/test/mocks/MockDeltaResolver.sol"
      "forge-std/Test.sol" in "/Users/yevhen/Documents/GitHub/RLD/contracts/v4-twamm-hook/lib/v4-periphery/test/position-managers/PositionManager.t.sol"
      "@uniswap/v4-core/src/types/Currency.sol" in "/Users/yevhen/Documents/GitHub/RLD/contracts/lib/v4-periphery/test/position-managers/Permit2Forwarder.t.sol"
      "@uniswap/v4-core/src/interfaces/IHooks.sol" in "/Users/yevhen/Documents/GitHub/RLD/contracts/v4-twamm-hook/lib/v4-periphery/test/position-managers/Permit.t.sol"
      "@uniswap/v4-core/src/libraries/FixedPoint128.sol" in "/Users/yevhen/Documents/GitHub/RLD/contracts/v4-twamm-hook/lib/v4-periphery/test/shared/FeeMath.sol"
      "../patched/interfaces/IERC721Receiver.sol" in "/Users/yevhen/Documents/GitHub/RLD/contracts/lib/openzeppelin-v5/fv/harnesses/ERC721ReceiverHarness.sol"
      "openzeppelin-contracts/contracts/utils/Strings.sol" in "/Users/yevhen/Documents/GitHub/RLD/contracts/lib/v4-periphery/src/libraries/Descriptor.sol"
      "@uniswap/v4-core/src/types/Currency.sol" in "/Users/yevhen/Documents/GitHub/RLD/contracts/v4-twamm-hook/lib/v4-periphery/test/shared/PosmTestSetup.sol"
      "@uniswap/v4-core/src/types/PoolOperation.sol" in "/Users/yevhen/Documents/GitHub/RLD/contracts/lib/v4-periphery/test/position-managers/FeeCollection.t.sol"
      "forge-std/interfaces/IERC721.sol" in "/Users/yevhen/Documents/GitHub/RLD/contracts/lib/v4-periphery/test/erc721Permit/ERC721Permit.permitForAll.t.sol"
      "@uniswap/v4-core/src/libraries/Position.sol" in "/Users/yevhen/Documents/GitHub/RLD/contracts/lib/v4-periphery/test/position-managers/Execute.t.sol"
      "@uniswap/v4-core/src/libraries/TickMath.sol" in "/Users/yevhen/Documents/GitHub/RLD/contracts/lib/v4-periphery/test/hooks/WstETHHook.fork.t.sol"
      "forge-std/interfaces/IERC20.sol" in "/Users/yevhen/Documents/GitHub/RLD/contracts/lib/v4-periphery/test/position-managers/Execute.t.sol"
      "forge-std/Script.sol" in "/Users/yevhen/Documents/GitHub/RLD/contracts/script/OracleConfig.s.sol"
      "@uniswap/v4-core/src/types/Currency.sol" in "/Users/yevhen/Documents/GitHub/RLD/contracts/v4-twamm-hook/test/TWAMM.flow.t.sol"
      "@openzeppelin/contracts/proxy/transparent/TransparentUpgradeableProxy.sol" in "/Users/yevhen/Documents/GitHub/RLD/contracts/lib/v4-periphery/test/shared/Deploy.sol"
      "forge-std/interfaces/IERC721.sol" in "/Users/yevhen/Documents/GitHub/RLD/contracts/v4-twamm-hook/lib/v4-periphery/test/erc721Permit/ERC721Permit.permit.t.sol"
      "@uniswap/v4-core/src/types/PoolId.sol" in "/Users/yevhen/Documents/GitHub/RLD/contracts/v4-twamm-hook/test/TWAMM.t.sol"
      "@uniswap/v4-core/src/types/PoolOperation.sol" in "/Users/yevhen/Documents/GitHub/RLD/contracts/lib/v4-periphery/src/PositionManager.sol"
      "../munged/governance/extensions/GovernorVotesQuorumFraction.sol" in "/Users/yevhen/Documents/GitHub/RLD/contracts/v4-twamm-hook/lib/v4-periphery/lib/permit2/lib/openzeppelin-contracts/certora/harnesses/WizardFirstTry.sol"
      "solmate/src/utils/FixedPointMathLib.sol" in "/Users/yevhen/Documents/GitHub/RLD/contracts/v4-twamm-hook/lib/v4-periphery/test/position-managers/PositionManager.multicall.t.sol"
      "solmate/src/utils/FixedPointMathLib.sol" in "/Users/yevhen/Documents/GitHub/RLD/contracts/lib/v4-periphery/test/position-managers/NativeToken.t.sol"
      "solmate/src/test/utils/mocks/MockERC20.sol" in "/Users/yevhen/Documents/GitHub/RLD/contracts/v4-twamm-hook/test/TWAMM.complex.t.sol"
      "@uniswap/v4-core/src/types/BalanceDelta.sol" in "/Users/yevhen/Documents/GitHub/RLD/contracts/v4-twamm-hook/lib/v4-periphery/src/libraries/SlippageCheck.sol"
      "solmate/src/auth/Owned.sol" in "/Users/yevhen/Documents/GitHub/RLD/contracts/v4-twamm-hook/lib/v4-periphery/test/UniswapV4DeployerCompetition.t.sol"
      "@uniswap/v4-core/src/libraries/TickMath.sol" in "/Users/yevhen/Documents/GitHub/RLD/contracts/v4-twamm-hook/lib/v4-periphery/test/position-managers/Execute.t.sol"
      "../patched/utils/structs/EnumerableSet.sol" in "/Users/yevhen/Documents/GitHub/RLD/contracts/lib/openzeppelin-v5/fv/harnesses/AccountHarness.sol"
      "test/utils/Deployers.sol" in "/Users/yevhen/Documents/GitHub/RLD/contracts/v4-twamm-hook/lib/v4-periphery/lib/v4-core/test/libraries/Hooks.t.sol"
      "forge-std/Test.sol" in "/Users/yevhen/Documents/GitHub/RLD/contracts/v4-twamm-hook/lib/v4-periphery/lib/v4-core/test/libraries/LiquidityMath.t.sol"
      "forge-gas-snapshot/GasSnapshot.sol" in "/Users/yevhen/Documents/GitHub/RLD/contracts/v4-twamm-hook/lib/v4-periphery/lib/permit2/test/AllowanceTransferTest.t.sol"
      "src/test/TickMathTest.sol" in "/Users/yevhen/Documents/GitHub/RLD/contracts/v4-twamm-hook/lib/v4-periphery/lib/v4-core/test/libraries/TickMath.t.sol"
      "src/test/PoolNestedActionsTest.sol" in "/Users/yevhen/Documents/GitHub/RLD/contracts/lib/v4-core/test/utils/NestedActions.t.sol"
      "@uniswap/v4-core/src/types/BalanceDelta.sol" in "/Users/yevhen/Documents/GitHub/RLD/contracts/lib/v4-periphery/test/shared/PosmTestSetup.sol"
      "@openzeppelin/contracts/token/ERC721/ERC721.sol" in "/Users/yevhen/Documents/GitHub/RLD/contracts/v4-twamm-hook/lib/v4-core/lib/openzeppelin-contracts/test/token/ERC721/extensions/ERC721Consecutive.t.sol"
      "forge-std/Test.sol" in "/Users/yevhen/Documents/GitHub/RLD/contracts/v4-twamm-hook/lib/v4-core/lib/openzeppelin-contracts/test/utils/ShortStrings.t.sol"
      "forge-std/Test.sol" in "/Users/yevhen/Documents/GitHub/RLD/contracts/v4-twamm-hook/lib/v4-periphery/lib/v4-core/test/types/BalanceDelta.t.sol"
      "@uniswap/v4-core/src/types/BalanceDelta.sol" in "/Users/yevhen/Documents/GitHub/RLD/contracts/lib/v4-periphery/test/StateViewTest.t.sol"
      "../patched/interfaces/IERC721Receiver.sol" in "/Users/yevhen/Documents/GitHub/RLD/contracts/v4-twamm-hook/lib/v4-core/lib/openzeppelin-contracts/certora/harnesses/ERC721ReceiverHarness.sol"
      "forge-std/Test.sol" in "/Users/yevhen/Documents/GitHub/RLD/contracts/lib/v4-periphery/test/BaseActionsRouter.t.sol"
      "solmate/src/test/utils/mocks/MockERC20.sol" in "/Users/yevhen/Documents/GitHub/RLD/contracts/v4-twamm-hook/lib/v4-periphery/test/V4Quoter.t.sol"
      "@uniswap/v4-core/src/types/BalanceDelta.sol" in "/Users/yevhen/Documents/GitHub/RLD/contracts/lib/v4-periphery/test/position-managers/PositionManager.notifier.t.sol"
      "ds-test/test.sol" in "/Users/yevhen/Documents/GitHub/RLD/contracts/v4-twamm-hook/lib/v4-periphery/lib/v4-core/lib/openzeppelin-contracts/lib/forge-std/src/StdAssertions.sol"
      "@uniswap/v4-core/src/interfaces/IPoolManager.sol" in "/Users/yevhen/Documents/GitHub/RLD/contracts/lib/v4-periphery/test/position-managers/PositionManager.notifier.t.sol"
      "@uniswap/v4-core/src/test/PoolSwapTest.sol" in "/Users/yevhen/Documents/GitHub/RLD/contracts/v4-twamm-hook/lib/v4-periphery/test/position-managers/NativeToken.t.sol"
      "@uniswap/v4-core/src/types/Currency.sol" in "/Users/yevhen/Documents/GitHub/RLD/contracts/v4-twamm-hook/lib/v4-periphery/test/router/Payments.t.sol"
      "../patched/utils/structs/EnumerableSet.sol" in "/Users/yevhen/Documents/GitHub/RLD/contracts/lib/openzeppelin-v5/fv/harnesses/EnumerableSetHarness.sol"
      "@openzeppelin/contracts/utils/cryptography/EIP712.sol" in "/Users/yevhen/Documents/GitHub/RLD/contracts/lib/openzeppelin-v5/test/account/AccountEIP7702.t.sol"
      "forge-std/Script.sol" in "/Users/yevhen/Documents/GitHub/RLD/contracts/lib/v4-periphery/script/DeployPosm.s.sol"
      "@uniswap/v4-core/src/libraries/CustomRevert.sol" in "/Users/yevhen/Documents/GitHub/RLD/contracts/lib/v4-periphery/test/hooks/WETHHook.t.sol"
      "@uniswap/v4-core/src/types/Currency.sol" in "/Users/yevhen/Documents/GitHub/RLD/contracts/lib/v4-periphery/test/hooks/WstETHHook.t.sol"
      "../patched/governance/TimelockController.sol" in "/Users/yevhen/Documents/GitHub/RLD/contracts/v4-twamm-hook/lib/v4-periphery/lib/v4-core/lib/openzeppelin-contracts/certora/harnesses/TimelockControllerHarness.sol"
      "@uniswap/v4-core/src/types/Currency.sol" in "/Users/yevhen/Documents/GitHub/RLD/contracts/v4-twamm-hook/lib/v4-periphery/test/DeltaResolver.t.sol"
      "@uniswap/v4-core/src/types/BalanceDelta.sol" in "/Users/yevhen/Documents/GitHub/RLD/contracts/v4-twamm-hook/lib/v4-periphery/test/shared/fuzz/LiquidityFuzzers.sol"
      "@uniswap/v4-core/src/interfaces/IHooks.sol" in "/Users/yevhen/Documents/GitHub/RLD/contracts/v4-twamm-hook/test/TWAMM.kill.t.sol"
      "solmate/src/test/utils/mocks/MockERC20.sol" in "/Users/yevhen/Documents/GitHub/RLD/contracts/v4-twamm-hook/test/TWAMM_Matching.t.sol"
      "@uniswap/v4-core/src/types/PoolId.sol" in "/Users/yevhen/Documents/GitHub/RLD/contracts/lib/v4-periphery/test/StateViewTest.t.sol"
      "v4-periphery/src/libraries/Actions.sol" in "/Users/yevhen/Documents/GitHub/RLD/contracts/v4-twamm-hook/test/utils/EasyPosm.sol"
      "@uniswap/v4-core/src/types/PoolKey.sol" in "/Users/yevhen/Documents/GitHub/RLD/contracts/lib/v4-periphery/test/hooks/WstETHHook.t.sol"
      "@uniswap/v4-core/src/interfaces/IPoolManager.sol" in "/Users/yevhen/Documents/GitHub/RLD/contracts/v4-twamm-hook/lib/v4-periphery/test/position-managers/PositionManager.t.sol"
      "forge-std/Test.sol" in "/Users/yevhen/Documents/GitHub/RLD/contracts/lib/v4-core/test/utils/Deployers.sol"
      "forge-std/Test.sol" in "/Users/yevhen/Documents/GitHub/RLD/contracts/lib/v4-periphery/test/DeltaResolver.t.sol"
      "src/test/LiquidityMathTest.sol" in "/Users/yevhen/Documents/GitHub/RLD/contracts/v4-twamm-hook/lib/v4-core/test/libraries/LiquidityMath.t.sol"
      "forge-std/Vm.sol" in "/Users/yevhen/Documents/GitHub/RLD/contracts/v4-twamm-hook/lib/v4-periphery/lib/v4-core/test/libraries/SqrtPriceMath.t.sol"
      "forge-std/Test.sol" in "/Users/yevhen/Documents/GitHub/RLD/contracts/lib/openzeppelin-v5/test/token/ERC721/extensions/ERC721Consecutive.t.sol"
      "@uniswap/v4-core/src/types/Currency.sol" in "/Users/yevhen/Documents/GitHub/RLD/contracts/v4-twamm-hook/lib/v4-periphery/test/mocks/MockBaseActionsRouter.sol"
      "../patched/utils/Pausable.sol" in "/Users/yevhen/Documents/GitHub/RLD/contracts/lib/openzeppelin-v5/fv/harnesses/PausableHarness.sol"
      "forge-std/Test.sol" in "/Users/yevhen/Documents/GitHub/RLD/contracts/v4-twamm-hook/lib/v4-core/test/Extsload.t.sol"
      "solmate/src/tokens/ERC20.sol" in "/Users/yevhen/Documents/GitHub/RLD/contracts/lib/v4-periphery/test/mocks/MockDeltaResolver.sol"
      "forge-std/Script.sol" in "/Users/yevhen/Documents/GitHub/RLD/contracts/lib/v4-periphery/script/DeployHook.s.sol"
      "@uniswap/v4-core/src/types/BalanceDelta.sol" in "/Users/yevhen/Documents/GitHub/RLD/contracts/v4-twamm-hook/lib/v4-periphery/test/shared/FeeMath.sol"
      "forge-std/interfaces/IERC20.sol" in "/Users/yevhen/Documents/GitHub/RLD/contracts/v4-twamm-hook/lib/v4-periphery/test/shared/PosmTestSetup.sol"
      "@uniswap/v4-core/src/types/Currency.sol" in "/Users/yevhen/Documents/GitHub/RLD/contracts/v4-twamm-hook/lib/v4-periphery/test/position-managers/PositionManager.gas.t.sol"
      "@openzeppelin/contracts/utils/Base64.sol" in "/Users/yevhen/Documents/GitHub/RLD/contracts/lib/openzeppelin-v5/test/utils/Base64.t.sol"
      "@uniswap/v4-core/src/test/PoolModifyLiquidityTest.sol" in "/Users/yevhen/Documents/GitHub/RLD/contracts/v4-twamm-hook/lib/v4-periphery/test/shared/RoutingTestHelpers.sol"
      "@uniswap/v4-core/src/libraries/Hooks.sol" in "/Users/yevhen/Documents/GitHub/RLD/contracts/v4-twamm-hook/test/TWAMM_Cancel.t.sol"
      "@uniswap/v4-core/src/interfaces/IPoolManager.sol" in "/Users/yevhen/Documents/GitHub/RLD/contracts/v4-twamm-hook/lib/v4-periphery/test/shared/RoutingTestHelpers.sol"
      "@uniswap/v4-core/src/types/BalanceDelta.sol" in "/Users/yevhen/Documents/GitHub/RLD/contracts/lib/v4-periphery/test/position-managers/NativeToken.t.sol"
      "forge-std/Test.sol" in "/Users/yevhen/Documents/GitHub/RLD/contracts/v4-twamm-hook/lib/v4-core/test/utils/V3Helper.sol"
      "forge-std/Test.sol" in "/Users/yevhen/Documents/GitHub/RLD/contracts/lib/v4-periphery/test/erc721Permit/ERC721Permit.permitForAll.t.sol"
      "solmate/src/tokens/ERC20.sol" in "/Users/yevhen/Documents/GitHub/RLD/contracts/lib/v4-periphery/test/hooks/WETHHook.t.sol"
      "@uniswap/v4-core/src/libraries/Position.sol" in "/Users/yevhen/Documents/GitHub/RLD/contracts/v4-twamm-hook/lib/v4-periphery/src/PositionManager.sol"
      "@openzeppelin/contracts/utils/Comparators.sol" in "/Users/yevhen/Documents/GitHub/RLD/contracts/lib/openzeppelin-v5/test/utils/structs/Heap.t.sol"
      "@uniswap/v4-core/test/utils/Deployers.sol" in "/Users/yevhen/Documents/GitHub/RLD/contracts/lib/v4-periphery/test/BaseActionsRouter.t.sol"
      "src/interfaces/IPoolManager.sol" in "/Users/yevhen/Documents/GitHub/RLD/contracts/v4-twamm-hook/lib/v4-core/test/ModifyLiquidity.t.sol"
      "../munged/governance/extensions/GovernorVotesQuorumFraction.sol" in "/Users/yevhen/Documents/GitHub/RLD/contracts/v4-twamm-hook/lib/v4-periphery/lib/permit2/lib/openzeppelin-contracts/certora/harnesses/WizardControlFirstPriority.sol"
      "forge-std/Test.sol" in "/Users/yevhen/Documents/GitHub/RLD/contracts/v4-twamm-hook/lib/v4-core/src/test/PoolNestedActionsTest.sol"
      "@uniswap/v4-core/src/types/BalanceDelta.sol" in "/Users/yevhen/Documents/GitHub/RLD/contracts/v4-twamm-hook/lib/v4-periphery/src/V4Router.sol"
      "@uniswap/v4-core/src/types/PoolKey.sol" in "/Users/yevhen/Documents/GitHub/RLD/contracts/v4-twamm-hook/lib/v4-periphery/src/base/BaseV4Quoter.sol"
      "@uniswap/v4-core/src/libraries/TickMath.sol" in "/Users/yevhen/Documents/GitHub/RLD/contracts/v4-twamm-hook/lib/v4-periphery/test/position-managers/IncreaseLiquidity.t.sol"
      "forge-std/Test.sol" in "/Users/yevhen/Documents/GitHub/RLD/contracts/v4-twamm-hook/lib/v4-core/test/types/Currency.t.sol"
      "@uniswap/v4-core/src/types/PoolOperation.sol" in "/Users/yevhen/Documents/GitHub/RLD/contracts/lib/v4-periphery/src/V4Router.sol"
      "src/libraries/TickMath.sol" in "/Users/yevhen/Documents/GitHub/RLD/contracts/lib/v4-core/test/libraries/TickMath.t.sol"
      "@uniswap/v4-core/test/utils/Deployers.sol" in "/Users/yevhen/Documents/GitHub/RLD/contracts/v4-twamm-hook/lib/v4-periphery/test/StateViewTest.t.sol"
      "@uniswap/v4-core/src/libraries/Hooks.sol" in "/Users/yevhen/Documents/GitHub/RLD/contracts/lib/v4-periphery/test/libraries/HookMiner.t.sol"
      "permit2/src/libraries/SignatureVerification.sol" in "/Users/yevhen/Documents/GitHub/RLD/contracts/lib/v4-periphery/test/position-managers/Permit.t.sol"
      "@uniswap/v4-core/src/types/PoolOperation.sol" in "/Users/yevhen/Documents/GitHub/RLD/contracts/lib/v4-periphery/test/mocks/MockCounterHook.sol"
      "../src/interfaces/IDefaultOracle.sol" in "/Users/yevhen/Documents/GitHub/RLD/contracts/test/GenericExecution.t.sol"
      "solmate/src/tokens/ERC20.sol" in "/Users/yevhen/Documents/GitHub/RLD/contracts/v4-twamm-hook/lib/v4-periphery/lib/permit2/src/libraries/Permit2Lib.sol"
      "solmate/src/test/utils/mocks/MockERC20.sol" in "/Users/yevhen/Documents/GitHub/RLD/contracts/lib/v4-core/test/utils/SortTokens.sol"
      "openzeppelin-contracts/contracts/utils/Base64.sol" in "/Users/yevhen/Documents/GitHub/RLD/contracts/v4-twamm-hook/lib/v4-periphery/src/libraries/SVG.sol"
      "@uniswap/v4-core/src/types/PoolId.sol" in "/Users/yevhen/Documents/GitHub/RLD/contracts/lib/v4-periphery/test/hooks/WstETHHook.t.sol"
      "@uniswap/v4-core/src/interfaces/IHooks.sol" in "/Users/yevhen/Documents/GitHub/RLD/contracts/v4-twamm-hook/test/TWAMM.t.sol"
      "@uniswap/v4-core/src/libraries/Position.sol" in "/Users/yevhen/Documents/GitHub/RLD/contracts/lib/v4-periphery/test/position-managers/IncreaseLiquidity.t.sol"
      "@uniswap/v4-core/src/interfaces/IHooks.sol" in "/Users/yevhen/Documents/GitHub/RLD/contracts/v4-twamm-hook/lib/v4-periphery/test/position-managers/NativeToken.t.sol"
      "@uniswap/v4-core/src/interfaces/IPoolManager.sol" in "/Users/yevhen/Documents/GitHub/RLD/contracts/v4-twamm-hook/lib/v4-periphery/test/position-managers/PositionManager.gas.t.sol"
      "forge-std/Base.sol" in "/Users/yevhen/Documents/GitHub/RLD/contracts/lib/v4-core/test/utils/JavascriptFfi.sol"
      "@openzeppelin/contracts/utils/math/Math.sol" in "/Users/yevhen/Documents/GitHub/RLD/contracts/lib/openzeppelin-v5/test/utils/Arrays.t.sol"
      "forge-std/Test.sol" in "/Users/yevhen/Documents/GitHub/RLD/contracts/lib/v4-core/test/libraries/TickBitmap.t.sol"
      "@uniswap/v4-core/src/libraries/Pool.sol" in "/Users/yevhen/Documents/GitHub/RLD/contracts/lib/v4-periphery/test/StateViewTest.t.sol"
      "permit2/src/interfaces/IAllowanceTransfer.sol" in "/Users/yevhen/Documents/GitHub/RLD/contracts/lib/v4-periphery/src/PositionManager.sol"
      "@uniswap/v4-core/src/libraries/TickMath.sol" in "/Users/yevhen/Documents/GitHub/RLD/contracts/lib/v4-periphery/test/V4Quoter.t.sol"
      "forge-std/Test.sol" in "/Users/yevhen/Documents/GitHub/RLD/contracts/lib/v4-periphery/test/hooks/WstETHHook.fork.t.sol"
      "v4-core/src/interfaces/IPoolManager.sol" in "/Users/yevhen/Documents/GitHub/RLD/contracts/test/AtomicDeployment.t.sol"
      "v4-core/src/types/PoolKey.sol" in "/Users/yevhen/Documents/GitHub/RLD/contracts/src/modules/broker/TwammBrokerModule.sol"
      "@uniswap/v4-core/src/PoolManager.sol" in "/Users/yevhen/Documents/GitHub/RLD/contracts/v4-twamm-hook/lib/v4-periphery/script/01_PoolManager.s.sol"
      "@uniswap/v4-core/src/interfaces/IPoolManager.sol" in "/Users/yevhen/Documents/GitHub/RLD/contracts/v4-twamm-hook/lib/v4-periphery/src/base/DeltaResolver.sol"
      "@uniswap/v4-core/src/libraries/TickMath.sol" in "/Users/yevhen/Documents/GitHub/RLD/contracts/v4-twamm-hook/lib/v4-periphery/test/position-managers/PositionManager.multicall.t.sol"
      "solmate/src/tokens/WETH.sol" in "/Users/yevhen/Documents/GitHub/RLD/contracts/v4-twamm-hook/lib/v4-periphery/test/shared/PosmTestSetup.sol"
      "forge-std/Script.sol" in "/Users/yevhen/Documents/GitHub/RLD/contracts/v4-twamm-hook/script/Deploy.s.sol"
      "v4-periphery/src/interfaces/IPositionManager.sol" in "/Users/yevhen/Documents/GitHub/RLD/contracts/v4-twamm-hook/test/TWAMM_Cancel.t.sol"
      "forge-std/Test.sol" in "/Users/yevhen/Documents/GitHub/RLD/contracts/lib/v4-core/test/libraries/TickMath.t.sol"
      "@uniswap/v4-core/src/types/Currency.sol" in "/Users/yevhen/Documents/GitHub/RLD/contracts/lib/v4-periphery/test/mocks/MockDeltaResolver.sol"
      "v4-core/src/types/BalanceDelta.sol" in "/Users/yevhen/Documents/GitHub/RLD/contracts/v4-twamm-hook/test/utils/Fixtures.sol"
      "@uniswap/v4-core/src/interfaces/IHooks.sol" in "/Users/yevhen/Documents/GitHub/RLD/contracts/lib/v4-periphery/test/StateViewTest.t.sol"
      "@uniswap/v4-core/src/types/BalanceDelta.sol" in "/Users/yevhen/Documents/GitHub/RLD/contracts/v4-twamm-hook/lib/v4-periphery/src/base/BaseV4Quoter.sol"
      "@uniswap/v4-core/src/libraries/Hooks.sol" in "/Users/yevhen/Documents/GitHub/RLD/contracts/v4-twamm-hook/test/utils/HookMiner.sol"
      "forge-std/Test.sol" in "/Users/yevhen/Documents/GitHub/RLD/contracts/lib/openzeppelin-v5/test/governance/extensions/GovernorSuperQuorumGreaterThanQuorum.t.sol"
      "@uniswap/v4-core/src/libraries/Hooks.sol" in "/Users/yevhen/Documents/GitHub/RLD/contracts/v4-twamm-hook/test/TWAMM.flow.t.sol"
      "forge-std/Test.sol" in "/Users/yevhen/Documents/GitHub/RLD/contracts/lib/openzeppelin-v5/test/utils/NoncesKeyed.t.sol"
      "@uniswap/v4-core/src/libraries/TickMath.sol" in "/Users/yevhen/Documents/GitHub/RLD/contracts/v4-twamm-hook/lib/v4-periphery/src/base/BaseV4Quoter.sol"
      "forge-std/Test.sol" in "/Users/yevhen/Documents/GitHub/RLD/contracts/v4-twamm-hook/lib/v4-core/test/PoolManager.t.sol"
      "@uniswap/v4-core/src/types/PoolKey.sol" in "/Users/yevhen/Documents/GitHub/RLD/contracts/lib/v4-periphery/test/shared/HookModifyLiquidities.sol"
      "@uniswap/v4-core/src/test/PoolSwapTest.sol" in "/Users/yevhen/Documents/GitHub/RLD/contracts/lib/v4-periphery/script/03_PoolSwapTest.s.sol"
      "@uniswap/v4-core/src/libraries/CustomRevert.sol" in "/Users/yevhen/Documents/GitHub/RLD/contracts/v4-twamm-hook/lib/v4-periphery/test/position-managers/PositionManager.notifier.t.sol"
      "forge-std/console2.sol" in "/Users/yevhen/Documents/GitHub/RLD/contracts/lib/v4-core/test/utils/Logger.sol"
      "forge-std/Script.sol" in "/Users/yevhen/Documents/GitHub/RLD/contracts/v4-twamm-hook/lib/v4-periphery/script/01_PoolManager.s.sol"
      "permit2/src/interfaces/IAllowanceTransfer.sol" in "/Users/yevhen/Documents/GitHub/RLD/contracts/lib/v4-periphery/src/interfaces/IPermit2Forwarder.sol"
      "@uniswap/v4-core/src/interfaces/IPoolManager.sol" in "/Users/yevhen/Documents/GitHub/RLD/contracts/lib/v4-periphery/src/lens/StateView.sol"
      "forge-std/Test.sol" in "/Users/yevhen/Documents/GitHub/RLD/contracts/v4-twamm-hook/lib/v4-core/test/ProtocolFeesImplementation.t.sol"
      "forge-std/Test.sol" in "/Users/yevhen/Documents/GitHub/RLD/contracts/v4-twamm-hook/lib/v4-periphery/lib/v4-core/test/libraries/TickBitmap.t.sol"
      "@uniswap/v4-core/src/interfaces/IHooks.sol" in "/Users/yevhen/Documents/GitHub/RLD/contracts/lib/v4-periphery/src/libraries/SVG.sol"
      "forge-std/Test.sol" in "/Users/yevhen/Documents/GitHub/RLD/contracts/lib/v4-periphery/test/hooks/WETHHook.t.sol"
      "@uniswap/v4-core/src/types/PoolId.sol" in "/Users/yevhen/Documents/GitHub/RLD/contracts/lib/v4-periphery/test/shared/FeeMath.sol"
      "@uniswap/v4-core/src/libraries/StateLibrary.sol" in "/Users/yevhen/Documents/GitHub/RLD/contracts/v4-twamm-hook/test/TWAMM.t.sol"
      "forge-std/console.sol" in "/Users/yevhen/Documents/GitHub/RLD/contracts/v4-twamm-hook/test/TWAMM_Matching.t.sol"
      "@uniswap/v4-core/test/utils/LiquidityAmounts.sol" in "/Users/yevhen/Documents/GitHub/RLD/contracts/lib/v4-periphery/test/position-managers/PositionManager.t.sol"
      "@uniswap/v4-core/src/interfaces/IPoolManager.sol" in "/Users/yevhen/Documents/GitHub/RLD/contracts/v4-twamm-hook/test/TWAMM.uneven.t.sol"
      "ds-test/test.sol" in "/Users/yevhen/Documents/GitHub/RLD/contracts/lib/solmate/src/test/utils/DSTestPlus.sol"
      "forge-std/interfaces/IERC721.sol" in "/Users/yevhen/Documents/GitHub/RLD/contracts/lib/v4-periphery/test/position-managers/PositionManager.notifier.t.sol"
      "../patched/access/AccessControl.sol" in "/Users/yevhen/Documents/GitHub/RLD/contracts/v4-twamm-hook/lib/v4-periphery/lib/v4-core/lib/openzeppelin-contracts/certora/harnesses/AccessControlHarness.sol"
      "forge-std/console2.sol" in "/Users/yevhen/Documents/GitHub/RLD/contracts/v4-twamm-hook/lib/v4-periphery/script/DeployPosm.s.sol"
      "@uniswap/v4-core/src/interfaces/IPoolManager.sol" in "/Users/yevhen/Documents/GitHub/RLD/contracts/v4-twamm-hook/lib/v4-periphery/test/shared/HookModifyLiquidities.sol"
      "v4-core/src/types/BalanceDelta.sol" in "/Users/yevhen/Documents/GitHub/RLD/contracts/v4-twamm-hook/test/utils/EasyPosm.sol"
      "@uniswap/v4-core/src/types/PoolKey.sol" in "/Users/yevhen/Documents/GitHub/RLD/contracts/v4-twamm-hook/lib/v4-periphery/test/position-managers/PositionManager.notifier.t.sol"
      "../patched/token/ERC20/extensions/ERC20FlashMint.sol" in "/Users/yevhen/Documents/GitHub/RLD/contracts/v4-twamm-hook/lib/v4-periphery/lib/v4-core/lib/openzeppelin-contracts/certora/harnesses/ERC20FlashMintHarness.sol"
      "@uniswap/v4-core/src/libraries/StateLibrary.sol" in "/Users/yevhen/Documents/GitHub/RLD/contracts/v4-twamm-hook/lib/v4-periphery/test/position-managers/IncreaseLiquidity.t.sol"
      "@uniswap/v4-core/src/interfaces/IPoolManager.sol" in "/Users/yevhen/Documents/GitHub/RLD/contracts/v4-twamm-hook/test/TWAMM_Matching.t.sol"
      "forge-std/Test.sol" in "/Users/yevhen/Documents/GitHub/RLD/contracts/lib/v4-periphery/test/UnorderedNonce.t.sol"
      "@uniswap/v4-core/src/types/PoolId.sol" in "/Users/yevhen/Documents/GitHub/RLD/contracts/lib/v4-periphery/src/interfaces/IStateView.sol"
      "@src/TWAMM.sol" in "/Users/yevhen/Documents/GitHub/RLD/contracts/v4-twamm-hook/test/TWAMM.flow.t.sol"
      "@openzeppelin/contracts/utils/Strings.sol" in "/Users/yevhen/Documents/GitHub/RLD/contracts/lib/openzeppelin-v5/test/governance/Governor.t.sol"
      "test/utils/JavascriptFfi.sol" in "/Users/yevhen/Documents/GitHub/RLD/contracts/lib/v4-core/test/libraries/TickMath.t.sol"
      "@uniswap/v4-core/src/libraries/TransientStateLibrary.sol" in "/Users/yevhen/Documents/GitHub/RLD/contracts/lib/v4-periphery/test/shared/TestRouter.sol"
      "@uniswap/v4-core/src/libraries/TickMath.sol" in "/Users/yevhen/Documents/GitHub/RLD/contracts/lib/v4-periphery/test/libraries/Descriptor.t.sol"
      "@uniswap/v4-core/src/interfaces/IPoolManager.sol" in "/Users/yevhen/Documents/GitHub/RLD/contracts/v4-twamm-hook/test/TWAMM.t.sol"
      "@uniswap/v4-core/test/utils/Deployers.sol" in "/Users/yevhen/Documents/GitHub/RLD/contracts/v4-twamm-hook/lib/v4-periphery/test/shared/RoutingTestHelpers.sol"
      "solmate/src/utils/FixedPointMathLib.sol" in "/Users/yevhen/Documents/GitHub/RLD/contracts/src/modules/broker/UniswapV4BrokerModule.sol"
      "@openzeppelin/contracts/account/utils/draft-ERC7579Utils.sol" in "/Users/yevhen/Documents/GitHub/RLD/contracts/lib/openzeppelin-v5/test/account/AccountEIP7702.t.sol"
      "src/test/TickMathTest.sol" in "/Users/yevhen/Documents/GitHub/RLD/contracts/lib/v4-core/test/libraries/TickMath.t.sol"
      "@uniswap/v4-core/src/types/PoolKey.sol" in "/Users/yevhen/Documents/GitHub/RLD/contracts/lib/v4-periphery/src/utils/BaseHook.sol"
      "@openzeppelin/contracts/utils/ShortStrings.sol" in "/Users/yevhen/Documents/GitHub/RLD/contracts/lib/openzeppelin-v5/test/utils/ShortStrings.t.sol"
      "@uniswap/v4-core/src/interfaces/IPoolManager.sol" in "/Users/yevhen/Documents/GitHub/RLD/contracts/lib/v4-periphery/test/mocks/MockSafeCallback.sol"
      "v4-core/src/types/PoolKey.sol" in "/Users/yevhen/Documents/GitHub/RLD/contracts/src/core/PrimeBroker.sol"
      "solmate/src/tokens/ERC721.sol" in "/Users/yevhen/Documents/GitHub/RLD/contracts/src/core/PrimeBrokerFactory.sol"
      "@openzeppelin/contracts/token/ERC20/IERC20.sol" in "/Users/yevhen/Documents/GitHub/RLD/contracts/v4-twamm-hook/lib/v4-periphery/src/interfaces/external/IWETH9.sol"
      "forge-std/Test.sol" in "/Users/yevhen/Documents/GitHub/RLD/contracts/lib/v4-periphery/test/hooks/WstETHHook.t.sol"
      "@uniswap/v4-core/src/types/Currency.sol" in "/Users/yevhen/Documents/GitHub/RLD/contracts/v4-twamm-hook/lib/v4-periphery/src/libraries/PathKey.sol"
      "forge-std/Test.sol" in "/Users/yevhen/Documents/GitHub/RLD/contracts/v4-twamm-hook/lib/v4-periphery/test/erc721Permit/ERC721Permit.permit.t.sol"
      "solmate/src/tokens/ERC20.sol" in "/Users/yevhen/Documents/GitHub/RLD/contracts/v4-twamm-hook/lib/v4-periphery/lib/permit2/test/integration/tokens/USDC.t.sol"
      "forge-std/Test.sol" in "/Users/yevhen/Documents/GitHub/RLD/contracts/v4-twamm-hook/lib/v4-periphery/test/mocks/MockDeltaResolver.sol"
      "solmate/src/tokens/ERC20.sol" in "/Users/yevhen/Documents/GitHub/RLD/contracts/lib/v4-periphery/test/hooks/WstETHHook.t.sol"
      "forge-std/Test.sol" in "/Users/yevhen/Documents/GitHub/RLD/contracts/v4-twamm-hook/lib/v4-core/test/DynamicReturnFees.t.sol"
      "@uniswap/v4-core/src/types/PoolKey.sol" in "/Users/yevhen/Documents/GitHub/RLD/contracts/v4-twamm-hook/lib/v4-periphery/test/mocks/MockCalldataDecoder.sol"
      "@uniswap/v4-core/src/types/PoolId.sol" in "/Users/yevhen/Documents/GitHub/RLD/contracts/v4-twamm-hook/lib/v4-periphery/test/position-managers/Execute.t.sol"
      "@uniswap/v4-core/src/interfaces/IPoolManager.sol" in "/Users/yevhen/Documents/GitHub/RLD/contracts/lib/v4-periphery/src/base/ImmutableState.sol"
      "@uniswap/v4-core/src/libraries/Hooks.sol" in "/Users/yevhen/Documents/GitHub/RLD/contracts/lib/v4-periphery/src/base/hooks/BaseTokenWrapperHook.sol"
      "@uniswap/v4-core/src/test/PoolTestBase.sol" in "/Users/yevhen/Documents/GitHub/RLD/contracts/lib/v4-periphery/test/shared/TestRouter.sol"
      "forge-std/Test.sol" in "/Users/yevhen/Documents/GitHub/RLD/contracts/lib/v4-periphery/test/SafeCallback.t.sol"
      "../patched/access/extensions/AccessControlDefaultAdminRules.sol" in "/Users/yevhen/Documents/GitHub/RLD/contracts/v4-twamm-hook/lib/v4-core/lib/openzeppelin-contracts/certora/harnesses/AccessControlDefaultAdminRulesHarness.sol"
      "@uniswap/v4-core/src/libraries/Hooks.sol" in "/Users/yevhen/Documents/GitHub/RLD/contracts/v4-twamm-hook/test/TWAMM.uneven.t.sol"
      "v4-core/test/utils/Constants.sol" in "/Users/yevhen/Documents/GitHub/RLD/contracts/v4-twamm-hook/test/TWAMM.uneven.t.sol"
      "@uniswap/v4-core/src/interfaces/IPoolManager.sol" in "/Users/yevhen/Documents/GitHub/RLD/contracts/v4-twamm-hook/lib/v4-periphery/src/lens/StateView.sol"
      "forge-std/Test.sol" in "/Users/yevhen/Documents/GitHub/RLD/contracts/v4-twamm-hook/lib/v4-periphery/lib/v4-core/test/utils/V3Helper.sol"
      "v4-core/src/types/BalanceDelta.sol" in "/Users/yevhen/Documents/GitHub/RLD/contracts/test/AtomicDeployment.t.sol"
      "@uniswap/v4-core/src/types/PoolId.sol" in "/Users/yevhen/Documents/GitHub/RLD/contracts/v4-twamm-hook/test/TWAMM.complex.t.sol"
      "../patched/access/AccessControl.sol" in "/Users/yevhen/Documents/GitHub/RLD/contracts/lib/openzeppelin-v5/fv/harnesses/AccessControlHarness.sol"
      "../patched/interfaces/IERC721Receiver.sol" in "/Users/yevhen/Documents/GitHub/RLD/contracts/v4-twamm-hook/lib/v4-periphery/lib/v4-core/lib/openzeppelin-contracts/certora/harnesses/ERC721ReceiverHarness.sol"
      "forge-std/Test.sol" in "/Users/yevhen/Documents/GitHub/RLD/contracts/lib/v4-core/test/libraries/Pool.t.sol"
      "@uniswap/v4-core/src/libraries/TickMath.sol" in "/Users/yevhen/Documents/GitHub/RLD/contracts/v4-twamm-hook/lib/v4-periphery/src/V4Router.sol"
      "forge-std/Test.sol" in "/Users/yevhen/Documents/GitHub/RLD/contracts/lib/openzeppelin-v5/test/utils/cryptography/WebAuthn.t.sol"
      "@uniswap/v4-core/src/types/BeforeSwapDelta.sol" in "/Users/yevhen/Documents/GitHub/RLD/contracts/lib/v4-periphery/test/shared/HookModifyLiquidities.sol"
      "@uniswap/v4-core/src/types/PoolKey.sol" in "/Users/yevhen/Documents/GitHub/RLD/contracts/v4-twamm-hook/lib/v4-periphery/test/shared/HookSavesDelta.sol"
      "forge-std/Vm.sol" in "/Users/yevhen/Documents/GitHub/RLD/contracts/v4-twamm-hook/lib/v4-core/test/DynamicReturnFees.t.sol"
      "halmos-cheatcodes/SymTest.sol" in "/Users/yevhen/Documents/GitHub/RLD/contracts/lib/openzeppelin-v5/test/utils/Arrays.t.sol"
      "@uniswap/v4-core/src/libraries/SafeCast.sol" in "/Users/yevhen/Documents/GitHub/RLD/contracts/lib/v4-periphery/test/position-managers/PositionManager.t.sol"
      "forge-std/Test.sol" in "/Users/yevhen/Documents/GitHub/RLD/contracts/v4-twamm-hook/lib/v4-core/test/libraries/TickBitmap.t.sol"
      "@uniswap/v4-core/src/libraries/CustomRevert.sol" in "/Users/yevhen/Documents/GitHub/RLD/contracts/lib/v4-periphery/test/position-managers/PositionManager.modifyLiquidities.t.sol"
      "solmate/src/tokens/ERC20.sol" in "/Users/yevhen/Documents/GitHub/RLD/contracts/v4-twamm-hook/lib/v4-periphery/lib/permit2/test/integration/tokens/RebasingToken.t.sol"
      "@uniswap/v4-core/src/interfaces/IPoolManager.sol" in "/Users/yevhen/Documents/GitHub/RLD/contracts/v4-twamm-hook/lib/v4-periphery/src/base/BaseActionsRouter.sol"
      "@uniswap/v4-core/src/types/PoolId.sol" in "/Users/yevhen/Documents/GitHub/RLD/contracts/v4-twamm-hook/src/TWAMM.sol"
      "@openzeppelin/contracts/utils/cryptography/WebAuthn.sol" in "/Users/yevhen/Documents/GitHub/RLD/contracts/lib/openzeppelin-v5/test/utils/cryptography/WebAuthn.t.sol"
      "forge-std/Test.sol" in "/Users/yevhen/Documents/GitHub/RLD/contracts/v4-twamm-hook/lib/v4-periphery/lib/v4-core/test/PoolManagerInitialize.t.sol"
      "forge-std/Test.sol" in "/Users/yevhen/Documents/GitHub/RLD/contracts/lib/v4-core/test/libraries/SqrtPriceMath.t.sol"
      "solmate/src/tokens/ERC20.sol" in "/Users/yevhen/Documents/GitHub/RLD/contracts/v4-twamm-hook/lib/v4-periphery/lib/permit2/src/AllowanceTransfer.sol"
      "forge-std/Test.sol" in "/Users/yevhen/Documents/GitHub/RLD/contracts/v4-twamm-hook/lib/v4-core/lib/openzeppelin-contracts/test/utils/math/Math.t.sol"
      "forge-std/Vm.sol" in "/Users/yevhen/Documents/GitHub/RLD/contracts/lib/v4-core/test/DynamicReturnFees.t.sol"
      "forge-std/Test.sol" in "/Users/yevhen/Documents/GitHub/RLD/contracts/v4-twamm-hook/lib/v4-core/test/libraries/LPFeeLibrary.t.sol"
      "@uniswap/v4-core/src/types/PoolKey.sol" in "/Users/yevhen/Documents/GitHub/RLD/contracts/lib/v4-periphery/test/V4Quoter.t.sol"
      "forge-std/Test.sol" in "/Users/yevhen/Documents/GitHub/RLD/contracts/v4-twamm-hook/lib/v4-periphery/lib/v4-core/test/Extsload.t.sol"
      "forge-std/StdError.sol" in "/Users/yevhen/Documents/GitHub/RLD/contracts/v4-twamm-hook/lib/v4-periphery/lib/v4-core/test/Tick.t.sol"
      "@uniswap/v4-core/src/libraries/TickBitmap.sol" in "/Users/yevhen/Documents/GitHub/RLD/contracts/v4-twamm-hook/src/TWAMM.sol"
      "@uniswap/v4-core/src/interfaces/IPoolManager.sol" in "/Users/yevhen/Documents/GitHub/RLD/contracts/v4-twamm-hook/lib/v4-periphery/script/03_PoolSwapTest.s.sol"
      "@uniswap/v4-core/src/libraries/Position.sol" in "/Users/yevhen/Documents/GitHub/RLD/contracts/lib/v4-periphery/test/shared/FeeMath.sol"
      "@uniswap/v4-core/src/types/PoolKey.sol" in "/Users/yevhen/Documents/GitHub/RLD/contracts/v4-twamm-hook/lib/v4-periphery/test/libraries/PositionInfoLibrary.t.sol"
      "forge-std/interfaces/IERC721.sol" in "/Users/yevhen/Documents/GitHub/RLD/contracts/v4-twamm-hook/lib/v4-periphery/test/mocks/MockReenterHook.sol"
      "erc4626-tests/ERC4626.test.sol" in "/Users/yevhen/Documents/GitHub/RLD/contracts/v4-twamm-hook/lib/v4-core/lib/openzeppelin-contracts/test/token/ERC20/extensions/ERC4626.t.sol"
      "@uniswap/v4-core/src/types/BalanceDelta.sol" in "/Users/yevhen/Documents/GitHub/RLD/contracts/v4-twamm-hook/lib/v4-periphery/test/position-managers/PositionManager.modifyLiquidities.t.sol"
      "@uniswap/v4-core/src/types/Currency.sol" in "/Users/yevhen/Documents/GitHub/RLD/contracts/v4-twamm-hook/lib/v4-periphery/test/position-managers/PositionManager.multicall.t.sol"
      "@uniswap/v4-core/src/PoolManager.sol" in "/Users/yevhen/Documents/GitHub/RLD/contracts/v4-twamm-hook/lib/v4-periphery/test/position-managers/PositionManager.t.sol"
      "permit2/src/interfaces/IAllowanceTransfer.sol" in "/Users/yevhen/Documents/GitHub/RLD/contracts/v4-twamm-hook/lib/v4-periphery/test/shared/HookModifyLiquidities.sol"
      "@uniswap/v4-core/src/types/PoolKey.sol" in "/Users/yevhen/Documents/GitHub/RLD/contracts/v4-twamm-hook/lib/v4-periphery/src/V4Router.sol"
      "@uniswap/v4-core/src/types/Currency.sol" in "/Users/yevhen/Documents/GitHub/RLD/contracts/lib/v4-periphery/src/libraries/PathKey.sol"
      "@uniswap/v4-core/test/utils/Deployers.sol" in "/Users/yevhen/Documents/GitHub/RLD/contracts/v4-twamm-hook/lib/v4-periphery/test/BaseActionsRouter.t.sol"
      "@uniswap/v4-core/src/libraries/TickMath.sol" in "/Users/yevhen/Documents/GitHub/RLD/contracts/lib/v4-periphery/test/position-managers/PositionManager.gas.t.sol"
      "forge-std/Vm.sol" in "/Users/yevhen/Documents/GitHub/RLD/contracts/v4-twamm-hook/lib/v4-periphery/lib/v4-core/test/utils/SwapHelper.t.sol"
      "@openzeppelin/contracts/token/ERC721/extensions/ERC721Consecutive.sol" in "/Users/yevhen/Documents/GitHub/RLD/contracts/v4-twamm-hook/lib/v4-periphery/lib/v4-core/lib/openzeppelin-contracts/test/token/ERC721/extensions/ERC721Consecutive.t.sol"
      "@uniswap/v4-core/src/types/Currency.sol" in "/Users/yevhen/Documents/GitHub/RLD/contracts/v4-twamm-hook/lib/v4-periphery/src/PositionManager.sol"
      "@openzeppelin/contracts/utils/structs/Heap.sol" in "/Users/yevhen/Documents/GitHub/RLD/contracts/lib/openzeppelin-v5/test/utils/structs/Heap.t.sol"
      "forge-std/Test.sol" in "/Users/yevhen/Documents/GitHub/RLD/contracts/lib/v4-core/test/utils/SwapHelper.t.sol"
      "solmate/src/utils/SafeTransferLib.sol" in "/Users/yevhen/Documents/GitHub/RLD/contracts/src/core/RLDCore.sol"
      "solmate/src/test/utils/mocks/MockERC20.sol" in "/Users/yevhen/Documents/GitHub/RLD/contracts/v4-twamm-hook/lib/v4-periphery/lib/v4-core/test/libraries/Hooks.t.sol"
      "forge-std/Test.sol" in "/Users/yevhen/Documents/GitHub/RLD/contracts/v4-twamm-hook/lib/v4-core/test/types/BalanceDelta.t.sol"
      "v4-core/src/interfaces/IPoolManager.sol" in "/Users/yevhen/Documents/GitHub/RLD/contracts/v4-twamm-hook/script/Deploy.s.sol"
      "forge-std/Test.sol" in "/Users/yevhen/Documents/GitHub/RLD/contracts/test/RLDAaveOracle.t.sol"
      "@uniswap/v4-core/src/libraries/SafeCast.sol" in "/Users/yevhen/Documents/GitHub/RLD/contracts/lib/v4-periphery/src/libraries/LiquidityAmounts.sol"
      "@uniswap/v4-core/src/interfaces/IPoolManager.sol" in "/Users/yevhen/Documents/GitHub/RLD/contracts/v4-twamm-hook/lib/v4-periphery/test/position-managers/IncreaseLiquidity.t.sol"
      "@uniswap/v4-core/src/libraries/StateLibrary.sol" in "/Users/yevhen/Documents/GitHub/RLD/contracts/v4-twamm-hook/lib/v4-periphery/test/V4Quoter.t.sol"
      "forge-std/interfaces/IERC20.sol" in "/Users/yevhen/Documents/GitHub/RLD/contracts/lib/v4-periphery/test/position-managers/PositionManager.multicall.t.sol"
      "../patched/utils/structs/EnumerableMap.sol" in "/Users/yevhen/Documents/GitHub/RLD/contracts/v4-twamm-hook/lib/v4-periphery/lib/v4-core/lib/openzeppelin-contracts/certora/harnesses/EnumerableMapHarness.sol"
      "@uniswap/v4-core/src/PoolManager.sol" in "/Users/yevhen/Documents/GitHub/RLD/contracts/v4-twamm-hook/lib/v4-periphery/test/position-managers/PositionManager.gas.t.sol"
      "@uniswap/v4-core/src/test/PoolSwapTest.sol" in "/Users/yevhen/Documents/GitHub/RLD/contracts/v4-twamm-hook/lib/v4-periphery/test/script/DeployPoolSwapTest.t.sol"
      "@uniswap/v4-core/src/types/BeforeSwapDelta.sol" in "/Users/yevhen/Documents/GitHub/RLD/contracts/lib/v4-periphery/src/utils/BaseHook.sol"
      "@uniswap/v4-core/src/libraries/StateLibrary.sol" in "/Users/yevhen/Documents/GitHub/RLD/contracts/lib/v4-periphery/test/position-managers/PositionManager.multicall.t.sol"
      "solmate/src/tokens/ERC20.sol" in "/Users/yevhen/Documents/GitHub/RLD/contracts/v4-twamm-hook/lib/v4-periphery/lib/permit2/test/mocks/MockFallbackERC20.sol"
      "forge-std/Test.sol" in "/Users/yevhen/Documents/GitHub/RLD/contracts/v4-twamm-hook/lib/v4-periphery/lib/v4-core/test/CustomAccounting.t.sol"
      "@uniswap/v4-core/test/utils/Deployers.sol" in "/Users/yevhen/Documents/GitHub/RLD/contracts/v4-twamm-hook/lib/v4-periphery/test/shared/PosmTestSetup.sol"
      "src/test/PoolNestedActionsTest.sol" in "/Users/yevhen/Documents/GitHub/RLD/contracts/v4-twamm-hook/lib/v4-periphery/lib/v4-core/test/utils/NestedActions.t.sol"
      "@uniswap/v4-core/src/types/Currency.sol" in "/Users/yevhen/Documents/GitHub/RLD/contracts/lib/v4-periphery/src/V4Router.sol"
      "@uniswap/v4-core/src/libraries/TickMath.sol" in "/Users/yevhen/Documents/GitHub/RLD/contracts/v4-twamm-hook/lib/v4-periphery/src/libraries/Descriptor.sol"
      "openzeppelin-contracts/contracts/utils/Strings.sol" in "/Users/yevhen/Documents/GitHub/RLD/contracts/v4-twamm-hook/lib/v4-periphery/src/libraries/Descriptor.sol"
      "forge-std/Base.sol" in "/Users/yevhen/Documents/GitHub/RLD/contracts/v4-twamm-hook/lib/v4-periphery/lib/v4-core/test/utils/JavascriptFfi.sol"
      "forge-std/Test.sol" in "/Users/yevhen/Documents/GitHub/RLD/contracts/v4-twamm-hook/lib/v4-periphery/test/erc721Permit/ERC721Permit.permitForAll.t.sol"
      "@uniswap/v4-core/src/libraries/Position.sol" in "/Users/yevhen/Documents/GitHub/RLD/contracts/lib/v4-periphery/test/position-managers/PositionManager.t.sol"
      "@uniswap/v4-core/src/types/PoolKey.sol" in "/Users/yevhen/Documents/GitHub/RLD/contracts/v4-twamm-hook/lib/v4-periphery/src/libraries/PathKey.sol"
      "solmate/src/utils/LibString.sol" in "/Users/yevhen/Documents/GitHub/RLD/contracts/test/BondNFTTest.t.sol"
      "forge-std/Vm.sol" in "/Users/yevhen/Documents/GitHub/RLD/contracts/v4-twamm-hook/lib/v4-core/test/libraries/TickMath.t.sol"
      "../patched/utils/Nonces.sol" in "/Users/yevhen/Documents/GitHub/RLD/contracts/lib/openzeppelin-v5/fv/harnesses/NoncesHarness.sol"
      "@uniswap/v4-core/src/libraries/Position.sol" in "/Users/yevhen/Documents/GitHub/RLD/contracts/lib/v4-periphery/src/lens/StateView.sol"
      "forge-std/Test.sol" in "/Users/yevhen/Documents/GitHub/RLD/contracts/lib/v4-periphery/test/shared/PosmTestSetup.sol"
      "forge-std/Test.sol" in "/Users/yevhen/Documents/GitHub/RLD/contracts/lib/v4-core/test/CurrencyReserves.t.sol"
      "forge-std/Test.sol" in "/Users/yevhen/Documents/GitHub/RLD/contracts/v4-twamm-hook/lib/v4-periphery/lib/permit2/test/utils/TokenProvider.sol"
      "@uniswap/v4-core/src/PoolManager.sol" in "/Users/yevhen/Documents/GitHub/RLD/contracts/lib/v4-periphery/test/position-managers/Permit.t.sol"
      "forge-std/Test.sol" in "/Users/yevhen/Documents/GitHub/RLD/contracts/v4-twamm-hook/lib/v4-periphery/lib/v4-core/lib/openzeppelin-contracts/test/metatx/ERC2771Forwarder.t.sol"
      "@openzeppelin/contracts/utils/cryptography/P256.sol" in "/Users/yevhen/Documents/GitHub/RLD/contracts/lib/openzeppelin-v5/test/utils/cryptography/P256.t.sol"
      "ds-test/test.sol" in "/Users/yevhen/Documents/GitHub/RLD/contracts/v4-twamm-hook/lib/v4-periphery/lib/v4-core/lib/solmate/src/test/utils/DSTestPlus.sol"
      "@uniswap/v4-core/test/utils/LiquidityAmounts.sol" in "/Users/yevhen/Documents/GitHub/RLD/contracts/v4-twamm-hook/lib/v4-periphery/test/position-managers/PositionManager.modifyLiquidities.t.sol"
      "@openzeppelin/contracts/utils/math/SafeCast.sol" in "/Users/yevhen/Documents/GitHub/RLD/contracts/lib/openzeppelin-v5/test/utils/structs/Checkpoints.t.sol"
      "solmate/src/tokens/ERC721.sol" in "/Users/yevhen/Documents/GitHub/RLD/contracts/v4-twamm-hook/lib/v4-periphery/lib/permit2/test/mocks/MockERC721.sol"
      "forge-std/Test.sol" in "/Users/yevhen/Documents/GitHub/RLD/contracts/v4-twamm-hook/lib/v4-periphery/lib/v4-core/test/ModifyLiquidity.t.sol"
      "@openzeppelin/contracts/utils/Errors.sol" in "/Users/yevhen/Documents/GitHub/RLD/contracts/lib/openzeppelin-v5/test/utils/cryptography/P256.t.sol"
      "@uniswap/v4-core/src/libraries/Hooks.sol" in "/Users/yevhen/Documents/GitHub/RLD/contracts/lib/v4-periphery/test/hooks/WstETHHook.t.sol"
      "@uniswap/v4-core/src/interfaces/IPoolManager.sol" in "/Users/yevhen/Documents/GitHub/RLD/contracts/lib/v4-periphery/test/position-managers/NativeToken.t.sol"
      "forge-std/Test.sol" in "/Users/yevhen/Documents/GitHub/RLD/contracts/lib/openzeppelin-v5/test/governance/Governor.t.sol"
      "../munged/governance/extensions/GovernorTimelockCompound.sol" in "/Users/yevhen/Documents/GitHub/RLD/contracts/v4-twamm-hook/lib/v4-periphery/lib/permit2/lib/openzeppelin-contracts/certora/harnesses/WizardFirstTry.sol"
      "@uniswap/v4-core/src/types/PoolKey.sol" in "/Users/yevhen/Documents/GitHub/RLD/contracts/lib/v4-periphery/test/shared/Planner.sol"
      "@openzeppelin/contracts/utils/math/SafeCast.sol" in "/Users/yevhen/Documents/GitHub/RLD/contracts/lib/openzeppelin-v5/test/metatx/ERC2771Forwarder.t.sol"
      "forge-std/interfaces/IERC20.sol" in "/Users/yevhen/Documents/GitHub/RLD/contracts/lib/v4-periphery/test/shared/PosmTestSetup.sol"
      "forge-std/Test.sol" in "/Users/yevhen/Documents/GitHub/RLD/contracts/v4-twamm-hook/lib/v4-core/src/test/SkipCallsTestHook.sol"
      "@openzeppelin/contracts/utils/Create2.sol" in "/Users/yevhen/Documents/GitHub/RLD/contracts/lib/v4-periphery/test/UniswapV4DeployerCompetition.t.sol"
      "@uniswap/v4-core/src/libraries/Position.sol" in "/Users/yevhen/Documents/GitHub/RLD/contracts/lib/v4-periphery/src/PositionManager.sol"
      "forge-std/Test.sol" in "/Users/yevhen/Documents/GitHub/RLD/contracts/v4-twamm-hook/lib/v4-periphery/lib/permit2/test/integration/GnosisSafe.t.sol"
      "@uniswap/v4-core/src/interfaces/IPoolManager.sol" in "/Users/yevhen/Documents/GitHub/RLD/contracts/v4-twamm-hook/lib/v4-periphery/test/mocks/MockBaseActionsRouter.sol"
      "@uniswap/v4-core/src/libraries/SafeCast.sol" in "/Users/yevhen/Documents/GitHub/RLD/contracts/v4-twamm-hook/lib/v4-periphery/test/position-managers/NativeToken.t.sol"
      "@uniswap/v4-core/src/types/Currency.sol" in "/Users/yevhen/Documents/GitHub/RLD/contracts/v4-twamm-hook/lib/v4-periphery/test/router/V4Router.t.sol"
      "@uniswap/v4-core/src/types/Currency.sol" in "/Users/yevhen/Documents/GitHub/RLD/contracts/v4-twamm-hook/src/TWAMM.sol"
      "@uniswap/v4-core/src/types/PoolKey.sol" in "/Users/yevhen/Documents/GitHub/RLD/contracts/lib/v4-periphery/test/position-managers/PositionManager.modifyLiquidities.t.sol"
      "forge-std/Test.sol" in "/Users/yevhen/Documents/GitHub/RLD/contracts/lib/openzeppelin-v5/test/account/AccountEIP7702.t.sol"
      "forge-std/Test.sol" in "/Users/yevhen/Documents/GitHub/RLD/contracts/lib/v4-core/test/types/Currency.t.sol"
      "forge-std/Test.sol" in "/Users/yevhen/Documents/GitHub/RLD/contracts/lib/v4-periphery/test/libraries/BipsLibrary.t.sol"
      "forge-std/Test.sol" in "/Users/yevhen/Documents/GitHub/RLD/contracts/v4-twamm-hook/lib/v4-core/test/libraries/SafeCast.t.sol"
      "solmate/src/tokens/ERC20.sol" in "/Users/yevhen/Documents/GitHub/RLD/contracts/v4-twamm-hook/lib/v4-periphery/lib/permit2/test/integration/tokens/USDT.t.sol"
      "@uniswap/v4-core/src/types/BalanceDelta.sol" in "/Users/yevhen/Documents/GitHub/RLD/contracts/lib/v4-periphery/src/PositionManager.sol"
      "@uniswap/v4-core/src/interfaces/callback/IUnlockCallback.sol" in "/Users/yevhen/Documents/GitHub/RLD/contracts/lib/v4-periphery/test/mocks/MockDeltaResolver.sol"
      "@openzeppelin/contracts/token/ERC20/ERC20.sol" in "/Users/yevhen/Documents/GitHub/RLD/contracts/v4-twamm-hook/lib/v4-core/lib/openzeppelin-contracts/test/token/ERC20/extensions/ERC4626.t.sol"
      "@uniswap/v4-core/src/types/PoolId.sol" in "/Users/yevhen/Documents/GitHub/RLD/contracts/v4-twamm-hook/lib/v4-periphery/test/position-managers/FeeCollection.t.sol"
      "../../interfaces/IDefaultOracle.sol" in "/Users/yevhen/Documents/GitHub/RLD/contracts/src/modules/hooks/CDSHook.sol"
      "forge-std/Test.sol" in "/Users/yevhen/Documents/GitHub/RLD/contracts/v4-twamm-hook/lib/v4-core/test/libraries/PoolId.t.sol"
      "forge-std/interfaces/IERC20.sol" in "/Users/yevhen/Documents/GitHub/RLD/contracts/v4-twamm-hook/lib/v4-periphery/test/position-managers/PositionManager.modifyLiquidities.t.sol"
      "@uniswap/v4-core/src/libraries/FixedPoint128.sol" in "/Users/yevhen/Documents/GitHub/RLD/contracts/lib/v4-periphery/test/shared/FeeMath.sol"
      "@uniswap/v4-core/src/interfaces/IPoolManager.sol" in "/Users/yevhen/Documents/GitHub/RLD/contracts/lib/v4-periphery/src/lens/V4Quoter.sol"
      "solmate/src/tokens/ERC20.sol" in "/Users/yevhen/Documents/GitHub/RLD/contracts/v4-twamm-hook/lib/v4-periphery/lib/permit2/test/mocks/MockPermit2Lib.sol"
      "forge-std/Test.sol" in "/Users/yevhen/Documents/GitHub/RLD/contracts/lib/v4-periphery/test/position-managers/PositionManager.notifier.t.sol"
      "solmate/src/utils/FixedPointMathLib.sol" in "/Users/yevhen/Documents/GitHub/RLD/contracts/v4-twamm-hook/lib/v4-periphery/test/StateViewTest.t.sol"
      "@uniswap/v4-core/src/types/PoolId.sol" in "/Users/yevhen/Documents/GitHub/RLD/contracts/lib/v4-periphery/test/position-managers/PositionManager.t.sol"
      "forge-std/Test.sol" in "/Users/yevhen/Documents/GitHub/RLD/contracts/v4-twamm-hook/lib/v4-periphery/lib/v4-core/test/libraries/NonzeroDeltaCount.t.sol"
      "@uniswap/v4-core/src/types/PoolKey.sol" in "/Users/yevhen/Documents/GitHub/RLD/contracts/v4-twamm-hook/lib/v4-periphery/test/shared/Planner.sol"
      "@lib/OrderPool.sol" in "/Users/yevhen/Documents/GitHub/RLD/contracts/v4-twamm-hook/src/ITWAMM.sol"
      "@src/ITWAMM.sol" in "/Users/yevhen/Documents/GitHub/RLD/contracts/v4-twamm-hook/src/TWAMM.sol"
      "@uniswap/v4-core/src/types/Currency.sol" in "/Users/yevhen/Documents/GitHub/RLD/contracts/v4-twamm-hook/test/TWAMM.t.sol"
      "forge-std/console.sol" in "/Users/yevhen/Documents/GitHub/RLD/contracts/v4-twamm-hook/test/TWAMM_Cancel.t.sol"
      "@uniswap/v4-core/src/libraries/Position.sol" in "/Users/yevhen/Documents/GitHub/RLD/contracts/v4-twamm-hook/lib/v4-periphery/test/position-managers/PositionManager.t.sol"
      "@uniswap/v4-core/src/libraries/TickMath.sol" in "/Users/yevhen/Documents/GitHub/RLD/contracts/lib/v4-periphery/test/position-managers/PositionManager.t.sol"
      "@uniswap/v4-core/src/types/Currency.sol" in "/Users/yevhen/Documents/GitHub/RLD/contracts/lib/v4-periphery/test/position-managers/IncreaseLiquidity.t.sol"
      "@openzeppelin/contracts/utils/Strings.sol" in "/Users/yevhen/Documents/GitHub/RLD/contracts/src/utils/BondMetadataRenderer.sol"
      "forge-std/StdUtils.sol" in "/Users/yevhen/Documents/GitHub/RLD/contracts/v4-twamm-hook/lib/v4-periphery/lib/v4-core/src/test/Fuzzers.sol"
      "@openzeppelin/contracts/token/ERC20/IERC20.sol" in "/Users/yevhen/Documents/GitHub/RLD/contracts/lib/v4-periphery/src/interfaces/external/IWETH9.sol"
      "solmate/src/test/utils/mocks/MockERC20.sol" in "/Users/yevhen/Documents/GitHub/RLD/contracts/v4-twamm-hook/test/TWAMM.t.sol"
      "@uniswap/v4-core/src/libraries/FullMath.sol" in "/Users/yevhen/Documents/GitHub/RLD/contracts/lib/v4-periphery/test/shared/FeeMath.sol"
      "forge-std/Test.sol" in "/Users/yevhen/Documents/GitHub/RLD/contracts/lib/v4-periphery/test/libraries/CalldataDecoder.t.sol"
      "@uniswap/v4-core/src/test/BaseTestHooks.sol" in "/Users/yevhen/Documents/GitHub/RLD/contracts/lib/v4-periphery/test/mocks/MockReenterHook.sol"
      "forge-std/Test.sol" in "/Users/yevhen/Documents/GitHub/RLD/contracts/lib/v4-periphery/test/position-managers/PositionManager.gas.t.sol"
      "solmate/src/test/utils/mocks/MockERC20.sol" in "/Users/yevhen/Documents/GitHub/RLD/contracts/v4-twamm-hook/lib/v4-periphery/lib/v4-core/test/utils/SortTokens.sol"
      "forge-std/console2.sol" in "/Users/yevhen/Documents/GitHub/RLD/contracts/v4-twamm-hook/lib/v4-periphery/lib/permit2/lib/forge-gas-snapshot/test/GasSnapshot.t.sol"
      "@uniswap/v4-core/src/libraries/StateLibrary.sol" in "/Users/yevhen/Documents/GitHub/RLD/contracts/v4-twamm-hook/lib/v4-periphery/test/position-managers/Permit.t.sol"
      "@uniswap/v4-core/src/PoolManager.sol" in "/Users/yevhen/Documents/GitHub/RLD/contracts/v4-twamm-hook/lib/v4-periphery/test/script/DeployPoolSwapTest.t.sol"
      "v4-periphery/src/interfaces/IPositionManager.sol" in "/Users/yevhen/Documents/GitHub/RLD/contracts/v4-twamm-hook/test/TWAMM.t.sol"
      "@uniswap/v4-core/src/libraries/SafeCast.sol" in "/Users/yevhen/Documents/GitHub/RLD/contracts/lib/v4-periphery/test/position-managers/NativeToken.t.sol"
      "@uniswap/v4-core/src/libraries/TickBitmap.sol" in "/Users/yevhen/Documents/GitHub/RLD/contracts/lib/v4-periphery/test/StateViewTest.t.sol"
      "@uniswap/v4-core/src/types/BalanceDelta.sol" in "/Users/yevhen/Documents/GitHub/RLD/contracts/lib/v4-periphery/test/position-managers/IncreaseLiquidity.t.sol"
      "forge-std/Test.sol" in "/Users/yevhen/Documents/GitHub/RLD/contracts/v4-twamm-hook/lib/v4-core/test/ModifyLiquidity.t.sol"
      "openzeppelin-contracts/contracts/utils/Base64.sol" in "/Users/yevhen/Documents/GitHub/RLD/contracts/lib/v4-periphery/src/libraries/Descriptor.sol"
      "@uniswap/v4-core/src/types/PoolKey.sol" in "/Users/yevhen/Documents/GitHub/RLD/contracts/lib/v4-periphery/test/position-managers/PositionManager.notifier.t.sol"
      "@uniswap/v4-core/test/utils/SortTokens.sol" in "/Users/yevhen/Documents/GitHub/RLD/contracts/lib/v4-periphery/test/shared/PosmTestSetup.sol"
      "@uniswap/v4-core/src/libraries/TickMath.sol" in "/Users/yevhen/Documents/GitHub/RLD/contracts/v4-twamm-hook/lib/v4-periphery/src/PositionManager.sol"
      "@uniswap/v4-core/src/interfaces/IHooks.sol" in "/Users/yevhen/Documents/GitHub/RLD/contracts/v4-twamm-hook/lib/v4-periphery/test/position-managers/PositionManager.modifyLiquidities.t.sol"
      "v4-periphery/src/PositionManager.sol" in "/Users/yevhen/Documents/GitHub/RLD/contracts/v4-twamm-hook/test/utils/Fixtures.sol"
      "forge-std/Test.sol" in "/Users/yevhen/Documents/GitHub/RLD/contracts/v4-twamm-hook/lib/v4-periphery/test/DeltaResolver.t.sol"
      "@uniswap/v4-core/src/test/BaseTestHooks.sol" in "/Users/yevhen/Documents/GitHub/RLD/contracts/lib/v4-periphery/test/shared/HookSavesDelta.sol"
      "@uniswap/v4-core/src/interfaces/IPoolManager.sol" in "/Users/yevhen/Documents/GitHub/RLD/contracts/v4-twamm-hook/lib/v4-periphery/test/position-managers/Permit.t.sol"
      "@uniswap/v4-core/src/interfaces/IHooks.sol" in "/Users/yevhen/Documents/GitHub/RLD/contracts/lib/v4-periphery/test/position-managers/PositionManager.gas.t.sol"
      "@uniswap/v4-core/src/types/PoolKey.sol" in "/Users/yevhen/Documents/GitHub/RLD/contracts/v4-twamm-hook/lib/v4-periphery/src/libraries/CalldataDecoder.sol"
      "../patched/interfaces/IERC3156FlashBorrower.sol" in "/Users/yevhen/Documents/GitHub/RLD/contracts/v4-twamm-hook/lib/v4-periphery/lib/v4-core/lib/openzeppelin-contracts/certora/harnesses/ERC3156FlashBorrowerHarness.sol"
      "forge-std/Test.sol" in "/Users/yevhen/Documents/GitHub/RLD/contracts/v4-twamm-hook/lib/v4-periphery/test/position-managers/NativeToken.t.sol"
      "forge-std/Test.sol" in "/Users/yevhen/Documents/GitHub/RLD/contracts/v4-twamm-hook/lib/v4-periphery/lib/permit2/test/CompactSignature.t.sol"
      "@uniswap/v4-core/src/types/PoolOperation.sol" in "/Users/yevhen/Documents/GitHub/RLD/contracts/lib/v4-periphery/test/position-managers/PositionManager.t.sol"
      "@openzeppelin/contracts/proxy/Clones.sol" in "/Users/yevhen/Documents/GitHub/RLD/contracts/lib/openzeppelin-v5/test/proxy/Clones.t.sol"
      "forge-std/Test.sol" in "/Users/yevhen/Documents/GitHub/RLD/contracts/lib/v4-core/test/libraries/ProtocolFeeLibrary.t.sol"
      "@uniswap/v4-core/src/interfaces/IPoolManager.sol" in "/Users/yevhen/Documents/GitHub/RLD/contracts/lib/v4-periphery/src/base/BaseV4Quoter.sol"
      "@uniswap/v4-core/src/types/BalanceDelta.sol" in "/Users/yevhen/Documents/GitHub/RLD/contracts/lib/v4-periphery/test/mocks/MockBadSubscribers.sol"
      "@uniswap/v4-core/src/libraries/TransientStateLibrary.sol" in "/Users/yevhen/Documents/GitHub/RLD/contracts/lib/v4-periphery/src/base/DeltaResolver.sol"
      "forge-std/Script.sol" in "/Users/yevhen/Documents/GitHub/RLD/contracts/v4-twamm-hook/lib/v4-periphery/lib/permit2/lib/forge-gas-snapshot/src/GasSnapshot.sol"
      "forge-std/Test.sol" in "/Users/yevhen/Documents/GitHub/RLD/contracts/test/GenericExecution.t.sol"
      "v4-core/src/types/BeforeSwapDelta.sol" in "/Users/yevhen/Documents/GitHub/RLD/contracts/test/GenericExecution.t.sol"
      "forge-std/Test.sol" in "/Users/yevhen/Documents/GitHub/RLD/contracts/v4-twamm-hook/lib/v4-periphery/test/SafeCallback.t.sol"
      "@uniswap/v4-core/src/libraries/TickMath.sol" in "/Users/yevhen/Documents/GitHub/RLD/contracts/v4-twamm-hook/lib/v4-periphery/test/PositionDescriptor.t.sol"
      "@uniswap/v4-core/src/types/Currency.sol" in "/Users/yevhen/Documents/GitHub/RLD/contracts/lib/v4-periphery/src/libraries/CalldataDecoder.sol"
      "@uniswap/v4-core/src/types/BalanceDelta.sol" in "/Users/yevhen/Documents/GitHub/RLD/contracts/v4-twamm-hook/lib/v4-periphery/test/mocks/MockBadSubscribers.sol"
      "solmate/src/test/utils/mocks/MockERC20.sol" in "/Users/yevhen/Documents/GitHub/RLD/contracts/lib/v4-core/test/DynamicReturnFees.t.sol"
      "../patched/utils/structs/DoubleEndedQueue.sol" in "/Users/yevhen/Documents/GitHub/RLD/contracts/lib/openzeppelin-v5/fv/harnesses/DoubleEndedQueueHarness.sol"
      "solmate/src/utils/SafeTransferLib.sol" in "/Users/yevhen/Documents/GitHub/RLD/contracts/lib/v4-periphery/src/hooks/WstETHHook.sol"
      "@uniswap/v4-core/src/types/PoolKey.sol" in "/Users/yevhen/Documents/GitHub/RLD/contracts/src/modules/oracles/UniswapV4SingletonOracle.sol"
      "forge-std/Test.sol" in "/Users/yevhen/Documents/GitHub/RLD/contracts/lib/v4-core/test/libraries/UnsafeMath.t.sol"
      "@uniswap/v4-core/src/types/Currency.sol" in "/Users/yevhen/Documents/GitHub/RLD/contracts/v4-twamm-hook/lib/v4-periphery/test/position-managers/NativeToken.t.sol"
      "@openzeppelin/contracts/utils/RLP.sol" in "/Users/yevhen/Documents/GitHub/RLD/contracts/lib/openzeppelin-v5/test/utils/RLP.t.sol"
      "@uniswap/v4-core/src/types/Currency.sol" in "/Users/yevhen/Documents/GitHub/RLD/contracts/lib/v4-periphery/test/hooks/WETHHook.t.sol"
      "@uniswap/v4-core/src/types/PoolId.sol" in "/Users/yevhen/Documents/GitHub/RLD/contracts/src/modules/oracles/UniswapV4SingletonOracle.sol"
      "@uniswap/v4-core/src/libraries/StateLibrary.sol" in "/Users/yevhen/Documents/GitHub/RLD/contracts/lib/v4-periphery/test/V4Quoter.t.sol"
      "@uniswap/v4-core/src/libraries/SafeCast.sol" in "/Users/yevhen/Documents/GitHub/RLD/contracts/lib/v4-periphery/test/shared/LiquidityOperations.sol"
      "@uniswap/v4-core/src/types/Currency.sol" in "/Users/yevhen/Documents/GitHub/RLD/contracts/v4-twamm-hook/lib/v4-periphery/src/lens/V4Quoter.sol"
      "../patched/utils/Pausable.sol" in "/Users/yevhen/Documents/GitHub/RLD/contracts/v4-twamm-hook/lib/v4-core/lib/openzeppelin-contracts/certora/harnesses/PausableHarness.sol"
      "@uniswap/v4-core/test/utils/LiquidityAmounts.sol" in "/Users/yevhen/Documents/GitHub/RLD/contracts/v4-twamm-hook/lib/v4-periphery/test/PositionDescriptor.t.sol"
      "src/libraries/StateLibrary.sol" in "/Users/yevhen/Documents/GitHub/RLD/contracts/v4-twamm-hook/lib/v4-periphery/lib/v4-core/test/ModifyLiquidity.t.sol"
      "solmate/src/utils/FixedPointMathLib.sol" in "/Users/yevhen/Documents/GitHub/RLD/contracts/v4-twamm-hook/lib/v4-periphery/test/position-managers/PositionManager.gas.t.sol"
      "@uniswap/v4-core/src/libraries/TickMath.sol" in "/Users/yevhen/Documents/GitHub/RLD/contracts/v4-twamm-hook/lib/v4-periphery/test/position-managers/PositionManager.modifyLiquidities.t.sol"
      "@uniswap/v4-core/src/interfaces/external/IERC20Minimal.sol" in "/Users/yevhen/Documents/GitHub/RLD/contracts/v4-twamm-hook/src/ITWAMM.sol"
      "@uniswap/v4-core/src/libraries/StateLibrary.sol" in "/Users/yevhen/Documents/GitHub/RLD/contracts/v4-twamm-hook/lib/v4-periphery/test/position-managers/PositionManager.gas.t.sol"
      "@uniswap/v4-core/src/interfaces/IPoolManager.sol" in "/Users/yevhen/Documents/GitHub/RLD/contracts/lib/v4-periphery/src/interfaces/IStateView.sol"
      "ds-test/test.sol" in "/Users/yevhen/Documents/GitHub/RLD/contracts/v4-twamm-hook/lib/v4-periphery/lib/permit2/lib/forge-std/src/Test.sol"
      "forge-gas-snapshot/GasSnapshot.sol" in "/Users/yevhen/Documents/GitHub/RLD/contracts/v4-twamm-hook/lib/v4-periphery/lib/permit2/test/Permit2Lib.t.sol"
      "openzeppelin-v5/contracts/proxy/Clones.sol" in "/Users/yevhen/Documents/GitHub/RLD/contracts/src/core/PrimeBrokerFactory.sol"
      "@uniswap/v4-core/src/libraries/TickMath.sol" in "/Users/yevhen/Documents/GitHub/RLD/contracts/lib/v4-periphery/src/libraries/Descriptor.sol"
      "openzeppelin-contracts/contracts/utils/Base64.sol" in "/Users/yevhen/Documents/GitHub/RLD/contracts/v4-twamm-hook/lib/v4-periphery/src/libraries/Descriptor.sol"
      "@uniswap/v4-core/src/types/Currency.sol" in "/Users/yevhen/Documents/GitHub/RLD/contracts/v4-twamm-hook/lib/v4-periphery/test/position-managers/Execute.t.sol"
      "@uniswap/v4-core/src/types/PoolKey.sol" in "/Users/yevhen/Documents/GitHub/RLD/contracts/v4-twamm-hook/lib/v4-periphery/test/shared/FeeMath.sol"
      "@uniswap/v4-core/src/types/Currency.sol" in "/Users/yevhen/Documents/GitHub/RLD/contracts/v4-twamm-hook/lib/v4-periphery/test/shared/HookModifyLiquidities.sol"
      "forge-std/console2.sol" in "/Users/yevhen/Documents/GitHub/RLD/contracts/lib/v4-periphery/script/03_PoolSwapTest.s.sol"
      "solmate/src/test/utils/mocks/MockERC20.sol" in "/Users/yevhen/Documents/GitHub/RLD/contracts/lib/v4-core/test/utils/SwapHelper.t.sol"
      "@uniswap/v4-core/src/types/Currency.sol" in "/Users/yevhen/Documents/GitHub/RLD/contracts/v4-twamm-hook/lib/v4-periphery/test/shared/fuzz/LiquidityFuzzers.sol"
      "solmate/src/tokens/WETH.sol" in "/Users/yevhen/Documents/GitHub/RLD/contracts/lib/v4-periphery/src/hooks/WETHHook.sol"
      "@uniswap/v4-core/test/utils/Deployers.sol" in "/Users/yevhen/Documents/GitHub/RLD/contracts/v4-twamm-hook/lib/v4-periphery/test/DeltaResolver.t.sol"
      "@uniswap/v4-core/test/utils/LiquidityAmounts.sol" in "/Users/yevhen/Documents/GitHub/RLD/contracts/v4-twamm-hook/lib/v4-periphery/test/position-managers/Execute.t.sol"
      "@uniswap/v4-core/src/types/Currency.sol" in "/Users/yevhen/Documents/GitHub/RLD/contracts/v4-twamm-hook/lib/v4-periphery/test/router/V4Router.gas.t.sol"
      "@uniswap/v4-core/src/types/PoolKey.sol" in "/Users/yevhen/Documents/GitHub/RLD/contracts/v4-twamm-hook/script/Deploy.s.sol"
      "@uniswap/v4-core/src/types/PoolOperation.sol" in "/Users/yevhen/Documents/GitHub/RLD/contracts/lib/v4-periphery/test/shared/HookSavesDelta.sol"
      "openzeppelin-contracts/contracts/utils/cryptography/EIP712.sol" in "/Users/yevhen/Documents/GitHub/RLD/contracts/lib/v4-periphery/test/shared/Permit2SignatureHelpers.sol"
      "@uniswap/v4-core/src/interfaces/IHooks.sol" in "/Users/yevhen/Documents/GitHub/RLD/contracts/v4-twamm-hook/lib/v4-periphery/test/StateViewTest.t.sol"
      "@uniswap/v4-core/src/libraries/SafeCast.sol" in "/Users/yevhen/Documents/GitHub/RLD/contracts/lib/v4-periphery/test/shared/FeeMath.sol"
      "forge-std/Test.sol" in "/Users/yevhen/Documents/GitHub/RLD/contracts/lib/v4-periphery/test/position-managers/IncreaseLiquidity.t.sol"
      "@src/libraries/TwapOracle.sol" in "/Users/yevhen/Documents/GitHub/RLD/contracts/v4-twamm-hook/src/TWAMM.sol"
      "@uniswap/v4-core/src/types/Currency.sol" in "/Users/yevhen/Documents/GitHub/RLD/contracts/v4-twamm-hook/lib/v4-periphery/src/V4Router.sol"
      "@uniswap/v4-core/src/types/PoolKey.sol" in "/Users/yevhen/Documents/GitHub/RLD/contracts/v4-twamm-hook/test/TWAMM.kill.t.sol"
      "forge-std/interfaces/IERC20.sol" in "/Users/yevhen/Documents/GitHub/RLD/contracts/v4-twamm-hook/lib/v4-periphery/test/position-managers/Execute.t.sol"
      "@uniswap/v4-core/src/interfaces/IHooks.sol" in "/Users/yevhen/Documents/GitHub/RLD/contracts/v4-twamm-hook/lib/v4-periphery/test/DeltaResolver.t.sol"
      "@uniswap/v4-core/src/libraries/StateLibrary.sol" in "/Users/yevhen/Documents/GitHub/RLD/contracts/v4-twamm-hook/test/TWAMM.kill.t.sol"
      "@uniswap/v4-core/test/utils/Deployers.sol" in "/Users/yevhen/Documents/GitHub/RLD/contracts/lib/v4-periphery/test/shared/PosmTestSetup.sol"
      "@uniswap/v4-core/src/interfaces/IPoolManager.sol" in "/Users/yevhen/Documents/GitHub/RLD/contracts/v4-twamm-hook/lib/v4-periphery/src/base/BaseV4Quoter.sol"
      "forge-std/Test.sol" in "/Users/yevhen/Documents/GitHub/RLD/contracts/lib/v4-core/test/PoolManagerInitialize.t.sol"
      "@uniswap/v4-core/test/utils/Deployers.sol" in "/Users/yevhen/Documents/GitHub/RLD/contracts/lib/v4-periphery/test/shared/RoutingTestHelpers.sol"
      "@openzeppelin/contracts/utils/NoncesKeyed.sol" in "/Users/yevhen/Documents/GitHub/RLD/contracts/lib/openzeppelin-v5/test/utils/NoncesKeyed.t.sol"
      "solmate/src/test/utils/mocks/MockERC20.sol" in "/Users/yevhen/Documents/GitHub/RLD/contracts/v4-twamm-hook/lib/v4-core/src/test/ActionsRouter.sol"
      "solmate/src/test/utils/mocks/MockERC20.sol" in "/Users/yevhen/Documents/GitHub/RLD/contracts/v4-twamm-hook/lib/v4-periphery/test/position-managers/PositionManager.modifyLiquidities.t.sol"
      "@uniswap/v4-core/test/utils/Deployers.sol" in "/Users/yevhen/Documents/GitHub/RLD/contracts/lib/v4-periphery/test/SafeCallback.t.sol"
      "openzeppelin-contracts/contracts/utils/cryptography/EIP712.sol" in "/Users/yevhen/Documents/GitHub/RLD/contracts/v4-twamm-hook/lib/v4-periphery/test/shared/Permit2SignatureHelpers.sol"
      "v4-core/test/utils/Constants.sol" in "/Users/yevhen/Documents/GitHub/RLD/contracts/v4-twamm-hook/test/TWAMM.complex.t.sol"
      "@uniswap/v4-core/src/types/PoolKey.sol" in "/Users/yevhen/Documents/GitHub/RLD/contracts/lib/v4-periphery/src/PositionManager.sol"
      "solmate/src/test/utils/mocks/MockERC20.sol" in "/Users/yevhen/Documents/GitHub/RLD/contracts/v4-twamm-hook/lib/v4-core/test/utils/SortTokens.sol"
      "openzeppelin-contracts/contracts/utils/Base64.sol" in "/Users/yevhen/Documents/GitHub/RLD/contracts/lib/v4-periphery/src/libraries/SVG.sol"
      "forge-std/Test.sol" in "/Users/yevhen/Documents/GitHub/RLD/contracts/v4-twamm-hook/lib/v4-periphery/test/position-managers/Permit2Forwarder.t.sol"
      "forge-std/Test.sol" in "/Users/yevhen/Documents/GitHub/RLD/contracts/v4-twamm-hook/lib/v4-periphery/test/libraries/SVG.t.sol"
      "@uniswap/v4-core/src/libraries/LPFeeLibrary.sol" in "/Users/yevhen/Documents/GitHub/RLD/contracts/lib/v4-periphery/src/libraries/Descriptor.sol"
      "@openzeppelin/contracts/utils/Nonces.sol" in "/Users/yevhen/Documents/GitHub/RLD/contracts/lib/openzeppelin-v5/test/utils/NoncesKeyed.t.sol"
      "@uniswap/v4-core/src/types/PoolKey.sol" in "/Users/yevhen/Documents/GitHub/RLD/contracts/lib/v4-periphery/test/position-managers/PositionManager.t.sol"
      "forge-std/Test.sol" in "/Users/yevhen/Documents/GitHub/RLD/contracts/v4-twamm-hook/lib/v4-periphery/lib/v4-core/test/PoolManager.t.sol"
      "solmate/src/auth/Owned.sol" in "/Users/yevhen/Documents/GitHub/RLD/contracts/lib/v4-periphery/test/UniswapV4DeployerCompetition.t.sol"
      "@uniswap/v4-core/src/types/PoolKey.sol" in "/Users/yevhen/Documents/GitHub/RLD/contracts/lib/v4-periphery/test/position-managers/PositionManager.gas.t.sol"
      "@uniswap/v4-core/src/types/PoolOperation.sol" in "/Users/yevhen/Documents/GitHub/RLD/contracts/lib/v4-periphery/test/StateViewTest.t.sol"
      "@uniswap/v4-core/src/libraries/TickMath.sol" in "/Users/yevhen/Documents/GitHub/RLD/contracts/lib/v4-periphery/test/UniswapV4DeployerCompetition.t.sol"
      "@uniswap/v4-core/src/libraries/Hooks.sol" in "/Users/yevhen/Documents/GitHub/RLD/contracts/v4-twamm-hook/lib/v4-periphery/test/mocks/MockReenterHook.sol"
      "solmate/src/utils/FixedPointMathLib.sol" in "/Users/yevhen/Documents/GitHub/RLD/contracts/lib/v4-periphery/test/position-managers/Execute.t.sol"
      "forge-std/Vm.sol" in "/Users/yevhen/Documents/GitHub/RLD/contracts/lib/v4-core/test/utils/SwapHelper.t.sol"
      "@uniswap/v4-core/src/types/Currency.sol" in "/Users/yevhen/Documents/GitHub/RLD/contracts/v4-twamm-hook/lib/v4-periphery/src/interfaces/IV4Quoter.sol"
      "forge-std/Vm.sol" in "/Users/yevhen/Documents/GitHub/RLD/contracts/lib/v4-core/test/libraries/SafeCast.t.sol"
      "@uniswap/v4-core/src/libraries/Position.sol" in "/Users/yevhen/Documents/GitHub/RLD/contracts/v4-twamm-hook/lib/v4-periphery/test/position-managers/PositionManager.modifyLiquidities.t.sol"
      "@uniswap/v4-core/src/libraries/TickMath.sol" in "/Users/yevhen/Documents/GitHub/RLD/contracts/lib/v4-periphery/test/StateViewTest.t.sol"
      "@uniswap/v4-core/src/types/PoolId.sol" in "/Users/yevhen/Documents/GitHub/RLD/contracts/lib/v4-periphery/test/position-managers/FeeCollection.t.sol"
      "@uniswap/v4-core/src/types/Currency.sol" in "/Users/yevhen/Documents/GitHub/RLD/contracts/src/modules/oracles/UniswapV4SingletonOracle.sol"
      "@uniswap/v4-core/src/interfaces/IPoolManager.sol" in "/Users/yevhen/Documents/GitHub/RLD/contracts/lib/v4-periphery/src/hooks/WETHHook.sol"
      "forge-std/Vm.sol" in "/Users/yevhen/Documents/GitHub/RLD/contracts/v4-twamm-hook/lib/v4-periphery/lib/v4-core/src/test/Fuzzers.sol"
      "src/Permit2.sol" in "/Users/yevhen/Documents/GitHub/RLD/contracts/v4-twamm-hook/lib/v4-periphery/lib/permit2/script/DeployPermit2.s.sol"
      "@uniswap/v4-core/test/utils/LiquidityAmounts.sol" in "/Users/yevhen/Documents/GitHub/RLD/contracts/v4-twamm-hook/lib/v4-periphery/test/position-managers/IncreaseLiquidity.t.sol"
      "@uniswap/v4-core/src/types/PoolId.sol" in "/Users/yevhen/Documents/GitHub/RLD/contracts/v4-twamm-hook/lib/v4-periphery/test/shared/FeeMath.sol"
      "@uniswap/v4-core/src/libraries/SafeCast.sol" in "/Users/yevhen/Documents/GitHub/RLD/contracts/v4-twamm-hook/lib/v4-periphery/test/shared/LiquidityOperations.sol"
      "@uniswap/v4-core/src/libraries/Hooks.sol" in "/Users/yevhen/Documents/GitHub/RLD/contracts/v4-twamm-hook/test/TWAMM.kill.t.sol"
      "@uniswap/v4-core/src/types/PoolOperation.sol" in "/Users/yevhen/Documents/GitHub/RLD/contracts/lib/v4-periphery/test/hooks/WstETHHook.t.sol"
      "@uniswap/v4-core/src/types/BalanceDelta.sol" in "/Users/yevhen/Documents/GitHub/RLD/contracts/lib/v4-periphery/test/mocks/MockCounterHook.sol"
      "solmate/src/utils/SafeTransferLib.sol" in "/Users/yevhen/Documents/GitHub/RLD/contracts/v4-twamm-hook/lib/v4-periphery/lib/permit2/test/integration/tokens/USDT.t.sol"
      "@uniswap/v4-core/src/types/BalanceDelta.sol" in "/Users/yevhen/Documents/GitHub/RLD/contracts/lib/v4-periphery/test/mocks/MockSubscriber.sol"
      "@uniswap/v4-core/src/libraries/FullMath.sol" in "/Users/yevhen/Documents/GitHub/RLD/contracts/v4-twamm-hook/lib/v4-periphery/src/libraries/LiquidityAmounts.sol"
      "@uniswap/v4-core/src/PoolManager.sol" in "/Users/yevhen/Documents/GitHub/RLD/contracts/v4-twamm-hook/lib/v4-periphery/test/position-managers/PositionManager.modifyLiquidities.t.sol"
      "@openzeppelin/contracts/proxy/transparent/TransparentUpgradeableProxy.sol" in "/Users/yevhen/Documents/GitHub/RLD/contracts/v4-twamm-hook/lib/v4-periphery/test/shared/Deploy.sol"
      "forge-std/Vm.sol" in "/Users/yevhen/Documents/GitHub/RLD/contracts/v4-twamm-hook/lib/v4-periphery/lib/v4-core/test/libraries/TickBitmap.t.sol"
      "forge-std/Test.sol" in "/Users/yevhen/Documents/GitHub/RLD/contracts/lib/v4-periphery/test/libraries/Descriptor.t.sol"
      "forge-std/Test.sol" in "/Users/yevhen/Documents/GitHub/RLD/contracts/v4-twamm-hook/lib/v4-periphery/lib/permit2/test/NonceBitmap.t.sol"
      "@uniswap/v4-core/src/libraries/SafeCast.sol" in "/Users/yevhen/Documents/GitHub/RLD/contracts/lib/v4-periphery/src/V4Router.sol"
      "forge-std/Test.sol" in "/Users/yevhen/Documents/GitHub/RLD/contracts/lib/v4-periphery/test/StateViewTest.t.sol"
      "@uniswap/v4-core/src/libraries/SafeCast.sol" in "/Users/yevhen/Documents/GitHub/RLD/contracts/lib/v4-periphery/test/position-managers/PositionManager.modifyLiquidities.t.sol"
      "v4-core/src/types/PoolKey.sol" in "/Users/yevhen/Documents/GitHub/RLD/contracts/src/interfaces/IPrimeBroker.sol"
      "@openzeppelin/contracts/account/utils/draft-ERC4337Utils.sol" in "/Users/yevhen/Documents/GitHub/RLD/contracts/lib/openzeppelin-v5/test/account/AccountEIP7702.t.sol"
      "forge-std/Test.sol" in "/Users/yevhen/Documents/GitHub/RLD/contracts/v4-twamm-hook/lib/v4-core/test/utils/SwapHelper.t.sol"
      "@uniswap/v4-core/src/interfaces/IPoolManager.sol" in "/Users/yevhen/Documents/GitHub/RLD/contracts/lib/v4-periphery/src/base/SafeCallback.sol"
      "@uniswap/v4-core/src/interfaces/IPoolManager.sol" in "/Users/yevhen/Documents/GitHub/RLD/contracts/lib/v4-periphery/test/hooks/WstETHHook.fork.t.sol"
      "../patched/token/ERC20/extensions/ERC20Permit.sol" in "/Users/yevhen/Documents/GitHub/RLD/contracts/v4-twamm-hook/lib/v4-core/lib/openzeppelin-contracts/certora/harnesses/ERC20WrapperHarness.sol"
      "ds-test/test.sol" in "/Users/yevhen/Documents/GitHub/RLD/contracts/v4-twamm-hook/lib/v4-periphery/lib/permit2/lib/forge-gas-snapshot/lib/forge-std/src/Test.sol"
      "openzeppelin-contracts/contracts/token/ERC20/utils/SafeERC20.sol" in "/Users/yevhen/Documents/GitHub/RLD/contracts/v4-twamm-hook/lib/v4-periphery/lib/permit2/test/SignatureTransfer.t.sol"
      "forge-std/console2.sol" in "/Users/yevhen/Documents/GitHub/RLD/contracts/v4-twamm-hook/lib/v4-periphery/script/01_PoolManager.s.sol"
      "@uniswap/v4-core/src/types/Currency.sol" in "/Users/yevhen/Documents/GitHub/RLD/contracts/v4-twamm-hook/lib/v4-periphery/test/mocks/MockV4Router.sol"
      "@uniswap/v4-core/src/types/Currency.sol" in "/Users/yevhen/Documents/GitHub/RLD/contracts/v4-twamm-hook/lib/v4-periphery/test/position-managers/Permit2Forwarder.t.sol"
      "@uniswap/v4-core/src/libraries/Hooks.sol" in "/Users/yevhen/Documents/GitHub/RLD/contracts/lib/v4-periphery/test/mocks/MockMsgSenderHook.sol"
      "forge-std/Test.sol" in "/Users/yevhen/Documents/GitHub/RLD/contracts/v4-twamm-hook/lib/v4-periphery/lib/v4-core/test/types/Currency.t.sol"
      "@openzeppelin/contracts/token/ERC20/extensions/ERC4626.sol" in "/Users/yevhen/Documents/GitHub/RLD/contracts/v4-twamm-hook/lib/v4-core/lib/openzeppelin-contracts/test/token/ERC20/extensions/ERC4626.t.sol"
      "solmate/src/tokens/ERC721.sol" in "/Users/yevhen/Documents/GitHub/RLD/contracts/lib/v4-periphery/src/base/ERC721Permit_v4.sol"
      "@uniswap/v4-core/src/libraries/SafeCast.sol" in "/Users/yevhen/Documents/GitHub/RLD/contracts/v4-twamm-hook/lib/v4-periphery/src/V4Router.sol"
      "../patched/access/manager/AccessManaged.sol" in "/Users/yevhen/Documents/GitHub/RLD/contracts/lib/openzeppelin-v5/fv/harnesses/AccessManagedHarness.sol"
      "@uniswap/v4-core/src/types/PoolKey.sol" in "/Users/yevhen/Documents/GitHub/RLD/contracts/v4-twamm-hook/lib/v4-periphery/test/V4Quoter.t.sol"
      "solmate/src/tokens/ERC20.sol" in "/Users/yevhen/Documents/GitHub/RLD/contracts/test/AtomicDeployment.t.sol"
      "@openzeppelin/contracts/interfaces/draft-IERC4337.sol" in "/Users/yevhen/Documents/GitHub/RLD/contracts/lib/openzeppelin-v5/test/account/AccountEIP7702.t.sol"
      "@uniswap/v4-core/src/types/Currency.sol" in "/Users/yevhen/Documents/GitHub/RLD/contracts/lib/v4-periphery/test/shared/RoutingTestHelpers.sol"
      "v4-periphery/src/libraries/PositionInfoLibrary.sol" in "/Users/yevhen/Documents/GitHub/RLD/contracts/src/modules/broker/UniswapV4BrokerModule.sol"
      "forge-std/Test.sol" in "/Users/yevhen/Documents/GitHub/RLD/contracts/test/LiquidationModules.t.sol"
      "solmate/src/test/utils/mocks/MockERC20.sol" in "/Users/yevhen/Documents/GitHub/RLD/contracts/v4-twamm-hook/lib/v4-core/test/DynamicFees.t.sol"
      "@openzeppelin/contracts/utils/math/Math.sol" in "/Users/yevhen/Documents/GitHub/RLD/contracts/v4-twamm-hook/src/TWAMM.sol"
      "solmate/src/auth/Owned.sol" in "/Users/yevhen/Documents/GitHub/RLD/contracts/src/tokens/PositionToken.sol"
      "solmate/src/auth/Owned.sol" in "/Users/yevhen/Documents/GitHub/RLD/contracts/v4-twamm-hook/src/TWAMM.sol"
      "@openzeppelin/contracts/utils/ShortStrings.sol" in "/Users/yevhen/Documents/GitHub/RLD/contracts/v4-twamm-hook/lib/v4-core/lib/openzeppelin-contracts/test/utils/ShortStrings.t.sol"
      "solmate/src/test/utils/mocks/MockERC20.sol" in "/Users/yevhen/Documents/GitHub/RLD/contracts/v4-twamm-hook/lib/v4-periphery/lib/permit2/test/Permit2Lib.t.sol"
      "@uniswap/v4-core/src/interfaces/IHooks.sol" in "/Users/yevhen/Documents/GitHub/RLD/contracts/lib/v4-periphery/test/position-managers/Permit.t.sol"
      "forge-std/Test.sol" in "/Users/yevhen/Documents/GitHub/RLD/contracts/v4-twamm-hook/lib/v4-periphery/lib/v4-core/lib/openzeppelin-contracts/test/utils/math/Math.t.sol"
      "@uniswap/v4-core/src/types/PoolKey.sol" in "/Users/yevhen/Documents/GitHub/RLD/contracts/v4-twamm-hook/lib/v4-periphery/test/position-managers/PositionManager.gas.t.sol"
      "v4-periphery/src/interfaces/IPositionManager.sol" in "/Users/yevhen/Documents/GitHub/RLD/contracts/v4-twamm-hook/test/TWAMM.flow.t.sol"
      "@uniswap/v4-core/src/libraries/Pool.sol" in "/Users/yevhen/Documents/GitHub/RLD/contracts/v4-twamm-hook/lib/v4-periphery/test/StateViewTest.t.sol"
      "permit2/src/interfaces/IAllowanceTransfer.sol" in "/Users/yevhen/Documents/GitHub/RLD/contracts/v4-twamm-hook/test/utils/Fixtures.sol"
      "@uniswap/v4-core/src/types/PoolId.sol" in "/Users/yevhen/Documents/GitHub/RLD/contracts/lib/v4-periphery/test/position-managers/Execute.t.sol"
      "@uniswap/v4-core/src/test/PoolModifyLiquidityTest.sol" in "/Users/yevhen/Documents/GitHub/RLD/contracts/v4-twamm-hook/lib/v4-periphery/test/script/DeployPoolMofifyLiquidityTest.t.sol"
      "@openzeppelin/contracts/utils/math/Math.sol" in "/Users/yevhen/Documents/GitHub/RLD/contracts/lib/openzeppelin-v5/test/utils/structs/Heap.t.sol"
      "src/test/LiquidityMathTest.sol" in "/Users/yevhen/Documents/GitHub/RLD/contracts/v4-twamm-hook/lib/v4-periphery/lib/v4-core/test/libraries/LiquidityMath.t.sol"
      "@uniswap/v4-core/src/libraries/StateLibrary.sol" in "/Users/yevhen/Documents/GitHub/RLD/contracts/v4-twamm-hook/test/TWAMM.flow.t.sol"
      "forge-std/Test.sol" in "/Users/yevhen/Documents/GitHub/RLD/contracts/v4-twamm-hook/lib/v4-core/test/libraries/UnsafeMath.t.sol"
      "@openzeppelin/contracts/mocks/token/ERC20Mock.sol" in "/Users/yevhen/Documents/GitHub/RLD/contracts/v4-twamm-hook/lib/v4-periphery/lib/v4-core/lib/openzeppelin-contracts/test/token/ERC20/extensions/ERC4626.t.sol"
      "@uniswap/v4-core/src/test/PoolSwapTest.sol" in "/Users/yevhen/Documents/GitHub/RLD/contracts/lib/v4-periphery/test/script/DeployPoolSwapTest.t.sol"
      "@uniswap/v4-core/src/types/PoolKey.sol" in "/Users/yevhen/Documents/GitHub/RLD/contracts/v4-twamm-hook/lib/v4-periphery/src/lens/V4Quoter.sol"
      "forge-std/Test.sol" in "/Users/yevhen/Documents/GitHub/RLD/contracts/v4-twamm-hook/lib/v4-core/test/Sync.t.sol"
      "openzeppelin-contracts/contracts/token/ERC20/extensions/IERC20Metadata.sol" in "/Users/yevhen/Documents/GitHub/RLD/contracts/lib/v4-periphery/src/libraries/SafeCurrencyMetadata.sol"
      "@uniswap/v4-core/src/test/BaseTestHooks.sol" in "/Users/yevhen/Documents/GitHub/RLD/contracts/lib/v4-periphery/test/mocks/MockMsgSenderHook.sol"
      "forge-std/Test.sol" in "/Users/yevhen/Documents/GitHub/RLD/contracts/v4-twamm-hook/lib/v4-core/test/libraries/Lock.t.sol"
      "v4-core/src/interfaces/IHooks.sol" in "/Users/yevhen/Documents/GitHub/RLD/contracts/test/GenericExecution.t.sol"
      "@uniswap/v4-core/src/interfaces/IPoolManager.sol" in "/Users/yevhen/Documents/GitHub/RLD/contracts/v4-twamm-hook/lib/v4-periphery/script/02_PoolModifyLiquidityTest.s.sol"
      "forge-std/Base.sol" in "/Users/yevhen/Documents/GitHub/RLD/contracts/v4-twamm-hook/lib/v4-periphery/test/shared/LiquidityOperations.sol"
      "@uniswap/v4-core/src/libraries/Position.sol" in "/Users/yevhen/Documents/GitHub/RLD/contracts/v4-twamm-hook/lib/v4-periphery/src/interfaces/IStateView.sol"
      "../munged/governance/extensions/GovernorTimelockControl.sol" in "/Users/yevhen/Documents/GitHub/RLD/contracts/v4-twamm-hook/lib/v4-periphery/lib/permit2/lib/openzeppelin-contracts/certora/harnesses/WizardControlFirstPriority.sol"
      "@uniswap/v4-core/src/libraries/SafeCast.sol" in "/Users/yevhen/Documents/GitHub/RLD/contracts/lib/v4-periphery/test/V4Quoter.t.sol"
      "@uniswap/v4-core/src/interfaces/IPoolManager.sol" in "/Users/yevhen/Documents/GitHub/RLD/contracts/src/modules/oracles/UniswapV4SingletonOracle.sol"
      "solmate/src/tokens/ERC20.sol" in "/Users/yevhen/Documents/GitHub/RLD/contracts/v4-twamm-hook/lib/v4-periphery/lib/permit2/test/integration/tokens/TooManyReturnBytesToken.t.sol"
      "forge-std/Test.sol" in "/Users/yevhen/Documents/GitHub/RLD/contracts/v4-twamm-hook/lib/v4-periphery/test/UnorderedNonce.t.sol"
      "@lib/PoolGetters.sol" in "/Users/yevhen/Documents/GitHub/RLD/contracts/v4-twamm-hook/src/TWAMM.sol"
      "v4-core/src/types/Currency.sol" in "/Users/yevhen/Documents/GitHub/RLD/contracts/src/core/PrimeBroker.sol"
      "@uniswap/v4-core/src/types/Currency.sol" in "/Users/yevhen/Documents/GitHub/RLD/contracts/v4-twamm-hook/lib/v4-periphery/test/position-managers/FeeCollection.t.sol"
      "@uniswap/v4-core/src/types/PoolId.sol" in "/Users/yevhen/Documents/GitHub/RLD/contracts/lib/v4-periphery/src/libraries/PositionInfoLibrary.sol"
      "@uniswap/v4-core/src/types/Currency.sol" in "/Users/yevhen/Documents/GitHub/RLD/contracts/v4-twamm-hook/lib/v4-periphery/test/position-managers/PositionManager.modifyLiquidities.t.sol"
      "@uniswap/v4-core/src/libraries/Position.sol" in "/Users/yevhen/Documents/GitHub/RLD/contracts/v4-twamm-hook/lib/v4-periphery/test/shared/FeeMath.sol"
      "@uniswap/v4-core/src/types/PoolKey.sol" in "/Users/yevhen/Documents/GitHub/RLD/contracts/lib/v4-periphery/test/shared/fuzz/LiquidityFuzzers.sol"
      "solmate/src/utils/FixedPointMathLib.sol" in "/Users/yevhen/Documents/GitHub/RLD/contracts/lib/v4-periphery/test/position-managers/PositionManager.t.sol"
      "src/types/PoolKey.sol" in "/Users/yevhen/Documents/GitHub/RLD/contracts/v4-twamm-hook/lib/v4-core/test/ModifyLiquidity.t.sol"
      "../patched/token/ERC20/ERC20.sol" in "/Users/yevhen/Documents/GitHub/RLD/contracts/v4-twamm-hook/lib/v4-core/lib/openzeppelin-contracts/certora/harnesses/ERC20FlashMintHarness.sol"
      "@uniswap/v4-core/src/types/PoolKey.sol" in "/Users/yevhen/Documents/GitHub/RLD/contracts/v4-twamm-hook/lib/v4-periphery/src/PositionDescriptor.sol"
      "@uniswap/v4-core/src/interfaces/IPoolManager.sol" in "/Users/yevhen/Documents/GitHub/RLD/contracts/v4-twamm-hook/lib/v4-periphery/test/V4Quoter.t.sol"
      "@uniswap/v4-core/src/types/BalanceDelta.sol" in "/Users/yevhen/Documents/GitHub/RLD/contracts/v4-twamm-hook/lib/v4-periphery/src/base/hooks/BaseHook.sol"
      "@uniswap/v4-core/src/libraries/ParseBytes.sol" in "/Users/yevhen/Documents/GitHub/RLD/contracts/v4-twamm-hook/lib/v4-periphery/src/libraries/QuoterRevert.sol"
      "@uniswap/v4-core/src/libraries/TickMath.sol" in "/Users/yevhen/Documents/GitHub/RLD/contracts/v4-twamm-hook/lib/v4-periphery/test/position-managers/NativeToken.t.sol"
      "@uniswap/v4-core/src/interfaces/IPoolManager.sol" in "/Users/yevhen/Documents/GitHub/RLD/contracts/lib/v4-periphery/test/shared/PosmTestSetup.sol"
      "solmate/src/utils/FixedPointMathLib.sol" in "/Users/yevhen/Documents/GitHub/RLD/contracts/lib/v4-core/test/libraries/StateLibrary.t.sol"
      "v4-core/src/types/BeforeSwapDelta.sol" in "/Users/yevhen/Documents/GitHub/RLD/contracts/test/AtomicDeployment.t.sol"
      "@uniswap/v4-core/src/types/PoolKey.sol" in "/Users/yevhen/Documents/GitHub/RLD/contracts/v4-twamm-hook/lib/v4-periphery/test/position-managers/PositionManager.multicall.t.sol"
      "forge-std/Test.sol" in "/Users/yevhen/Documents/GitHub/RLD/contracts/lib/v4-core/test/CustomAccounting.t.sol"
      "forge-std/Vm.sol" in "/Users/yevhen/Documents/GitHub/RLD/contracts/lib/v4-core/test/SkipCallsTestHook.t.sol"
      "@uniswap/v4-core/src/libraries/Hooks.sol" in "/Users/yevhen/Documents/GitHub/RLD/contracts/v4-twamm-hook/src/TWAMM.sol"
      "forge-std/Vm.sol" in "/Users/yevhen/Documents/GitHub/RLD/contracts/v4-twamm-hook/lib/v4-core/test/SkipCallsTestHook.t.sol"
      "@uniswap/v4-core/src/interfaces/IHooks.sol" in "/Users/yevhen/Documents/GitHub/RLD/contracts/lib/v4-periphery/test/position-managers/IncreaseLiquidity.t.sol"
      "../patched/access/AccessControl.sol" in "/Users/yevhen/Documents/GitHub/RLD/contracts/v4-twamm-hook/lib/v4-core/lib/openzeppelin-contracts/certora/harnesses/AccessControlHarness.sol"
      "test/utils/Deployers.sol" in "/Users/yevhen/Documents/GitHub/RLD/contracts/lib/v4-core/test/utils/NestedActions.t.sol"
      "@uniswap/v4-core/src/types/Currency.sol" in "/Users/yevhen/Documents/GitHub/RLD/contracts/lib/v4-periphery/test/position-managers/PositionManager.multicall.t.sol"
      "@openzeppelin/contracts/utils/math/Math.sol" in "/Users/yevhen/Documents/GitHub/RLD/contracts/v4-twamm-hook/lib/v4-periphery/lib/v4-core/lib/openzeppelin-contracts/test/utils/math/Math.t.sol"
      "@uniswap/v4-core/src/libraries/SqrtPriceMath.sol" in "/Users/yevhen/Documents/GitHub/RLD/contracts/v4-twamm-hook/src/TWAMM.sol"
      "forge-std/Test.sol" in "/Users/yevhen/Documents/GitHub/RLD/contracts/lib/v4-periphery/test/libraries/VanityAddressLib.t.sol"
      "solmate/src/test/utils/mocks/MockERC20.sol" in "/Users/yevhen/Documents/GitHub/RLD/contracts/lib/v4-periphery/test/mocks/MockFeeOnTransfer.sol"
      "@uniswap/v4-core/src/PoolManager.sol" in "/Users/yevhen/Documents/GitHub/RLD/contracts/lib/v4-periphery/test/position-managers/Execute.t.sol"
      "@openzeppelin/contracts/account/extensions/draft-ERC7821.sol" in "/Users/yevhen/Documents/GitHub/RLD/contracts/lib/openzeppelin-v5/test/account/AccountEIP7702.t.sol"
      "forge-std/interfaces/IERC20.sol" in "/Users/yevhen/Documents/GitHub/RLD/contracts/lib/v4-periphery/test/position-managers/Permit.t.sol"
      "@openzeppelin/contracts/proxy/Clones.sol" in "/Users/yevhen/Documents/GitHub/RLD/contracts/src/core/RLDMarketFactory.sol"
      "solmate/src/tokens/ERC20.sol" in "/Users/yevhen/Documents/GitHub/RLD/contracts/v4-twamm-hook/lib/v4-periphery/lib/permit2/test/integration/tokens/WBTC.t.sol"
      "forge-std/console2.sol" in "/Users/yevhen/Documents/GitHub/RLD/contracts/v4-twamm-hook/lib/v4-periphery/script/DeployStateView.s.sol"
      "forge-std/Test.sol" in "/Users/yevhen/Documents/GitHub/RLD/contracts/lib/v4-core/test/NoDelegateCall.t.sol"
      "@uniswap/v4-core/src/libraries/Position.sol" in "/Users/yevhen/Documents/GitHub/RLD/contracts/v4-twamm-hook/lib/v4-periphery/test/position-managers/PositionManager.multicall.t.sol"
      "@uniswap/v4-core/src/libraries/StateLibrary.sol" in "/Users/yevhen/Documents/GitHub/RLD/contracts/v4-twamm-hook/lib/v4-periphery/test/position-managers/PositionManager.multicall.t.sol"
      "forge-std/interfaces/IERC20.sol" in "/Users/yevhen/Documents/GitHub/RLD/contracts/v4-twamm-hook/lib/v4-periphery/test/shared/HookModifyLiquidities.sol"
      "@uniswap/v4-core/src/types/Currency.sol" in "/Users/yevhen/Documents/GitHub/RLD/contracts/v4-twamm-hook/script/Deploy.s.sol"
      "forge-std/Test.sol" in "/Users/yevhen/Documents/GitHub/RLD/contracts/v4-twamm-hook/lib/v4-core/test/utils/Deployers.sol"
      "@uniswap/v4-core/src/types/Currency.sol" in "/Users/yevhen/Documents/GitHub/RLD/contracts/lib/v4-periphery/test/position-managers/NativeToken.t.sol"
      "forge-std/Test.sol" in "/Users/yevhen/Documents/GitHub/RLD/contracts/v4-twamm-hook/lib/v4-periphery/lib/v4-core/test/libraries/StateLibrary.t.sol"
      "@uniswap/v4-core/src/libraries/Hooks.sol" in "/Users/yevhen/Documents/GitHub/RLD/contracts/v4-twamm-hook/lib/v4-periphery/test/shared/PosmTestSetup.sol"
      "@uniswap/v4-core/src/interfaces/IPoolManager.sol" in "/Users/yevhen/Documents/GitHub/RLD/contracts/lib/v4-periphery/test/position-managers/Execute.t.sol"
      "@openzeppelin/contracts/account/utils/draft-ERC7579Utils.sol" in "/Users/yevhen/Documents/GitHub/RLD/contracts/lib/openzeppelin-v5/test/account/utils/draft-ERC7579Utils.t.sol"
      "forge-std/Test.sol" in "/Users/yevhen/Documents/GitHub/RLD/contracts/v4-twamm-hook/lib/v4-periphery/lib/v4-core/test/ProtocolFeesImplementation.t.sol"
      "@uniswap/v4-core/src/test/PoolSwapTest.sol" in "/Users/yevhen/Documents/GitHub/RLD/contracts/v4-twamm-hook/lib/v4-periphery/script/03_PoolSwapTest.s.sol"
      "permit2/src/interfaces/IAllowanceTransfer.sol" in "/Users/yevhen/Documents/GitHub/RLD/contracts/lib/v4-periphery/test/position-managers/PositionManager.t.sol"
      "@uniswap/v4-core/src/types/PoolId.sol" in "/Users/yevhen/Documents/GitHub/RLD/contracts/v4-twamm-hook/lib/v4-periphery/test/StateViewTest.t.sol"
      "@uniswap/v4-core/src/libraries/Hooks.sol" in "/Users/yevhen/Documents/GitHub/RLD/contracts/v4-twamm-hook/test/TWAMM_Matching.t.sol"
      "solmate/src/tokens/ERC20.sol" in "/Users/yevhen/Documents/GitHub/RLD/contracts/v4-twamm-hook/lib/v4-periphery/lib/permit2/src/SignatureTransfer.sol"
      "@uniswap/v4-core/src/libraries/LPFeeLibrary.sol" in "/Users/yevhen/Documents/GitHub/RLD/contracts/v4-twamm-hook/test/TWAMM.kill.t.sol"
      "@uniswap/v4-core/src/types/Currency.sol" in "/Users/yevhen/Documents/GitHub/RLD/contracts/lib/v4-periphery/test/libraries/CalldataDecoder.t.sol"
      "@uniswap/v4-core/src/interfaces/IHooks.sol" in "/Users/yevhen/Documents/GitHub/RLD/contracts/v4-twamm-hook/lib/v4-periphery/test/V4Quoter.t.sol"
      "erc4626-tests/ERC4626.test.sol" in "/Users/yevhen/Documents/GitHub/RLD/contracts/lib/openzeppelin-v5/test/token/ERC20/extensions/ERC4626.t.sol"
      "forge-std/StdUtils.sol" in "/Users/yevhen/Documents/GitHub/RLD/contracts/v4-twamm-hook/lib/v4-core/src/test/Fuzzers.sol"
      "@openzeppelin/contracts/mocks/token/ERC4626OffsetMock.sol" in "/Users/yevhen/Documents/GitHub/RLD/contracts/lib/openzeppelin-v5/test/token/ERC20/extensions/ERC4626.t.sol"
      "solmate/src/test/utils/mocks/MockERC20.sol" in "/Users/yevhen/Documents/GitHub/RLD/contracts/lib/v4-periphery/test/hooks/WstETHHook.t.sol"
      "@uniswap/v4-core/src/interfaces/IPoolManager.sol" in "/Users/yevhen/Documents/GitHub/RLD/contracts/lib/v4-periphery/test/position-managers/PositionManager.modifyLiquidities.t.sol"
      "forge-std/interfaces/IERC20.sol" in "/Users/yevhen/Documents/GitHub/RLD/contracts/lib/v4-periphery/test/shared/TestRouter.sol"
      "solmate/src/tokens/ERC1155.sol" in "/Users/yevhen/Documents/GitHub/RLD/contracts/v4-twamm-hook/lib/v4-periphery/lib/permit2/test/mocks/MockERC1155.sol"
      "forge-std/Test.sol" in "/Users/yevhen/Documents/GitHub/RLD/contracts/v4-twamm-hook/lib/v4-periphery/lib/v4-core/test/ERC6909Claims.t.sol"
      "@uniswap/v4-core/src/types/PoolId.sol" in "/Users/yevhen/Documents/GitHub/RLD/contracts/v4-twamm-hook/lib/v4-periphery/src/base/BaseV4Quoter.sol"
      "src/libraries/Position.sol" in "/Users/yevhen/Documents/GitHub/RLD/contracts/v4-twamm-hook/lib/v4-core/test/ModifyLiquidity.t.sol"
      "@uniswap/v4-core/src/interfaces/callback/IUnlockCallback.sol" in "/Users/yevhen/Documents/GitHub/RLD/contracts/v4-twamm-hook/lib/v4-periphery/src/base/SafeCallback.sol"
      "ds-test/test.sol" in "/Users/yevhen/Documents/GitHub/RLD/contracts/v4-twamm-hook/lib/v4-periphery/lib/permit2/lib/forge-std/src/StdAssertions.sol"
      "@uniswap/v4-core/src/interfaces/IHooks.sol" in "/Users/yevhen/Documents/GitHub/RLD/contracts/lib/v4-periphery/src/libraries/PathKey.sol"
      "forge-std/Test.sol" in "/Users/yevhen/Documents/GitHub/RLD/contracts/v4-twamm-hook/lib/v4-periphery/test/libraries/CalldataDecoder.t.sol"
      "@uniswap/v4-core/src/types/PoolKey.sol" in "/Users/yevhen/Documents/GitHub/RLD/contracts/lib/v4-periphery/src/interfaces/IV4Quoter.sol"
      "@uniswap/v4-core/src/types/PoolKey.sol" in "/Users/yevhen/Documents/GitHub/RLD/contracts/v4-twamm-hook/lib/v4-periphery/test/shared/LiquidityOperations.sol"
      "@openzeppelin/contracts/mocks/CallReceiverMock.sol" in "/Users/yevhen/Documents/GitHub/RLD/contracts/v4-twamm-hook/lib/v4-core/lib/openzeppelin-contracts/test/metatx/ERC2771Forwarder.t.sol"
      "../patched/token/ERC20/ERC20.sol" in "/Users/yevhen/Documents/GitHub/RLD/contracts/v4-twamm-hook/lib/v4-periphery/lib/v4-core/lib/openzeppelin-contracts/certora/harnesses/ERC20FlashMintHarness.sol"
      "@uniswap/v4-core/src/types/Currency.sol" in "/Users/yevhen/Documents/GitHub/RLD/contracts/v4-twamm-hook/lib/v4-periphery/test/shared/RoutingTestHelpers.sol"
      "solmate/src/test/utils/mocks/MockERC20.sol" in "/Users/yevhen/Documents/GitHub/RLD/contracts/lib/v4-core/test/utils/Deployers.sol"
      "../patched/token/ERC20/extensions/ERC20Permit.sol" in "/Users/yevhen/Documents/GitHub/RLD/contracts/v4-twamm-hook/lib/v4-core/lib/openzeppelin-contracts/certora/harnesses/ERC20FlashMintHarness.sol"
      "forge-std/StdError.sol" in "/Users/yevhen/Documents/GitHub/RLD/contracts/v4-twamm-hook/lib/v4-periphery/lib/v4-core/test/types/Currency.t.sol"
      "src/libraries/StateLibrary.sol" in "/Users/yevhen/Documents/GitHub/RLD/contracts/v4-twamm-hook/lib/v4-core/test/ModifyLiquidity.t.sol"
      "forge-std/Test.sol" in "/Users/yevhen/Documents/GitHub/RLD/contracts/lib/v4-periphery/test/libraries/HookMiner.t.sol"
      "@uniswap/v4-core/src/types/Currency.sol" in "/Users/yevhen/Documents/GitHub/RLD/contracts/lib/v4-periphery/test/shared/Planner.sol"
      "@uniswap/v4-core/src/interfaces/IPoolManager.sol" in "/Users/yevhen/Documents/GitHub/RLD/contracts/v4-twamm-hook/lib/v4-periphery/test/mocks/MockDeltaResolver.sol"
      "solmate/src/tokens/ERC20.sol" in "/Users/yevhen/Documents/GitHub/RLD/contracts/src/core/PrimeBroker.sol"
      "@uniswap/v4-core/src/libraries/TickMath.sol" in "/Users/yevhen/Documents/GitHub/RLD/contracts/v4-twamm-hook/lib/v4-periphery/test/libraries/Descriptor.t.sol"
      "@uniswap/v4-core/src/interfaces/IHooks.sol" in "/Users/yevhen/Documents/GitHub/RLD/contracts/v4-twamm-hook/lib/v4-periphery/test/position-managers/FeeCollection.t.sol"
      "@uniswap/v4-core/src/interfaces/IPoolManager.sol" in "/Users/yevhen/Documents/GitHub/RLD/contracts/v4-twamm-hook/lib/v4-periphery/test/shared/fuzz/LiquidityFuzzers.sol"
      "forge-std/Test.sol" in "/Users/yevhen/Documents/GitHub/RLD/contracts/lib/v4-periphery/test/position-managers/PositionManager.multicall.t.sol"
      "solmate/src/utils/FixedPointMathLib.sol" in "/Users/yevhen/Documents/GitHub/RLD/contracts/v4-twamm-hook/lib/v4-periphery/test/position-managers/Execute.t.sol"
      "forge-std/interfaces/IERC20.sol" in "/Users/yevhen/Documents/GitHub/RLD/contracts/v4-twamm-hook/lib/v4-periphery/test/shared/RoutingTestHelpers.sol"
      "v4-core/src/types/Currency.sol" in "/Users/yevhen/Documents/GitHub/RLD/contracts/src/modules/broker/UniswapV4BrokerModule.sol"
      "@uniswap/v4-core/src/types/Currency.sol" in "/Users/yevhen/Documents/GitHub/RLD/contracts/v4-twamm-hook/test/TWAMM.complex.t.sol"
      "forge-std/Vm.sol" in "/Users/yevhen/Documents/GitHub/RLD/contracts/v4-twamm-hook/test/TWAMM_Matching.t.sol"
      "solmate/src/test/utils/mocks/MockERC20.sol" in "/Users/yevhen/Documents/GitHub/RLD/contracts/v4-twamm-hook/lib/v4-core/test/ProtocolFeesImplementation.t.sol"
      "@uniswap/v4-core/src/PoolManager.sol" in "/Users/yevhen/Documents/GitHub/RLD/contracts/lib/v4-periphery/test/UniswapV4DeployerCompetition.t.sol"
      "@uniswap/v4-core/src/interfaces/IPoolManager.sol" in "/Users/yevhen/Documents/GitHub/RLD/contracts/lib/v4-periphery/test/V4Quoter.t.sol"
      "@uniswap/v4-core/src/types/Currency.sol" in "/Users/yevhen/Documents/GitHub/RLD/contracts/lib/v4-periphery/test/shared/TestRouter.sol"
      "@uniswap/v4-core/src/libraries/StateLibrary.sol" in "/Users/yevhen/Documents/GitHub/RLD/contracts/src/libraries/UniswapIntegration.sol"
      "v4-core/src/types/PoolKey.sol" in "/Users/yevhen/Documents/GitHub/RLD/contracts/src/modules/broker/UniswapV4BrokerModule.sol"
      "forge-std/Test.sol" in "/Users/yevhen/Documents/GitHub/RLD/contracts/v4-twamm-hook/lib/v4-periphery/lib/v4-core/src/test/PoolNestedActionsTest.sol"
      "solmate/src/test/utils/mocks/MockERC20.sol" in "/Users/yevhen/Documents/GitHub/RLD/contracts/v4-twamm-hook/lib/v4-periphery/test/mocks/MockFeeOnTransfer.sol"
      "forge-std/Test.sol" in "/Users/yevhen/Documents/GitHub/RLD/contracts/lib/openzeppelin-v5/test/utils/structs/Accumulators.t.sol"
      "solmate/src/utils/FixedPointMathLib.sol" in "/Users/yevhen/Documents/GitHub/RLD/contracts/v4-twamm-hook/lib/v4-periphery/lib/v4-core/test/libraries/StateLibrary.t.sol"
      "@uniswap/v4-core/src/libraries/StateLibrary.sol" in "/Users/yevhen/Documents/GitHub/RLD/contracts/lib/v4-periphery/src/PositionDescriptor.sol"
      "@openzeppelin/contracts/mocks/CallReceiverMock.sol" in "/Users/yevhen/Documents/GitHub/RLD/contracts/v4-twamm-hook/lib/v4-periphery/lib/v4-core/lib/openzeppelin-contracts/test/metatx/ERC2771Forwarder.t.sol"
      "@uniswap/v4-core/src/types/Currency.sol" in "/Users/yevhen/Documents/GitHub/RLD/contracts/v4-twamm-hook/lib/v4-periphery/test/mocks/MockDeltaResolver.sol"
      "@uniswap/v4-core/src/interfaces/IPoolManager.sol" in "/Users/yevhen/Documents/GitHub/RLD/contracts/lib/v4-periphery/script/DeployPosm.s.sol"
      "solmate/src/test/utils/mocks/MockERC20.sol" in "/Users/yevhen/Documents/GitHub/RLD/contracts/v4-twamm-hook/test/TWAMM.uneven.t.sol"
with remappings:
      
Compiling 209 files with Solc 0.8.15
Compiling 140 files with Solc 0.7.6
Compiling 2287 files with Solc 0.8.30
Compiling 50 files with Solc 0.8.17
Compiling 431 files with Solc 0.8.26
Solc 0.8.17 finished in 81.28ms
Solc 0.8.15 finished in 253.95ms
Solc 0.8.26 finished in 498.79ms
Solc 0.8.30 finished in 2.42s
Solc 0.7.6 finished in 2.43s
Error: Compiler run failed:
Error (6275): Source "solmate/src/tokens/ERC20.sol" not found: File not found. Searched the following locations: "/Users/yevhen/Documents/GitHub/RLD".
ParserError: Source "solmate/src/tokens/ERC20.sol" not found: File not found. Searched the following locations: "/Users/yevhen/Documents/GitHub/RLD".
 --> contracts/v4-twamm-hook/lib/v4-periphery/lib/permit2/src/AllowanceTransfer.sol:4:1:
  |
4 | import {ERC20} from "solmate/src/tokens/ERC20.sol";
  | ^^^^^^^^^^^^^^^^^^^^^^^^^^^^^^^^^^^^^^^^^^^^^^^^^^^

Error (6275): Source "solmate/src/utils/SafeTransferLib.sol" not found: File not found. Searched the following locations: "/Users/yevhen/Documents/GitHub/RLD".
ParserError: Source "solmate/src/utils/SafeTransferLib.sol" not found: File not found. Searched the following locations: "/Users/yevhen/Documents/GitHub/RLD".
 --> contracts/v4-twamm-hook/lib/v4-periphery/lib/permit2/src/AllowanceTransfer.sol:5:1:
  |
5 | import {SafeTransferLib} from "solmate/src/utils/SafeTransferLib.sol";
  | ^^^^^^^^^^^^^^^^^^^^^^^^^^^^^^^^^^^^^^^^^^^^^^^^^^^^^^^^^^^^^^^^^^^^^^

Error (6275): Source "solmate/src/tokens/ERC20.sol" not found: File not found. Searched the following locations: "/Users/yevhen/Documents/GitHub/RLD".
ParserError: Source "solmate/src/tokens/ERC20.sol" not found: File not found. Searched the following locations: "/Users/yevhen/Documents/GitHub/RLD".
 --> contracts/v4-twamm-hook/lib/v4-periphery/lib/permit2/src/SignatureTransfer.sol:6:1:
  |
6 | import {ERC20} from "solmate/src/tokens/ERC20.sol";
  | ^^^^^^^^^^^^^^^^^^^^^^^^^^^^^^^^^^^^^^^^^^^^^^^^^^^

Error (6275): Source "solmate/src/utils/SafeTransferLib.sol" not found: File not found. Searched the following locations: "/Users/yevhen/Documents/GitHub/RLD".
ParserError: Source "solmate/src/utils/SafeTransferLib.sol" not found: File not found. Searched the following locations: "/Users/yevhen/Documents/GitHub/RLD".
 --> contracts/v4-twamm-hook/lib/v4-periphery/lib/permit2/src/SignatureTransfer.sol:7:1:
  |
7 | import {SafeTransferLib} from "solmate/src/utils/SafeTransferLib.sol";
  | ^^^^^^^^^^^^^^^^^^^^^^^^^^^^^^^^^^^^^^^^^^^^^^^^^^^^^^^^^^^^^^^^^^^^^^

Error (6275): Source "solmate/src/tokens/ERC20.sol" not found: File not found. Searched the following locations: "/Users/yevhen/Documents/GitHub/RLD".
ParserError: Source "solmate/src/tokens/ERC20.sol" not found: File not found. Searched the following locations: "/Users/yevhen/Documents/GitHub/RLD".
 --> contracts/v4-twamm-hook/lib/v4-periphery/lib/permit2/src/libraries/Permit2Lib.sol:4:1:
  |
4 | import {ERC20} from "solmate/src/tokens/ERC20.sol";
  | ^^^^^^^^^^^^^^^^^^^^^^^^^^^^^^^^^^^^^^^^^^^^^^^^^^^

Error (6275): Source "forge-std/Test.sol" not found: File not found. Searched the following locations: "/Users/yevhen/Documents/GitHub/RLD".
ParserError: Source "forge-std/Test.sol" not found: File not found. Searched the following locations: "/Users/yevhen/Documents/GitHub/RLD".
 --> contracts/v4-twamm-hook/lib/v4-periphery/lib/permit2/test/AllowanceTransferInvariants.t.sol:3:1:
  |
3 | import {Test} from "forge-std/Test.sol";
  | ^^^^^^^^^^^^^^^^^^^^^^^^^^^^^^^^^^^^^^^^

Error (6275): Source "forge-std/StdInvariant.sol" not found: File not found. Searched the following locations: "/Users/yevhen/Documents/GitHub/RLD".
ParserError: Source "forge-std/StdInvariant.sol" not found: File not found. Searched the following locations: "/Users/yevhen/Documents/GitHub/RLD".
 --> contracts/v4-twamm-hook/lib/v4-periphery/lib/permit2/test/AllowanceTransferInvariants.t.sol:4:1:
  |
4 | import {StdInvariant} from "forge-std/StdInvariant.sol";
  | ^^^^^^^^^^^^^^^^^^^^^^^^^^^^^^^^^^^^^^^^^^^^^^^^^^^^^^^^

Error (6275): Source "forge-std/Test.sol" not found: File not found. Searched the following locations: "/Users/yevhen/Documents/GitHub/RLD".
ParserError: Source "forge-std/Test.sol" not found: File not found. Searched the following locations: "/Users/yevhen/Documents/GitHub/RLD".
 --> contracts/v4-twamm-hook/lib/v4-periphery/lib/permit2/test/AllowanceTransferTest.t.sol:4:1:
  |
4 | import {StdStorage, stdStorage, Test} from "forge-std/Test.sol";
  | ^^^^^^^^^^^^^^^^^^^^^^^^^^^^^^^^^^^^^^^^^^^^^^^^^^^^^^^^^^^^^^^^

Error (6275): Source "forge-gas-snapshot/GasSnapshot.sol" not found: File not found. Searched the following locations: "/Users/yevhen/Documents/GitHub/RLD".
ParserError: Source "forge-gas-snapshot/GasSnapshot.sol" not found: File not found. Searched the following locations: "/Users/yevhen/Documents/GitHub/RLD".
  --> contracts/v4-twamm-hook/lib/v4-periphery/lib/permit2/test/AllowanceTransferTest.t.sol:15:1:
   |
15 | import {GasSnapshot} from "forge-gas-snapshot/GasSnapshot.sol";
   | ^^^^^^^^^^^^^^^^^^^^^^^^^^^^^^^^^^^^^^^^^^^^^^^^^^^^^^^^^^^^^^^

Error (6275): Source "forge-std/Test.sol" not found: File not found. Searched the following locations: "/Users/yevhen/Documents/GitHub/RLD".
ParserError: Source "forge-std/Test.sol" not found: File not found. Searched the following locations: "/Users/yevhen/Documents/GitHub/RLD".
 --> contracts/v4-twamm-hook/lib/v4-periphery/lib/permit2/test/AllowanceUnitTest.sol:4:1:
  |
4 | import {Test} from "forge-std/Test.sol";
  | ^^^^^^^^^^^^^^^^^^^^^^^^^^^^^^^^^^^^^^^^

Error (6275): Source "forge-std/Test.sol" not found: File not found. Searched the following locations: "/Users/yevhen/Documents/GitHub/RLD".
ParserError: Source "forge-std/Test.sol" not found: File not found. Searched the following locations: "/Users/yevhen/Documents/GitHub/RLD".
 --> contracts/v4-twamm-hook/lib/v4-periphery/lib/permit2/test/EIP712.t.sol:4:1:
  |
4 | import {Test} from "forge-std/Test.sol";
  | ^^^^^^^^^^^^^^^^^^^^^^^^^^^^^^^^^^^^^^^^

Error (6275): Source "forge-std/Test.sol" not found: File not found. Searched the following locations: "/Users/yevhen/Documents/GitHub/RLD".
ParserError: Source "forge-std/Test.sol" not found: File not found. Searched the following locations: "/Users/yevhen/Documents/GitHub/RLD".
 --> contracts/v4-twamm-hook/lib/v4-periphery/lib/permit2/test/NonceBitmap.t.sol:4:1:
  |
4 | import {Test} from "forge-std/Test.sol";
  | ^^^^^^^^^^^^^^^^^^^^^^^^^^^^^^^^^^^^^^^^

Error (6275): Source "openzeppelin-contracts/contracts/token/ERC20/utils/SafeERC20.sol" not found: File not found. Searched the following locations: "/Users/yevhen/Documents/GitHub/RLD".
ParserError: Source "openzeppelin-contracts/contracts/token/ERC20/utils/SafeERC20.sol" not found: File not found. Searched the following locations: "/Users/yevhen/Documents/GitHub/RLD".
 --> contracts/v4-twamm-hook/lib/v4-periphery/lib/permit2/test/NonceBitmap.t.sol:5:1:
  |
5 | import {SafeERC20, IERC20, IERC20Permit} from "openzeppelin-contracts/contracts/token/ERC20/utils/SafeERC20.sol";
  | ^^^^^^^^^^^^^^^^^^^^^^^^^^^^^^^^^^^^^^^^^^^^^^^^^^^^^^^^^^^^^^^^^^^^^^^^^^^^^^^^^^^^^^^^^^^^^^^^^^^^^^^^^^^^^^^^^

Error (6275): Source "forge-std/Test.sol" not found: File not found. Searched the following locations: "/Users/yevhen/Documents/GitHub/RLD".
ParserError: Source "forge-std/Test.sol" not found: File not found. Searched the following locations: "/Users/yevhen/Documents/GitHub/RLD".
 --> contracts/v4-twamm-hook/lib/v4-periphery/lib/permit2/test/Permit2Lib.t.sol:4:1:
  |
4 | import {Test} from "forge-std/Test.sol";
  | ^^^^^^^^^^^^^^^^^^^^^^^^^^^^^^^^^^^^^^^^

Error (6275): Source "openzeppelin-contracts/contracts/token/ERC20/utils/SafeERC20.sol" not found: File not found. Searched the following locations: "/Users/yevhen/Documents/GitHub/RLD".
ParserError: Source "openzeppelin-contracts/contracts/token/ERC20/utils/SafeERC20.sol" not found: File not found. Searched the following locations: "/Users/yevhen/Documents/GitHub/RLD".
 --> contracts/v4-twamm-hook/lib/v4-periphery/lib/permit2/test/Permit2Lib.t.sol:6:1:
  |
6 | import {SafeERC20, IERC20, IERC20Permit} from "openzeppelin-contracts/contracts/token/ERC20/utils/SafeERC20.sol";
  | ^^^^^^^^^^^^^^^^^^^^^^^^^^^^^^^^^^^^^^^^^^^^^^^^^^^^^^^^^^^^^^^^^^^^^^^^^^^^^^^^^^^^^^^^^^^^^^^^^^^^^^^^^^^^^^^^^

Error (6275): Source "solmate/src/test/utils/DSTestPlus.sol" not found: File not found. Searched the following locations: "/Users/yevhen/Documents/GitHub/RLD".
ParserError: Source "solmate/src/test/utils/DSTestPlus.sol" not found: File not found. Searched the following locations: "/Users/yevhen/Documents/GitHub/RLD".
 --> contracts/v4-twamm-hook/lib/v4-periphery/lib/permit2/test/Permit2Lib.t.sol:7:1:
  |
7 | import {DSTestPlus} from "solmate/src/test/utils/DSTestPlus.sol";
  | ^^^^^^^^^^^^^^^^^^^^^^^^^^^^^^^^^^^^^^^^^^^^^^^^^^^^^^^^^^^^^^^^^

Error (6275): Source "solmate/src/test/utils/mocks/MockERC20.sol" not found: File not found. Searched the following locations: "/Users/yevhen/Documents/GitHub/RLD".
ParserError: Source "solmate/src/test/utils/mocks/MockERC20.sol" not found: File not found. Searched the following locations: "/Users/yevhen/Documents/GitHub/RLD".
 --> contracts/v4-twamm-hook/lib/v4-periphery/lib/permit2/test/Permit2Lib.t.sol:8:1:
  |
8 | import {MockERC20, ERC20} from "solmate/src/test/utils/mocks/MockERC20.sol";
  | ^^^^^^^^^^^^^^^^^^^^^^^^^^^^^^^^^^^^^^^^^^^^^^^^^^^^^^^^^^^^^^^^^^^^^^^^^^^^

Error (6275): Source "forge-gas-snapshot/GasSnapshot.sol" not found: File not found. Searched the following locations: "/Users/yevhen/Documents/GitHub/RLD".
ParserError: Source "forge-gas-snapshot/GasSnapshot.sol" not found: File not found. Searched the following locations: "/Users/yevhen/Documents/GitHub/RLD".
  --> contracts/v4-twamm-hook/lib/v4-periphery/lib/permit2/test/Permit2Lib.t.sol:13:1:
   |
13 | import {GasSnapshot} from "forge-gas-snapshot/GasSnapshot.sol";
   | ^^^^^^^^^^^^^^^^^^^^^^^^^^^^^^^^^^^^^^^^^^^^^^^^^^^^^^^^^^^^^^^

Error (6275): Source "forge-std/Test.sol" not found: File not found. Searched the following locations: "/Users/yevhen/Documents/GitHub/RLD".
ParserError: Source "forge-std/Test.sol" not found: File not found. Searched the following locations: "/Users/yevhen/Documents/GitHub/RLD".
 --> contracts/v4-twamm-hook/lib/v4-periphery/lib/permit2/test/SignatureTransfer.t.sol:4:1:
  |
4 | import {Test} from "forge-std/Test.sol";
  | ^^^^^^^^^^^^^^^^^^^^^^^^^^^^^^^^^^^^^^^^

Error (6275): Source "openzeppelin-contracts/contracts/token/ERC20/utils/SafeERC20.sol" not found: File not found. Searched the following locations: "/Users/yevhen/Documents/GitHub/RLD".
ParserError: Source "openzeppelin-contracts/contracts/token/ERC20/utils/SafeERC20.sol" not found: File not found. Searched the following locations: "/Users/yevhen/Documents/GitHub/RLD".
 --> contracts/v4-twamm-hook/lib/v4-periphery/lib/permit2/test/SignatureTransfer.t.sol:5:1:
  |
5 | import {SafeERC20, IERC20, IERC20Permit} from "openzeppelin-contracts/contracts/token/ERC20/utils/SafeERC20.sol";
  | ^^^^^^^^^^^^^^^^^^^^^^^^^^^^^^^^^^^^^^^^^^^^^^^^^^^^^^^^^^^^^^^^^^^^^^^^^^^^^^^^^^^^^^^^^^^^^^^^^^^^^^^^^^^^^^^^^

Error (6275): Source "forge-gas-snapshot/GasSnapshot.sol" not found: File not found. Searched the following locations: "/Users/yevhen/Documents/GitHub/RLD".
ParserError: Source "forge-gas-snapshot/GasSnapshot.sol" not found: File not found. Searched the following locations: "/Users/yevhen/Documents/GitHub/RLD".
  --> contracts/v4-twamm-hook/lib/v4-periphery/lib/permit2/test/SignatureTransfer.t.sol:15:1:
   |
15 | import {GasSnapshot} from "forge-gas-snapshot/GasSnapshot.sol";
   | ^^^^^^^^^^^^^^^^^^^^^^^^^^^^^^^^^^^^^^^^^^^^^^^^^^^^^^^^^^^^^^^

Error (6275): Source "forge-std/Vm.sol" not found: File not found. Searched the following locations: "/Users/yevhen/Documents/GitHub/RLD".
ParserError: Source "forge-std/Vm.sol" not found: File not found. Searched the following locations: "/Users/yevhen/Documents/GitHub/RLD".
 --> contracts/v4-twamm-hook/lib/v4-periphery/lib/permit2/test/actors/Permitter.sol:3:1:
  |
3 | import {Vm} from "forge-std/Vm.sol";
  | ^^^^^^^^^^^^^^^^^^^^^^^^^^^^^^^^^^^^

Error (6275): Source "forge-std/Test.sol" not found: File not found. Searched the following locations: "/Users/yevhen/Documents/GitHub/RLD".
ParserError: Source "forge-std/Test.sol" not found: File not found. Searched the following locations: "/Users/yevhen/Documents/GitHub/RLD".
 --> contracts/v4-twamm-hook/lib/v4-periphery/lib/permit2/test/actors/Spender.sol:3:1:
  |
3 | import {Test} from "forge-std/Test.sol";
  | ^^^^^^^^^^^^^^^^^^^^^^^^^^^^^^^^^^^^^^^^

Error (6275): Source "forge-std/Test.sol" not found: File not found. Searched the following locations: "/Users/yevhen/Documents/GitHub/RLD".
ParserError: Source "forge-std/Test.sol" not found: File not found. Searched the following locations: "/Users/yevhen/Documents/GitHub/RLD".
 --> contracts/v4-twamm-hook/lib/v4-periphery/lib/permit2/test/integration/MainnetToken.t.sol:4:1:
  |
4 | import {Test} from "forge-std/Test.sol";
  | ^^^^^^^^^^^^^^^^^^^^^^^^^^^^^^^^^^^^^^^^

Error (6275): Source "solmate/src/utils/SafeTransferLib.sol" not found: File not found. Searched the following locations: "/Users/yevhen/Documents/GitHub/RLD".
ParserError: Source "solmate/src/utils/SafeTransferLib.sol" not found: File not found. Searched the following locations: "/Users/yevhen/Documents/GitHub/RLD".
 --> contracts/v4-twamm-hook/lib/v4-periphery/lib/permit2/test/integration/MainnetToken.t.sol:5:1:
  |
5 | import {SafeTransferLib} from "solmate/src/utils/SafeTransferLib.sol";
  | ^^^^^^^^^^^^^^^^^^^^^^^^^^^^^^^^^^^^^^^^^^^^^^^^^^^^^^^^^^^^^^^^^^^^^^

Error (6275): Source "solmate/src/tokens/ERC20.sol" not found: File not found. Searched the following locations: "/Users/yevhen/Documents/GitHub/RLD".
ParserError: Source "solmate/src/tokens/ERC20.sol" not found: File not found. Searched the following locations: "/Users/yevhen/Documents/GitHub/RLD".
 --> contracts/v4-twamm-hook/lib/v4-periphery/lib/permit2/test/integration/MainnetToken.t.sol:6:1:
  |
6 | import {ERC20} from "solmate/src/tokens/ERC20.sol";
  | ^^^^^^^^^^^^^^^^^^^^^^^^^^^^^^^^^^^^^^^^^^^^^^^^^^^

Error (6275): Source "solmate/src/tokens/ERC20.sol" not found: File not found. Searched the following locations: "/Users/yevhen/Documents/GitHub/RLD".
ParserError: Source "solmate/src/tokens/ERC20.sol" not found: File not found. Searched the following locations: "/Users/yevhen/Documents/GitHub/RLD".
 --> contracts/v4-twamm-hook/lib/v4-periphery/lib/permit2/test/integration/tokens/DAI.t.sol:4:1:
  |
4 | import {ERC20} from "solmate/src/tokens/ERC20.sol";
  | ^^^^^^^^^^^^^^^^^^^^^^^^^^^^^^^^^^^^^^^^^^^^^^^^^^^

Error (6275): Source "solmate/src/tokens/ERC20.sol" not found: File not found. Searched the following locations: "/Users/yevhen/Documents/GitHub/RLD".
ParserError: Source "solmate/src/tokens/ERC20.sol" not found: File not found. Searched the following locations: "/Users/yevhen/Documents/GitHub/RLD".
 --> contracts/v4-twamm-hook/lib/v4-periphery/lib/permit2/test/integration/tokens/FeeOnTransferToken.t.sol:4:1:
  |
4 | import {ERC20} from "solmate/src/tokens/ERC20.sol";
  | ^^^^^^^^^^^^^^^^^^^^^^^^^^^^^^^^^^^^^^^^^^^^^^^^^^^

Error (6275): Source "solmate/src/tokens/ERC20.sol" not found: File not found. Searched the following locations: "/Users/yevhen/Documents/GitHub/RLD".
ParserError: Source "solmate/src/tokens/ERC20.sol" not found: File not found. Searched the following locations: "/Users/yevhen/Documents/GitHub/RLD".
 --> contracts/v4-twamm-hook/lib/v4-periphery/lib/permit2/test/integration/tokens/RebasingToken.t.sol:4:1:
  |
4 | import {ERC20} from "solmate/src/tokens/ERC20.sol";
  | ^^^^^^^^^^^^^^^^^^^^^^^^^^^^^^^^^^^^^^^^^^^^^^^^^^^

Error (6275): Source "solmate/src/tokens/ERC20.sol" not found: File not found. Searched the following locations: "/Users/yevhen/Documents/GitHub/RLD".
ParserError: Source "solmate/src/tokens/ERC20.sol" not found: File not found. Searched the following locations: "/Users/yevhen/Documents/GitHub/RLD".
 --> contracts/v4-twamm-hook/lib/v4-periphery/lib/permit2/test/integration/tokens/TooManyReturnBytesToken.t.sol:4:1:
  |
4 | import {ERC20} from "solmate/src/tokens/ERC20.sol";
  | ^^^^^^^^^^^^^^^^^^^^^^^^^^^^^^^^^^^^^^^^^^^^^^^^^^^

Error (6275): Source "solmate/src/tokens/ERC20.sol" not found: File not found. Searched the following locations: "/Users/yevhen/Documents/GitHub/RLD".
ParserError: Source "solmate/src/tokens/ERC20.sol" not found: File not found. Searched the following locations: "/Users/yevhen/Documents/GitHub/RLD".
 --> contracts/v4-twamm-hook/lib/v4-periphery/lib/permit2/test/integration/tokens/UNI.t.sol:4:1:
  |
4 | import {ERC20} from "solmate/src/tokens/ERC20.sol";
  | ^^^^^^^^^^^^^^^^^^^^^^^^^^^^^^^^^^^^^^^^^^^^^^^^^^^

Error (6275): Source "solmate/src/tokens/ERC20.sol" not found: File not found. Searched the following locations: "/Users/yevhen/Documents/GitHub/RLD".
ParserError: Source "solmate/src/tokens/ERC20.sol" not found: File not found. Searched the following locations: "/Users/yevhen/Documents/GitHub/RLD".
 --> contracts/v4-twamm-hook/lib/v4-periphery/lib/permit2/test/integration/tokens/USDC.t.sol:4:1:
  |
4 | import {ERC20} from "solmate/src/tokens/ERC20.sol";
  | ^^^^^^^^^^^^^^^^^^^^^^^^^^^^^^^^^^^^^^^^^^^^^^^^^^^

Error (6275): Source "solmate/src/utils/SafeTransferLib.sol" not found: File not found. Searched the following locations: "/Users/yevhen/Documents/GitHub/RLD".
ParserError: Source "solmate/src/utils/SafeTransferLib.sol" not found: File not found. Searched the following locations: "/Users/yevhen/Documents/GitHub/RLD".
 --> contracts/v4-twamm-hook/lib/v4-periphery/lib/permit2/test/integration/tokens/USDT.t.sol:4:1:
  |
4 | import {SafeTransferLib} from "solmate/src/utils/SafeTransferLib.sol";
  | ^^^^^^^^^^^^^^^^^^^^^^^^^^^^^^^^^^^^^^^^^^^^^^^^^^^^^^^^^^^^^^^^^^^^^^

Error (6275): Source "solmate/src/tokens/ERC20.sol" not found: File not found. Searched the following locations: "/Users/yevhen/Documents/GitHub/RLD".
ParserError: Source "solmate/src/tokens/ERC20.sol" not found: File not found. Searched the following locations: "/Users/yevhen/Documents/GitHub/RLD".
 --> contracts/v4-twamm-hook/lib/v4-periphery/lib/permit2/test/integration/tokens/USDT.t.sol:5:1:
  |
5 | import {ERC20} from "solmate/src/tokens/ERC20.sol";
  | ^^^^^^^^^^^^^^^^^^^^^^^^^^^^^^^^^^^^^^^^^^^^^^^^^^^

Error (6275): Source "solmate/src/tokens/ERC20.sol" not found: File not found. Searched the following locations: "/Users/yevhen/Documents/GitHub/RLD".
ParserError: Source "solmate/src/tokens/ERC20.sol" not found: File not found. Searched the following locations: "/Users/yevhen/Documents/GitHub/RLD".
 --> contracts/v4-twamm-hook/lib/v4-periphery/lib/permit2/test/integration/tokens/WBTC.t.sol:4:1:
  |
4 | import {ERC20} from "solmate/src/tokens/ERC20.sol";
  | ^^^^^^^^^^^^^^^^^^^^^^^^^^^^^^^^^^^^^^^^^^^^^^^^^^^

Error (6275): Source "solmate/src/tokens/ERC20.sol" not found: File not found. Searched the following locations: "/Users/yevhen/Documents/GitHub/RLD".
ParserError: Source "solmate/src/tokens/ERC20.sol" not found: File not found. Searched the following locations: "/Users/yevhen/Documents/GitHub/RLD".
 --> contracts/v4-twamm-hook/lib/v4-periphery/lib/permit2/test/integration/tokens/ZRX.t.sol:4:1:
  |
4 | import {ERC20} from "solmate/src/tokens/ERC20.sol";
  | ^^^^^^^^^^^^^^^^^^^^^^^^^^^^^^^^^^^^^^^^^^^^^^^^^^^

Error (6275): Source "solmate/src/tokens/ERC1155.sol" not found: File not found. Searched the following locations: "/Users/yevhen/Documents/GitHub/RLD".
ParserError: Source "solmate/src/tokens/ERC1155.sol" not found: File not found. Searched the following locations: "/Users/yevhen/Documents/GitHub/RLD".
 --> contracts/v4-twamm-hook/lib/v4-periphery/lib/permit2/test/mocks/MockERC1155.sol:4:1:
  |
4 | import {ERC1155} from "solmate/src/tokens/ERC1155.sol";
  | ^^^^^^^^^^^^^^^^^^^^^^^^^^^^^^^^^^^^^^^^^^^^^^^^^^^^^^^

Error (6275): Source "solmate/src/tokens/ERC20.sol" not found: File not found. Searched the following locations: "/Users/yevhen/Documents/GitHub/RLD".
ParserError: Source "solmate/src/tokens/ERC20.sol" not found: File not found. Searched the following locations: "/Users/yevhen/Documents/GitHub/RLD".
 --> contracts/v4-twamm-hook/lib/v4-periphery/lib/permit2/test/mocks/MockERC20.sol:4:1:
  |
4 | import {ERC20} from "solmate/src/tokens/ERC20.sol";
  | ^^^^^^^^^^^^^^^^^^^^^^^^^^^^^^^^^^^^^^^^^^^^^^^^^^^

Error (6275): Source "solmate/src/tokens/ERC721.sol" not found: File not found. Searched the following locations: "/Users/yevhen/Documents/GitHub/RLD".
ParserError: Source "solmate/src/tokens/ERC721.sol" not found: File not found. Searched the following locations: "/Users/yevhen/Documents/GitHub/RLD".
 --> contracts/v4-twamm-hook/lib/v4-periphery/lib/permit2/test/mocks/MockERC721.sol:4:1:
  |
4 | import {ERC721} from "solmate/src/tokens/ERC721.sol";
  | ^^^^^^^^^^^^^^^^^^^^^^^^^^^^^^^^^^^^^^^^^^^^^^^^^^^^^

Error (6275): Source "solmate/src/tokens/ERC20.sol" not found: File not found. Searched the following locations: "/Users/yevhen/Documents/GitHub/RLD".
ParserError: Source "solmate/src/tokens/ERC20.sol" not found: File not found. Searched the following locations: "/Users/yevhen/Documents/GitHub/RLD".
 --> contracts/v4-twamm-hook/lib/v4-periphery/lib/permit2/test/mocks/MockFallbackERC20.sol:4:1:
  |
4 | import {ERC20} from "solmate/src/tokens/ERC20.sol";
  | ^^^^^^^^^^^^^^^^^^^^^^^^^^^^^^^^^^^^^^^^^^^^^^^^^^^

Error (6275): Source "solmate/src/test/utils/mocks/MockERC20.sol" not found: File not found. Searched the following locations: "/Users/yevhen/Documents/GitHub/RLD".
ParserError: Source "solmate/src/test/utils/mocks/MockERC20.sol" not found: File not found. Searched the following locations: "/Users/yevhen/Documents/GitHub/RLD".
 --> contracts/v4-twamm-hook/lib/v4-periphery/lib/permit2/test/mocks/MockNonPermitERC20.sol:4:1:
  |
4 | import {MockERC20} from "solmate/src/test/utils/mocks/MockERC20.sol";
  | ^^^^^^^^^^^^^^^^^^^^^^^^^^^^^^^^^^^^^^^^^^^^^^^^^^^^^^^^^^^^^^^^^^^^^

Error (6275): Source "solmate/src/tokens/ERC20.sol" not found: File not found. Searched the following locations: "/Users/yevhen/Documents/GitHub/RLD".
ParserError: Source "solmate/src/tokens/ERC20.sol" not found: File not found. Searched the following locations: "/Users/yevhen/Documents/GitHub/RLD".
 --> contracts/v4-twamm-hook/lib/v4-periphery/lib/permit2/test/mocks/MockPermit2Lib.sol:4:1:
  |
4 | import {ERC20} from "solmate/src/tokens/ERC20.sol";
  | ^^^^^^^^^^^^^^^^^^^^^^^^^^^^^^^^^^^^^^^^^^^^^^^^^^^

Error (6275): Source "solmate/src/test/utils/mocks/MockERC20.sol" not found: File not found. Searched the following locations: "/Users/yevhen/Documents/GitHub/RLD".
ParserError: Source "solmate/src/test/utils/mocks/MockERC20.sol" not found: File not found. Searched the following locations: "/Users/yevhen/Documents/GitHub/RLD".
 --> contracts/v4-twamm-hook/lib/v4-periphery/lib/permit2/test/mocks/MockPermitWithDS.sol:4:1:
  |
4 | import {MockERC20} from "solmate/src/test/utils/mocks/MockERC20.sol";
  | ^^^^^^^^^^^^^^^^^^^^^^^^^^^^^^^^^^^^^^^^^^^^^^^^^^^^^^^^^^^^^^^^^^^^^

Error (6275): Source "forge-std/Script.sol" not found: File not found. Searched the following locations: "/Users/yevhen/Documents/GitHub/RLD".
ParserError: Source "forge-std/Script.sol" not found: File not found. Searched the following locations: "/Users/yevhen/Documents/GitHub/RLD".
 --> contracts/v4-twamm-hook/lib/v4-periphery/lib/permit2/test/utils/DeployPermit2.sol:4:1:
  |
4 | import {Script} from "forge-std/Script.sol";
  | ^^^^^^^^^^^^^^^^^^^^^^^^^^^^^^^^^^^^^^^^^^^^

Error (6275): Source "forge-std/Test.sol" not found: File not found. Searched the following locations: "/Users/yevhen/Documents/GitHub/RLD".
ParserError: Source "forge-std/Test.sol" not found: File not found. Searched the following locations: "/Users/yevhen/Documents/GitHub/RLD".
 --> contracts/v4-twamm-hook/lib/v4-periphery/lib/permit2/test/utils/DeployPermit2.t.sol:4:1:
  |
4 | import {Test} from "forge-std/Test.sol";
  | ^^^^^^^^^^^^^^^^^^^^^^^^^^^^^^^^^^^^^^^^

Error (6275): Source "forge-std/Vm.sol" not found: File not found. Searched the following locations: "/Users/yevhen/Documents/GitHub/RLD".
ParserError: Source "forge-std/Vm.sol" not found: File not found. Searched the following locations: "/Users/yevhen/Documents/GitHub/RLD".
 --> contracts/v4-twamm-hook/lib/v4-periphery/lib/permit2/test/utils/PermitSignature.sol:4:1:
  |
4 | import {Vm} from "forge-std/Vm.sol";
  | ^^^^^^^^^^^^^^^^^^^^^^^^^^^^^^^^^^^^

Error (6275): Source "openzeppelin-contracts/contracts/utils/cryptography/draft-EIP712.sol" not found: File not found. Searched the following locations: "/Users/yevhen/Documents/GitHub/RLD".
ParserError: Source "openzeppelin-contracts/contracts/utils/cryptography/draft-EIP712.sol" not found: File not found. Searched the following locations: "/Users/yevhen/Documents/GitHub/RLD".
 --> contracts/v4-twamm-hook/lib/v4-periphery/lib/permit2/test/utils/PermitSignature.sol:5:1:
  |
5 | import {EIP712} from "openzeppelin-contracts/contracts/utils/cryptography/draft-EIP712.sol";
  | ^^^^^^^^^^^^^^^^^^^^^^^^^^^^^^^^^^^^^^^^^^^^^^^^^^^^^^^^^^^^^^^^^^^^^^^^^^^^^^^^^^^^^^^^^^^^

Error (6275): Source "openzeppelin-contracts/contracts/utils/cryptography/ECDSA.sol" not found: File not found. Searched the following locations: "/Users/yevhen/Documents/GitHub/RLD".
ParserError: Source "openzeppelin-contracts/contracts/utils/cryptography/ECDSA.sol" not found: File not found. Searched the following locations: "/Users/yevhen/Documents/GitHub/RLD".
 --> contracts/v4-twamm-hook/lib/v4-periphery/lib/permit2/test/utils/PermitSignature.sol:6:1:
  |
6 | import {ECDSA} from "openzeppelin-contracts/contracts/utils/cryptography/ECDSA.sol";
  | ^^^^^^^^^^^^^^^^^^^^^^^^^^^^^^^^^^^^^^^^^^^^^^^^^^^^^^^^^^^^^^^^^^^^^^^^^^^^^^^^^^^^

Error (6275): Source "forge-std/Test.sol" not found: File not found. Searched the following locations: "/Users/yevhen/Documents/GitHub/RLD".
ParserError: Source "forge-std/Test.sol" not found: File not found. Searched the following locations: "/Users/yevhen/Documents/GitHub/RLD".
 --> contracts/v4-twamm-hook/lib/v4-periphery/lib/permit2/test/utils/TokenProvider.sol:4:1:
  |
4 | import {Vm} from "forge-std/Test.sol";
  | ^^^^^^^^^^^^^^^^^^^^^^^^^^^^^^^^^^^^^^

Error (6275): Source "solmate/src/auth/Owned.sol" not found: File not found. Searched the following locations: "/Users/yevhen/Documents/GitHub/RLD".
ParserError: Source "solmate/src/auth/Owned.sol" not found: File not found. Searched the following locations: "/Users/yevhen/Documents/GitHub/RLD".
 --> contracts/lib/v4-core/src/ProtocolFees.sol:9:1:
  |
9 | import {Owned} from "solmate/src/auth/Owned.sol";
  | ^^^^^^^^^^^^^^^^^^^^^^^^^^^^^^^^^^^^^^^^^^^^^^^^^

Error (6275): Source "forge-std/Test.sol" not found: File not found. Searched the following locations: "/Users/yevhen/Documents/GitHub/RLD".
ParserError: Source "forge-std/Test.sol" not found: File not found. Searched the following locations: "/Users/yevhen/Documents/GitHub/RLD".
 --> contracts/lib/v4-core/src/test/ActionsRouter.sol:4:1:
  |
4 | import "forge-std/Test.sol";
  | ^^^^^^^^^^^^^^^^^^^^^^^^^^^^

Error (6275): Source "solmate/src/test/utils/mocks/MockERC20.sol" not found: File not found. Searched the following locations: "/Users/yevhen/Documents/GitHub/RLD".
ParserError: Source "solmate/src/test/utils/mocks/MockERC20.sol" not found: File not found. Searched the following locations: "/Users/yevhen/Documents/GitHub/RLD".
 --> contracts/lib/v4-core/src/test/ActionsRouter.sol:8:1:
  |
8 | import {MockERC20} from "solmate/src/test/utils/mocks/MockERC20.sol";
  | ^^^^^^^^^^^^^^^^^^^^^^^^^^^^^^^^^^^^^^^^^^^^^^^^^^^^^^^^^^^^^^^^^^^^^

Error (6275): Source "forge-std/Vm.sol" not found: File not found. Searched the following locations: "/Users/yevhen/Documents/GitHub/RLD".
ParserError: Source "forge-std/Vm.sol" not found: File not found. Searched the following locations: "/Users/yevhen/Documents/GitHub/RLD".
 --> contracts/lib/v4-core/src/test/Fuzzers.sol:4:1:
  |
4 | import {Vm} from "forge-std/Vm.sol";
  | ^^^^^^^^^^^^^^^^^^^^^^^^^^^^^^^^^^^^

Error (6275): Source "forge-std/StdUtils.sol" not found: File not found. Searched the following locations: "/Users/yevhen/Documents/GitHub/RLD".
ParserError: Source "forge-std/StdUtils.sol" not found: File not found. Searched the following locations: "/Users/yevhen/Documents/GitHub/RLD".
 --> contracts/lib/v4-core/src/test/Fuzzers.sol:5:1:
  |
5 | import {StdUtils} from "forge-std/StdUtils.sol";
  | ^^^^^^^^^^^^^^^^^^^^^^^^^^^^^^^^^^^^^^^^^^^^^^^^

Error (6275): Source "@openzeppelin/contracts/proxy/Proxy.sol" not found: File not found. Searched the following locations: "/Users/yevhen/Documents/GitHub/RLD".
ParserError: Source "@openzeppelin/contracts/proxy/Proxy.sol" not found: File not found. Searched the following locations: "/Users/yevhen/Documents/GitHub/RLD".
 --> contracts/lib/v4-core/src/test/MockContract.sol:4:1:
  |
4 | import {Proxy} from "@openzeppelin/contracts/proxy/Proxy.sol";
  | ^^^^^^^^^^^^^^^^^^^^^^^^^^^^^^^^^^^^^^^^^^^^^^^^^^^^^^^^^^^^^^

Error (6275): Source "forge-std/Test.sol" not found: File not found. Searched the following locations: "/Users/yevhen/Documents/GitHub/RLD".
ParserError: Source "forge-std/Test.sol" not found: File not found. Searched the following locations: "/Users/yevhen/Documents/GitHub/RLD".
 --> contracts/lib/v4-core/src/test/NativeERC20.sol:4:1:
  |
4 | import {Test} from "forge-std/Test.sol";
  | ^^^^^^^^^^^^^^^^^^^^^^^^^^^^^^^^^^^^^^^^

Error (6275): Source "forge-std/Test.sol" not found: File not found. Searched the following locations: "/Users/yevhen/Documents/GitHub/RLD".
ParserError: Source "forge-std/Test.sol" not found: File not found. Searched the following locations: "/Users/yevhen/Documents/GitHub/RLD".
  --> contracts/lib/v4-core/src/test/PoolNestedActionsTest.sol:10:1:
   |
10 | import {Test} from "forge-std/Test.sol";
   | ^^^^^^^^^^^^^^^^^^^^^^^^^^^^^^^^^^^^^^^^

Error (6275): Source "forge-std/Test.sol" not found: File not found. Searched the following locations: "/Users/yevhen/Documents/GitHub/RLD".
ParserError: Source "forge-std/Test.sol" not found: File not found. Searched the following locations: "/Users/yevhen/Documents/GitHub/RLD".
  --> contracts/lib/v4-core/src/test/SkipCallsTestHook.sol:12:1:
   |
12 | import {Test} from "forge-std/Test.sol";
   | ^^^^^^^^^^^^^^^^^^^^^^^^^^^^^^^^^^^^^^^^

Error (6275): Source "forge-std/Test.sol" not found: File not found. Searched the following locations: "/Users/yevhen/Documents/GitHub/RLD".
ParserError: Source "forge-std/Test.sol" not found: File not found. Searched the following locations: "/Users/yevhen/Documents/GitHub/RLD".
 --> contracts/lib/v4-core/test/CustomAccounting.t.sol:4:1:
  |
4 | import {Test} from "forge-std/Test.sol";
  | ^^^^^^^^^^^^^^^^^^^^^^^^^^^^^^^^^^^^^^^^

Error (6275): Source "forge-std/Test.sol" not found: File not found. Searched the following locations: "/Users/yevhen/Documents/GitHub/RLD".
ParserError: Source "forge-std/Test.sol" not found: File not found. Searched the following locations: "/Users/yevhen/Documents/GitHub/RLD".
 --> contracts/lib/v4-core/test/DynamicFees.t.sol:4:1:
  |
4 | import {Test} from "forge-std/Test.sol";
  | ^^^^^^^^^^^^^^^^^^^^^^^^^^^^^^^^^^^^^^^^

Error (6275): Source "forge-std/Vm.sol" not found: File not found. Searched the following locations: "/Users/yevhen/Documents/GitHub/RLD".
ParserError: Source "forge-std/Vm.sol" not found: File not found. Searched the following locations: "/Users/yevhen/Documents/GitHub/RLD".
 --> contracts/lib/v4-core/test/DynamicFees.t.sol:5:1:
  |
5 | import {Vm} from "forge-std/Vm.sol";
  | ^^^^^^^^^^^^^^^^^^^^^^^^^^^^^^^^^^^^

Error (6275): Source "solmate/src/test/utils/mocks/MockERC20.sol" not found: File not found. Searched the following locations: "/Users/yevhen/Documents/GitHub/RLD".
ParserError: Source "solmate/src/test/utils/mocks/MockERC20.sol" not found: File not found. Searched the following locations: "/Users/yevhen/Documents/GitHub/RLD".
  --> contracts/lib/v4-core/test/DynamicFees.t.sol:19:1:
   |
19 | import {MockERC20} from "solmate/src/test/utils/mocks/MockERC20.sol";
   | ^^^^^^^^^^^^^^^^^^^^^^^^^^^^^^^^^^^^^^^^^^^^^^^^^^^^^^^^^^^^^^^^^^^^^

Error (6275): Source "forge-std/Test.sol" not found: File not found. Searched the following locations: "/Users/yevhen/Documents/GitHub/RLD".
ParserError: Source "forge-std/Test.sol" not found: File not found. Searched the following locations: "/Users/yevhen/Documents/GitHub/RLD".
 --> contracts/lib/v4-core/test/DynamicReturnFees.t.sol:4:1:
  |
4 | import {Test} from "forge-std/Test.sol";
  | ^^^^^^^^^^^^^^^^^^^^^^^^^^^^^^^^^^^^^^^^

Error (6275): Source "forge-std/Vm.sol" not found: File not found. Searched the following locations: "/Users/yevhen/Documents/GitHub/RLD".
ParserError: Source "forge-std/Vm.sol" not found: File not found. Searched the following locations: "/Users/yevhen/Documents/GitHub/RLD".
 --> contracts/lib/v4-core/test/DynamicReturnFees.t.sol:5:1:
  |
5 | import {Vm} from "forge-std/Vm.sol";
  | ^^^^^^^^^^^^^^^^^^^^^^^^^^^^^^^^^^^^

Error (6275): Source "solmate/src/test/utils/mocks/MockERC20.sol" not found: File not found. Searched the following locations: "/Users/yevhen/Documents/GitHub/RLD".
ParserError: Source "solmate/src/test/utils/mocks/MockERC20.sol" not found: File not found. Searched the following locations: "/Users/yevhen/Documents/GitHub/RLD".
  --> contracts/lib/v4-core/test/DynamicReturnFees.t.sol:18:1:
   |
18 | import {MockERC20} from "solmate/src/test/utils/mocks/MockERC20.sol";
   | ^^^^^^^^^^^^^^^^^^^^^^^^^^^^^^^^^^^^^^^^^^^^^^^^^^^^^^^^^^^^^^^^^^^^^

Error (6275): Source "forge-std/Test.sol" not found: File not found. Searched the following locations: "/Users/yevhen/Documents/GitHub/RLD".
ParserError: Source "forge-std/Test.sol" not found: File not found. Searched the following locations: "/Users/yevhen/Documents/GitHub/RLD".
 --> contracts/lib/v4-core/test/ModifyLiquidity.t.sol:4:1:
  |
4 | import {Test} from "forge-std/Test.sol";
  | ^^^^^^^^^^^^^^^^^^^^^^^^^^^^^^^^^^^^^^^^

Error (6275): Source "src/types/PoolKey.sol" not found: File not found. Searched the following locations: "/Users/yevhen/Documents/GitHub/RLD".
ParserError: Source "src/types/PoolKey.sol" not found: File not found. Searched the following locations: "/Users/yevhen/Documents/GitHub/RLD".
 --> contracts/lib/v4-core/test/ModifyLiquidity.t.sol:6:1:
  |
6 | import {PoolKey} from "src/types/PoolKey.sol";
  | ^^^^^^^^^^^^^^^^^^^^^^^^^^^^^^^^^^^^^^^^^^^^^^

Error (6275): Source "src/types/PoolOperation.sol" not found: File not found. Searched the following locations: "/Users/yevhen/Documents/GitHub/RLD".
ParserError: Source "src/types/PoolOperation.sol" not found: File not found. Searched the following locations: "/Users/yevhen/Documents/GitHub/RLD".
 --> contracts/lib/v4-core/test/ModifyLiquidity.t.sol:7:1:
  |
7 | import {ModifyLiquidityParams} from "src/types/PoolOperation.sol";
  | ^^^^^^^^^^^^^^^^^^^^^^^^^^^^^^^^^^^^^^^^^^^^^^^^^^^^^^^^^^^^^^^^^^

Error (6275): Source "src/interfaces/IPoolManager.sol" not found: File not found. Searched the following locations: "/Users/yevhen/Documents/GitHub/RLD".
ParserError: Source "src/interfaces/IPoolManager.sol" not found: File not found. Searched the following locations: "/Users/yevhen/Documents/GitHub/RLD".
 --> contracts/lib/v4-core/test/ModifyLiquidity.t.sol:8:1:
  |
8 | import {IPoolManager} from "src/interfaces/IPoolManager.sol";
  | ^^^^^^^^^^^^^^^^^^^^^^^^^^^^^^^^^^^^^^^^^^^^^^^^^^^^^^^^^^^^^

Error (6275): Source "src/interfaces/IHooks.sol" not found: File not found. Searched the following locations: "/Users/yevhen/Documents/GitHub/RLD".
ParserError: Source "src/interfaces/IHooks.sol" not found: File not found. Searched the following locations: "/Users/yevhen/Documents/GitHub/RLD".
 --> contracts/lib/v4-core/test/ModifyLiquidity.t.sol:9:1:
  |
9 | import {IHooks} from "src/interfaces/IHooks.sol";
  | ^^^^^^^^^^^^^^^^^^^^^^^^^^^^^^^^^^^^^^^^^^^^^^^^^

Error (6275): Source "src/libraries/Position.sol" not found: File not found. Searched the following locations: "/Users/yevhen/Documents/GitHub/RLD".
ParserError: Source "src/libraries/Position.sol" not found: File not found. Searched the following locations: "/Users/yevhen/Documents/GitHub/RLD".
  --> contracts/lib/v4-core/test/ModifyLiquidity.t.sol:10:1:
   |
10 | import {Position} from "src/libraries/Position.sol";
   | ^^^^^^^^^^^^^^^^^^^^^^^^^^^^^^^^^^^^^^^^^^^^^^^^^^^^

Error (6275): Source "src/types/PoolId.sol" not found: File not found. Searched the following locations: "/Users/yevhen/Documents/GitHub/RLD".
ParserError: Source "src/types/PoolId.sol" not found: File not found. Searched the following locations: "/Users/yevhen/Documents/GitHub/RLD".
  --> contracts/lib/v4-core/test/ModifyLiquidity.t.sol:11:1:
   |
11 | import {PoolId} from "src/types/PoolId.sol";
   | ^^^^^^^^^^^^^^^^^^^^^^^^^^^^^^^^^^^^^^^^^^^^

Error (6275): Source "src/types/Currency.sol" not found: File not found. Searched the following locations: "/Users/yevhen/Documents/GitHub/RLD".
ParserError: Source "src/types/Currency.sol" not found: File not found. Searched the following locations: "/Users/yevhen/Documents/GitHub/RLD".
  --> contracts/lib/v4-core/test/ModifyLiquidity.t.sol:14:1:
   |
14 | import {Currency} from "src/types/Currency.sol";
   | ^^^^^^^^^^^^^^^^^^^^^^^^^^^^^^^^^^^^^^^^^^^^^^^^

Error (6275): Source "solmate/src/test/utils/mocks/MockERC20.sol" not found: File not found. Searched the following locations: "/Users/yevhen/Documents/GitHub/RLD".
ParserError: Source "solmate/src/test/utils/mocks/MockERC20.sol" not found: File not found. Searched the following locations: "/Users/yevhen/Documents/GitHub/RLD".
  --> contracts/lib/v4-core/test/ModifyLiquidity.t.sol:15:1:
   |
15 | import {MockERC20} from "solmate/src/test/utils/mocks/MockERC20.sol";
   | ^^^^^^^^^^^^^^^^^^^^^^^^^^^^^^^^^^^^^^^^^^^^^^^^^^^^^^^^^^^^^^^^^^^^^

Error (6275): Source "src/libraries/StateLibrary.sol" not found: File not found. Searched the following locations: "/Users/yevhen/Documents/GitHub/RLD".
ParserError: Source "src/libraries/StateLibrary.sol" not found: File not found. Searched the following locations: "/Users/yevhen/Documents/GitHub/RLD".
  --> contracts/lib/v4-core/test/ModifyLiquidity.t.sol:16:1:
   |
16 | import {StateLibrary} from "src/libraries/StateLibrary.sol";
   | ^^^^^^^^^^^^^^^^^^^^^^^^^^^^^^^^^^^^^^^^^^^^^^^^^^^^^^^^^^^^

Error (6275): Source "src/libraries/TickMath.sol" not found: File not found. Searched the following locations: "/Users/yevhen/Documents/GitHub/RLD".
ParserError: Source "src/libraries/TickMath.sol" not found: File not found. Searched the following locations: "/Users/yevhen/Documents/GitHub/RLD".
  --> contracts/lib/v4-core/test/ModifyLiquidity.t.sol:20:1:
   |
20 | import {TickMath} from "src/libraries/TickMath.sol";
   | ^^^^^^^^^^^^^^^^^^^^^^^^^^^^^^^^^^^^^^^^^^^^^^^^^^^^

Error (6275): Source "src/types/BalanceDelta.sol" not found: File not found. Searched the following locations: "/Users/yevhen/Documents/GitHub/RLD".
ParserError: Source "src/types/BalanceDelta.sol" not found: File not found. Searched the following locations: "/Users/yevhen/Documents/GitHub/RLD".
  --> contracts/lib/v4-core/test/ModifyLiquidity.t.sol:21:1:
   |
21 | import {toBalanceDelta} from "src/types/BalanceDelta.sol";
   | ^^^^^^^^^^^^^^^^^^^^^^^^^^^^^^^^^^^^^^^^^^^^^^^^^^^^^^^^^^

Error (6275): Source "forge-std/Test.sol" not found: File not found. Searched the following locations: "/Users/yevhen/Documents/GitHub/RLD".
ParserError: Source "forge-std/Test.sol" not found: File not found. Searched the following locations: "/Users/yevhen/Documents/GitHub/RLD".
 --> contracts/lib/v4-core/test/NoDelegateCall.t.sol:4:1:
  |
4 | import {Test} from "forge-std/Test.sol";
  | ^^^^^^^^^^^^^^^^^^^^^^^^^^^^^^^^^^^^^^^^

Error (6275): Source "forge-std/Test.sol" not found: File not found. Searched the following locations: "/Users/yevhen/Documents/GitHub/RLD".
ParserError: Source "forge-std/Test.sol" not found: File not found. Searched the following locations: "/Users/yevhen/Documents/GitHub/RLD".
 --> contracts/lib/v4-core/test/PoolManager.clear.t.sol:4:1:
  |
4 | import "forge-std/Test.sol";
  | ^^^^^^^^^^^^^^^^^^^^^^^^^^^^

Error (6275): Source "forge-std/mocks/MockERC20.sol" not found: File not found. Searched the following locations: "/Users/yevhen/Documents/GitHub/RLD".
ParserError: Source "forge-std/mocks/MockERC20.sol" not found: File not found. Searched the following locations: "/Users/yevhen/Documents/GitHub/RLD".
 --> contracts/lib/v4-core/test/PoolManager.clear.t.sol:9:1:
  |
9 | import {MockERC20} from "forge-std/mocks/MockERC20.sol";
  | ^^^^^^^^^^^^^^^^^^^^^^^^^^^^^^^^^^^^^^^^^^^^^^^^^^^^^^^^

Error (6275): Source "forge-std/Test.sol" not found: File not found. Searched the following locations: "/Users/yevhen/Documents/GitHub/RLD".
ParserError: Source "forge-std/Test.sol" not found: File not found. Searched the following locations: "/Users/yevhen/Documents/GitHub/RLD".
 --> contracts/lib/v4-core/test/PoolManager.swap.t.sol:4:1:
  |
4 | import "forge-std/Test.sol";
  | ^^^^^^^^^^^^^^^^^^^^^^^^^^^^

Error (6275): Source "forge-std/Test.sol" not found: File not found. Searched the following locations: "/Users/yevhen/Documents/GitHub/RLD".
ParserError: Source "forge-std/Test.sol" not found: File not found. Searched the following locations: "/Users/yevhen/Documents/GitHub/RLD".
 --> contracts/lib/v4-core/test/PoolManager.t.sol:4:1:
  |
4 | import {Test} from "forge-std/Test.sol";
  | ^^^^^^^^^^^^^^^^^^^^^^^^^^^^^^^^^^^^^^^^

Error (6275): Source "forge-std/Test.sol" not found: File not found. Searched the following locations: "/Users/yevhen/Documents/GitHub/RLD".
ParserError: Source "forge-std/Test.sol" not found: File not found. Searched the following locations: "/Users/yevhen/Documents/GitHub/RLD".
 --> contracts/lib/v4-core/test/PoolManagerInitialize.t.sol:4:1:
  |
4 | import {Test} from "forge-std/Test.sol";
  | ^^^^^^^^^^^^^^^^^^^^^^^^^^^^^^^^^^^^^^^^

Error (6275): Source "forge-std/Test.sol" not found: File not found. Searched the following locations: "/Users/yevhen/Documents/GitHub/RLD".
ParserError: Source "forge-std/Test.sol" not found: File not found. Searched the following locations: "/Users/yevhen/Documents/GitHub/RLD".
 --> contracts/lib/v4-core/test/ProtocolFeesImplementation.t.sol:4:1:
  |
4 | import {Test} from "forge-std/Test.sol";
  | ^^^^^^^^^^^^^^^^^^^^^^^^^^^^^^^^^^^^^^^^

Error (6275): Source "solmate/src/test/utils/mocks/MockERC20.sol" not found: File not found. Searched the following locations: "/Users/yevhen/Documents/GitHub/RLD".
ParserError: Source "solmate/src/test/utils/mocks/MockERC20.sol" not found: File not found. Searched the following locations: "/Users/yevhen/Documents/GitHub/RLD".
 --> contracts/lib/v4-core/test/ProtocolFeesImplementation.t.sol:5:1:
  |
5 | import {MockERC20} from "solmate/src/test/utils/mocks/MockERC20.sol";
  | ^^^^^^^^^^^^^^^^^^^^^^^^^^^^^^^^^^^^^^^^^^^^^^^^^^^^^^^^^^^^^^^^^^^^^

Error (6275): Source "forge-std/Test.sol" not found: File not found. Searched the following locations: "/Users/yevhen/Documents/GitHub/RLD".
ParserError: Source "forge-std/Test.sol" not found: File not found. Searched the following locations: "/Users/yevhen/Documents/GitHub/RLD".
 --> contracts/lib/v4-core/test/SkipCallsTestHook.t.sol:4:1:
  |
4 | import {Test} from "forge-std/Test.sol";
  | ^^^^^^^^^^^^^^^^^^^^^^^^^^^^^^^^^^^^^^^^

Error (6275): Source "forge-std/Vm.sol" not found: File not found. Searched the following locations: "/Users/yevhen/Documents/GitHub/RLD".
ParserError: Source "forge-std/Vm.sol" not found: File not found. Searched the following locations: "/Users/yevhen/Documents/GitHub/RLD".
 --> contracts/lib/v4-core/test/SkipCallsTestHook.t.sol:5:1:
  |
5 | import {Vm} from "forge-std/Vm.sol";
  | ^^^^^^^^^^^^^^^^^^^^^^^^^^^^^^^^^^^^

Error (6275): Source "solmate/src/test/utils/mocks/MockERC20.sol" not found: File not found. Searched the following locations: "/Users/yevhen/Documents/GitHub/RLD".
ParserError: Source "solmate/src/test/utils/mocks/MockERC20.sol" not found: File not found. Searched the following locations: "/Users/yevhen/Documents/GitHub/RLD".
  --> contracts/lib/v4-core/test/SkipCallsTestHook.t.sol:16:1:
   |
16 | import {MockERC20} from "solmate/src/test/utils/mocks/MockERC20.sol";
   | ^^^^^^^^^^^^^^^^^^^^^^^^^^^^^^^^^^^^^^^^^^^^^^^^^^^^^^^^^^^^^^^^^^^^^

Error (6275): Source "forge-std/Test.sol" not found: File not found. Searched the following locations: "/Users/yevhen/Documents/GitHub/RLD".
ParserError: Source "forge-std/Test.sol" not found: File not found. Searched the following locations: "/Users/yevhen/Documents/GitHub/RLD".
 --> contracts/lib/v4-core/test/Sync.t.sol:4:1:
  |
4 | import {Test} from "forge-std/Test.sol";
  | ^^^^^^^^^^^^^^^^^^^^^^^^^^^^^^^^^^^^^^^^

Error (6275): Source "solmate/src/test/utils/mocks/MockERC20.sol" not found: File not found. Searched the following locations: "/Users/yevhen/Documents/GitHub/RLD".
ParserError: Source "solmate/src/test/utils/mocks/MockERC20.sol" not found: File not found. Searched the following locations: "/Users/yevhen/Documents/GitHub/RLD".
 --> contracts/lib/v4-core/test/Sync.t.sol:5:1:
  |
5 | import {MockERC20} from "solmate/src/test/utils/mocks/MockERC20.sol";
  | ^^^^^^^^^^^^^^^^^^^^^^^^^^^^^^^^^^^^^^^^^^^^^^^^^^^^^^^^^^^^^^^^^^^^^

Error (6275): Source "forge-std/Test.sol" not found: File not found. Searched the following locations: "/Users/yevhen/Documents/GitHub/RLD".
ParserError: Source "forge-std/Test.sol" not found: File not found. Searched the following locations: "/Users/yevhen/Documents/GitHub/RLD".
 --> contracts/lib/v4-core/test/libraries/Hooks.t.sol:4:1:
  |
4 | import {Test} from "forge-std/Test.sol";
  | ^^^^^^^^^^^^^^^^^^^^^^^^^^^^^^^^^^^^^^^^

Error (6275): Source "forge-std/Vm.sol" not found: File not found. Searched the following locations: "/Users/yevhen/Documents/GitHub/RLD".
ParserError: Source "forge-std/Vm.sol" not found: File not found. Searched the following locations: "/Users/yevhen/Documents/GitHub/RLD".
 --> contracts/lib/v4-core/test/libraries/Hooks.t.sol:5:1:
  |
5 | import {Vm} from "forge-std/Vm.sol";
  | ^^^^^^^^^^^^^^^^^^^^^^^^^^^^^^^^^^^^

Error (6275): Source "solmate/src/test/utils/mocks/MockERC20.sol" not found: File not found. Searched the following locations: "/Users/yevhen/Documents/GitHub/RLD".
ParserError: Source "solmate/src/test/utils/mocks/MockERC20.sol" not found: File not found. Searched the following locations: "/Users/yevhen/Documents/GitHub/RLD".
  --> contracts/lib/v4-core/test/libraries/Hooks.t.sol:10:1:
   |
10 | import {MockERC20} from "solmate/src/test/utils/mocks/MockERC20.sol";
   | ^^^^^^^^^^^^^^^^^^^^^^^^^^^^^^^^^^^^^^^^^^^^^^^^^^^^^^^^^^^^^^^^^^^^^

Error (6275): Source "test/utils/Deployers.sol" not found: File not found. Searched the following locations: "/Users/yevhen/Documents/GitHub/RLD".
ParserError: Source "test/utils/Deployers.sol" not found: File not found. Searched the following locations: "/Users/yevhen/Documents/GitHub/RLD".
  --> contracts/lib/v4-core/test/libraries/Hooks.t.sol:16:1:
   |
16 | import {Deployers} from "test/utils/Deployers.sol";
   | ^^^^^^^^^^^^^^^^^^^^^^^^^^^^^^^^^^^^^^^^^^^^^^^^^^^

Error (6275): Source "forge-std/Test.sol" not found: File not found. Searched the following locations: "/Users/yevhen/Documents/GitHub/RLD".
ParserError: Source "forge-std/Test.sol" not found: File not found. Searched the following locations: "/Users/yevhen/Documents/GitHub/RLD".
 --> contracts/lib/v4-core/test/libraries/Pool.t.sol:4:1:
  |
4 | import {Test} from "forge-std/Test.sol";
  | ^^^^^^^^^^^^^^^^^^^^^^^^^^^^^^^^^^^^^^^^

Error (6275): Source "forge-std/Vm.sol" not found: File not found. Searched the following locations: "/Users/yevhen/Documents/GitHub/RLD".
ParserError: Source "forge-std/Vm.sol" not found: File not found. Searched the following locations: "/Users/yevhen/Documents/GitHub/RLD".
 --> contracts/lib/v4-core/test/libraries/Pool.t.sol:5:1:
  |
5 | import {Vm} from "forge-std/Vm.sol";
  | ^^^^^^^^^^^^^^^^^^^^^^^^^^^^^^^^^^^^

Error (6275): Source "forge-std/Test.sol" not found: File not found. Searched the following locations: "/Users/yevhen/Documents/GitHub/RLD".
ParserError: Source "forge-std/Test.sol" not found: File not found. Searched the following locations: "/Users/yevhen/Documents/GitHub/RLD".
 --> contracts/lib/v4-core/test/libraries/StateLibrary.t.sol:4:1:
  |
4 | import "forge-std/Test.sol";
  | ^^^^^^^^^^^^^^^^^^^^^^^^^^^^

Error (6275): Source "solmate/src/utils/FixedPointMathLib.sol" not found: File not found. Searched the following locations: "/Users/yevhen/Documents/GitHub/RLD".
ParserError: Source "solmate/src/utils/FixedPointMathLib.sol" not found: File not found. Searched the following locations: "/Users/yevhen/Documents/GitHub/RLD".
  --> contracts/lib/v4-core/test/libraries/StateLibrary.t.sol:15:1:
   |
15 | import {FixedPointMathLib} from "solmate/src/utils/FixedPointMathLib.sol";
   | ^^^^^^^^^^^^^^^^^^^^^^^^^^^^^^^^^^^^^^^^^^^^^^^^^^^^^^^^^^^^^^^^^^^^^^^^^^

Error (6275): Source "forge-std/Test.sol" not found: File not found. Searched the following locations: "/Users/yevhen/Documents/GitHub/RLD".
ParserError: Source "forge-std/Test.sol" not found: File not found. Searched the following locations: "/Users/yevhen/Documents/GitHub/RLD".
 --> contracts/lib/v4-core/test/utils/Deployers.sol:4:1:
  |
4 | import "forge-std/Test.sol";
  | ^^^^^^^^^^^^^^^^^^^^^^^^^^^^

Error (6275): Source "solmate/src/test/utils/mocks/MockERC20.sol" not found: File not found. Searched the following locations: "/Users/yevhen/Documents/GitHub/RLD".
ParserError: Source "solmate/src/test/utils/mocks/MockERC20.sol" not found: File not found. Searched the following locations: "/Users/yevhen/Documents/GitHub/RLD".
 --> contracts/lib/v4-core/test/utils/Deployers.sol:5:1:
  |
5 | import {MockERC20} from "solmate/src/test/utils/mocks/MockERC20.sol";
  | ^^^^^^^^^^^^^^^^^^^^^^^^^^^^^^^^^^^^^^^^^^^^^^^^^^^^^^^^^^^^^^^^^^^^^

Error (6275): Source "forge-std/Base.sol" not found: File not found. Searched the following locations: "/Users/yevhen/Documents/GitHub/RLD".
ParserError: Source "forge-std/Base.sol" not found: File not found. Searched the following locations: "/Users/yevhen/Documents/GitHub/RLD".
 --> contracts/lib/v4-core/test/utils/JavascriptFfi.sol:4:1:
  |
4 | import {CommonBase} from "forge-std/Base.sol";
  | ^^^^^^^^^^^^^^^^^^^^^^^^^^^^^^^^^^^^^^^^^^^^^^

Error (6275): Source "forge-std/console2.sol" not found: File not found. Searched the following locations: "/Users/yevhen/Documents/GitHub/RLD".
ParserError: Source "forge-std/console2.sol" not found: File not found. Searched the following locations: "/Users/yevhen/Documents/GitHub/RLD".
 --> contracts/lib/v4-core/test/utils/Logger.sol:6:1:
  |
6 | import "forge-std/console2.sol";
  | ^^^^^^^^^^^^^^^^^^^^^^^^^^^^^^^^

Error (6275): Source "solmate/src/test/utils/mocks/MockERC20.sol" not found: File not found. Searched the following locations: "/Users/yevhen/Documents/GitHub/RLD".
ParserError: Source "solmate/src/test/utils/mocks/MockERC20.sol" not found: File not found. Searched the following locations: "/Users/yevhen/Documents/GitHub/RLD".
 --> contracts/lib/v4-core/test/utils/SortTokens.sol:4:1:
  |
4 | import {MockERC20} from "solmate/src/test/utils/mocks/MockERC20.sol";
  | ^^^^^^^^^^^^^^^^^^^^^^^^^^^^^^^^^^^^^^^^^^^^^^^^^^^^^^^^^^^^^^^^^^^^^

Error (6275): Source "forge-std/Test.sol" not found: File not found. Searched the following locations: "/Users/yevhen/Documents/GitHub/RLD".
ParserError: Source "forge-std/Test.sol" not found: File not found. Searched the following locations: "/Users/yevhen/Documents/GitHub/RLD".
 --> contracts/lib/v4-core/test/utils/SwapHelper.t.sol:4:1:
  |
4 | import {Test} from "forge-std/Test.sol";
  | ^^^^^^^^^^^^^^^^^^^^^^^^^^^^^^^^^^^^^^^^

Error (6275): Source "forge-std/Vm.sol" not found: File not found. Searched the following locations: "/Users/yevhen/Documents/GitHub/RLD".
ParserError: Source "forge-std/Vm.sol" not found: File not found. Searched the following locations: "/Users/yevhen/Documents/GitHub/RLD".
 --> contracts/lib/v4-core/test/utils/SwapHelper.t.sol:5:1:
  |
5 | import {Vm} from "forge-std/Vm.sol";
  | ^^^^^^^^^^^^^^^^^^^^^^^^^^^^^^^^^^^^

Error (6275): Source "solmate/src/test/utils/mocks/MockERC20.sol" not found: File not found. Searched the following locations: "/Users/yevhen/Documents/GitHub/RLD".
ParserError: Source "solmate/src/test/utils/mocks/MockERC20.sol" not found: File not found. Searched the following locations: "/Users/yevhen/Documents/GitHub/RLD".
 --> contracts/lib/v4-core/test/utils/SwapHelper.t.sol:9:1:
  |
9 | import {MockERC20} from "solmate/src/test/utils/mocks/MockERC20.sol";
  | ^^^^^^^^^^^^^^^^^^^^^^^^^^^^^^^^^^^^^^^^^^^^^^^^^^^^^^^^^^^^^^^^^^^^^

Error (6275): Source "forge-std/Test.sol" not found: File not found. Searched the following locations: "/Users/yevhen/Documents/GitHub/RLD".
ParserError: Source "forge-std/Test.sol" not found: File not found. Searched the following locations: "/Users/yevhen/Documents/GitHub/RLD".
 --> contracts/lib/v4-core/test/utils/V3Helper.sol:4:1:
  |
4 | import "forge-std/Test.sol";
  | ^^^^^^^^^^^^^^^^^^^^^^^^^^^^

Error (6275): Source "@uniswap/v4-core/src/interfaces/IPoolManager.sol" not found: File not found. Searched the following locations: "/Users/yevhen/Documents/GitHub/RLD".
ParserError: Source "@uniswap/v4-core/src/interfaces/IPoolManager.sol" not found: File not found. Searched the following locations: "/Users/yevhen/Documents/GitHub/RLD".
 --> contracts/lib/v4-periphery/src/PositionDescriptor.sol:4:1:
  |
4 | import {IPoolManager} from "@uniswap/v4-core/src/interfaces/IPoolManager.sol";
  | ^^^^^^^^^^^^^^^^^^^^^^^^^^^^^^^^^^^^^^^^^^^^^^^^^^^^^^^^^^^^^^^^^^^^^^^^^^^^^^

Error (6275): Source "@uniswap/v4-core/src/types/Currency.sol" not found: File not found. Searched the following locations: "/Users/yevhen/Documents/GitHub/RLD".
ParserError: Source "@uniswap/v4-core/src/types/Currency.sol" not found: File not found. Searched the following locations: "/Users/yevhen/Documents/GitHub/RLD".
 --> contracts/lib/v4-periphery/src/PositionDescriptor.sol:5:1:
  |
5 | import {Currency} from "@uniswap/v4-core/src/types/Currency.sol";
  | ^^^^^^^^^^^^^^^^^^^^^^^^^^^^^^^^^^^^^^^^^^^^^^^^^^^^^^^^^^^^^^^^^

Error (6275): Source "@uniswap/v4-core/src/libraries/StateLibrary.sol" not found: File not found. Searched the following locations: "/Users/yevhen/Documents/GitHub/RLD".
ParserError: Source "@uniswap/v4-core/src/libraries/StateLibrary.sol" not found: File not found. Searched the following locations: "/Users/yevhen/Documents/GitHub/RLD".
 --> contracts/lib/v4-periphery/src/PositionDescriptor.sol:6:1:
  |
6 | import {StateLibrary} from "@uniswap/v4-core/src/libraries/StateLibrary.sol";
  | ^^^^^^^^^^^^^^^^^^^^^^^^^^^^^^^^^^^^^^^^^^^^^^^^^^^^^^^^^^^^^^^^^^^^^^^^^^^^^

Error (6275): Source "@uniswap/v4-core/src/types/PoolKey.sol" not found: File not found. Searched the following locations: "/Users/yevhen/Documents/GitHub/RLD".
ParserError: Source "@uniswap/v4-core/src/types/PoolKey.sol" not found: File not found. Searched the following locations: "/Users/yevhen/Documents/GitHub/RLD".
 --> contracts/lib/v4-periphery/src/PositionDescriptor.sol:7:1:
  |
7 | import {PoolKey} from "@uniswap/v4-core/src/types/PoolKey.sol";
  | ^^^^^^^^^^^^^^^^^^^^^^^^^^^^^^^^^^^^^^^^^^^^^^^^^^^^^^^^^^^^^^^

Error (6275): Source "@uniswap/v4-core/src/types/PoolId.sol" not found: File not found. Searched the following locations: "/Users/yevhen/Documents/GitHub/RLD".
ParserError: Source "@uniswap/v4-core/src/types/PoolId.sol" not found: File not found. Searched the following locations: "/Users/yevhen/Documents/GitHub/RLD".
 --> contracts/lib/v4-periphery/src/PositionDescriptor.sol:8:1:
  |
8 | import {PoolId} from "@uniswap/v4-core/src/types/PoolId.sol";
  | ^^^^^^^^^^^^^^^^^^^^^^^^^^^^^^^^^^^^^^^^^^^^^^^^^^^^^^^^^^^^^

Error (6275): Source "@uniswap/v4-core/src/interfaces/IPoolManager.sol" not found: File not found. Searched the following locations: "/Users/yevhen/Documents/GitHub/RLD".
ParserError: Source "@uniswap/v4-core/src/interfaces/IPoolManager.sol" not found: File not found. Searched the following locations: "/Users/yevhen/Documents/GitHub/RLD".
 --> contracts/lib/v4-periphery/src/PositionManager.sol:4:1:
  |
4 | import {IPoolManager} from "@uniswap/v4-core/src/interfaces/IPoolManager.sol";
  | ^^^^^^^^^^^^^^^^^^^^^^^^^^^^^^^^^^^^^^^^^^^^^^^^^^^^^^^^^^^^^^^^^^^^^^^^^^^^^^

Error (6275): Source "@uniswap/v4-core/src/types/PoolKey.sol" not found: File not found. Searched the following locations: "/Users/yevhen/Documents/GitHub/RLD".
ParserError: Source "@uniswap/v4-core/src/types/PoolKey.sol" not found: File not found. Searched the following locations: "/Users/yevhen/Documents/GitHub/RLD".
 --> contracts/lib/v4-periphery/src/PositionManager.sol:5:1:
  |
5 | import {PoolKey} from "@uniswap/v4-core/src/types/PoolKey.sol";
  | ^^^^^^^^^^^^^^^^^^^^^^^^^^^^^^^^^^^^^^^^^^^^^^^^^^^^^^^^^^^^^^^

Error (6275): Source "@uniswap/v4-core/src/types/Currency.sol" not found: File not found. Searched the following locations: "/Users/yevhen/Documents/GitHub/RLD".
ParserError: Source "@uniswap/v4-core/src/types/Currency.sol" not found: File not found. Searched the following locations: "/Users/yevhen/Documents/GitHub/RLD".
 --> contracts/lib/v4-periphery/src/PositionManager.sol:6:1:
  |
6 | import {Currency, CurrencyLibrary} from "@uniswap/v4-core/src/types/Currency.sol";
  | ^^^^^^^^^^^^^^^^^^^^^^^^^^^^^^^^^^^^^^^^^^^^^^^^^^^^^^^^^^^^^^^^^^^^^^^^^^^^^^^^^^

Error (6275): Source "@uniswap/v4-core/src/types/BalanceDelta.sol" not found: File not found. Searched the following locations: "/Users/yevhen/Documents/GitHub/RLD".
ParserError: Source "@uniswap/v4-core/src/types/BalanceDelta.sol" not found: File not found. Searched the following locations: "/Users/yevhen/Documents/GitHub/RLD".
 --> contracts/lib/v4-periphery/src/PositionManager.sol:7:1:
  |
7 | import {BalanceDelta} from "@uniswap/v4-core/src/types/BalanceDelta.sol";
  | ^^^^^^^^^^^^^^^^^^^^^^^^^^^^^^^^^^^^^^^^^^^^^^^^^^^^^^^^^^^^^^^^^^^^^^^^^

Error (6275): Source "@uniswap/v4-core/src/libraries/SafeCast.sol" not found: File not found. Searched the following locations: "/Users/yevhen/Documents/GitHub/RLD".
ParserError: Source "@uniswap/v4-core/src/libraries/SafeCast.sol" not found: File not found. Searched the following locations: "/Users/yevhen/Documents/GitHub/RLD".
 --> contracts/lib/v4-periphery/src/PositionManager.sol:8:1:
  |
8 | import {SafeCast} from "@uniswap/v4-core/src/libraries/SafeCast.sol";
  | ^^^^^^^^^^^^^^^^^^^^^^^^^^^^^^^^^^^^^^^^^^^^^^^^^^^^^^^^^^^^^^^^^^^^^

Error (6275): Source "@uniswap/v4-core/src/libraries/Position.sol" not found: File not found. Searched the following locations: "/Users/yevhen/Documents/GitHub/RLD".
ParserError: Source "@uniswap/v4-core/src/libraries/Position.sol" not found: File not found. Searched the following locations: "/Users/yevhen/Documents/GitHub/RLD".
 --> contracts/lib/v4-periphery/src/PositionManager.sol:9:1:
  |
9 | import {Position} from "@uniswap/v4-core/src/libraries/Position.sol";
  | ^^^^^^^^^^^^^^^^^^^^^^^^^^^^^^^^^^^^^^^^^^^^^^^^^^^^^^^^^^^^^^^^^^^^^

Error (6275): Source "@uniswap/v4-core/src/libraries/StateLibrary.sol" not found: File not found. Searched the following locations: "/Users/yevhen/Documents/GitHub/RLD".
ParserError: Source "@uniswap/v4-core/src/libraries/StateLibrary.sol" not found: File not found. Searched the following locations: "/Users/yevhen/Documents/GitHub/RLD".
  --> contracts/lib/v4-periphery/src/PositionManager.sol:10:1:
   |
10 | import {StateLibrary} from "@uniswap/v4-core/src/libraries/StateLibrary.sol";
   | ^^^^^^^^^^^^^^^^^^^^^^^^^^^^^^^^^^^^^^^^^^^^^^^^^^^^^^^^^^^^^^^^^^^^^^^^^^^^^

Error (6275): Source "@uniswap/v4-core/src/libraries/TransientStateLibrary.sol" not found: File not found. Searched the following locations: "/Users/yevhen/Documents/GitHub/RLD".
ParserError: Source "@uniswap/v4-core/src/libraries/TransientStateLibrary.sol" not found: File not found. Searched the following locations: "/Users/yevhen/Documents/GitHub/RLD".
  --> contracts/lib/v4-periphery/src/PositionManager.sol:11:1:
   |
11 | import {TransientStateLibrary} from "@uniswap/v4-core/src/libraries/TransientStateLibrary.sol";
   | ^^^^^^^^^^^^^^^^^^^^^^^^^^^^^^^^^^^^^^^^^^^^^^^^^^^^^^^^^^^^^^^^^^^^^^^^^^^^^^^^^^^^^^^^^^^^^^^

Error (6275): Source "permit2/src/interfaces/IAllowanceTransfer.sol" not found: File not found. Searched the following locations: "/Users/yevhen/Documents/GitHub/RLD".
ParserError: Source "permit2/src/interfaces/IAllowanceTransfer.sol" not found: File not found. Searched the following locations: "/Users/yevhen/Documents/GitHub/RLD".
  --> contracts/lib/v4-periphery/src/PositionManager.sol:12:1:
   |
12 | import {IAllowanceTransfer} from "permit2/src/interfaces/IAllowanceTransfer.sol";
   | ^^^^^^^^^^^^^^^^^^^^^^^^^^^^^^^^^^^^^^^^^^^^^^^^^^^^^^^^^^^^^^^^^^^^^^^^^^^^^^^^^

Error (6275): Source "@uniswap/v4-core/src/libraries/TickMath.sol" not found: File not found. Searched the following locations: "/Users/yevhen/Documents/GitHub/RLD".
ParserError: Source "@uniswap/v4-core/src/libraries/TickMath.sol" not found: File not found. Searched the following locations: "/Users/yevhen/Documents/GitHub/RLD".
  --> contracts/lib/v4-periphery/src/PositionManager.sol:13:1:
   |
13 | import {TickMath} from "@uniswap/v4-core/src/libraries/TickMath.sol";
   | ^^^^^^^^^^^^^^^^^^^^^^^^^^^^^^^^^^^^^^^^^^^^^^^^^^^^^^^^^^^^^^^^^^^^^

Error (6275): Source "@uniswap/v4-core/src/types/PoolOperation.sol" not found: File not found. Searched the following locations: "/Users/yevhen/Documents/GitHub/RLD".
ParserError: Source "@uniswap/v4-core/src/types/PoolOperation.sol" not found: File not found. Searched the following locations: "/Users/yevhen/Documents/GitHub/RLD".
  --> contracts/lib/v4-periphery/src/PositionManager.sol:14:1:
   |
14 | import {ModifyLiquidityParams, SwapParams} from "@uniswap/v4-core/src/types/PoolOperation.sol";
   | ^^^^^^^^^^^^^^^^^^^^^^^^^^^^^^^^^^^^^^^^^^^^^^^^^^^^^^^^^^^^^^^^^^^^^^^^^^^^^^^^^^^^^^^^^^^^^^^

Error (6275): Source "@openzeppelin/contracts/utils/Create2.sol" not found: File not found. Searched the following locations: "/Users/yevhen/Documents/GitHub/RLD".
ParserError: Source "@openzeppelin/contracts/utils/Create2.sol" not found: File not found. Searched the following locations: "/Users/yevhen/Documents/GitHub/RLD".
 --> contracts/lib/v4-periphery/src/UniswapV4DeployerCompetition.sol:4:1:
  |
4 | import {Create2} from "@openzeppelin/contracts/utils/Create2.sol";
  | ^^^^^^^^^^^^^^^^^^^^^^^^^^^^^^^^^^^^^^^^^^^^^^^^^^^^^^^^^^^^^^^^^^

Error (6275): Source "@uniswap/v4-core/src/interfaces/IPoolManager.sol" not found: File not found. Searched the following locations: "/Users/yevhen/Documents/GitHub/RLD".
ParserError: Source "@uniswap/v4-core/src/interfaces/IPoolManager.sol" not found: File not found. Searched the following locations: "/Users/yevhen/Documents/GitHub/RLD".
 --> contracts/lib/v4-periphery/src/V4Router.sol:4:1:
  |
4 | import {IPoolManager} from "@uniswap/v4-core/src/interfaces/IPoolManager.sol";
  | ^^^^^^^^^^^^^^^^^^^^^^^^^^^^^^^^^^^^^^^^^^^^^^^^^^^^^^^^^^^^^^^^^^^^^^^^^^^^^^

Error (6275): Source "@uniswap/v4-core/src/types/BalanceDelta.sol" not found: File not found. Searched the following locations: "/Users/yevhen/Documents/GitHub/RLD".
ParserError: Source "@uniswap/v4-core/src/types/BalanceDelta.sol" not found: File not found. Searched the following locations: "/Users/yevhen/Documents/GitHub/RLD".
 --> contracts/lib/v4-periphery/src/V4Router.sol:5:1:
  |
5 | import {BalanceDelta} from "@uniswap/v4-core/src/types/BalanceDelta.sol";
  | ^^^^^^^^^^^^^^^^^^^^^^^^^^^^^^^^^^^^^^^^^^^^^^^^^^^^^^^^^^^^^^^^^^^^^^^^^

Error (6275): Source "@uniswap/v4-core/src/types/PoolKey.sol" not found: File not found. Searched the following locations: "/Users/yevhen/Documents/GitHub/RLD".
ParserError: Source "@uniswap/v4-core/src/types/PoolKey.sol" not found: File not found. Searched the following locations: "/Users/yevhen/Documents/GitHub/RLD".
 --> contracts/lib/v4-periphery/src/V4Router.sol:6:1:
  |
6 | import {PoolKey} from "@uniswap/v4-core/src/types/PoolKey.sol";
  | ^^^^^^^^^^^^^^^^^^^^^^^^^^^^^^^^^^^^^^^^^^^^^^^^^^^^^^^^^^^^^^^

Error (6275): Source "@uniswap/v4-core/src/types/Currency.sol" not found: File not found. Searched the following locations: "/Users/yevhen/Documents/GitHub/RLD".
ParserError: Source "@uniswap/v4-core/src/types/Currency.sol" not found: File not found. Searched the following locations: "/Users/yevhen/Documents/GitHub/RLD".
 --> contracts/lib/v4-periphery/src/V4Router.sol:7:1:
  |
7 | import {Currency} from "@uniswap/v4-core/src/types/Currency.sol";
  | ^^^^^^^^^^^^^^^^^^^^^^^^^^^^^^^^^^^^^^^^^^^^^^^^^^^^^^^^^^^^^^^^^

Error (6275): Source "@uniswap/v4-core/src/libraries/TickMath.sol" not found: File not found. Searched the following locations: "/Users/yevhen/Documents/GitHub/RLD".
ParserError: Source "@uniswap/v4-core/src/libraries/TickMath.sol" not found: File not found. Searched the following locations: "/Users/yevhen/Documents/GitHub/RLD".
 --> contracts/lib/v4-periphery/src/V4Router.sol:8:1:
  |
8 | import {TickMath} from "@uniswap/v4-core/src/libraries/TickMath.sol";
  | ^^^^^^^^^^^^^^^^^^^^^^^^^^^^^^^^^^^^^^^^^^^^^^^^^^^^^^^^^^^^^^^^^^^^^

Error (6275): Source "@uniswap/v4-core/src/libraries/SafeCast.sol" not found: File not found. Searched the following locations: "/Users/yevhen/Documents/GitHub/RLD".
ParserError: Source "@uniswap/v4-core/src/libraries/SafeCast.sol" not found: File not found. Searched the following locations: "/Users/yevhen/Documents/GitHub/RLD".
 --> contracts/lib/v4-periphery/src/V4Router.sol:9:1:
  |
9 | import {SafeCast} from "@uniswap/v4-core/src/libraries/SafeCast.sol";
  | ^^^^^^^^^^^^^^^^^^^^^^^^^^^^^^^^^^^^^^^^^^^^^^^^^^^^^^^^^^^^^^^^^^^^^

Error (6275): Source "@uniswap/v4-core/src/types/PoolOperation.sol" not found: File not found. Searched the following locations: "/Users/yevhen/Documents/GitHub/RLD".
ParserError: Source "@uniswap/v4-core/src/types/PoolOperation.sol" not found: File not found. Searched the following locations: "/Users/yevhen/Documents/GitHub/RLD".
  --> contracts/lib/v4-periphery/src/V4Router.sol:19:1:
   |
19 | import {SwapParams} from "@uniswap/v4-core/src/types/PoolOperation.sol";
   | ^^^^^^^^^^^^^^^^^^^^^^^^^^^^^^^^^^^^^^^^^^^^^^^^^^^^^^^^^^^^^^^^^^^^^^^^

Error (6275): Source "@uniswap/v4-core/src/interfaces/IPoolManager.sol" not found: File not found. Searched the following locations: "/Users/yevhen/Documents/GitHub/RLD".
ParserError: Source "@uniswap/v4-core/src/interfaces/IPoolManager.sol" not found: File not found. Searched the following locations: "/Users/yevhen/Documents/GitHub/RLD".
 --> contracts/lib/v4-periphery/src/base/BaseActionsRouter.sol:4:1:
  |
4 | import {IPoolManager} from "@uniswap/v4-core/src/interfaces/IPoolManager.sol";
  | ^^^^^^^^^^^^^^^^^^^^^^^^^^^^^^^^^^^^^^^^^^^^^^^^^^^^^^^^^^^^^^^^^^^^^^^^^^^^^^

Error (6275): Source "@uniswap/v4-core/src/types/Currency.sol" not found: File not found. Searched the following locations: "/Users/yevhen/Documents/GitHub/RLD".
ParserError: Source "@uniswap/v4-core/src/types/Currency.sol" not found: File not found. Searched the following locations: "/Users/yevhen/Documents/GitHub/RLD".
 --> contracts/lib/v4-periphery/src/base/DeltaResolver.sol:4:1:
  |
4 | import {Currency} from "@uniswap/v4-core/src/types/Currency.sol";
  | ^^^^^^^^^^^^^^^^^^^^^^^^^^^^^^^^^^^^^^^^^^^^^^^^^^^^^^^^^^^^^^^^^

Error (6275): Source "@uniswap/v4-core/src/libraries/TransientStateLibrary.sol" not found: File not found. Searched the following locations: "/Users/yevhen/Documents/GitHub/RLD".
ParserError: Source "@uniswap/v4-core/src/libraries/TransientStateLibrary.sol" not found: File not found. Searched the following locations: "/Users/yevhen/Documents/GitHub/RLD".
 --> contracts/lib/v4-periphery/src/base/DeltaResolver.sol:5:1:
  |
5 | import {TransientStateLibrary} from "@uniswap/v4-core/src/libraries/TransientStateLibrary.sol";
  | ^^^^^^^^^^^^^^^^^^^^^^^^^^^^^^^^^^^^^^^^^^^^^^^^^^^^^^^^^^^^^^^^^^^^^^^^^^^^^^^^^^^^^^^^^^^^^^^

Error (6275): Source "@uniswap/v4-core/src/interfaces/IPoolManager.sol" not found: File not found. Searched the following locations: "/Users/yevhen/Documents/GitHub/RLD".
ParserError: Source "@uniswap/v4-core/src/interfaces/IPoolManager.sol" not found: File not found. Searched the following locations: "/Users/yevhen/Documents/GitHub/RLD".
 --> contracts/lib/v4-periphery/src/base/DeltaResolver.sol:6:1:
  |
6 | import {IPoolManager} from "@uniswap/v4-core/src/interfaces/IPoolManager.sol";
  | ^^^^^^^^^^^^^^^^^^^^^^^^^^^^^^^^^^^^^^^^^^^^^^^^^^^^^^^^^^^^^^^^^^^^^^^^^^^^^^

Error (6275): Source "solmate/src/tokens/ERC721.sol" not found: File not found. Searched the following locations: "/Users/yevhen/Documents/GitHub/RLD".
ParserError: Source "solmate/src/tokens/ERC721.sol" not found: File not found. Searched the following locations: "/Users/yevhen/Documents/GitHub/RLD".
 --> contracts/lib/v4-periphery/src/base/ERC721Permit_v4.sol:4:1:
  |
4 | import {ERC721} from "solmate/src/tokens/ERC721.sol";
  | ^^^^^^^^^^^^^^^^^^^^^^^^^^^^^^^^^^^^^^^^^^^^^^^^^^^^^

Error (6275): Source "permit2/src/libraries/SignatureVerification.sol" not found: File not found. Searched the following locations: "/Users/yevhen/Documents/GitHub/RLD".
ParserError: Source "permit2/src/libraries/SignatureVerification.sol" not found: File not found. Searched the following locations: "/Users/yevhen/Documents/GitHub/RLD".
 --> contracts/lib/v4-periphery/src/base/ERC721Permit_v4.sol:7:1:
  |
7 | import {SignatureVerification} from "permit2/src/libraries/SignatureVerification.sol";
  | ^^^^^^^^^^^^^^^^^^^^^^^^^^^^^^^^^^^^^^^^^^^^^^^^^^^^^^^^^^^^^^^^^^^^^^^^^^^^^^^^^^^^^^

Error (6275): Source "@uniswap/v4-core/src/interfaces/IPoolManager.sol" not found: File not found. Searched the following locations: "/Users/yevhen/Documents/GitHub/RLD".
ParserError: Source "@uniswap/v4-core/src/interfaces/IPoolManager.sol" not found: File not found. Searched the following locations: "/Users/yevhen/Documents/GitHub/RLD".
 --> contracts/lib/v4-periphery/src/base/ImmutableState.sol:4:1:
  |
4 | import {IPoolManager} from "@uniswap/v4-core/src/interfaces/IPoolManager.sol";
  | ^^^^^^^^^^^^^^^^^^^^^^^^^^^^^^^^^^^^^^^^^^^^^^^^^^^^^^^^^^^^^^^^^^^^^^^^^^^^^^

Error (6275): Source "@uniswap/v4-core/src/libraries/CustomRevert.sol" not found: File not found. Searched the following locations: "/Users/yevhen/Documents/GitHub/RLD".
ParserError: Source "@uniswap/v4-core/src/libraries/CustomRevert.sol" not found: File not found. Searched the following locations: "/Users/yevhen/Documents/GitHub/RLD".
 --> contracts/lib/v4-periphery/src/base/Notifier.sol:6:1:
  |
6 | import {CustomRevert} from "@uniswap/v4-core/src/libraries/CustomRevert.sol";
  | ^^^^^^^^^^^^^^^^^^^^^^^^^^^^^^^^^^^^^^^^^^^^^^^^^^^^^^^^^^^^^^^^^^^^^^^^^^^^^

Error (6275): Source "@uniswap/v4-core/src/types/BalanceDelta.sol" not found: File not found. Searched the following locations: "/Users/yevhen/Documents/GitHub/RLD".
ParserError: Source "@uniswap/v4-core/src/types/BalanceDelta.sol" not found: File not found. Searched the following locations: "/Users/yevhen/Documents/GitHub/RLD".
 --> contracts/lib/v4-periphery/src/base/Notifier.sol:7:1:
  |
7 | import {BalanceDelta} from "@uniswap/v4-core/src/types/BalanceDelta.sol";
  | ^^^^^^^^^^^^^^^^^^^^^^^^^^^^^^^^^^^^^^^^^^^^^^^^^^^^^^^^^^^^^^^^^^^^^^^^^

Error (6275): Source "@uniswap/v4-core/src/types/PoolKey.sol" not found: File not found. Searched the following locations: "/Users/yevhen/Documents/GitHub/RLD".
ParserError: Source "@uniswap/v4-core/src/types/PoolKey.sol" not found: File not found. Searched the following locations: "/Users/yevhen/Documents/GitHub/RLD".
 --> contracts/lib/v4-periphery/src/base/PoolInitializer_v4.sol:5:1:
  |
5 | import {PoolKey} from "@uniswap/v4-core/src/types/PoolKey.sol";
  | ^^^^^^^^^^^^^^^^^^^^^^^^^^^^^^^^^^^^^^^^^^^^^^^^^^^^^^^^^^^^^^^

Error (6275): Source "@uniswap/v4-core/src/interfaces/callback/IUnlockCallback.sol" not found: File not found. Searched the following locations: "/Users/yevhen/Documents/GitHub/RLD".
ParserError: Source "@uniswap/v4-core/src/interfaces/callback/IUnlockCallback.sol" not found: File not found. Searched the following locations: "/Users/yevhen/Documents/GitHub/RLD".
 --> contracts/lib/v4-periphery/src/base/SafeCallback.sol:4:1:
  |
4 | import {IUnlockCallback} from "@uniswap/v4-core/src/interfaces/callback/IUnlockCallback.sol";
  | ^^^^^^^^^^^^^^^^^^^^^^^^^^^^^^^^^^^^^^^^^^^^^^^^^^^^^^^^^^^^^^^^^^^^^^^^^^^^^^^^^^^^^^^^^^^^^

Error (6275): Source "@uniswap/v4-core/src/interfaces/IPoolManager.sol" not found: File not found. Searched the following locations: "/Users/yevhen/Documents/GitHub/RLD".
ParserError: Source "@uniswap/v4-core/src/interfaces/IPoolManager.sol" not found: File not found. Searched the following locations: "/Users/yevhen/Documents/GitHub/RLD".
 --> contracts/lib/v4-periphery/src/base/SafeCallback.sol:5:1:
  |
5 | import {IPoolManager} from "@uniswap/v4-core/src/interfaces/IPoolManager.sol";
  | ^^^^^^^^^^^^^^^^^^^^^^^^^^^^^^^^^^^^^^^^^^^^^^^^^^^^^^^^^^^^^^^^^^^^^^^^^^^^^^

Error (6275): Source "@uniswap/v4-core/src/types/BeforeSwapDelta.sol" not found: File not found. Searched the following locations: "/Users/yevhen/Documents/GitHub/RLD".
ParserError: Source "@uniswap/v4-core/src/types/BeforeSwapDelta.sol" not found: File not found. Searched the following locations: "/Users/yevhen/Documents/GitHub/RLD".
 --> contracts/lib/v4-periphery/src/base/hooks/BaseTokenWrapperHook.sol:4:1:
  |
4 | import {
  | ^ (Relevant source part starts here and spans across multiple lines).

Error (6275): Source "@uniswap/v4-core/src/types/Currency.sol" not found: File not found. Searched the following locations: "/Users/yevhen/Documents/GitHub/RLD".
ParserError: Source "@uniswap/v4-core/src/types/Currency.sol" not found: File not found. Searched the following locations: "/Users/yevhen/Documents/GitHub/RLD".
 --> contracts/lib/v4-periphery/src/base/hooks/BaseTokenWrapperHook.sol:9:1:
  |
9 | import {Currency, CurrencyLibrary} from "@uniswap/v4-core/src/types/Currency.sol";
  | ^^^^^^^^^^^^^^^^^^^^^^^^^^^^^^^^^^^^^^^^^^^^^^^^^^^^^^^^^^^^^^^^^^^^^^^^^^^^^^^^^^

Error (6275): Source "@uniswap/v4-core/src/types/PoolKey.sol" not found: File not found. Searched the following locations: "/Users/yevhen/Documents/GitHub/RLD".
ParserError: Source "@uniswap/v4-core/src/types/PoolKey.sol" not found: File not found. Searched the following locations: "/Users/yevhen/Documents/GitHub/RLD".
  --> contracts/lib/v4-periphery/src/base/hooks/BaseTokenWrapperHook.sol:10:1:
   |
10 | import {PoolKey} from "@uniswap/v4-core/src/types/PoolKey.sol";
   | ^^^^^^^^^^^^^^^^^^^^^^^^^^^^^^^^^^^^^^^^^^^^^^^^^^^^^^^^^^^^^^^

Error (6275): Source "@uniswap/v4-core/src/libraries/SafeCast.sol" not found: File not found. Searched the following locations: "/Users/yevhen/Documents/GitHub/RLD".
ParserError: Source "@uniswap/v4-core/src/libraries/SafeCast.sol" not found: File not found. Searched the following locations: "/Users/yevhen/Documents/GitHub/RLD".
  --> contracts/lib/v4-periphery/src/base/hooks/BaseTokenWrapperHook.sol:11:1:
   |
11 | import {SafeCast} from "@uniswap/v4-core/src/libraries/SafeCast.sol";
   | ^^^^^^^^^^^^^^^^^^^^^^^^^^^^^^^^^^^^^^^^^^^^^^^^^^^^^^^^^^^^^^^^^^^^^

Error (6275): Source "@uniswap/v4-core/src/interfaces/IHooks.sol" not found: File not found. Searched the following locations: "/Users/yevhen/Documents/GitHub/RLD".
ParserError: Source "@uniswap/v4-core/src/interfaces/IHooks.sol" not found: File not found. Searched the following locations: "/Users/yevhen/Documents/GitHub/RLD".
  --> contracts/lib/v4-periphery/src/base/hooks/BaseTokenWrapperHook.sol:12:1:
   |
12 | import {IHooks} from "@uniswap/v4-core/src/interfaces/IHooks.sol";
   | ^^^^^^^^^^^^^^^^^^^^^^^^^^^^^^^^^^^^^^^^^^^^^^^^^^^^^^^^^^^^^^^^^^

Error (6275): Source "@uniswap/v4-core/src/libraries/Hooks.sol" not found: File not found. Searched the following locations: "/Users/yevhen/Documents/GitHub/RLD".
ParserError: Source "@uniswap/v4-core/src/libraries/Hooks.sol" not found: File not found. Searched the following locations: "/Users/yevhen/Documents/GitHub/RLD".
  --> contracts/lib/v4-periphery/src/base/hooks/BaseTokenWrapperHook.sol:13:1:
   |
13 | import {Hooks} from "@uniswap/v4-core/src/libraries/Hooks.sol";
   | ^^^^^^^^^^^^^^^^^^^^^^^^^^^^^^^^^^^^^^^^^^^^^^^^^^^^^^^^^^^^^^^

Error (6275): Source "@uniswap/v4-core/src/interfaces/IPoolManager.sol" not found: File not found. Searched the following locations: "/Users/yevhen/Documents/GitHub/RLD".
ParserError: Source "@uniswap/v4-core/src/interfaces/IPoolManager.sol" not found: File not found. Searched the following locations: "/Users/yevhen/Documents/GitHub/RLD".
  --> contracts/lib/v4-periphery/src/base/hooks/BaseTokenWrapperHook.sol:14:1:
   |
14 | import {IPoolManager} from "@uniswap/v4-core/src/interfaces/IPoolManager.sol";
   | ^^^^^^^^^^^^^^^^^^^^^^^^^^^^^^^^^^^^^^^^^^^^^^^^^^^^^^^^^^^^^^^^^^^^^^^^^^^^^^

Error (6275): Source "@uniswap/v4-core/src/types/PoolOperation.sol" not found: File not found. Searched the following locations: "/Users/yevhen/Documents/GitHub/RLD".
ParserError: Source "@uniswap/v4-core/src/types/PoolOperation.sol" not found: File not found. Searched the following locations: "/Users/yevhen/Documents/GitHub/RLD".
  --> contracts/lib/v4-periphery/src/base/hooks/BaseTokenWrapperHook.sol:17:1:
   |
17 | import {ModifyLiquidityParams, SwapParams} from "@uniswap/v4-core/src/types/PoolOperation.sol";
   | ^^^^^^^^^^^^^^^^^^^^^^^^^^^^^^^^^^^^^^^^^^^^^^^^^^^^^^^^^^^^^^^^^^^^^^^^^^^^^^^^^^^^^^^^^^^^^^^

Error (6275): Source "solmate/src/tokens/WETH.sol" not found: File not found. Searched the following locations: "/Users/yevhen/Documents/GitHub/RLD".
ParserError: Source "solmate/src/tokens/WETH.sol" not found: File not found. Searched the following locations: "/Users/yevhen/Documents/GitHub/RLD".
 --> contracts/lib/v4-periphery/src/hooks/WETHHook.sol:4:1:
  |
4 | import {WETH} from "solmate/src/tokens/WETH.sol";
  | ^^^^^^^^^^^^^^^^^^^^^^^^^^^^^^^^^^^^^^^^^^^^^^^^^

Error (6275): Source "@uniswap/v4-core/src/interfaces/IPoolManager.sol" not found: File not found. Searched the following locations: "/Users/yevhen/Documents/GitHub/RLD".
ParserError: Source "@uniswap/v4-core/src/interfaces/IPoolManager.sol" not found: File not found. Searched the following locations: "/Users/yevhen/Documents/GitHub/RLD".
 --> contracts/lib/v4-periphery/src/hooks/WETHHook.sol:6:1:
  |
6 | import {IPoolManager} from "@uniswap/v4-core/src/interfaces/IPoolManager.sol";
  | ^^^^^^^^^^^^^^^^^^^^^^^^^^^^^^^^^^^^^^^^^^^^^^^^^^^^^^^^^^^^^^^^^^^^^^^^^^^^^^

Error (6275): Source "@uniswap/v4-core/src/types/Currency.sol" not found: File not found. Searched the following locations: "/Users/yevhen/Documents/GitHub/RLD".
ParserError: Source "@uniswap/v4-core/src/types/Currency.sol" not found: File not found. Searched the following locations: "/Users/yevhen/Documents/GitHub/RLD".
 --> contracts/lib/v4-periphery/src/hooks/WETHHook.sol:7:1:
  |
7 | import {Currency, CurrencyLibrary} from "@uniswap/v4-core/src/types/Currency.sol";
  | ^^^^^^^^^^^^^^^^^^^^^^^^^^^^^^^^^^^^^^^^^^^^^^^^^^^^^^^^^^^^^^^^^^^^^^^^^^^^^^^^^^

Error (6275): Source "solmate/src/tokens/ERC20.sol" not found: File not found. Searched the following locations: "/Users/yevhen/Documents/GitHub/RLD".
ParserError: Source "solmate/src/tokens/ERC20.sol" not found: File not found. Searched the following locations: "/Users/yevhen/Documents/GitHub/RLD".
 --> contracts/lib/v4-periphery/src/hooks/WstETHHook.sol:4:1:
  |
4 | import {ERC20} from "solmate/src/tokens/ERC20.sol";
  | ^^^^^^^^^^^^^^^^^^^^^^^^^^^^^^^^^^^^^^^^^^^^^^^^^^^

Error (6275): Source "@uniswap/v4-core/src/interfaces/IPoolManager.sol" not found: File not found. Searched the following locations: "/Users/yevhen/Documents/GitHub/RLD".
ParserError: Source "@uniswap/v4-core/src/interfaces/IPoolManager.sol" not found: File not found. Searched the following locations: "/Users/yevhen/Documents/GitHub/RLD".
 --> contracts/lib/v4-periphery/src/hooks/WstETHHook.sol:5:1:
  |
5 | import {IPoolManager} from "@uniswap/v4-core/src/interfaces/IPoolManager.sol";
  | ^^^^^^^^^^^^^^^^^^^^^^^^^^^^^^^^^^^^^^^^^^^^^^^^^^^^^^^^^^^^^^^^^^^^^^^^^^^^^^

Error (6275): Source "solmate/src/utils/FixedPointMathLib.sol" not found: File not found. Searched the following locations: "/Users/yevhen/Documents/GitHub/RLD".
ParserError: Source "solmate/src/utils/FixedPointMathLib.sol" not found: File not found. Searched the following locations: "/Users/yevhen/Documents/GitHub/RLD".
 --> contracts/lib/v4-periphery/src/hooks/WstETHHook.sol:6:1:
  |
6 | import {FixedPointMathLib} from "solmate/src/utils/FixedPointMathLib.sol";
  | ^^^^^^^^^^^^^^^^^^^^^^^^^^^^^^^^^^^^^^^^^^^^^^^^^^^^^^^^^^^^^^^^^^^^^^^^^^

Error (6275): Source "@uniswap/v4-core/src/types/Currency.sol" not found: File not found. Searched the following locations: "/Users/yevhen/Documents/GitHub/RLD".
ParserError: Source "@uniswap/v4-core/src/types/Currency.sol" not found: File not found. Searched the following locations: "/Users/yevhen/Documents/GitHub/RLD".
 --> contracts/lib/v4-periphery/src/hooks/WstETHHook.sol:7:1:
  |
7 | import {Currency} from "@uniswap/v4-core/src/types/Currency.sol";
  | ^^^^^^^^^^^^^^^^^^^^^^^^^^^^^^^^^^^^^^^^^^^^^^^^^^^^^^^^^^^^^^^^^

Error (6275): Source "solmate/src/utils/SafeTransferLib.sol" not found: File not found. Searched the following locations: "/Users/yevhen/Documents/GitHub/RLD".
ParserError: Source "solmate/src/utils/SafeTransferLib.sol" not found: File not found. Searched the following locations: "/Users/yevhen/Documents/GitHub/RLD".
  --> contracts/lib/v4-periphery/src/hooks/WstETHHook.sol:10:1:
   |
10 | import {SafeTransferLib} from "solmate/src/utils/SafeTransferLib.sol";
   | ^^^^^^^^^^^^^^^^^^^^^^^^^^^^^^^^^^^^^^^^^^^^^^^^^^^^^^^^^^^^^^^^^^^^^^

Error (6275): Source "@uniswap/v4-core/src/interfaces/IPoolManager.sol" not found: File not found. Searched the following locations: "/Users/yevhen/Documents/GitHub/RLD".
ParserError: Source "@uniswap/v4-core/src/interfaces/IPoolManager.sol" not found: File not found. Searched the following locations: "/Users/yevhen/Documents/GitHub/RLD".
 --> contracts/lib/v4-periphery/src/interfaces/IImmutableState.sol:4:1:
  |
4 | import {IPoolManager} from "@uniswap/v4-core/src/interfaces/IPoolManager.sol";
  | ^^^^^^^^^^^^^^^^^^^^^^^^^^^^^^^^^^^^^^^^^^^^^^^^^^^^^^^^^^^^^^^^^^^^^^^^^^^^^^

Error (6275): Source "permit2/src/interfaces/IAllowanceTransfer.sol" not found: File not found. Searched the following locations: "/Users/yevhen/Documents/GitHub/RLD".
ParserError: Source "permit2/src/interfaces/IAllowanceTransfer.sol" not found: File not found. Searched the following locations: "/Users/yevhen/Documents/GitHub/RLD".
 --> contracts/lib/v4-periphery/src/interfaces/IPermit2Forwarder.sol:4:1:
  |
4 | import {IAllowanceTransfer} from "permit2/src/interfaces/IAllowanceTransfer.sol";
  | ^^^^^^^^^^^^^^^^^^^^^^^^^^^^^^^^^^^^^^^^^^^^^^^^^^^^^^^^^^^^^^^^^^^^^^^^^^^^^^^^^

Error (6275): Source "@uniswap/v4-core/src/types/PoolKey.sol" not found: File not found. Searched the following locations: "/Users/yevhen/Documents/GitHub/RLD".
ParserError: Source "@uniswap/v4-core/src/types/PoolKey.sol" not found: File not found. Searched the following locations: "/Users/yevhen/Documents/GitHub/RLD".
 --> contracts/lib/v4-periphery/src/interfaces/IPoolInitializer_v4.sol:4:1:
  |
4 | import {PoolKey} from "@uniswap/v4-core/src/types/PoolKey.sol";
  | ^^^^^^^^^^^^^^^^^^^^^^^^^^^^^^^^^^^^^^^^^^^^^^^^^^^^^^^^^^^^^^^

Error (6275): Source "@uniswap/v4-core/src/interfaces/IPoolManager.sol" not found: File not found. Searched the following locations: "/Users/yevhen/Documents/GitHub/RLD".
ParserError: Source "@uniswap/v4-core/src/interfaces/IPoolManager.sol" not found: File not found. Searched the following locations: "/Users/yevhen/Documents/GitHub/RLD".
 --> contracts/lib/v4-periphery/src/interfaces/IPositionDescriptor.sol:5:1:
  |
5 | import {IPoolManager} from "@uniswap/v4-core/src/interfaces/IPoolManager.sol";
  | ^^^^^^^^^^^^^^^^^^^^^^^^^^^^^^^^^^^^^^^^^^^^^^^^^^^^^^^^^^^^^^^^^^^^^^^^^^^^^^

Error (6275): Source "@uniswap/v4-core/src/types/PoolKey.sol" not found: File not found. Searched the following locations: "/Users/yevhen/Documents/GitHub/RLD".
ParserError: Source "@uniswap/v4-core/src/types/PoolKey.sol" not found: File not found. Searched the following locations: "/Users/yevhen/Documents/GitHub/RLD".
 --> contracts/lib/v4-periphery/src/interfaces/IPositionManager.sol:4:1:
  |
4 | import {PoolKey} from "@uniswap/v4-core/src/types/PoolKey.sol";
  | ^^^^^^^^^^^^^^^^^^^^^^^^^^^^^^^^^^^^^^^^^^^^^^^^^^^^^^^^^^^^^^^

Error (6275): Source "@uniswap/v4-core/src/libraries/StateLibrary.sol" not found: File not found. Searched the following locations: "/Users/yevhen/Documents/GitHub/RLD".
ParserError: Source "@uniswap/v4-core/src/libraries/StateLibrary.sol" not found: File not found. Searched the following locations: "/Users/yevhen/Documents/GitHub/RLD".
 --> contracts/lib/v4-periphery/src/interfaces/IStateView.sol:4:1:
  |
4 | import {StateLibrary} from "@uniswap/v4-core/src/libraries/StateLibrary.sol";
  | ^^^^^^^^^^^^^^^^^^^^^^^^^^^^^^^^^^^^^^^^^^^^^^^^^^^^^^^^^^^^^^^^^^^^^^^^^^^^^

Error (6275): Source "@uniswap/v4-core/src/types/PoolId.sol" not found: File not found. Searched the following locations: "/Users/yevhen/Documents/GitHub/RLD".
ParserError: Source "@uniswap/v4-core/src/types/PoolId.sol" not found: File not found. Searched the following locations: "/Users/yevhen/Documents/GitHub/RLD".
 --> contracts/lib/v4-periphery/src/interfaces/IStateView.sol:5:1:
  |
5 | import {PoolId} from "@uniswap/v4-core/src/types/PoolId.sol";
  | ^^^^^^^^^^^^^^^^^^^^^^^^^^^^^^^^^^^^^^^^^^^^^^^^^^^^^^^^^^^^^

Error (6275): Source "@uniswap/v4-core/src/interfaces/IPoolManager.sol" not found: File not found. Searched the following locations: "/Users/yevhen/Documents/GitHub/RLD".
ParserError: Source "@uniswap/v4-core/src/interfaces/IPoolManager.sol" not found: File not found. Searched the following locations: "/Users/yevhen/Documents/GitHub/RLD".
 --> contracts/lib/v4-periphery/src/interfaces/IStateView.sol:6:1:
  |
6 | import {IPoolManager} from "@uniswap/v4-core/src/interfaces/IPoolManager.sol";
  | ^^^^^^^^^^^^^^^^^^^^^^^^^^^^^^^^^^^^^^^^^^^^^^^^^^^^^^^^^^^^^^^^^^^^^^^^^^^^^^

Error (6275): Source "@uniswap/v4-core/src/libraries/Position.sol" not found: File not found. Searched the following locations: "/Users/yevhen/Documents/GitHub/RLD".
ParserError: Source "@uniswap/v4-core/src/libraries/Position.sol" not found: File not found. Searched the following locations: "/Users/yevhen/Documents/GitHub/RLD".
 --> contracts/lib/v4-periphery/src/interfaces/IStateView.sol:7:1:
  |
7 | import {Position} from "@uniswap/v4-core/src/libraries/Position.sol";
  | ^^^^^^^^^^^^^^^^^^^^^^^^^^^^^^^^^^^^^^^^^^^^^^^^^^^^^^^^^^^^^^^^^^^^^

Error (6275): Source "@uniswap/v4-core/src/types/BalanceDelta.sol" not found: File not found. Searched the following locations: "/Users/yevhen/Documents/GitHub/RLD".
ParserError: Source "@uniswap/v4-core/src/types/BalanceDelta.sol" not found: File not found. Searched the following locations: "/Users/yevhen/Documents/GitHub/RLD".
 --> contracts/lib/v4-periphery/src/interfaces/ISubscriber.sol:4:1:
  |
4 | import {BalanceDelta} from "@uniswap/v4-core/src/types/BalanceDelta.sol";
  | ^^^^^^^^^^^^^^^^^^^^^^^^^^^^^^^^^^^^^^^^^^^^^^^^^^^^^^^^^^^^^^^^^^^^^^^^^

Error (6275): Source "@uniswap/v4-core/src/types/PoolKey.sol" not found: File not found. Searched the following locations: "/Users/yevhen/Documents/GitHub/RLD".
ParserError: Source "@uniswap/v4-core/src/types/PoolKey.sol" not found: File not found. Searched the following locations: "/Users/yevhen/Documents/GitHub/RLD".
 --> contracts/lib/v4-periphery/src/interfaces/IV4Quoter.sol:4:1:
  |
4 | import {PoolKey} from "@uniswap/v4-core/src/types/PoolKey.sol";
  | ^^^^^^^^^^^^^^^^^^^^^^^^^^^^^^^^^^^^^^^^^^^^^^^^^^^^^^^^^^^^^^^

Error (6275): Source "@uniswap/v4-core/src/types/Currency.sol" not found: File not found. Searched the following locations: "/Users/yevhen/Documents/GitHub/RLD".
ParserError: Source "@uniswap/v4-core/src/types/Currency.sol" not found: File not found. Searched the following locations: "/Users/yevhen/Documents/GitHub/RLD".
 --> contracts/lib/v4-periphery/src/interfaces/IV4Quoter.sol:5:1:
  |
5 | import {Currency} from "@uniswap/v4-core/src/types/Currency.sol";
  | ^^^^^^^^^^^^^^^^^^^^^^^^^^^^^^^^^^^^^^^^^^^^^^^^^^^^^^^^^^^^^^^^^

Error (6275): Source "@uniswap/v4-core/src/types/PoolKey.sol" not found: File not found. Searched the following locations: "/Users/yevhen/Documents/GitHub/RLD".
ParserError: Source "@uniswap/v4-core/src/types/PoolKey.sol" not found: File not found. Searched the following locations: "/Users/yevhen/Documents/GitHub/RLD".
 --> contracts/lib/v4-periphery/src/interfaces/IV4Router.sol:4:1:
  |
4 | import {PoolKey} from "@uniswap/v4-core/src/types/PoolKey.sol";
  | ^^^^^^^^^^^^^^^^^^^^^^^^^^^^^^^^^^^^^^^^^^^^^^^^^^^^^^^^^^^^^^^

Error (6275): Source "@uniswap/v4-core/src/types/Currency.sol" not found: File not found. Searched the following locations: "/Users/yevhen/Documents/GitHub/RLD".
ParserError: Source "@uniswap/v4-core/src/types/Currency.sol" not found: File not found. Searched the following locations: "/Users/yevhen/Documents/GitHub/RLD".
 --> contracts/lib/v4-periphery/src/interfaces/IV4Router.sol:5:1:
  |
5 | import {Currency} from "@uniswap/v4-core/src/types/Currency.sol";
  | ^^^^^^^^^^^^^^^^^^^^^^^^^^^^^^^^^^^^^^^^^^^^^^^^^^^^^^^^^^^^^^^^^

Error (6275): Source "@openzeppelin/contracts/token/ERC20/IERC20.sol" not found: File not found. Searched the following locations: "/Users/yevhen/Documents/GitHub/RLD".
ParserError: Source "@openzeppelin/contracts/token/ERC20/IERC20.sol" not found: File not found. Searched the following locations: "/Users/yevhen/Documents/GitHub/RLD".
 --> contracts/lib/v4-periphery/src/interfaces/external/IWETH9.sol:4:1:
  |
4 | import {IERC20} from "@openzeppelin/contracts/token/ERC20/IERC20.sol";
  | ^^^^^^^^^^^^^^^^^^^^^^^^^^^^^^^^^^^^^^^^^^^^^^^^^^^^^^^^^^^^^^^^^^^^^^

Error (6275): Source "@uniswap/v4-core/src/types/Currency.sol" not found: File not found. Searched the following locations: "/Users/yevhen/Documents/GitHub/RLD".
ParserError: Source "@uniswap/v4-core/src/types/Currency.sol" not found: File not found. Searched the following locations: "/Users/yevhen/Documents/GitHub/RLD".
 --> contracts/lib/v4-periphery/src/libraries/CalldataDecoder.sol:4:1:
  |
4 | import {Currency} from "@uniswap/v4-core/src/types/Currency.sol";
  | ^^^^^^^^^^^^^^^^^^^^^^^^^^^^^^^^^^^^^^^^^^^^^^^^^^^^^^^^^^^^^^^^^

Error (6275): Source "@uniswap/v4-core/src/types/PoolKey.sol" not found: File not found. Searched the following locations: "/Users/yevhen/Documents/GitHub/RLD".
ParserError: Source "@uniswap/v4-core/src/types/PoolKey.sol" not found: File not found. Searched the following locations: "/Users/yevhen/Documents/GitHub/RLD".
 --> contracts/lib/v4-periphery/src/libraries/CalldataDecoder.sol:6:1:
  |
6 | import {PoolKey} from "@uniswap/v4-core/src/types/PoolKey.sol";
  | ^^^^^^^^^^^^^^^^^^^^^^^^^^^^^^^^^^^^^^^^^^^^^^^^^^^^^^^^^^^^^^^

Error (6275): Source "@uniswap/v4-core/src/libraries/TickMath.sol" not found: File not found. Searched the following locations: "/Users/yevhen/Documents/GitHub/RLD".
ParserError: Source "@uniswap/v4-core/src/libraries/TickMath.sol" not found: File not found. Searched the following locations: "/Users/yevhen/Documents/GitHub/RLD".
 --> contracts/lib/v4-periphery/src/libraries/Descriptor.sol:4:1:
  |
4 | import {TickMath} from "@uniswap/v4-core/src/libraries/TickMath.sol";
  | ^^^^^^^^^^^^^^^^^^^^^^^^^^^^^^^^^^^^^^^^^^^^^^^^^^^^^^^^^^^^^^^^^^^^^

Error (6275): Source "@uniswap/v4-core/src/libraries/FullMath.sol" not found: File not found. Searched the following locations: "/Users/yevhen/Documents/GitHub/RLD".
ParserError: Source "@uniswap/v4-core/src/libraries/FullMath.sol" not found: File not found. Searched the following locations: "/Users/yevhen/Documents/GitHub/RLD".
 --> contracts/lib/v4-periphery/src/libraries/Descriptor.sol:5:1:
  |
5 | import {FullMath} from "@uniswap/v4-core/src/libraries/FullMath.sol";
  | ^^^^^^^^^^^^^^^^^^^^^^^^^^^^^^^^^^^^^^^^^^^^^^^^^^^^^^^^^^^^^^^^^^^^^

Error (6275): Source "@uniswap/v4-core/src/libraries/LPFeeLibrary.sol" not found: File not found. Searched the following locations: "/Users/yevhen/Documents/GitHub/RLD".
ParserError: Source "@uniswap/v4-core/src/libraries/LPFeeLibrary.sol" not found: File not found. Searched the following locations: "/Users/yevhen/Documents/GitHub/RLD".
 --> contracts/lib/v4-periphery/src/libraries/Descriptor.sol:6:1:
  |
6 | import {LPFeeLibrary} from "@uniswap/v4-core/src/libraries/LPFeeLibrary.sol";
  | ^^^^^^^^^^^^^^^^^^^^^^^^^^^^^^^^^^^^^^^^^^^^^^^^^^^^^^^^^^^^^^^^^^^^^^^^^^^^^

Error (6275): Source "openzeppelin-contracts/contracts/utils/Strings.sol" not found: File not found. Searched the following locations: "/Users/yevhen/Documents/GitHub/RLD".
ParserError: Source "openzeppelin-contracts/contracts/utils/Strings.sol" not found: File not found. Searched the following locations: "/Users/yevhen/Documents/GitHub/RLD".
 --> contracts/lib/v4-periphery/src/libraries/Descriptor.sol:7:1:
  |
7 | import {Strings} from "openzeppelin-contracts/contracts/utils/Strings.sol";
  | ^^^^^^^^^^^^^^^^^^^^^^^^^^^^^^^^^^^^^^^^^^^^^^^^^^^^^^^^^^^^^^^^^^^^^^^^^^^

Error (6275): Source "openzeppelin-contracts/contracts/utils/Base64.sol" not found: File not found. Searched the following locations: "/Users/yevhen/Documents/GitHub/RLD".
ParserError: Source "openzeppelin-contracts/contracts/utils/Base64.sol" not found: File not found. Searched the following locations: "/Users/yevhen/Documents/GitHub/RLD".
 --> contracts/lib/v4-periphery/src/libraries/Descriptor.sol:8:1:
  |
8 | import {Base64} from "openzeppelin-contracts/contracts/utils/Base64.sol";
  | ^^^^^^^^^^^^^^^^^^^^^^^^^^^^^^^^^^^^^^^^^^^^^^^^^^^^^^^^^^^^^^^^^^^^^^^^^

Error (6275): Source "@uniswap/v4-core/src/libraries/FullMath.sol" not found: File not found. Searched the following locations: "/Users/yevhen/Documents/GitHub/RLD".
ParserError: Source "@uniswap/v4-core/src/libraries/FullMath.sol" not found: File not found. Searched the following locations: "/Users/yevhen/Documents/GitHub/RLD".
 --> contracts/lib/v4-periphery/src/libraries/LiquidityAmounts.sol:4:1:
  |
4 | import {FullMath} from "@uniswap/v4-core/src/libraries/FullMath.sol";
  | ^^^^^^^^^^^^^^^^^^^^^^^^^^^^^^^^^^^^^^^^^^^^^^^^^^^^^^^^^^^^^^^^^^^^^

Error (6275): Source "@uniswap/v4-core/src/libraries/FixedPoint96.sol" not found: File not found. Searched the following locations: "/Users/yevhen/Documents/GitHub/RLD".
ParserError: Source "@uniswap/v4-core/src/libraries/FixedPoint96.sol" not found: File not found. Searched the following locations: "/Users/yevhen/Documents/GitHub/RLD".
 --> contracts/lib/v4-periphery/src/libraries/LiquidityAmounts.sol:5:1:
  |
5 | import {FixedPoint96} from "@uniswap/v4-core/src/libraries/FixedPoint96.sol";
  | ^^^^^^^^^^^^^^^^^^^^^^^^^^^^^^^^^^^^^^^^^^^^^^^^^^^^^^^^^^^^^^^^^^^^^^^^^^^^^

Error (6275): Source "@uniswap/v4-core/src/libraries/SafeCast.sol" not found: File not found. Searched the following locations: "/Users/yevhen/Documents/GitHub/RLD".
ParserError: Source "@uniswap/v4-core/src/libraries/SafeCast.sol" not found: File not found. Searched the following locations: "/Users/yevhen/Documents/GitHub/RLD".
 --> contracts/lib/v4-periphery/src/libraries/LiquidityAmounts.sol:6:1:
  |
6 | import {SafeCast} from "@uniswap/v4-core/src/libraries/SafeCast.sol";
  | ^^^^^^^^^^^^^^^^^^^^^^^^^^^^^^^^^^^^^^^^^^^^^^^^^^^^^^^^^^^^^^^^^^^^^

Error (6275): Source "@uniswap/v4-core/src/types/Currency.sol" not found: File not found. Searched the following locations: "/Users/yevhen/Documents/GitHub/RLD".
ParserError: Source "@uniswap/v4-core/src/types/Currency.sol" not found: File not found. Searched the following locations: "/Users/yevhen/Documents/GitHub/RLD".
 --> contracts/lib/v4-periphery/src/libraries/PathKey.sol:4:1:
  |
4 | import {Currency} from "@uniswap/v4-core/src/types/Currency.sol";
  | ^^^^^^^^^^^^^^^^^^^^^^^^^^^^^^^^^^^^^^^^^^^^^^^^^^^^^^^^^^^^^^^^^

Error (6275): Source "@uniswap/v4-core/src/interfaces/IHooks.sol" not found: File not found. Searched the following locations: "/Users/yevhen/Documents/GitHub/RLD".
ParserError: Source "@uniswap/v4-core/src/interfaces/IHooks.sol" not found: File not found. Searched the following locations: "/Users/yevhen/Documents/GitHub/RLD".
 --> contracts/lib/v4-periphery/src/libraries/PathKey.sol:5:1:
  |
5 | import {IHooks} from "@uniswap/v4-core/src/interfaces/IHooks.sol";
  | ^^^^^^^^^^^^^^^^^^^^^^^^^^^^^^^^^^^^^^^^^^^^^^^^^^^^^^^^^^^^^^^^^^

Error (6275): Source "@uniswap/v4-core/src/types/PoolKey.sol" not found: File not found. Searched the following locations: "/Users/yevhen/Documents/GitHub/RLD".
ParserError: Source "@uniswap/v4-core/src/types/PoolKey.sol" not found: File not found. Searched the following locations: "/Users/yevhen/Documents/GitHub/RLD".
 --> contracts/lib/v4-periphery/src/libraries/PathKey.sol:6:1:
  |
6 | import {PoolKey} from "@uniswap/v4-core/src/types/PoolKey.sol";
  | ^^^^^^^^^^^^^^^^^^^^^^^^^^^^^^^^^^^^^^^^^^^^^^^^^^^^^^^^^^^^^^^

Error (6275): Source "@uniswap/v4-core/src/types/PoolKey.sol" not found: File not found. Searched the following locations: "/Users/yevhen/Documents/GitHub/RLD".
ParserError: Source "@uniswap/v4-core/src/types/PoolKey.sol" not found: File not found. Searched the following locations: "/Users/yevhen/Documents/GitHub/RLD".
 --> contracts/lib/v4-periphery/src/libraries/PositionInfoLibrary.sol:4:1:
  |
4 | import {PoolKey} from "@uniswap/v4-core/src/types/PoolKey.sol";
  | ^^^^^^^^^^^^^^^^^^^^^^^^^^^^^^^^^^^^^^^^^^^^^^^^^^^^^^^^^^^^^^^

Error (6275): Source "@uniswap/v4-core/src/types/PoolId.sol" not found: File not found. Searched the following locations: "/Users/yevhen/Documents/GitHub/RLD".
ParserError: Source "@uniswap/v4-core/src/types/PoolId.sol" not found: File not found. Searched the following locations: "/Users/yevhen/Documents/GitHub/RLD".
 --> contracts/lib/v4-periphery/src/libraries/PositionInfoLibrary.sol:5:1:
  |
5 | import {PoolId} from "@uniswap/v4-core/src/types/PoolId.sol";
  | ^^^^^^^^^^^^^^^^^^^^^^^^^^^^^^^^^^^^^^^^^^^^^^^^^^^^^^^^^^^^^

Error (6275): Source "@uniswap/v4-core/src/interfaces/IHooks.sol" not found: File not found. Searched the following locations: "/Users/yevhen/Documents/GitHub/RLD".
ParserError: Source "@uniswap/v4-core/src/interfaces/IHooks.sol" not found: File not found. Searched the following locations: "/Users/yevhen/Documents/GitHub/RLD".
 --> contracts/lib/v4-periphery/src/libraries/SVG.sol:4:1:
  |
4 | import {IHooks} from "@uniswap/v4-core/src/interfaces/IHooks.sol";
  | ^^^^^^^^^^^^^^^^^^^^^^^^^^^^^^^^^^^^^^^^^^^^^^^^^^^^^^^^^^^^^^^^^^

Error (6275): Source "@uniswap/v4-core/src/libraries/BitMath.sol" not found: File not found. Searched the following locations: "/Users/yevhen/Documents/GitHub/RLD".
ParserError: Source "@uniswap/v4-core/src/libraries/BitMath.sol" not found: File not found. Searched the following locations: "/Users/yevhen/Documents/GitHub/RLD".
 --> contracts/lib/v4-periphery/src/libraries/SVG.sol:5:1:
  |
5 | import {BitMath} from "@uniswap/v4-core/src/libraries/BitMath.sol";
  | ^^^^^^^^^^^^^^^^^^^^^^^^^^^^^^^^^^^^^^^^^^^^^^^^^^^^^^^^^^^^^^^^^^^

Error (6275): Source "openzeppelin-contracts/contracts/utils/Strings.sol" not found: File not found. Searched the following locations: "/Users/yevhen/Documents/GitHub/RLD".
ParserError: Source "openzeppelin-contracts/contracts/utils/Strings.sol" not found: File not found. Searched the following locations: "/Users/yevhen/Documents/GitHub/RLD".
 --> contracts/lib/v4-periphery/src/libraries/SVG.sol:6:1:
  |
6 | import {Strings} from "openzeppelin-contracts/contracts/utils/Strings.sol";
  | ^^^^^^^^^^^^^^^^^^^^^^^^^^^^^^^^^^^^^^^^^^^^^^^^^^^^^^^^^^^^^^^^^^^^^^^^^^^

Error (6275): Source "openzeppelin-contracts/contracts/utils/Base64.sol" not found: File not found. Searched the following locations: "/Users/yevhen/Documents/GitHub/RLD".
ParserError: Source "openzeppelin-contracts/contracts/utils/Base64.sol" not found: File not found. Searched the following locations: "/Users/yevhen/Documents/GitHub/RLD".
 --> contracts/lib/v4-periphery/src/libraries/SVG.sol:7:1:
  |
7 | import {Base64} from "openzeppelin-contracts/contracts/utils/Base64.sol";
  | ^^^^^^^^^^^^^^^^^^^^^^^^^^^^^^^^^^^^^^^^^^^^^^^^^^^^^^^^^^^^^^^^^^^^^^^^^

Error (6275): Source "openzeppelin-contracts/contracts/token/ERC20/extensions/IERC20Metadata.sol" not found: File not found. Searched the following locations: "/Users/yevhen/Documents/GitHub/RLD".
ParserError: Source "openzeppelin-contracts/contracts/token/ERC20/extensions/IERC20Metadata.sol" not found: File not found. Searched the following locations: "/Users/yevhen/Documents/GitHub/RLD".
 --> contracts/lib/v4-periphery/src/libraries/SafeCurrencyMetadata.sol:4:1:
  |
4 | import {IERC20Metadata} from "openzeppelin-contracts/contracts/token/ERC20/extensions/IERC20Metadata.sol";
  | ^^^^^^^^^^^^^^^^^^^^^^^^^^^^^^^^^^^^^^^^^^^^^^^^^^^^^^^^^^^^^^^^^^^^^^^^^^^^^^^^^^^^^^^^^^^^^^^^^^^^^^^^^^

Error (6275): Source "@uniswap/v4-core/src/types/BalanceDelta.sol" not found: File not found. Searched the following locations: "/Users/yevhen/Documents/GitHub/RLD".
ParserError: Source "@uniswap/v4-core/src/types/BalanceDelta.sol" not found: File not found. Searched the following locations: "/Users/yevhen/Documents/GitHub/RLD".
 --> contracts/lib/v4-periphery/src/libraries/SlippageCheck.sol:4:1:
  |
4 | import {BalanceDelta} from "@uniswap/v4-core/src/types/BalanceDelta.sol";
  | ^^^^^^^^^^^^^^^^^^^^^^^^^^^^^^^^^^^^^^^^^^^^^^^^^^^^^^^^^^^^^^^^^^^^^^^^^

Error (6275): Source "@uniswap/v4-core/src/libraries/SafeCast.sol" not found: File not found. Searched the following locations: "/Users/yevhen/Documents/GitHub/RLD".
ParserError: Source "@uniswap/v4-core/src/libraries/SafeCast.sol" not found: File not found. Searched the following locations: "/Users/yevhen/Documents/GitHub/RLD".
 --> contracts/lib/v4-periphery/src/libraries/SlippageCheck.sol:5:1:
  |
5 | import {SafeCast} from "@uniswap/v4-core/src/libraries/SafeCast.sol";
  | ^^^^^^^^^^^^^^^^^^^^^^^^^^^^^^^^^^^^^^^^^^^^^^^^^^^^^^^^^^^^^^^^^^^^^

Error (6275): Source "@uniswap/v4-core/src/libraries/Hooks.sol" not found: File not found. Searched the following locations: "/Users/yevhen/Documents/GitHub/RLD".
ParserError: Source "@uniswap/v4-core/src/libraries/Hooks.sol" not found: File not found. Searched the following locations: "/Users/yevhen/Documents/GitHub/RLD".
 --> contracts/lib/v4-periphery/src/utils/BaseHook.sol:4:1:
  |
4 | import {Hooks} from "@uniswap/v4-core/src/libraries/Hooks.sol";
  | ^^^^^^^^^^^^^^^^^^^^^^^^^^^^^^^^^^^^^^^^^^^^^^^^^^^^^^^^^^^^^^^

Error (6275): Source "@uniswap/v4-core/src/interfaces/IPoolManager.sol" not found: File not found. Searched the following locations: "/Users/yevhen/Documents/GitHub/RLD".
ParserError: Source "@uniswap/v4-core/src/interfaces/IPoolManager.sol" not found: File not found. Searched the following locations: "/Users/yevhen/Documents/GitHub/RLD".
 --> contracts/lib/v4-periphery/src/utils/BaseHook.sol:5:1:
  |
5 | import {IPoolManager} from "@uniswap/v4-core/src/interfaces/IPoolManager.sol";
  | ^^^^^^^^^^^^^^^^^^^^^^^^^^^^^^^^^^^^^^^^^^^^^^^^^^^^^^^^^^^^^^^^^^^^^^^^^^^^^^

Error (6275): Source "@uniswap/v4-core/src/interfaces/IHooks.sol" not found: File not found. Searched the following locations: "/Users/yevhen/Documents/GitHub/RLD".
ParserError: Source "@uniswap/v4-core/src/interfaces/IHooks.sol" not found: File not found. Searched the following locations: "/Users/yevhen/Documents/GitHub/RLD".
 --> contracts/lib/v4-periphery/src/utils/BaseHook.sol:6:1:
  |
6 | import {IHooks} from "@uniswap/v4-core/src/interfaces/IHooks.sol";
  | ^^^^^^^^^^^^^^^^^^^^^^^^^^^^^^^^^^^^^^^^^^^^^^^^^^^^^^^^^^^^^^^^^^

Error (6275): Source "@uniswap/v4-core/src/types/BalanceDelta.sol" not found: File not found. Searched the following locations: "/Users/yevhen/Documents/GitHub/RLD".
ParserError: Source "@uniswap/v4-core/src/types/BalanceDelta.sol" not found: File not found. Searched the following locations: "/Users/yevhen/Documents/GitHub/RLD".
 --> contracts/lib/v4-periphery/src/utils/BaseHook.sol:7:1:
  |
7 | import {BalanceDelta} from "@uniswap/v4-core/src/types/BalanceDelta.sol";
  | ^^^^^^^^^^^^^^^^^^^^^^^^^^^^^^^^^^^^^^^^^^^^^^^^^^^^^^^^^^^^^^^^^^^^^^^^^

Error (6275): Source "@uniswap/v4-core/src/types/PoolKey.sol" not found: File not found. Searched the following locations: "/Users/yevhen/Documents/GitHub/RLD".
ParserError: Source "@uniswap/v4-core/src/types/PoolKey.sol" not found: File not found. Searched the following locations: "/Users/yevhen/Documents/GitHub/RLD".
 --> contracts/lib/v4-periphery/src/utils/BaseHook.sol:8:1:
  |
8 | import {PoolKey} from "@uniswap/v4-core/src/types/PoolKey.sol";
  | ^^^^^^^^^^^^^^^^^^^^^^^^^^^^^^^^^^^^^^^^^^^^^^^^^^^^^^^^^^^^^^^

Error (6275): Source "@uniswap/v4-core/src/types/BeforeSwapDelta.sol" not found: File not found. Searched the following locations: "/Users/yevhen/Documents/GitHub/RLD".
ParserError: Source "@uniswap/v4-core/src/types/BeforeSwapDelta.sol" not found: File not found. Searched the following locations: "/Users/yevhen/Documents/GitHub/RLD".
 --> contracts/lib/v4-periphery/src/utils/BaseHook.sol:9:1:
  |
9 | import {BeforeSwapDelta} from "@uniswap/v4-core/src/types/BeforeSwapDelta.sol";
  | ^^^^^^^^^^^^^^^^^^^^^^^^^^^^^^^^^^^^^^^^^^^^^^^^^^^^^^^^^^^^^^^^^^^^^^^^^^^^^^^

Error (6275): Source "@uniswap/v4-core/src/types/PoolOperation.sol" not found: File not found. Searched the following locations: "/Users/yevhen/Documents/GitHub/RLD".
ParserError: Source "@uniswap/v4-core/src/types/PoolOperation.sol" not found: File not found. Searched the following locations: "/Users/yevhen/Documents/GitHub/RLD".
  --> contracts/lib/v4-periphery/src/utils/BaseHook.sol:11:1:
   |
11 | import {ModifyLiquidityParams, SwapParams} from "@uniswap/v4-core/src/types/PoolOperation.sol";
   | ^^^^^^^^^^^^^^^^^^^^^^^^^^^^^^^^^^^^^^^^^^^^^^^^^^^^^^^^^^^^^^^^^^^^^^^^^^^^^^^^^^^^^^^^^^^^^^^

Error (6275): Source "solmate/src/auth/Owned.sol" not found: File not found. Searched the following locations: "/Users/yevhen/Documents/GitHub/RLD".
ParserError: Source "solmate/src/auth/Owned.sol" not found: File not found. Searched the following locations: "/Users/yevhen/Documents/GitHub/RLD".
 --> contracts/lib/v4-periphery/test/UniswapV4DeployerCompetition.t.sol:4:1:
  |
4 | import {Owned} from "solmate/src/auth/Owned.sol";
  | ^^^^^^^^^^^^^^^^^^^^^^^^^^^^^^^^^^^^^^^^^^^^^^^^^

Error (6275): Source "forge-std/Test.sol" not found: File not found. Searched the following locations: "/Users/yevhen/Documents/GitHub/RLD".
ParserError: Source "forge-std/Test.sol" not found: File not found. Searched the following locations: "/Users/yevhen/Documents/GitHub/RLD".
 --> contracts/lib/v4-periphery/test/UniswapV4DeployerCompetition.t.sol:5:1:
  |
5 | import {Test} from "forge-std/Test.sol";
  | ^^^^^^^^^^^^^^^^^^^^^^^^^^^^^^^^^^^^^^^^

Error (6275): Source "@uniswap/v4-core/src/PoolManager.sol" not found: File not found. Searched the following locations: "/Users/yevhen/Documents/GitHub/RLD".
ParserError: Source "@uniswap/v4-core/src/PoolManager.sol" not found: File not found. Searched the following locations: "/Users/yevhen/Documents/GitHub/RLD".
 --> contracts/lib/v4-periphery/test/UniswapV4DeployerCompetition.t.sol:6:1:
  |
6 | import {PoolManager} from "@uniswap/v4-core/src/PoolManager.sol";
  | ^^^^^^^^^^^^^^^^^^^^^^^^^^^^^^^^^^^^^^^^^^^^^^^^^^^^^^^^^^^^^^^^^

Error (6275): Source "@uniswap/v4-core/src/libraries/TickMath.sol" not found: File not found. Searched the following locations: "/Users/yevhen/Documents/GitHub/RLD".
ParserError: Source "@uniswap/v4-core/src/libraries/TickMath.sol" not found: File not found. Searched the following locations: "/Users/yevhen/Documents/GitHub/RLD".
 --> contracts/lib/v4-periphery/test/UniswapV4DeployerCompetition.t.sol:8:1:
  |
8 | import {TickMath} from "@uniswap/v4-core/src/libraries/TickMath.sol";
  | ^^^^^^^^^^^^^^^^^^^^^^^^^^^^^^^^^^^^^^^^^^^^^^^^^^^^^^^^^^^^^^^^^^^^^

Error (6275): Source "@openzeppelin/contracts/utils/Create2.sol" not found: File not found. Searched the following locations: "/Users/yevhen/Documents/GitHub/RLD".
ParserError: Source "@openzeppelin/contracts/utils/Create2.sol" not found: File not found. Searched the following locations: "/Users/yevhen/Documents/GitHub/RLD".
  --> contracts/lib/v4-periphery/test/UniswapV4DeployerCompetition.t.sol:10:1:
   |
10 | import {Create2} from "@openzeppelin/contracts/utils/Create2.sol";
   | ^^^^^^^^^^^^^^^^^^^^^^^^^^^^^^^^^^^^^^^^^^^^^^^^^^^^^^^^^^^^^^^^^^

Error (6275): Source "forge-std/Test.sol" not found: File not found. Searched the following locations: "/Users/yevhen/Documents/GitHub/RLD".
ParserError: Source "forge-std/Test.sol" not found: File not found. Searched the following locations: "/Users/yevhen/Documents/GitHub/RLD".
 --> contracts/lib/v4-periphery/test/hooks/WETHHook.t.sol:4:1:
  |
4 | import {Test} from "forge-std/Test.sol";
  | ^^^^^^^^^^^^^^^^^^^^^^^^^^^^^^^^^^^^^^^^

Error (6275): Source "@uniswap/v4-core/src/types/PoolKey.sol" not found: File not found. Searched the following locations: "/Users/yevhen/Documents/GitHub/RLD".
ParserError: Source "@uniswap/v4-core/src/types/PoolKey.sol" not found: File not found. Searched the following locations: "/Users/yevhen/Documents/GitHub/RLD".
 --> contracts/lib/v4-periphery/test/hooks/WETHHook.t.sol:5:1:
  |
5 | import {PoolKey} from "@uniswap/v4-core/src/types/PoolKey.sol";
  | ^^^^^^^^^^^^^^^^^^^^^^^^^^^^^^^^^^^^^^^^^^^^^^^^^^^^^^^^^^^^^^^

Error (6275): Source "@uniswap/v4-core/src/types/Currency.sol" not found: File not found. Searched the following locations: "/Users/yevhen/Documents/GitHub/RLD".
ParserError: Source "@uniswap/v4-core/src/types/Currency.sol" not found: File not found. Searched the following locations: "/Users/yevhen/Documents/GitHub/RLD".
 --> contracts/lib/v4-periphery/test/hooks/WETHHook.t.sol:6:1:
  |
6 | import {Currency} from "@uniswap/v4-core/src/types/Currency.sol";
  | ^^^^^^^^^^^^^^^^^^^^^^^^^^^^^^^^^^^^^^^^^^^^^^^^^^^^^^^^^^^^^^^^^

Error (6275): Source "@uniswap/v4-core/src/types/PoolId.sol" not found: File not found. Searched the following locations: "/Users/yevhen/Documents/GitHub/RLD".
ParserError: Source "@uniswap/v4-core/src/types/PoolId.sol" not found: File not found. Searched the following locations: "/Users/yevhen/Documents/GitHub/RLD".
 --> contracts/lib/v4-periphery/test/hooks/WETHHook.t.sol:7:1:
  |
7 | import {PoolId, PoolIdLibrary} from "@uniswap/v4-core/src/types/PoolId.sol";
  | ^^^^^^^^^^^^^^^^^^^^^^^^^^^^^^^^^^^^^^^^^^^^^^^^^^^^^^^^^^^^^^^^^^^^^^^^^^^^

Error (6275): Source "@uniswap/v4-core/src/test/PoolSwapTest.sol" not found: File not found. Searched the following locations: "/Users/yevhen/Documents/GitHub/RLD".
ParserError: Source "@uniswap/v4-core/src/test/PoolSwapTest.sol" not found: File not found. Searched the following locations: "/Users/yevhen/Documents/GitHub/RLD".
 --> contracts/lib/v4-periphery/test/hooks/WETHHook.t.sol:8:1:
  |
8 | import {PoolSwapTest} from "@uniswap/v4-core/src/test/PoolSwapTest.sol";
  | ^^^^^^^^^^^^^^^^^^^^^^^^^^^^^^^^^^^^^^^^^^^^^^^^^^^^^^^^^^^^^^^^^^^^^^^^

Error (6275): Source "@uniswap/v4-core/src/types/Currency.sol" not found: File not found. Searched the following locations: "/Users/yevhen/Documents/GitHub/RLD".
ParserError: Source "@uniswap/v4-core/src/types/Currency.sol" not found: File not found. Searched the following locations: "/Users/yevhen/Documents/GitHub/RLD".
 --> contracts/lib/v4-periphery/test/hooks/WETHHook.t.sol:9:1:
  |
9 | import {CurrencyLibrary} from "@uniswap/v4-core/src/types/Currency.sol";
  | ^^^^^^^^^^^^^^^^^^^^^^^^^^^^^^^^^^^^^^^^^^^^^^^^^^^^^^^^^^^^^^^^^^^^^^^^

Error (6275): Source "@uniswap/v4-core/src/libraries/TickMath.sol" not found: File not found. Searched the following locations: "/Users/yevhen/Documents/GitHub/RLD".
ParserError: Source "@uniswap/v4-core/src/libraries/TickMath.sol" not found: File not found. Searched the following locations: "/Users/yevhen/Documents/GitHub/RLD".
  --> contracts/lib/v4-periphery/test/hooks/WETHHook.t.sol:10:1:
   |
10 | import {TickMath} from "@uniswap/v4-core/src/libraries/TickMath.sol";
   | ^^^^^^^^^^^^^^^^^^^^^^^^^^^^^^^^^^^^^^^^^^^^^^^^^^^^^^^^^^^^^^^^^^^^^

Error (6275): Source "@uniswap/v4-core/test/utils/Deployers.sol" not found: File not found. Searched the following locations: "/Users/yevhen/Documents/GitHub/RLD".
ParserError: Source "@uniswap/v4-core/test/utils/Deployers.sol" not found: File not found. Searched the following locations: "/Users/yevhen/Documents/GitHub/RLD".
  --> contracts/lib/v4-periphery/test/hooks/WETHHook.t.sol:11:1:
   |
11 | import {Deployers} from "@uniswap/v4-core/test/utils/Deployers.sol";
   | ^^^^^^^^^^^^^^^^^^^^^^^^^^^^^^^^^^^^^^^^^^^^^^^^^^^^^^^^^^^^^^^^^^^^

Error (6275): Source "@uniswap/v4-core/src/libraries/CustomRevert.sol" not found: File not found. Searched the following locations: "/Users/yevhen/Documents/GitHub/RLD".
ParserError: Source "@uniswap/v4-core/src/libraries/CustomRevert.sol" not found: File not found. Searched the following locations: "/Users/yevhen/Documents/GitHub/RLD".
  --> contracts/lib/v4-periphery/test/hooks/WETHHook.t.sol:12:1:
   |
12 | import {CustomRevert} from "@uniswap/v4-core/src/libraries/CustomRevert.sol";
   | ^^^^^^^^^^^^^^^^^^^^^^^^^^^^^^^^^^^^^^^^^^^^^^^^^^^^^^^^^^^^^^^^^^^^^^^^^^^^^

Error (6275): Source "solmate/src/tokens/WETH.sol" not found: File not found. Searched the following locations: "/Users/yevhen/Documents/GitHub/RLD".
ParserError: Source "solmate/src/tokens/WETH.sol" not found: File not found. Searched the following locations: "/Users/yevhen/Documents/GitHub/RLD".
  --> contracts/lib/v4-periphery/test/hooks/WETHHook.t.sol:13:1:
   |
13 | import {WETH} from "solmate/src/tokens/WETH.sol";
   | ^^^^^^^^^^^^^^^^^^^^^^^^^^^^^^^^^^^^^^^^^^^^^^^^^

Error (6275): Source "@uniswap/v4-core/src/interfaces/IHooks.sol" not found: File not found. Searched the following locations: "/Users/yevhen/Documents/GitHub/RLD".
ParserError: Source "@uniswap/v4-core/src/interfaces/IHooks.sol" not found: File not found. Searched the following locations: "/Users/yevhen/Documents/GitHub/RLD".
  --> contracts/lib/v4-periphery/test/hooks/WETHHook.t.sol:14:1:
   |
14 | import {IHooks} from "@uniswap/v4-core/src/interfaces/IHooks.sol";
   | ^^^^^^^^^^^^^^^^^^^^^^^^^^^^^^^^^^^^^^^^^^^^^^^^^^^^^^^^^^^^^^^^^^

Error (6275): Source "@uniswap/v4-core/src/libraries/Hooks.sol" not found: File not found. Searched the following locations: "/Users/yevhen/Documents/GitHub/RLD".
ParserError: Source "@uniswap/v4-core/src/libraries/Hooks.sol" not found: File not found. Searched the following locations: "/Users/yevhen/Documents/GitHub/RLD".
  --> contracts/lib/v4-periphery/test/hooks/WETHHook.t.sol:15:1:
   |
15 | import {Hooks} from "@uniswap/v4-core/src/libraries/Hooks.sol";
   | ^^^^^^^^^^^^^^^^^^^^^^^^^^^^^^^^^^^^^^^^^^^^^^^^^^^^^^^^^^^^^^^

Error (6275): Source "forge-std/Test.sol" not found: File not found. Searched the following locations: "/Users/yevhen/Documents/GitHub/RLD".
ParserError: Source "forge-std/Test.sol" not found: File not found. Searched the following locations: "/Users/yevhen/Documents/GitHub/RLD".
  --> contracts/lib/v4-periphery/test/hooks/WETHHook.t.sol:16:1:
   |
16 | import {Test} from "forge-std/Test.sol";
   | ^^^^^^^^^^^^^^^^^^^^^^^^^^^^^^^^^^^^^^^^

Error (6275): Source "solmate/src/tokens/ERC20.sol" not found: File not found. Searched the following locations: "/Users/yevhen/Documents/GitHub/RLD".
ParserError: Source "solmate/src/tokens/ERC20.sol" not found: File not found. Searched the following locations: "/Users/yevhen/Documents/GitHub/RLD".
  --> contracts/lib/v4-periphery/test/hooks/WETHHook.t.sol:17:1:
   |
17 | import {ERC20} from "solmate/src/tokens/ERC20.sol";
   | ^^^^^^^^^^^^^^^^^^^^^^^^^^^^^^^^^^^^^^^^^^^^^^^^^^^

Error (6275): Source "solmate/src/test/utils/mocks/MockERC20.sol" not found: File not found. Searched the following locations: "/Users/yevhen/Documents/GitHub/RLD".
ParserError: Source "solmate/src/test/utils/mocks/MockERC20.sol" not found: File not found. Searched the following locations: "/Users/yevhen/Documents/GitHub/RLD".
  --> contracts/lib/v4-periphery/test/hooks/WETHHook.t.sol:18:1:
   |
18 | import {MockERC20} from "solmate/src/test/utils/mocks/MockERC20.sol";
   | ^^^^^^^^^^^^^^^^^^^^^^^^^^^^^^^^^^^^^^^^^^^^^^^^^^^^^^^^^^^^^^^^^^^^^

Error (6275): Source "@uniswap/v4-core/src/types/PoolOperation.sol" not found: File not found. Searched the following locations: "/Users/yevhen/Documents/GitHub/RLD".
ParserError: Source "@uniswap/v4-core/src/types/PoolOperation.sol" not found: File not found. Searched the following locations: "/Users/yevhen/Documents/GitHub/RLD".
  --> contracts/lib/v4-periphery/test/hooks/WETHHook.t.sol:22:1:
   |
22 | import {ModifyLiquidityParams, SwapParams} from "@uniswap/v4-core/src/types/PoolOperation.sol";
   | ^^^^^^^^^^^^^^^^^^^^^^^^^^^^^^^^^^^^^^^^^^^^^^^^^^^^^^^^^^^^^^^^^^^^^^^^^^^^^^^^^^^^^^^^^^^^^^^

Error (6275): Source "forge-std/Test.sol" not found: File not found. Searched the following locations: "/Users/yevhen/Documents/GitHub/RLD".
ParserError: Source "forge-std/Test.sol" not found: File not found. Searched the following locations: "/Users/yevhen/Documents/GitHub/RLD".
 --> contracts/lib/v4-periphery/test/hooks/WstETHHook.fork.t.sol:4:1:
  |
4 | import {Test, console2} from "forge-std/Test.sol";
  | ^^^^^^^^^^^^^^^^^^^^^^^^^^^^^^^^^^^^^^^^^^^^^^^^^^

Error (6275): Source "@uniswap/v4-core/src/interfaces/IPoolManager.sol" not found: File not found. Searched the following locations: "/Users/yevhen/Documents/GitHub/RLD".
ParserError: Source "@uniswap/v4-core/src/interfaces/IPoolManager.sol" not found: File not found. Searched the following locations: "/Users/yevhen/Documents/GitHub/RLD".
 --> contracts/lib/v4-periphery/test/hooks/WstETHHook.fork.t.sol:5:1:
  |
5 | import {IPoolManager} from "@uniswap/v4-core/src/interfaces/IPoolManager.sol";
  | ^^^^^^^^^^^^^^^^^^^^^^^^^^^^^^^^^^^^^^^^^^^^^^^^^^^^^^^^^^^^^^^^^^^^^^^^^^^^^^

Error (6275): Source "@uniswap/v4-core/src/types/PoolKey.sol" not found: File not found. Searched the following locations: "/Users/yevhen/Documents/GitHub/RLD".
ParserError: Source "@uniswap/v4-core/src/types/PoolKey.sol" not found: File not found. Searched the following locations: "/Users/yevhen/Documents/GitHub/RLD".
 --> contracts/lib/v4-periphery/test/hooks/WstETHHook.fork.t.sol:6:1:
  |
6 | import {PoolKey} from "@uniswap/v4-core/src/types/PoolKey.sol";
  | ^^^^^^^^^^^^^^^^^^^^^^^^^^^^^^^^^^^^^^^^^^^^^^^^^^^^^^^^^^^^^^^

Error (6275): Source "@uniswap/v4-core/src/types/PoolOperation.sol" not found: File not found. Searched the following locations: "/Users/yevhen/Documents/GitHub/RLD".
ParserError: Source "@uniswap/v4-core/src/types/PoolOperation.sol" not found: File not found. Searched the following locations: "/Users/yevhen/Documents/GitHub/RLD".
 --> contracts/lib/v4-periphery/test/hooks/WstETHHook.fork.t.sol:7:1:
  |
7 | import {SwapParams} from "@uniswap/v4-core/src/types/PoolOperation.sol";
  | ^^^^^^^^^^^^^^^^^^^^^^^^^^^^^^^^^^^^^^^^^^^^^^^^^^^^^^^^^^^^^^^^^^^^^^^^

Error (6275): Source "@uniswap/v4-core/src/types/Currency.sol" not found: File not found. Searched the following locations: "/Users/yevhen/Documents/GitHub/RLD".
ParserError: Source "@uniswap/v4-core/src/types/Currency.sol" not found: File not found. Searched the following locations: "/Users/yevhen/Documents/GitHub/RLD".
 --> contracts/lib/v4-periphery/test/hooks/WstETHHook.fork.t.sol:8:1:
  |
8 | import {Currency} from "@uniswap/v4-core/src/types/Currency.sol";
  | ^^^^^^^^^^^^^^^^^^^^^^^^^^^^^^^^^^^^^^^^^^^^^^^^^^^^^^^^^^^^^^^^^

Error (6275): Source "@uniswap/v4-core/src/types/PoolId.sol" not found: File not found. Searched the following locations: "/Users/yevhen/Documents/GitHub/RLD".
ParserError: Source "@uniswap/v4-core/src/types/PoolId.sol" not found: File not found. Searched the following locations: "/Users/yevhen/Documents/GitHub/RLD".
 --> contracts/lib/v4-periphery/test/hooks/WstETHHook.fork.t.sol:9:1:
  |
9 | import {PoolId, PoolIdLibrary} from "@uniswap/v4-core/src/types/PoolId.sol";
  | ^^^^^^^^^^^^^^^^^^^^^^^^^^^^^^^^^^^^^^^^^^^^^^^^^^^^^^^^^^^^^^^^^^^^^^^^^^^^

Error (6275): Source "@uniswap/v4-core/src/types/Currency.sol" not found: File not found. Searched the following locations: "/Users/yevhen/Documents/GitHub/RLD".
ParserError: Source "@uniswap/v4-core/src/types/Currency.sol" not found: File not found. Searched the following locations: "/Users/yevhen/Documents/GitHub/RLD".
  --> contracts/lib/v4-periphery/test/hooks/WstETHHook.fork.t.sol:10:1:
   |
10 | import {CurrencyLibrary} from "@uniswap/v4-core/src/types/Currency.sol";
   | ^^^^^^^^^^^^^^^^^^^^^^^^^^^^^^^^^^^^^^^^^^^^^^^^^^^^^^^^^^^^^^^^^^^^^^^^

Error (6275): Source "@uniswap/v4-core/src/libraries/CustomRevert.sol" not found: File not found. Searched the following locations: "/Users/yevhen/Documents/GitHub/RLD".
ParserError: Source "@uniswap/v4-core/src/libraries/CustomRevert.sol" not found: File not found. Searched the following locations: "/Users/yevhen/Documents/GitHub/RLD".
  --> contracts/lib/v4-periphery/test/hooks/WstETHHook.fork.t.sol:11:1:
   |
11 | import {CustomRevert} from "@uniswap/v4-core/src/libraries/CustomRevert.sol";
   | ^^^^^^^^^^^^^^^^^^^^^^^^^^^^^^^^^^^^^^^^^^^^^^^^^^^^^^^^^^^^^^^^^^^^^^^^^^^^^

Error (6275): Source "@uniswap/v4-core/src/libraries/TickMath.sol" not found: File not found. Searched the following locations: "/Users/yevhen/Documents/GitHub/RLD".
ParserError: Source "@uniswap/v4-core/src/libraries/TickMath.sol" not found: File not found. Searched the following locations: "/Users/yevhen/Documents/GitHub/RLD".
  --> contracts/lib/v4-periphery/test/hooks/WstETHHook.fork.t.sol:12:1:
   |
12 | import {TickMath} from "@uniswap/v4-core/src/libraries/TickMath.sol";
   | ^^^^^^^^^^^^^^^^^^^^^^^^^^^^^^^^^^^^^^^^^^^^^^^^^^^^^^^^^^^^^^^^^^^^^

Error (6275): Source "@uniswap/v4-core/test/utils/Deployers.sol" not found: File not found. Searched the following locations: "/Users/yevhen/Documents/GitHub/RLD".
ParserError: Source "@uniswap/v4-core/test/utils/Deployers.sol" not found: File not found. Searched the following locations: "/Users/yevhen/Documents/GitHub/RLD".
  --> contracts/lib/v4-periphery/test/hooks/WstETHHook.fork.t.sol:13:1:
   |
13 | import {Deployers} from "@uniswap/v4-core/test/utils/Deployers.sol";
   | ^^^^^^^^^^^^^^^^^^^^^^^^^^^^^^^^^^^^^^^^^^^^^^^^^^^^^^^^^^^^^^^^^^^^

Error (6275): Source "@uniswap/v4-core/src/interfaces/IHooks.sol" not found: File not found. Searched the following locations: "/Users/yevhen/Documents/GitHub/RLD".
ParserError: Source "@uniswap/v4-core/src/interfaces/IHooks.sol" not found: File not found. Searched the following locations: "/Users/yevhen/Documents/GitHub/RLD".
  --> contracts/lib/v4-periphery/test/hooks/WstETHHook.fork.t.sol:14:1:
   |
14 | import {IHooks} from "@uniswap/v4-core/src/interfaces/IHooks.sol";
   | ^^^^^^^^^^^^^^^^^^^^^^^^^^^^^^^^^^^^^^^^^^^^^^^^^^^^^^^^^^^^^^^^^^

Error (6275): Source "@uniswap/v4-core/src/libraries/Hooks.sol" not found: File not found. Searched the following locations: "/Users/yevhen/Documents/GitHub/RLD".
ParserError: Source "@uniswap/v4-core/src/libraries/Hooks.sol" not found: File not found. Searched the following locations: "/Users/yevhen/Documents/GitHub/RLD".
  --> contracts/lib/v4-periphery/test/hooks/WstETHHook.fork.t.sol:15:1:
   |
15 | import {Hooks} from "@uniswap/v4-core/src/libraries/Hooks.sol";
   | ^^^^^^^^^^^^^^^^^^^^^^^^^^^^^^^^^^^^^^^^^^^^^^^^^^^^^^^^^^^^^^^

Error (6275): Source "forge-std/interfaces/IERC20.sol" not found: File not found. Searched the following locations: "/Users/yevhen/Documents/GitHub/RLD".
ParserError: Source "forge-std/interfaces/IERC20.sol" not found: File not found. Searched the following locations: "/Users/yevhen/Documents/GitHub/RLD".
  --> contracts/lib/v4-periphery/test/hooks/WstETHHook.fork.t.sol:16:1:
   |
16 | import {IERC20} from "forge-std/interfaces/IERC20.sol";
   | ^^^^^^^^^^^^^^^^^^^^^^^^^^^^^^^^^^^^^^^^^^^^^^^^^^^^^^^

Error (6275): Source "forge-std/Test.sol" not found: File not found. Searched the following locations: "/Users/yevhen/Documents/GitHub/RLD".
ParserError: Source "forge-std/Test.sol" not found: File not found. Searched the following locations: "/Users/yevhen/Documents/GitHub/RLD".
 --> contracts/lib/v4-periphery/test/hooks/WstETHHook.t.sol:4:1:
  |
4 | import {Test} from "forge-std/Test.sol";
  | ^^^^^^^^^^^^^^^^^^^^^^^^^^^^^^^^^^^^^^^^

Error (6275): Source "@uniswap/v4-core/src/types/PoolKey.sol" not found: File not found. Searched the following locations: "/Users/yevhen/Documents/GitHub/RLD".
ParserError: Source "@uniswap/v4-core/src/types/PoolKey.sol" not found: File not found. Searched the following locations: "/Users/yevhen/Documents/GitHub/RLD".
 --> contracts/lib/v4-periphery/test/hooks/WstETHHook.t.sol:5:1:
  |
5 | import {PoolKey} from "@uniswap/v4-core/src/types/PoolKey.sol";
  | ^^^^^^^^^^^^^^^^^^^^^^^^^^^^^^^^^^^^^^^^^^^^^^^^^^^^^^^^^^^^^^^

Error (6275): Source "@uniswap/v4-core/src/types/Currency.sol" not found: File not found. Searched the following locations: "/Users/yevhen/Documents/GitHub/RLD".
ParserError: Source "@uniswap/v4-core/src/types/Currency.sol" not found: File not found. Searched the following locations: "/Users/yevhen/Documents/GitHub/RLD".
 --> contracts/lib/v4-periphery/test/hooks/WstETHHook.t.sol:6:1:
  |
6 | import {Currency} from "@uniswap/v4-core/src/types/Currency.sol";
  | ^^^^^^^^^^^^^^^^^^^^^^^^^^^^^^^^^^^^^^^^^^^^^^^^^^^^^^^^^^^^^^^^^

Error (6275): Source "@uniswap/v4-core/src/types/PoolId.sol" not found: File not found. Searched the following locations: "/Users/yevhen/Documents/GitHub/RLD".
ParserError: Source "@uniswap/v4-core/src/types/PoolId.sol" not found: File not found. Searched the following locations: "/Users/yevhen/Documents/GitHub/RLD".
 --> contracts/lib/v4-periphery/test/hooks/WstETHHook.t.sol:7:1:
  |
7 | import {PoolId, PoolIdLibrary} from "@uniswap/v4-core/src/types/PoolId.sol";
  | ^^^^^^^^^^^^^^^^^^^^^^^^^^^^^^^^^^^^^^^^^^^^^^^^^^^^^^^^^^^^^^^^^^^^^^^^^^^^

Error (6275): Source "@uniswap/v4-core/src/types/Currency.sol" not found: File not found. Searched the following locations: "/Users/yevhen/Documents/GitHub/RLD".
ParserError: Source "@uniswap/v4-core/src/types/Currency.sol" not found: File not found. Searched the following locations: "/Users/yevhen/Documents/GitHub/RLD".
 --> contracts/lib/v4-periphery/test/hooks/WstETHHook.t.sol:8:1:
  |
8 | import {CurrencyLibrary} from "@uniswap/v4-core/src/types/Currency.sol";
  | ^^^^^^^^^^^^^^^^^^^^^^^^^^^^^^^^^^^^^^^^^^^^^^^^^^^^^^^^^^^^^^^^^^^^^^^^

Error (6275): Source "@uniswap/v4-core/src/libraries/TickMath.sol" not found: File not found. Searched the following locations: "/Users/yevhen/Documents/GitHub/RLD".
ParserError: Source "@uniswap/v4-core/src/libraries/TickMath.sol" not found: File not found. Searched the following locations: "/Users/yevhen/Documents/GitHub/RLD".
 --> contracts/lib/v4-periphery/test/hooks/WstETHHook.t.sol:9:1:
  |
9 | import {TickMath} from "@uniswap/v4-core/src/libraries/TickMath.sol";
  | ^^^^^^^^^^^^^^^^^^^^^^^^^^^^^^^^^^^^^^^^^^^^^^^^^^^^^^^^^^^^^^^^^^^^^

Error (6275): Source "@uniswap/v4-core/test/utils/Deployers.sol" not found: File not found. Searched the following locations: "/Users/yevhen/Documents/GitHub/RLD".
ParserError: Source "@uniswap/v4-core/test/utils/Deployers.sol" not found: File not found. Searched the following locations: "/Users/yevhen/Documents/GitHub/RLD".
  --> contracts/lib/v4-periphery/test/hooks/WstETHHook.t.sol:10:1:
   |
10 | import {Deployers} from "@uniswap/v4-core/test/utils/Deployers.sol";
   | ^^^^^^^^^^^^^^^^^^^^^^^^^^^^^^^^^^^^^^^^^^^^^^^^^^^^^^^^^^^^^^^^^^^^

Error (6275): Source "@uniswap/v4-core/src/libraries/CustomRevert.sol" not found: File not found. Searched the following locations: "/Users/yevhen/Documents/GitHub/RLD".
ParserError: Source "@uniswap/v4-core/src/libraries/CustomRevert.sol" not found: File not found. Searched the following locations: "/Users/yevhen/Documents/GitHub/RLD".
  --> contracts/lib/v4-periphery/test/hooks/WstETHHook.t.sol:11:1:
   |
11 | import {CustomRevert} from "@uniswap/v4-core/src/libraries/CustomRevert.sol";
   | ^^^^^^^^^^^^^^^^^^^^^^^^^^^^^^^^^^^^^^^^^^^^^^^^^^^^^^^^^^^^^^^^^^^^^^^^^^^^^

Error (6275): Source "@uniswap/v4-core/src/interfaces/IHooks.sol" not found: File not found. Searched the following locations: "/Users/yevhen/Documents/GitHub/RLD".
ParserError: Source "@uniswap/v4-core/src/interfaces/IHooks.sol" not found: File not found. Searched the following locations: "/Users/yevhen/Documents/GitHub/RLD".
  --> contracts/lib/v4-periphery/test/hooks/WstETHHook.t.sol:12:1:
   |
12 | import {IHooks} from "@uniswap/v4-core/src/interfaces/IHooks.sol";
   | ^^^^^^^^^^^^^^^^^^^^^^^^^^^^^^^^^^^^^^^^^^^^^^^^^^^^^^^^^^^^^^^^^^

Error (6275): Source "@uniswap/v4-core/src/libraries/Hooks.sol" not found: File not found. Searched the following locations: "/Users/yevhen/Documents/GitHub/RLD".
ParserError: Source "@uniswap/v4-core/src/libraries/Hooks.sol" not found: File not found. Searched the following locations: "/Users/yevhen/Documents/GitHub/RLD".
  --> contracts/lib/v4-periphery/test/hooks/WstETHHook.t.sol:13:1:
   |
13 | import {Hooks} from "@uniswap/v4-core/src/libraries/Hooks.sol";
   | ^^^^^^^^^^^^^^^^^^^^^^^^^^^^^^^^^^^^^^^^^^^^^^^^^^^^^^^^^^^^^^^

Error (6275): Source "solmate/src/tokens/ERC20.sol" not found: File not found. Searched the following locations: "/Users/yevhen/Documents/GitHub/RLD".
ParserError: Source "solmate/src/tokens/ERC20.sol" not found: File not found. Searched the following locations: "/Users/yevhen/Documents/GitHub/RLD".
  --> contracts/lib/v4-periphery/test/hooks/WstETHHook.t.sol:14:1:
   |
14 | import {ERC20} from "solmate/src/tokens/ERC20.sol";
   | ^^^^^^^^^^^^^^^^^^^^^^^^^^^^^^^^^^^^^^^^^^^^^^^^^^^

Error (6275): Source "solmate/src/test/utils/mocks/MockERC20.sol" not found: File not found. Searched the following locations: "/Users/yevhen/Documents/GitHub/RLD".
ParserError: Source "solmate/src/test/utils/mocks/MockERC20.sol" not found: File not found. Searched the following locations: "/Users/yevhen/Documents/GitHub/RLD".
  --> contracts/lib/v4-periphery/test/hooks/WstETHHook.t.sol:15:1:
   |
15 | import {MockERC20} from "solmate/src/test/utils/mocks/MockERC20.sol";
   | ^^^^^^^^^^^^^^^^^^^^^^^^^^^^^^^^^^^^^^^^^^^^^^^^^^^^^^^^^^^^^^^^^^^^^

Error (6275): Source "@uniswap/v4-core/src/types/PoolOperation.sol" not found: File not found. Searched the following locations: "/Users/yevhen/Documents/GitHub/RLD".
ParserError: Source "@uniswap/v4-core/src/types/PoolOperation.sol" not found: File not found. Searched the following locations: "/Users/yevhen/Documents/GitHub/RLD".
  --> contracts/lib/v4-periphery/test/hooks/WstETHHook.t.sol:22:1:
   |
22 | import {ModifyLiquidityParams, SwapParams} from "@uniswap/v4-core/src/types/PoolOperation.sol";
   | ^^^^^^^^^^^^^^^^^^^^^^^^^^^^^^^^^^^^^^^^^^^^^^^^^^^^^^^^^^^^^^^^^^^^^^^^^^^^^^^^^^^^^^^^^^^^^^^

Error (6275): Source "@uniswap/v4-core/src/interfaces/IPoolManager.sol" not found: File not found. Searched the following locations: "/Users/yevhen/Documents/GitHub/RLD".
ParserError: Source "@uniswap/v4-core/src/interfaces/IPoolManager.sol" not found: File not found. Searched the following locations: "/Users/yevhen/Documents/GitHub/RLD".
 --> contracts/lib/v4-periphery/test/mocks/MockV4Router.sol:4:1:
  |
4 | import {IPoolManager} from "@uniswap/v4-core/src/interfaces/IPoolManager.sol";
  | ^^^^^^^^^^^^^^^^^^^^^^^^^^^^^^^^^^^^^^^^^^^^^^^^^^^^^^^^^^^^^^^^^^^^^^^^^^^^^^

Error (6275): Source "@uniswap/v4-core/src/types/Currency.sol" not found: File not found. Searched the following locations: "/Users/yevhen/Documents/GitHub/RLD".
ParserError: Source "@uniswap/v4-core/src/types/Currency.sol" not found: File not found. Searched the following locations: "/Users/yevhen/Documents/GitHub/RLD".
 --> contracts/lib/v4-periphery/test/mocks/MockV4Router.sol:5:1:
  |
5 | import {Currency} from "@uniswap/v4-core/src/types/Currency.sol";
  | ^^^^^^^^^^^^^^^^^^^^^^^^^^^^^^^^^^^^^^^^^^^^^^^^^^^^^^^^^^^^^^^^^

Error (6275): Source "solmate/src/utils/SafeTransferLib.sol" not found: File not found. Searched the following locations: "/Users/yevhen/Documents/GitHub/RLD".
ParserError: Source "solmate/src/utils/SafeTransferLib.sol" not found: File not found. Searched the following locations: "/Users/yevhen/Documents/GitHub/RLD".
 --> contracts/lib/v4-periphery/test/mocks/MockV4Router.sol:8:1:
  |
8 | import {SafeTransferLib} from "solmate/src/utils/SafeTransferLib.sol";
  | ^^^^^^^^^^^^^^^^^^^^^^^^^^^^^^^^^^^^^^^^^^^^^^^^^^^^^^^^^^^^^^^^^^^^^^

Error (6275): Source "solmate/src/tokens/ERC20.sol" not found: File not found. Searched the following locations: "/Users/yevhen/Documents/GitHub/RLD".
ParserError: Source "solmate/src/tokens/ERC20.sol" not found: File not found. Searched the following locations: "/Users/yevhen/Documents/GitHub/RLD".
 --> contracts/lib/v4-periphery/test/mocks/MockV4Router.sol:9:1:
  |
9 | import {ERC20} from "solmate/src/tokens/ERC20.sol";
  | ^^^^^^^^^^^^^^^^^^^^^^^^^^^^^^^^^^^^^^^^^^^^^^^^^^^

Error (6275): Source "solmate/src/test/utils/mocks/MockERC20.sol" not found: File not found. Searched the following locations: "/Users/yevhen/Documents/GitHub/RLD".
ParserError: Source "solmate/src/test/utils/mocks/MockERC20.sol" not found: File not found. Searched the following locations: "/Users/yevhen/Documents/GitHub/RLD".
 --> contracts/lib/v4-periphery/test/mocks/MockWstETH.sol:4:1:
  |
4 | import {MockERC20} from "solmate/src/test/utils/mocks/MockERC20.sol";
  | ^^^^^^^^^^^^^^^^^^^^^^^^^^^^^^^^^^^^^^^^^^^^^^^^^^^^^^^^^^^^^^^^^^^^^

Error (6275): Source "@uniswap/v4-core/src/types/Currency.sol" not found: File not found. Searched the following locations: "/Users/yevhen/Documents/GitHub/RLD".
ParserError: Source "@uniswap/v4-core/src/types/Currency.sol" not found: File not found. Searched the following locations: "/Users/yevhen/Documents/GitHub/RLD".
 --> contracts/lib/v4-periphery/test/router/Payments.gas.t.sol:4:1:
  |
4 | import {Currency} from "@uniswap/v4-core/src/types/Currency.sol";
  | ^^^^^^^^^^^^^^^^^^^^^^^^^^^^^^^^^^^^^^^^^^^^^^^^^^^^^^^^^^^^^^^^^

Error (6275): Source "@uniswap/v4-core/src/types/Currency.sol" not found: File not found. Searched the following locations: "/Users/yevhen/Documents/GitHub/RLD".
ParserError: Source "@uniswap/v4-core/src/types/Currency.sol" not found: File not found. Searched the following locations: "/Users/yevhen/Documents/GitHub/RLD".
 --> contracts/lib/v4-periphery/test/router/Payments.t.sol:4:1:
  |
4 | import {Currency} from "@uniswap/v4-core/src/types/Currency.sol";
  | ^^^^^^^^^^^^^^^^^^^^^^^^^^^^^^^^^^^^^^^^^^^^^^^^^^^^^^^^^^^^^^^^^

Error (6275): Source "@uniswap/v4-core/src/types/Currency.sol" not found: File not found. Searched the following locations: "/Users/yevhen/Documents/GitHub/RLD".
ParserError: Source "@uniswap/v4-core/src/types/Currency.sol" not found: File not found. Searched the following locations: "/Users/yevhen/Documents/GitHub/RLD".
 --> contracts/lib/v4-periphery/test/router/V4Router.gas.t.sol:4:1:
  |
4 | import {Currency, CurrencyLibrary} from "@uniswap/v4-core/src/types/Currency.sol";
  | ^^^^^^^^^^^^^^^^^^^^^^^^^^^^^^^^^^^^^^^^^^^^^^^^^^^^^^^^^^^^^^^^^^^^^^^^^^^^^^^^^^

Error (6275): Source "@uniswap/v4-core/src/types/Currency.sol" not found: File not found. Searched the following locations: "/Users/yevhen/Documents/GitHub/RLD".
ParserError: Source "@uniswap/v4-core/src/types/Currency.sol" not found: File not found. Searched the following locations: "/Users/yevhen/Documents/GitHub/RLD".
 --> contracts/lib/v4-periphery/test/router/V4Router.t.sol:4:1:
  |
4 | import {Currency, CurrencyLibrary} from "@uniswap/v4-core/src/types/Currency.sol";
  | ^^^^^^^^^^^^^^^^^^^^^^^^^^^^^^^^^^^^^^^^^^^^^^^^^^^^^^^^^^^^^^^^^^^^^^^^^^^^^^^^^^

Error (6275): Source "forge-std/Vm.sol" not found: File not found. Searched the following locations: "/Users/yevhen/Documents/GitHub/RLD".
ParserError: Source "forge-std/Vm.sol" not found: File not found. Searched the following locations: "/Users/yevhen/Documents/GitHub/RLD".
 --> contracts/lib/v4-periphery/test/shared/Deploy.sol:4:1:
  |
4 | import {Vm} from "forge-std/Vm.sol";
  | ^^^^^^^^^^^^^^^^^^^^^^^^^^^^^^^^^^^^

Error (6275): Source "@openzeppelin/contracts/proxy/transparent/TransparentUpgradeableProxy.sol" not found: File not found. Searched the following locations: "/Users/yevhen/Documents/GitHub/RLD".
ParserError: Source "@openzeppelin/contracts/proxy/transparent/TransparentUpgradeableProxy.sol" not found: File not found. Searched the following locations: "/Users/yevhen/Documents/GitHub/RLD".
 --> contracts/lib/v4-periphery/test/shared/Deploy.sol:9:1:
  |
9 | import {TransparentUpgradeableProxy} from "@openzeppelin/contracts/proxy/transparent/TransparentUpgradeableProxy.sol";
  | ^^^^^^^^^^^^^^^^^^^^^^^^^^^^^^^^^^^^^^^^^^^^^^^^^^^^^^^^^^^^^^^^^^^^^^^^^^^^^^^^^^^^^^^^^^^^^^^^^^^^^^^^^^^^^^^^^^^^^^

Error (6275): Source "@uniswap/v4-core/src/types/PoolKey.sol" not found: File not found. Searched the following locations: "/Users/yevhen/Documents/GitHub/RLD".
ParserError: Source "@uniswap/v4-core/src/types/PoolKey.sol" not found: File not found. Searched the following locations: "/Users/yevhen/Documents/GitHub/RLD".
 --> contracts/lib/v4-periphery/test/shared/HookSavesDelta.sol:4:1:
  |
4 | import {PoolKey} from "@uniswap/v4-core/src/types/PoolKey.sol";
  | ^^^^^^^^^^^^^^^^^^^^^^^^^^^^^^^^^^^^^^^^^^^^^^^^^^^^^^^^^^^^^^^

Error (6275): Source "@uniswap/v4-core/src/types/BalanceDelta.sol" not found: File not found. Searched the following locations: "/Users/yevhen/Documents/GitHub/RLD".
ParserError: Source "@uniswap/v4-core/src/types/BalanceDelta.sol" not found: File not found. Searched the following locations: "/Users/yevhen/Documents/GitHub/RLD".
 --> contracts/lib/v4-periphery/test/shared/HookSavesDelta.sol:5:1:
  |
5 | import {BalanceDelta, BalanceDeltaLibrary} from "@uniswap/v4-core/src/types/BalanceDelta.sol";
  | ^^^^^^^^^^^^^^^^^^^^^^^^^^^^^^^^^^^^^^^^^^^^^^^^^^^^^^^^^^^^^^^^^^^^^^^^^^^^^^^^^^^^^^^^^^^^^^

Error (6275): Source "@uniswap/v4-core/src/test/BaseTestHooks.sol" not found: File not found. Searched the following locations: "/Users/yevhen/Documents/GitHub/RLD".
ParserError: Source "@uniswap/v4-core/src/test/BaseTestHooks.sol" not found: File not found. Searched the following locations: "/Users/yevhen/Documents/GitHub/RLD".
 --> contracts/lib/v4-periphery/test/shared/HookSavesDelta.sol:7:1:
  |
7 | import {BaseTestHooks} from "@uniswap/v4-core/src/test/BaseTestHooks.sol";
  | ^^^^^^^^^^^^^^^^^^^^^^^^^^^^^^^^^^^^^^^^^^^^^^^^^^^^^^^^^^^^^^^^^^^^^^^^^^

Error (6275): Source "@uniswap/v4-core/src/types/PoolOperation.sol" not found: File not found. Searched the following locations: "/Users/yevhen/Documents/GitHub/RLD".
ParserError: Source "@uniswap/v4-core/src/types/PoolOperation.sol" not found: File not found. Searched the following locations: "/Users/yevhen/Documents/GitHub/RLD".
 --> contracts/lib/v4-periphery/test/shared/HookSavesDelta.sol:8:1:
  |
8 | import {ModifyLiquidityParams} from "@uniswap/v4-core/src/types/PoolOperation.sol";
  | ^^^^^^^^^^^^^^^^^^^^^^^^^^^^^^^^^^^^^^^^^^^^^^^^^^^^^^^^^^^^^^^^^^^^^^^^^^^^^^^^^^^

Error (6275): Source "forge-std/Base.sol" not found: File not found. Searched the following locations: "/Users/yevhen/Documents/GitHub/RLD".
ParserError: Source "forge-std/Base.sol" not found: File not found. Searched the following locations: "/Users/yevhen/Documents/GitHub/RLD".
 --> contracts/lib/v4-periphery/test/shared/LiquidityOperations.sol:4:1:
  |
4 | import {CommonBase} from "forge-std/Base.sol";
  | ^^^^^^^^^^^^^^^^^^^^^^^^^^^^^^^^^^^^^^^^^^^^^^

Error (6275): Source "@uniswap/v4-core/src/types/Currency.sol" not found: File not found. Searched the following locations: "/Users/yevhen/Documents/GitHub/RLD".
ParserError: Source "@uniswap/v4-core/src/types/Currency.sol" not found: File not found. Searched the following locations: "/Users/yevhen/Documents/GitHub/RLD".
 --> contracts/lib/v4-periphery/test/shared/LiquidityOperations.sol:5:1:
  |
5 | import {Currency} from "@uniswap/v4-core/src/types/Currency.sol";
  | ^^^^^^^^^^^^^^^^^^^^^^^^^^^^^^^^^^^^^^^^^^^^^^^^^^^^^^^^^^^^^^^^^

Error (6275): Source "@uniswap/v4-core/src/types/BalanceDelta.sol" not found: File not found. Searched the following locations: "/Users/yevhen/Documents/GitHub/RLD".
ParserError: Source "@uniswap/v4-core/src/types/BalanceDelta.sol" not found: File not found. Searched the following locations: "/Users/yevhen/Documents/GitHub/RLD".
 --> contracts/lib/v4-periphery/test/shared/LiquidityOperations.sol:6:1:
  |
6 | import {BalanceDelta, toBalanceDelta} from "@uniswap/v4-core/src/types/BalanceDelta.sol";
  | ^^^^^^^^^^^^^^^^^^^^^^^^^^^^^^^^^^^^^^^^^^^^^^^^^^^^^^^^^^^^^^^^^^^^^^^^^^^^^^^^^^^^^^^^^

Error (6275): Source "@uniswap/v4-core/src/types/PoolKey.sol" not found: File not found. Searched the following locations: "/Users/yevhen/Documents/GitHub/RLD".
ParserError: Source "@uniswap/v4-core/src/types/PoolKey.sol" not found: File not found. Searched the following locations: "/Users/yevhen/Documents/GitHub/RLD".
 --> contracts/lib/v4-periphery/test/shared/LiquidityOperations.sol:7:1:
  |
7 | import {PoolKey} from "@uniswap/v4-core/src/types/PoolKey.sol";
  | ^^^^^^^^^^^^^^^^^^^^^^^^^^^^^^^^^^^^^^^^^^^^^^^^^^^^^^^^^^^^^^^

Error (6275): Source "@uniswap/v4-core/src/libraries/TickMath.sol" not found: File not found. Searched the following locations: "/Users/yevhen/Documents/GitHub/RLD".
ParserError: Source "@uniswap/v4-core/src/libraries/TickMath.sol" not found: File not found. Searched the following locations: "/Users/yevhen/Documents/GitHub/RLD".
 --> contracts/lib/v4-periphery/test/shared/LiquidityOperations.sol:8:1:
  |
8 | import {TickMath} from "@uniswap/v4-core/src/libraries/TickMath.sol";
  | ^^^^^^^^^^^^^^^^^^^^^^^^^^^^^^^^^^^^^^^^^^^^^^^^^^^^^^^^^^^^^^^^^^^^^

Error (6275): Source "@uniswap/v4-core/test/utils/LiquidityAmounts.sol" not found: File not found. Searched the following locations: "/Users/yevhen/Documents/GitHub/RLD".
ParserError: Source "@uniswap/v4-core/test/utils/LiquidityAmounts.sol" not found: File not found. Searched the following locations: "/Users/yevhen/Documents/GitHub/RLD".
 --> contracts/lib/v4-periphery/test/shared/LiquidityOperations.sol:9:1:
  |
9 | import {LiquidityAmounts} from "@uniswap/v4-core/test/utils/LiquidityAmounts.sol";
  | ^^^^^^^^^^^^^^^^^^^^^^^^^^^^^^^^^^^^^^^^^^^^^^^^^^^^^^^^^^^^^^^^^^^^^^^^^^^^^^^^^^

Error (6275): Source "@uniswap/v4-core/src/libraries/SafeCast.sol" not found: File not found. Searched the following locations: "/Users/yevhen/Documents/GitHub/RLD".
ParserError: Source "@uniswap/v4-core/src/libraries/SafeCast.sol" not found: File not found. Searched the following locations: "/Users/yevhen/Documents/GitHub/RLD".
  --> contracts/lib/v4-periphery/test/shared/LiquidityOperations.sol:10:1:
   |
10 | import {SafeCast} from "@uniswap/v4-core/src/libraries/SafeCast.sol";
   | ^^^^^^^^^^^^^^^^^^^^^^^^^^^^^^^^^^^^^^^^^^^^^^^^^^^^^^^^^^^^^^^^^^^^^

Error (6275): Source "@uniswap/v4-core/src/types/PoolKey.sol" not found: File not found. Searched the following locations: "/Users/yevhen/Documents/GitHub/RLD".
ParserError: Source "@uniswap/v4-core/src/types/PoolKey.sol" not found: File not found. Searched the following locations: "/Users/yevhen/Documents/GitHub/RLD".
 --> contracts/lib/v4-periphery/test/shared/Planner.sol:4:1:
  |
4 | import {PoolKey} from "@uniswap/v4-core/src/types/PoolKey.sol";
  | ^^^^^^^^^^^^^^^^^^^^^^^^^^^^^^^^^^^^^^^^^^^^^^^^^^^^^^^^^^^^^^^

Error (6275): Source "@uniswap/v4-core/src/types/Currency.sol" not found: File not found. Searched the following locations: "/Users/yevhen/Documents/GitHub/RLD".
ParserError: Source "@uniswap/v4-core/src/types/Currency.sol" not found: File not found. Searched the following locations: "/Users/yevhen/Documents/GitHub/RLD".
 --> contracts/lib/v4-periphery/test/shared/Planner.sol:7:1:
  |
7 | import {Currency} from "@uniswap/v4-core/src/types/Currency.sol";
  | ^^^^^^^^^^^^^^^^^^^^^^^^^^^^^^^^^^^^^^^^^^^^^^^^^^^^^^^^^^^^^^^^^

Error (6275): Source "@uniswap/v4-core/src/types/PoolKey.sol" not found: File not found. Searched the following locations: "/Users/yevhen/Documents/GitHub/RLD".
ParserError: Source "@uniswap/v4-core/src/types/PoolKey.sol" not found: File not found. Searched the following locations: "/Users/yevhen/Documents/GitHub/RLD".
 --> contracts/lib/v4-periphery/test/shared/PositionConfig.sol:4:1:
  |
4 | import {PoolKey} from "@uniswap/v4-core/src/types/PoolKey.sol";
  | ^^^^^^^^^^^^^^^^^^^^^^^^^^^^^^^^^^^^^^^^^^^^^^^^^^^^^^^^^^^^^^^

Error (6275): Source "forge-std/Test.sol" not found: File not found. Searched the following locations: "/Users/yevhen/Documents/GitHub/RLD".
ParserError: Source "forge-std/Test.sol" not found: File not found. Searched the following locations: "/Users/yevhen/Documents/GitHub/RLD".
 --> contracts/lib/v4-periphery/test/shared/RoutingTestHelpers.sol:4:1:
  |
4 | import "forge-std/Test.sol";
  | ^^^^^^^^^^^^^^^^^^^^^^^^^^^^

Error (6275): Source "@uniswap/v4-core/src/test/PoolModifyLiquidityTest.sol" not found: File not found. Searched the following locations: "/Users/yevhen/Documents/GitHub/RLD".
ParserError: Source "@uniswap/v4-core/src/test/PoolModifyLiquidityTest.sol" not found: File not found. Searched the following locations: "/Users/yevhen/Documents/GitHub/RLD".
 --> contracts/lib/v4-periphery/test/shared/RoutingTestHelpers.sol:5:1:
  |
5 | import {PoolModifyLiquidityTest} from "@uniswap/v4-core/src/test/PoolModifyLiquidityTest.sol";
  | ^^^^^^^^^^^^^^^^^^^^^^^^^^^^^^^^^^^^^^^^^^^^^^^^^^^^^^^^^^^^^^^^^^^^^^^^^^^^^^^^^^^^^^^^^^^^^^

Error (6275): Source "solmate/src/test/utils/mocks/MockERC20.sol" not found: File not found. Searched the following locations: "/Users/yevhen/Documents/GitHub/RLD".
ParserError: Source "solmate/src/test/utils/mocks/MockERC20.sol" not found: File not found. Searched the following locations: "/Users/yevhen/Documents/GitHub/RLD".
 --> contracts/lib/v4-periphery/test/shared/RoutingTestHelpers.sol:8:1:
  |
8 | import {MockERC20} from "solmate/src/test/utils/mocks/MockERC20.sol";
  | ^^^^^^^^^^^^^^^^^^^^^^^^^^^^^^^^^^^^^^^^^^^^^^^^^^^^^^^^^^^^^^^^^^^^^

Error (6275): Source "@uniswap/v4-core/src/interfaces/IHooks.sol" not found: File not found. Searched the following locations: "/Users/yevhen/Documents/GitHub/RLD".
ParserError: Source "@uniswap/v4-core/src/interfaces/IHooks.sol" not found: File not found. Searched the following locations: "/Users/yevhen/Documents/GitHub/RLD".
 --> contracts/lib/v4-periphery/test/shared/RoutingTestHelpers.sol:9:1:
  |
9 | import {IHooks} from "@uniswap/v4-core/src/interfaces/IHooks.sol";
  | ^^^^^^^^^^^^^^^^^^^^^^^^^^^^^^^^^^^^^^^^^^^^^^^^^^^^^^^^^^^^^^^^^^

Error (6275): Source "@uniswap/v4-core/src/types/Currency.sol" not found: File not found. Searched the following locations: "/Users/yevhen/Documents/GitHub/RLD".
ParserError: Source "@uniswap/v4-core/src/types/Currency.sol" not found: File not found. Searched the following locations: "/Users/yevhen/Documents/GitHub/RLD".
  --> contracts/lib/v4-periphery/test/shared/RoutingTestHelpers.sol:13:1:
   |
13 | import {Currency, CurrencyLibrary} from "@uniswap/v4-core/src/types/Currency.sol";
   | ^^^^^^^^^^^^^^^^^^^^^^^^^^^^^^^^^^^^^^^^^^^^^^^^^^^^^^^^^^^^^^^^^^^^^^^^^^^^^^^^^^

Error (6275): Source "@uniswap/v4-core/src/types/PoolKey.sol" not found: File not found. Searched the following locations: "/Users/yevhen/Documents/GitHub/RLD".
ParserError: Source "@uniswap/v4-core/src/types/PoolKey.sol" not found: File not found. Searched the following locations: "/Users/yevhen/Documents/GitHub/RLD".
  --> contracts/lib/v4-periphery/test/shared/RoutingTestHelpers.sol:14:1:
   |
14 | import {PoolKey} from "@uniswap/v4-core/src/types/PoolKey.sol";
   | ^^^^^^^^^^^^^^^^^^^^^^^^^^^^^^^^^^^^^^^^^^^^^^^^^^^^^^^^^^^^^^^

Error (6275): Source "@uniswap/v4-core/test/utils/Deployers.sol" not found: File not found. Searched the following locations: "/Users/yevhen/Documents/GitHub/RLD".
ParserError: Source "@uniswap/v4-core/test/utils/Deployers.sol" not found: File not found. Searched the following locations: "/Users/yevhen/Documents/GitHub/RLD".
  --> contracts/lib/v4-periphery/test/shared/RoutingTestHelpers.sol:15:1:
   |
15 | import {Deployers} from "@uniswap/v4-core/test/utils/Deployers.sol";
   | ^^^^^^^^^^^^^^^^^^^^^^^^^^^^^^^^^^^^^^^^^^^^^^^^^^^^^^^^^^^^^^^^^^^^

Error (6275): Source "forge-std/interfaces/IERC20.sol" not found: File not found. Searched the following locations: "/Users/yevhen/Documents/GitHub/RLD".
ParserError: Source "forge-std/interfaces/IERC20.sol" not found: File not found. Searched the following locations: "/Users/yevhen/Documents/GitHub/RLD".
  --> contracts/lib/v4-periphery/test/shared/RoutingTestHelpers.sol:16:1:
   |
16 | import {IERC20} from "forge-std/interfaces/IERC20.sol";
   | ^^^^^^^^^^^^^^^^^^^^^^^^^^^^^^^^^^^^^^^^^^^^^^^^^^^^^^^

Error (6275): Source "@uniswap/v4-core/src/types/PoolOperation.sol" not found: File not found. Searched the following locations: "/Users/yevhen/Documents/GitHub/RLD".
ParserError: Source "@uniswap/v4-core/src/types/PoolOperation.sol" not found: File not found. Searched the following locations: "/Users/yevhen/Documents/GitHub/RLD".
  --> contracts/lib/v4-periphery/test/shared/RoutingTestHelpers.sol:20:1:
   |
20 | import {ModifyLiquidityParams, SwapParams} from "@uniswap/v4-core/src/types/PoolOperation.sol";
   | ^^^^^^^^^^^^^^^^^^^^^^^^^^^^^^^^^^^^^^^^^^^^^^^^^^^^^^^^^^^^^^^^^^^^^^^^^^^^^^^^^^^^^^^^^^^^^^^

Error (6275): Source "@uniswap/v4-core/src/types/Currency.sol" not found: File not found. Searched the following locations: "/Users/yevhen/Documents/GitHub/RLD".
ParserError: Source "@uniswap/v4-core/src/types/Currency.sol" not found: File not found. Searched the following locations: "/Users/yevhen/Documents/GitHub/RLD".
 --> contracts/lib/v4-periphery/test/shared/TestRouter.sol:4:1:
  |
4 | import {Currency, CurrencyLibrary} from "@uniswap/v4-core/src/types/Currency.sol";
  | ^^^^^^^^^^^^^^^^^^^^^^^^^^^^^^^^^^^^^^^^^^^^^^^^^^^^^^^^^^^^^^^^^^^^^^^^^^^^^^^^^^

Error (6275): Source "@uniswap/v4-core/src/interfaces/IPoolManager.sol" not found: File not found. Searched the following locations: "/Users/yevhen/Documents/GitHub/RLD".
ParserError: Source "@uniswap/v4-core/src/interfaces/IPoolManager.sol" not found: File not found. Searched the following locations: "/Users/yevhen/Documents/GitHub/RLD".
 --> contracts/lib/v4-periphery/test/shared/TestRouter.sol:5:1:
  |
5 | import {IPoolManager} from "@uniswap/v4-core/src/interfaces/IPoolManager.sol";
  | ^^^^^^^^^^^^^^^^^^^^^^^^^^^^^^^^^^^^^^^^^^^^^^^^^^^^^^^^^^^^^^^^^^^^^^^^^^^^^^

Error (6275): Source "@uniswap/v4-core/src/types/BalanceDelta.sol" not found: File not found. Searched the following locations: "/Users/yevhen/Documents/GitHub/RLD".
ParserError: Source "@uniswap/v4-core/src/types/BalanceDelta.sol" not found: File not found. Searched the following locations: "/Users/yevhen/Documents/GitHub/RLD".
 --> contracts/lib/v4-periphery/test/shared/TestRouter.sol:6:1:
  |
6 | import {BalanceDelta} from "@uniswap/v4-core/src/types/BalanceDelta.sol";
  | ^^^^^^^^^^^^^^^^^^^^^^^^^^^^^^^^^^^^^^^^^^^^^^^^^^^^^^^^^^^^^^^^^^^^^^^^^

Error (6275): Source "@uniswap/v4-core/src/types/PoolKey.sol" not found: File not found. Searched the following locations: "/Users/yevhen/Documents/GitHub/RLD".
ParserError: Source "@uniswap/v4-core/src/types/PoolKey.sol" not found: File not found. Searched the following locations: "/Users/yevhen/Documents/GitHub/RLD".
 --> contracts/lib/v4-periphery/test/shared/TestRouter.sol:7:1:
  |
7 | import {PoolKey} from "@uniswap/v4-core/src/types/PoolKey.sol";
  | ^^^^^^^^^^^^^^^^^^^^^^^^^^^^^^^^^^^^^^^^^^^^^^^^^^^^^^^^^^^^^^^

Error (6275): Source "@uniswap/v4-core/src/types/PoolOperation.sol" not found: File not found. Searched the following locations: "/Users/yevhen/Documents/GitHub/RLD".
ParserError: Source "@uniswap/v4-core/src/types/PoolOperation.sol" not found: File not found. Searched the following locations: "/Users/yevhen/Documents/GitHub/RLD".
 --> contracts/lib/v4-periphery/test/shared/TestRouter.sol:8:1:
  |
8 | import {SwapParams} from "@uniswap/v4-core/src/types/PoolOperation.sol";
  | ^^^^^^^^^^^^^^^^^^^^^^^^^^^^^^^^^^^^^^^^^^^^^^^^^^^^^^^^^^^^^^^^^^^^^^^^

Error (6275): Source "@uniswap/v4-core/src/test/PoolTestBase.sol" not found: File not found. Searched the following locations: "/Users/yevhen/Documents/GitHub/RLD".
ParserError: Source "@uniswap/v4-core/src/test/PoolTestBase.sol" not found: File not found. Searched the following locations: "/Users/yevhen/Documents/GitHub/RLD".
 --> contracts/lib/v4-periphery/test/shared/TestRouter.sol:9:1:
  |
9 | import {PoolTestBase} from "@uniswap/v4-core/src/test/PoolTestBase.sol";
  | ^^^^^^^^^^^^^^^^^^^^^^^^^^^^^^^^^^^^^^^^^^^^^^^^^^^^^^^^^^^^^^^^^^^^^^^^

Error (6275): Source "@uniswap/v4-core/src/libraries/SafeCast.sol" not found: File not found. Searched the following locations: "/Users/yevhen/Documents/GitHub/RLD".
ParserError: Source "@uniswap/v4-core/src/libraries/SafeCast.sol" not found: File not found. Searched the following locations: "/Users/yevhen/Documents/GitHub/RLD".
  --> contracts/lib/v4-periphery/test/shared/TestRouter.sol:10:1:
   |
10 | import {SafeCast} from "@uniswap/v4-core/src/libraries/SafeCast.sol";
   | ^^^^^^^^^^^^^^^^^^^^^^^^^^^^^^^^^^^^^^^^^^^^^^^^^^^^^^^^^^^^^^^^^^^^^

Error (6275): Source "forge-std/interfaces/IERC20.sol" not found: File not found. Searched the following locations: "/Users/yevhen/Documents/GitHub/RLD".
ParserError: Source "forge-std/interfaces/IERC20.sol" not found: File not found. Searched the following locations: "/Users/yevhen/Documents/GitHub/RLD".
  --> contracts/lib/v4-periphery/test/shared/TestRouter.sol:11:1:
   |
11 | import {IERC20} from "forge-std/interfaces/IERC20.sol";
   | ^^^^^^^^^^^^^^^^^^^^^^^^^^^^^^^^^^^^^^^^^^^^^^^^^^^^^^^

Error (6275): Source "@uniswap/v4-core/src/libraries/TransientStateLibrary.sol" not found: File not found. Searched the following locations: "/Users/yevhen/Documents/GitHub/RLD".
ParserError: Source "@uniswap/v4-core/src/libraries/TransientStateLibrary.sol" not found: File not found. Searched the following locations: "/Users/yevhen/Documents/GitHub/RLD".
  --> contracts/lib/v4-periphery/test/shared/TestRouter.sol:13:1:
   |
13 | import {TransientStateLibrary} from "@uniswap/v4-core/src/libraries/TransientStateLibrary.sol";
   | ^^^^^^^^^^^^^^^^^^^^^^^^^^^^^^^^^^^^^^^^^^^^^^^^^^^^^^^^^^^^^^^^^^^^^^^^^^^^^^^^^^^^^^^^^^^^^^^

Error (6275): Source "solmate/src/auth/Owned.sol" not found: File not found. Searched the following locations: "/Users/yevhen/Documents/GitHub/RLD".
ParserError: Source "solmate/src/auth/Owned.sol" not found: File not found. Searched the following locations: "/Users/yevhen/Documents/GitHub/RLD".
 --> contracts/v4-twamm-hook/lib/v4-core/src/ProtocolFees.sol:9:1:
  |
9 | import {Owned} from "solmate/src/auth/Owned.sol";
  | ^^^^^^^^^^^^^^^^^^^^^^^^^^^^^^^^^^^^^^^^^^^^^^^^^

Error (6275): Source "forge-std/Test.sol" not found: File not found. Searched the following locations: "/Users/yevhen/Documents/GitHub/RLD".
ParserError: Source "forge-std/Test.sol" not found: File not found. Searched the following locations: "/Users/yevhen/Documents/GitHub/RLD".
 --> contracts/v4-twamm-hook/lib/v4-core/src/test/ActionsRouter.sol:4:1:
  |
4 | import "forge-std/Test.sol";
  | ^^^^^^^^^^^^^^^^^^^^^^^^^^^^

Error (6275): Source "solmate/src/test/utils/mocks/MockERC20.sol" not found: File not found. Searched the following locations: "/Users/yevhen/Documents/GitHub/RLD".
ParserError: Source "solmate/src/test/utils/mocks/MockERC20.sol" not found: File not found. Searched the following locations: "/Users/yevhen/Documents/GitHub/RLD".
 --> contracts/v4-twamm-hook/lib/v4-core/src/test/ActionsRouter.sol:8:1:
  |
8 | import {MockERC20} from "solmate/src/test/utils/mocks/MockERC20.sol";
  | ^^^^^^^^^^^^^^^^^^^^^^^^^^^^^^^^^^^^^^^^^^^^^^^^^^^^^^^^^^^^^^^^^^^^^

Error (6275): Source "forge-std/Vm.sol" not found: File not found. Searched the following locations: "/Users/yevhen/Documents/GitHub/RLD".
ParserError: Source "forge-std/Vm.sol" not found: File not found. Searched the following locations: "/Users/yevhen/Documents/GitHub/RLD".
 --> contracts/v4-twamm-hook/lib/v4-core/src/test/Fuzzers.sol:4:1:
  |
4 | import {Vm} from "forge-std/Vm.sol";
  | ^^^^^^^^^^^^^^^^^^^^^^^^^^^^^^^^^^^^

Error (6275): Source "forge-std/StdUtils.sol" not found: File not found. Searched the following locations: "/Users/yevhen/Documents/GitHub/RLD".
ParserError: Source "forge-std/StdUtils.sol" not found: File not found. Searched the following locations: "/Users/yevhen/Documents/GitHub/RLD".
 --> contracts/v4-twamm-hook/lib/v4-core/src/test/Fuzzers.sol:5:1:
  |
5 | import {StdUtils} from "forge-std/StdUtils.sol";
  | ^^^^^^^^^^^^^^^^^^^^^^^^^^^^^^^^^^^^^^^^^^^^^^^^

Error (6275): Source "@openzeppelin/contracts/proxy/Proxy.sol" not found: File not found. Searched the following locations: "/Users/yevhen/Documents/GitHub/RLD".
ParserError: Source "@openzeppelin/contracts/proxy/Proxy.sol" not found: File not found. Searched the following locations: "/Users/yevhen/Documents/GitHub/RLD".
 --> contracts/v4-twamm-hook/lib/v4-core/src/test/MockContract.sol:4:1:
  |
4 | import {Proxy} from "@openzeppelin/contracts/proxy/Proxy.sol";
  | ^^^^^^^^^^^^^^^^^^^^^^^^^^^^^^^^^^^^^^^^^^^^^^^^^^^^^^^^^^^^^^

Error (6275): Source "forge-std/Test.sol" not found: File not found. Searched the following locations: "/Users/yevhen/Documents/GitHub/RLD".
ParserError: Source "forge-std/Test.sol" not found: File not found. Searched the following locations: "/Users/yevhen/Documents/GitHub/RLD".
 --> contracts/v4-twamm-hook/lib/v4-core/src/test/NativeERC20.sol:4:1:
  |
4 | import {Test} from "forge-std/Test.sol";
  | ^^^^^^^^^^^^^^^^^^^^^^^^^^^^^^^^^^^^^^^^

Error (6275): Source "forge-std/Test.sol" not found: File not found. Searched the following locations: "/Users/yevhen/Documents/GitHub/RLD".
ParserError: Source "forge-std/Test.sol" not found: File not found. Searched the following locations: "/Users/yevhen/Documents/GitHub/RLD".
 --> contracts/v4-twamm-hook/lib/v4-core/src/test/PoolNestedActionsTest.sol:9:1:
  |
9 | import {Test} from "forge-std/Test.sol";
  | ^^^^^^^^^^^^^^^^^^^^^^^^^^^^^^^^^^^^^^^^

Error (6275): Source "forge-std/Test.sol" not found: File not found. Searched the following locations: "/Users/yevhen/Documents/GitHub/RLD".
ParserError: Source "forge-std/Test.sol" not found: File not found. Searched the following locations: "/Users/yevhen/Documents/GitHub/RLD".
  --> contracts/v4-twamm-hook/lib/v4-core/src/test/SkipCallsTestHook.sol:11:1:
   |
11 | import {Test} from "forge-std/Test.sol";
   | ^^^^^^^^^^^^^^^^^^^^^^^^^^^^^^^^^^^^^^^^

Error (6275): Source "forge-std/Test.sol" not found: File not found. Searched the following locations: "/Users/yevhen/Documents/GitHub/RLD".
ParserError: Source "forge-std/Test.sol" not found: File not found. Searched the following locations: "/Users/yevhen/Documents/GitHub/RLD".
 --> contracts/v4-twamm-hook/lib/v4-core/test/CustomAccounting.t.sol:4:1:
  |
4 | import {Test} from "forge-std/Test.sol";
  | ^^^^^^^^^^^^^^^^^^^^^^^^^^^^^^^^^^^^^^^^

Error (6275): Source "forge-std/Test.sol" not found: File not found. Searched the following locations: "/Users/yevhen/Documents/GitHub/RLD".
ParserError: Source "forge-std/Test.sol" not found: File not found. Searched the following locations: "/Users/yevhen/Documents/GitHub/RLD".
 --> contracts/v4-twamm-hook/lib/v4-core/test/DynamicFees.t.sol:4:1:
  |
4 | import {Test} from "forge-std/Test.sol";
  | ^^^^^^^^^^^^^^^^^^^^^^^^^^^^^^^^^^^^^^^^

Error (6275): Source "forge-std/Vm.sol" not found: File not found. Searched the following locations: "/Users/yevhen/Documents/GitHub/RLD".
ParserError: Source "forge-std/Vm.sol" not found: File not found. Searched the following locations: "/Users/yevhen/Documents/GitHub/RLD".
 --> contracts/v4-twamm-hook/lib/v4-core/test/DynamicFees.t.sol:5:1:
  |
5 | import {Vm} from "forge-std/Vm.sol";
  | ^^^^^^^^^^^^^^^^^^^^^^^^^^^^^^^^^^^^

Warning (4013): There are more than 256 errors. Aborting.
Warning (4013): There are more than 256 errors. Aborting.
Warning (4013): There are more than 256 errors. Aborting.
Warning (4013): There are more than 256 errors. Aborting.
Warning (4013): There are more than 256 errors. Aborting.
Warning (4013): There are more than 256 errors. Aborting.
Warning (4013): There are more than 256 errors. Aborting.
Warning (4013): There are more than 256 errors. Aborting.
Warning (4013): There are more than 256 errors. Aborting.
Warning (4013): There are more than 256 errors. Aborting.
Warning (4013): There are more than 256 errors. Aborting.
Warning (4013): There are more than 256 errors. Aborting.
Warning (4013): There are more than 256 errors. Aborting.
Warning (4013): There are more than 256 errors. Aborting.
Warning (4013): There are more than 256 errors. Aborting.
Warning (4013): There are more than 256 errors. Aborting.
Warning (4013): There are more than 256 errors. Aborting.
Warning (4013): There are more than 256 errors. Aborting.
Warning (4013): There are more than 256 errors. Aborting.
Warning (4013): There are more than 256 errors. Aborting.
Warning (4013): There are more than 256 errors. Aborting.
Warning (4013): There are more than 256 errors. Aborting.
Warning (4013): There are more than 256 errors. Aborting.
Warning (4013): There are more than 256 errors. Aborting.
Warning (4013): There are more than 256 errors. Aborting.
Warning (4013): There are more than 256 errors. Aborting.
Warning (4013): There are more than 256 errors. Aborting.
Warning (4013): There are more than 256 errors. Aborting.
Warning (4013): There are more than 256 errors. Aborting.
Warning (4013): There are more than 256 errors. Aborting.
Warning (4013): There are more than 256 errors. Aborting.
Warning (4013): There are more than 256 errors. Aborting.
Warning (4013): There are more than 256 errors. Aborting.
Warning (4013): There are more than 256 errors. Aborting.
Warning (4013): There are more than 256 errors. Aborting.
Warning (4013): There are more than 256 errors. Aborting.
Warning (4013): There are more than 256 errors. Aborting.
Warning (4013): There are more than 256 errors. Aborting.
Warning (4013): There are more than 256 errors. Aborting.
Warning (4013): There are more than 256 errors. Aborting.
Warning (4013): There are more than 256 errors. Aborting.
Warning (4013): There are more than 256 errors. Aborting.
Warning (4013): There are more than 256 errors. Aborting.
Warning (4013): There are more than 256 errors. Aborting.
Warning (4013): There are more than 256 errors. Aborting.
Warning (4013): There are more than 256 errors. Aborting.
Warning (4013): There are more than 256 errors. Aborting.
Warning (4013): There are more than 256 errors. Aborting.
Warning (4013): There are more than 256 errors. Aborting.
Warning (4013): There are more than 256 errors. Aborting.
Warning (4013): There are more than 256 errors. Aborting.
Warning (4013): There are more than 256 errors. Aborting.
Warning (4013): There are more than 256 errors. Aborting.
Warning (4013): There are more than 256 errors. Aborting.
Warning (4013): There are more than 256 errors. Aborting.
Warning (4013): There are more than 256 errors. Aborting.
Warning (4013): There are more than 256 errors. Aborting.
Warning (4013): There are more than 256 errors. Aborting.
Warning (4013): There are more than 256 errors. Aborting.
Warning (4013): There are more than 256 errors. Aborting.
Warning (4013): There are more than 256 errors. Aborting.
Warning (4013): There are more than 256 errors. Aborting.
Warning (4013): There are more than 256 errors. Aborting.
Warning (4013): There are more than 256 errors. Aborting.
Warning (4013): There are more than 256 errors. Aborting.
Warning (4013): There are more than 256 errors. Aborting.
Warning (4013): There are more than 256 errors. Aborting.
Warning (4013): There are more than 256 errors. Aborting.
Warning (4013): There are more than 256 errors. Aborting.
Warning (4013): There are more than 256 errors. Aborting.
Warning (4013): There are more than 256 errors. Aborting.
Warning (4013): There are more than 256 errors. Aborting.
Warning (4013): There are more than 256 errors. Aborting.
Warning (4013): There are more than 256 errors. Aborting.
Warning (4013): There are more than 256 errors. Aborting.
Warning (4013): There are more than 256 errors. Aborting.
Warning (4013): There are more than 256 errors. Aborting.
Warning (4013): There are more than 256 errors. Aborting.
Warning (4013): There are more than 256 errors. Aborting.
Warning (4013): There are more than 256 errors. Aborting.
Warning (4013): There are more than 256 errors. Aborting.
Warning (4013): There are more than 256 errors. Aborting.
Warning (4013): There are more than 256 errors. Aborting.
Warning (4013): There are more than 256 errors. Aborting.
Warning (4013): There are more than 256 errors. Aborting.
Warning (4013): There are more than 256 errors. Aborting.
Error (6275): Source "ds-test/test.sol" not found: File not found. Searched the following locations: "/Users/yevhen/Documents/GitHub/RLD".
ParserError: Source "ds-test/test.sol" not found: File not found. Searched the following locations: "/Users/yevhen/Documents/GitHub/RLD".
 --> contracts/lib/solmate/src/test/utils/DSTestPlus.sol:4:1:
  |
4 | import {DSTest} from "ds-test/test.sol";
  | ^^^^^^^^^^^^^^^^^^^^^^^^^^^^^^^^^^^^^^^^

Error (6275): Source "ds-test/test.sol" not found: File not found. Searched the following locations: "/Users/yevhen/Documents/GitHub/RLD".
ParserError: Source "ds-test/test.sol" not found: File not found. Searched the following locations: "/Users/yevhen/Documents/GitHub/RLD".
 --> contracts/v4-twamm-hook/lib/v4-core/lib/solmate/src/test/utils/DSTestPlus.sol:4:1:
  |
4 | import {DSTest} from "ds-test/test.sol";
  | ^^^^^^^^^^^^^^^^^^^^^^^^^^^^^^^^^^^^^^^^

Error (6275): Source "ds-test/test.sol" not found: File not found. Searched the following locations: "/Users/yevhen/Documents/GitHub/RLD".
ParserError: Source "ds-test/test.sol" not found: File not found. Searched the following locations: "/Users/yevhen/Documents/GitHub/RLD".
 --> contracts/v4-twamm-hook/lib/v4-periphery/lib/permit2/lib/solmate/src/test/utils/DSTestPlus.sol:4:1:
  |
4 | import {DSTest} from "ds-test/test.sol";
  | ^^^^^^^^^^^^^^^^^^^^^^^^^^^^^^^^^^^^^^^^

Error (6275): Source "ds-test/test.sol" not found: File not found. Searched the following locations: "/Users/yevhen/Documents/GitHub/RLD".
ParserError: Source "ds-test/test.sol" not found: File not found. Searched the following locations: "/Users/yevhen/Documents/GitHub/RLD".
 --> contracts/v4-twamm-hook/lib/v4-periphery/lib/v4-core/lib/solmate/src/test/utils/DSTestPlus.sol:4:1:
  |
4 | import {DSTest} from "ds-test/test.sol";
  | ^^^^^^^^^^^^^^^^^^^^^^^^^^^^^^^^^^^^^^^^

Error (6275): Source "contracts/lib/openzeppelin-v5/fv/patched/access/extensions/AccessControlDefaultAdminRules.sol" not found: File not found. Searched the following locations: "/Users/yevhen/Documents/GitHub/RLD".
ParserError: Source "contracts/lib/openzeppelin-v5/fv/patched/access/extensions/AccessControlDefaultAdminRules.sol" not found: File not found. Searched the following locations: "/Users/yevhen/Documents/GitHub/RLD".
 --> contracts/lib/openzeppelin-v5/fv/harnesses/AccessControlDefaultAdminRulesHarness.sol:4:1:
  |
4 | import {AccessControlDefaultAdminRules} from "../patched/access/extensions/AccessControlDefaultAdminRules.sol";
  | ^^^^^^^^^^^^^^^^^^^^^^^^^^^^^^^^^^^^^^^^^^^^^^^^^^^^^^^^^^^^^^^^^^^^^^^^^^^^^^^^^^^^^^^^^^^^^^^^^^^^^^^^^^^^^^^

Error (6275): Source "contracts/lib/openzeppelin-v5/fv/patched/access/AccessControl.sol" not found: File not found. Searched the following locations: "/Users/yevhen/Documents/GitHub/RLD".
ParserError: Source "contracts/lib/openzeppelin-v5/fv/patched/access/AccessControl.sol" not found: File not found. Searched the following locations: "/Users/yevhen/Documents/GitHub/RLD".
 --> contracts/lib/openzeppelin-v5/fv/harnesses/AccessControlHarness.sol:4:1:
  |
4 | import {AccessControl} from "../patched/access/AccessControl.sol";
  | ^^^^^^^^^^^^^^^^^^^^^^^^^^^^^^^^^^^^^^^^^^^^^^^^^^^^^^^^^^^^^^^^^^

Error (6275): Source "contracts/lib/openzeppelin-v5/fv/patched/access/manager/IAccessManager.sol" not found: File not found. Searched the following locations: "/Users/yevhen/Documents/GitHub/RLD".
ParserError: Source "contracts/lib/openzeppelin-v5/fv/patched/access/manager/IAccessManager.sol" not found: File not found. Searched the following locations: "/Users/yevhen/Documents/GitHub/RLD".
 --> contracts/lib/openzeppelin-v5/fv/harnesses/AccessManagedHarness.sol:5:1:
  |
5 | import "../patched/access/manager/IAccessManager.sol";
  | ^^^^^^^^^^^^^^^^^^^^^^^^^^^^^^^^^^^^^^^^^^^^^^^^^^^^^^

Error (6275): Source "contracts/lib/openzeppelin-v5/fv/patched/access/manager/AccessManaged.sol" not found: File not found. Searched the following locations: "/Users/yevhen/Documents/GitHub/RLD".
ParserError: Source "contracts/lib/openzeppelin-v5/fv/patched/access/manager/AccessManaged.sol" not found: File not found. Searched the following locations: "/Users/yevhen/Documents/GitHub/RLD".
 --> contracts/lib/openzeppelin-v5/fv/harnesses/AccessManagedHarness.sol:6:1:
  |
6 | import "../patched/access/manager/AccessManaged.sol";
  | ^^^^^^^^^^^^^^^^^^^^^^^^^^^^^^^^^^^^^^^^^^^^^^^^^^^^^

Error (6275): Source "contracts/lib/openzeppelin-v5/fv/patched/access/manager/AccessManager.sol" not found: File not found. Searched the following locations: "/Users/yevhen/Documents/GitHub/RLD".
ParserError: Source "contracts/lib/openzeppelin-v5/fv/patched/access/manager/AccessManager.sol" not found: File not found. Searched the following locations: "/Users/yevhen/Documents/GitHub/RLD".
 --> contracts/lib/openzeppelin-v5/fv/harnesses/AccessManagerHarness.sol:5:1:
  |
5 | import "../patched/access/manager/AccessManager.sol";
  | ^^^^^^^^^^^^^^^^^^^^^^^^^^^^^^^^^^^^^^^^^^^^^^^^^^^^^

Error (6275): Source "contracts/lib/openzeppelin-v5/fv/patched/mocks/account/AccountMock.sol" not found: File not found. Searched the following locations: "/Users/yevhen/Documents/GitHub/RLD".
ParserError: Source "contracts/lib/openzeppelin-v5/fv/patched/mocks/account/AccountMock.sol" not found: File not found. Searched the following locations: "/Users/yevhen/Documents/GitHub/RLD".
 --> contracts/lib/openzeppelin-v5/fv/harnesses/AccountHarness.sol:4:1:
  |
4 | import {AccountEIP7702WithModulesMock} from "../patched/mocks/account/AccountMock.sol";
  | ^^^^^^^^^^^^^^^^^^^^^^^^^^^^^^^^^^^^^^^^^^^^^^^^^^^^^^^^^^^^^^^^^^^^^^^^^^^^^^^^^^^^^^^

Error (6275): Source "contracts/lib/openzeppelin-v5/fv/patched/utils/cryptography/EIP712.sol" not found: File not found. Searched the following locations: "/Users/yevhen/Documents/GitHub/RLD".
ParserError: Source "contracts/lib/openzeppelin-v5/fv/patched/utils/cryptography/EIP712.sol" not found: File not found. Searched the following locations: "/Users/yevhen/Documents/GitHub/RLD".
 --> contracts/lib/openzeppelin-v5/fv/harnesses/AccountHarness.sol:5:1:
  |
5 | import {EIP712} from "../patched/utils/cryptography/EIP712.sol";
  | ^^^^^^^^^^^^^^^^^^^^^^^^^^^^^^^^^^^^^^^^^^^^^^^^^^^^^^^^^^^^^^^^

Error (6275): Source "contracts/lib/openzeppelin-v5/fv/patched/utils/structs/EnumerableSet.sol" not found: File not found. Searched the following locations: "/Users/yevhen/Documents/GitHub/RLD".
ParserError: Source "contracts/lib/openzeppelin-v5/fv/patched/utils/structs/EnumerableSet.sol" not found: File not found. Searched the following locations: "/Users/yevhen/Documents/GitHub/RLD".
 --> contracts/lib/openzeppelin-v5/fv/harnesses/AccountHarness.sol:6:1:
  |
6 | import {EnumerableSet} from "../patched/utils/structs/EnumerableSet.sol";
  | ^^^^^^^^^^^^^^^^^^^^^^^^^^^^^^^^^^^^^^^^^^^^^^^^^^^^^^^^^^^^^^^^^^^^^^^^^

Error (6275): Source "contracts/lib/openzeppelin-v5/fv/patched/utils/structs/DoubleEndedQueue.sol" not found: File not found. Searched the following locations: "/Users/yevhen/Documents/GitHub/RLD".
ParserError: Source "contracts/lib/openzeppelin-v5/fv/patched/utils/structs/DoubleEndedQueue.sol" not found: File not found. Searched the following locations: "/Users/yevhen/Documents/GitHub/RLD".
 --> contracts/lib/openzeppelin-v5/fv/harnesses/DoubleEndedQueueHarness.sol:4:1:
  |
4 | import {DoubleEndedQueue} from "../patched/utils/structs/DoubleEndedQueue.sol";
  | ^^^^^^^^^^^^^^^^^^^^^^^^^^^^^^^^^^^^^^^^^^^^^^^^^^^^^^^^^^^^^^^^^^^^^^^^^^^^^^^

Error (6275): Source "contracts/lib/openzeppelin-v5/fv/patched/token/ERC20/ERC20.sol" not found: File not found. Searched the following locations: "/Users/yevhen/Documents/GitHub/RLD".
ParserError: Source "contracts/lib/openzeppelin-v5/fv/patched/token/ERC20/ERC20.sol" not found: File not found. Searched the following locations: "/Users/yevhen/Documents/GitHub/RLD".
 --> contracts/lib/openzeppelin-v5/fv/harnesses/ERC20FlashMintHarness.sol:5:1:
  |
5 | import "../patched/token/ERC20/ERC20.sol";
  | ^^^^^^^^^^^^^^^^^^^^^^^^^^^^^^^^^^^^^^^^^^

Error (6275): Source "contracts/lib/openzeppelin-v5/fv/patched/token/ERC20/extensions/ERC20Permit.sol" not found: File not found. Searched the following locations: "/Users/yevhen/Documents/GitHub/RLD".
ParserError: Source "contracts/lib/openzeppelin-v5/fv/patched/token/ERC20/extensions/ERC20Permit.sol" not found: File not found. Searched the following locations: "/Users/yevhen/Documents/GitHub/RLD".
 --> contracts/lib/openzeppelin-v5/fv/harnesses/ERC20FlashMintHarness.sol:6:1:
  |
6 | import "../patched/token/ERC20/extensions/ERC20Permit.sol";
  | ^^^^^^^^^^^^^^^^^^^^^^^^^^^^^^^^^^^^^^^^^^^^^^^^^^^^^^^^^^^

Error (6275): Source "contracts/lib/openzeppelin-v5/fv/patched/token/ERC20/extensions/ERC20FlashMint.sol" not found: File not found. Searched the following locations: "/Users/yevhen/Documents/GitHub/RLD".
ParserError: Source "contracts/lib/openzeppelin-v5/fv/patched/token/ERC20/extensions/ERC20FlashMint.sol" not found: File not found. Searched the following locations: "/Users/yevhen/Documents/GitHub/RLD".
 --> contracts/lib/openzeppelin-v5/fv/harnesses/ERC20FlashMintHarness.sol:7:1:
  |
7 | import "../patched/token/ERC20/extensions/ERC20FlashMint.sol";
  | ^^^^^^^^^^^^^^^^^^^^^^^^^^^^^^^^^^^^^^^^^^^^^^^^^^^^^^^^^^^^^^

Error (6275): Source "contracts/lib/openzeppelin-v5/fv/patched/token/ERC20/extensions/ERC20Permit.sol" not found: File not found. Searched the following locations: "/Users/yevhen/Documents/GitHub/RLD".
ParserError: Source "contracts/lib/openzeppelin-v5/fv/patched/token/ERC20/extensions/ERC20Permit.sol" not found: File not found. Searched the following locations: "/Users/yevhen/Documents/GitHub/RLD".
 --> contracts/lib/openzeppelin-v5/fv/harnesses/ERC20PermitHarness.sol:4:1:
  |
4 | import {ERC20Permit, ERC20} from "../patched/token/ERC20/extensions/ERC20Permit.sol";
  | ^^^^^^^^^^^^^^^^^^^^^^^^^^^^^^^^^^^^^^^^^^^^^^^^^^^^^^^^^^^^^^^^^^^^^^^^^^^^^^^^^^^^^

Error (6275): Source "contracts/lib/openzeppelin-v5/fv/patched/token/ERC20/extensions/ERC20Permit.sol" not found: File not found. Searched the following locations: "/Users/yevhen/Documents/GitHub/RLD".
ParserError: Source "contracts/lib/openzeppelin-v5/fv/patched/token/ERC20/extensions/ERC20Permit.sol" not found: File not found. Searched the following locations: "/Users/yevhen/Documents/GitHub/RLD".
 --> contracts/lib/openzeppelin-v5/fv/harnesses/ERC20WrapperHarness.sol:5:1:
  |
5 | import {ERC20Permit} from "../patched/token/ERC20/extensions/ERC20Permit.sol";
  | ^^^^^^^^^^^^^^^^^^^^^^^^^^^^^^^^^^^^^^^^^^^^^^^^^^^^^^^^^^^^^^^^^^^^^^^^^^^^^^

Error (6275): Source "contracts/lib/openzeppelin-v5/fv/patched/token/ERC20/extensions/ERC20Wrapper.sol" not found: File not found. Searched the following locations: "/Users/yevhen/Documents/GitHub/RLD".
ParserError: Source "contracts/lib/openzeppelin-v5/fv/patched/token/ERC20/extensions/ERC20Wrapper.sol" not found: File not found. Searched the following locations: "/Users/yevhen/Documents/GitHub/RLD".
 --> contracts/lib/openzeppelin-v5/fv/harnesses/ERC20WrapperHarness.sol:6:1:
  |
6 | import {ERC20Wrapper, IERC20, ERC20} from "../patched/token/ERC20/extensions/ERC20Wrapper.sol";
  | ^^^^^^^^^^^^^^^^^^^^^^^^^^^^^^^^^^^^^^^^^^^^^^^^^^^^^^^^^^^^^^^^^^^^^^^^^^^^^^^^^^^^^^^^^^^^^^^

Error (6275): Source "contracts/lib/openzeppelin-v5/fv/patched/interfaces/IERC3156FlashBorrower.sol" not found: File not found. Searched the following locations: "/Users/yevhen/Documents/GitHub/RLD".
ParserError: Source "contracts/lib/openzeppelin-v5/fv/patched/interfaces/IERC3156FlashBorrower.sol" not found: File not found. Searched the following locations: "/Users/yevhen/Documents/GitHub/RLD".
 --> contracts/lib/openzeppelin-v5/fv/harnesses/ERC3156FlashBorrowerHarness.sol:3:1:
  |
3 | import {IERC3156FlashBorrower} from "../patched/interfaces/IERC3156FlashBorrower.sol";
  | ^^^^^^^^^^^^^^^^^^^^^^^^^^^^^^^^^^^^^^^^^^^^^^^^^^^^^^^^^^^^^^^^^^^^^^^^^^^^^^^^^^^^^^

Error (6275): Source "contracts/lib/openzeppelin-v5/fv/patched/token/ERC721/ERC721.sol" not found: File not found. Searched the following locations: "/Users/yevhen/Documents/GitHub/RLD".
ParserError: Source "contracts/lib/openzeppelin-v5/fv/patched/token/ERC721/ERC721.sol" not found: File not found. Searched the following locations: "/Users/yevhen/Documents/GitHub/RLD".
 --> contracts/lib/openzeppelin-v5/fv/harnesses/ERC721Harness.sol:5:1:
  |
5 | import {ERC721} from "../patched/token/ERC721/ERC721.sol";
  | ^^^^^^^^^^^^^^^^^^^^^^^^^^^^^^^^^^^^^^^^^^^^^^^^^^^^^^^^^^

Error (6275): Source "contracts/lib/openzeppelin-v5/fv/patched/interfaces/IERC721Receiver.sol" not found: File not found. Searched the following locations: "/Users/yevhen/Documents/GitHub/RLD".
ParserError: Source "contracts/lib/openzeppelin-v5/fv/patched/interfaces/IERC721Receiver.sol" not found: File not found. Searched the following locations: "/Users/yevhen/Documents/GitHub/RLD".
 --> contracts/lib/openzeppelin-v5/fv/harnesses/ERC721ReceiverHarness.sol:5:1:
  |
5 | import "../patched/interfaces/IERC721Receiver.sol";
  | ^^^^^^^^^^^^^^^^^^^^^^^^^^^^^^^^^^^^^^^^^^^^^^^^^^^

Error (6275): Source "contracts/lib/openzeppelin-v5/fv/patched/utils/structs/EnumerableMap.sol" not found: File not found. Searched the following locations: "/Users/yevhen/Documents/GitHub/RLD".
ParserError: Source "contracts/lib/openzeppelin-v5/fv/patched/utils/structs/EnumerableMap.sol" not found: File not found. Searched the following locations: "/Users/yevhen/Documents/GitHub/RLD".
 --> contracts/lib/openzeppelin-v5/fv/harnesses/EnumerableMapHarness.sol:5:1:
  |
5 | import {EnumerableMap} from "../patched/utils/structs/EnumerableMap.sol";
  | ^^^^^^^^^^^^^^^^^^^^^^^^^^^^^^^^^^^^^^^^^^^^^^^^^^^^^^^^^^^^^^^^^^^^^^^^^

Error (6275): Source "contracts/lib/openzeppelin-v5/fv/patched/utils/structs/EnumerableSet.sol" not found: File not found. Searched the following locations: "/Users/yevhen/Documents/GitHub/RLD".
ParserError: Source "contracts/lib/openzeppelin-v5/fv/patched/utils/structs/EnumerableSet.sol" not found: File not found. Searched the following locations: "/Users/yevhen/Documents/GitHub/RLD".
 --> contracts/lib/openzeppelin-v5/fv/harnesses/EnumerableSetHarness.sol:5:1:
  |
5 | import {EnumerableSet} from "../patched/utils/structs/EnumerableSet.sol";
  | ^^^^^^^^^^^^^^^^^^^^^^^^^^^^^^^^^^^^^^^^^^^^^^^^^^^^^^^^^^^^^^^^^^^^^^^^^

Error (6275): Source "contracts/lib/openzeppelin-v5/fv/patched/proxy/utils/Initializable.sol" not found: File not found. Searched the following locations: "/Users/yevhen/Documents/GitHub/RLD".
ParserError: Source "contracts/lib/openzeppelin-v5/fv/patched/proxy/utils/Initializable.sol" not found: File not found. Searched the following locations: "/Users/yevhen/Documents/GitHub/RLD".
 --> contracts/lib/openzeppelin-v5/fv/harnesses/InitializableHarness.sol:4:1:
  |
4 | import {Initializable} from "../patched/proxy/utils/Initializable.sol";
  | ^^^^^^^^^^^^^^^^^^^^^^^^^^^^^^^^^^^^^^^^^^^^^^^^^^^^^^^^^^^^^^^^^^^^^^^

Error (6275): Source "contracts/lib/openzeppelin-v5/fv/patched/utils/Nonces.sol" not found: File not found. Searched the following locations: "/Users/yevhen/Documents/GitHub/RLD".
ParserError: Source "contracts/lib/openzeppelin-v5/fv/patched/utils/Nonces.sol" not found: File not found. Searched the following locations: "/Users/yevhen/Documents/GitHub/RLD".
 --> contracts/lib/openzeppelin-v5/fv/harnesses/NoncesHarness.sol:4:1:
  |
4 | import {Nonces} from "../patched/utils/Nonces.sol";
  | ^^^^^^^^^^^^^^^^^^^^^^^^^^^^^^^^^^^^^^^^^^^^^^^^^^^

Error (6275): Source "contracts/lib/openzeppelin-v5/fv/patched/access/Ownable2Step.sol" not found: File not found. Searched the following locations: "/Users/yevhen/Documents/GitHub/RLD".
ParserError: Source "contracts/lib/openzeppelin-v5/fv/patched/access/Ownable2Step.sol" not found: File not found. Searched the following locations: "/Users/yevhen/Documents/GitHub/RLD".
 --> contracts/lib/openzeppelin-v5/fv/harnesses/Ownable2StepHarness.sol:4:1:
  |
4 | import {Ownable2Step, Ownable} from "../patched/access/Ownable2Step.sol";
  | ^^^^^^^^^^^^^^^^^^^^^^^^^^^^^^^^^^^^^^^^^^^^^^^^^^^^^^^^^^^^^^^^^^^^^^^^^

Error (6275): Source "contracts/lib/openzeppelin-v5/fv/patched/access/Ownable.sol" not found: File not found. Searched the following locations: "/Users/yevhen/Documents/GitHub/RLD".
ParserError: Source "contracts/lib/openzeppelin-v5/fv/patched/access/Ownable.sol" not found: File not found. Searched the following locations: "/Users/yevhen/Documents/GitHub/RLD".
 --> contracts/lib/openzeppelin-v5/fv/harnesses/OwnableHarness.sol:4:1:
  |
4 | import {Ownable} from "../patched/access/Ownable.sol";
  | ^^^^^^^^^^^^^^^^^^^^^^^^^^^^^^^^^^^^^^^^^^^^^^^^^^^^^^

Error (6275): Source "contracts/lib/openzeppelin-v5/fv/patched/utils/Pausable.sol" not found: File not found. Searched the following locations: "/Users/yevhen/Documents/GitHub/RLD".
ParserError: Source "contracts/lib/openzeppelin-v5/fv/patched/utils/Pausable.sol" not found: File not found. Searched the following locations: "/Users/yevhen/Documents/GitHub/RLD".
 --> contracts/lib/openzeppelin-v5/fv/harnesses/PausableHarness.sol:4:1:
  |
4 | import {Pausable} from "../patched/utils/Pausable.sol";
  | ^^^^^^^^^^^^^^^^^^^^^^^^^^^^^^^^^^^^^^^^^^^^^^^^^^^^^^^

Error (6275): Source "contracts/lib/openzeppelin-v5/fv/patched/governance/TimelockController.sol" not found: File not found. Searched the following locations: "/Users/yevhen/Documents/GitHub/RLD".
ParserError: Source "contracts/lib/openzeppelin-v5/fv/patched/governance/TimelockController.sol" not found: File not found. Searched the following locations: "/Users/yevhen/Documents/GitHub/RLD".
 --> contracts/lib/openzeppelin-v5/fv/harnesses/TimelockControllerHarness.sol:4:1:
  |
4 | import {TimelockController} from "../patched/governance/TimelockController.sol";
  | ^^^^^^^^^^^^^^^^^^^^^^^^^^^^^^^^^^^^^^^^^^^^^^^^^^^^^^^^^^^^^^^^^^^^^^^^^^^^^^^^

Error (6275): Source "@openzeppelin/contracts/proxy/utils/Initializable.sol" not found: File not found. Searched the following locations: "/Users/yevhen/Documents/GitHub/RLD".
ParserError: Source "@openzeppelin/contracts/proxy/utils/Initializable.sol" not found: File not found. Searched the following locations: "/Users/yevhen/Documents/GitHub/RLD".
 --> contracts/lib/openzeppelin-v5/scripts/upgradeable/alias/Initializable.sol:5:1:
  |
5 | import {Initializable} from "@openzeppelin/contracts/proxy/utils/Initializable.sol";
  | ^^^^^^^^^^^^^^^^^^^^^^^^^^^^^^^^^^^^^^^^^^^^^^^^^^^^^^^^^^^^^^^^^^^^^^^^^^^^^^^^^^^^

Error (6275): Source "@openzeppelin/contracts/proxy/utils/UUPSUpgradeable.sol" not found: File not found. Searched the following locations: "/Users/yevhen/Documents/GitHub/RLD".
ParserError: Source "@openzeppelin/contracts/proxy/utils/UUPSUpgradeable.sol" not found: File not found. Searched the following locations: "/Users/yevhen/Documents/GitHub/RLD".
 --> contracts/lib/openzeppelin-v5/scripts/upgradeable/alias/UUPSUpgradeable.sol:5:1:
  |
5 | import {UUPSUpgradeable} from "@openzeppelin/contracts/proxy/utils/UUPSUpgradeable.sol";
  | ^^^^^^^^^^^^^^^^^^^^^^^^^^^^^^^^^^^^^^^^^^^^^^^^^^^^^^^^^^^^^^^^^^^^^^^^^^^^^^^^^^^^^^^^

Error (6275): Source "forge-std/Test.sol" not found: File not found. Searched the following locations: "/Users/yevhen/Documents/GitHub/RLD".
ParserError: Source "forge-std/Test.sol" not found: File not found. Searched the following locations: "/Users/yevhen/Documents/GitHub/RLD".
 --> contracts/lib/openzeppelin-v5/test/account/AccountEIP7702.t.sol:4:1:
  |
4 | import {Test} from "forge-std/Test.sol";
  | ^^^^^^^^^^^^^^^^^^^^^^^^^^^^^^^^^^^^^^^^

Error (6275): Source "@openzeppelin/contracts/mocks/account/AccountMock.sol" not found: File not found. Searched the following locations: "/Users/yevhen/Documents/GitHub/RLD".
ParserError: Source "@openzeppelin/contracts/mocks/account/AccountMock.sol" not found: File not found. Searched the following locations: "/Users/yevhen/Documents/GitHub/RLD".
 --> contracts/lib/openzeppelin-v5/test/account/AccountEIP7702.t.sol:5:1:
  |
5 | import {AccountEIP7702Mock} from "@openzeppelin/contracts/mocks/account/AccountMock.sol";
  | ^^^^^^^^^^^^^^^^^^^^^^^^^^^^^^^^^^^^^^^^^^^^^^^^^^^^^^^^^^^^^^^^^^^^^^^^^^^^^^^^^^^^^^^^^

Error (6275): Source "@openzeppelin/contracts/mocks/CallReceiverMock.sol" not found: File not found. Searched the following locations: "/Users/yevhen/Documents/GitHub/RLD".
ParserError: Source "@openzeppelin/contracts/mocks/CallReceiverMock.sol" not found: File not found. Searched the following locations: "/Users/yevhen/Documents/GitHub/RLD".
 --> contracts/lib/openzeppelin-v5/test/account/AccountEIP7702.t.sol:6:1:
  |
6 | import {CallReceiverMock} from "@openzeppelin/contracts/mocks/CallReceiverMock.sol";
  | ^^^^^^^^^^^^^^^^^^^^^^^^^^^^^^^^^^^^^^^^^^^^^^^^^^^^^^^^^^^^^^^^^^^^^^^^^^^^^^^^^^^^

Error (6275): Source "@openzeppelin/contracts/utils/cryptography/EIP712.sol" not found: File not found. Searched the following locations: "/Users/yevhen/Documents/GitHub/RLD".
ParserError: Source "@openzeppelin/contracts/utils/cryptography/EIP712.sol" not found: File not found. Searched the following locations: "/Users/yevhen/Documents/GitHub/RLD".
 --> contracts/lib/openzeppelin-v5/test/account/AccountEIP7702.t.sol:7:1:
  |
7 | import {EIP712} from "@openzeppelin/contracts/utils/cryptography/EIP712.sol";
  | ^^^^^^^^^^^^^^^^^^^^^^^^^^^^^^^^^^^^^^^^^^^^^^^^^^^^^^^^^^^^^^^^^^^^^^^^^^^^^

Error (6275): Source "@openzeppelin/contracts/account/utils/draft-ERC7579Utils.sol" not found: File not found. Searched the following locations: "/Users/yevhen/Documents/GitHub/RLD".
ParserError: Source "@openzeppelin/contracts/account/utils/draft-ERC7579Utils.sol" not found: File not found. Searched the following locations: "/Users/yevhen/Documents/GitHub/RLD".
 --> contracts/lib/openzeppelin-v5/test/account/AccountEIP7702.t.sol:8:1:
  |
8 | import {
  | ^ (Relevant source part starts here and spans across multiple lines).

Error (6275): Source "@openzeppelin/contracts/account/utils/draft-ERC4337Utils.sol" not found: File not found. Searched the following locations: "/Users/yevhen/Documents/GitHub/RLD".
ParserError: Source "@openzeppelin/contracts/account/utils/draft-ERC4337Utils.sol" not found: File not found. Searched the following locations: "/Users/yevhen/Documents/GitHub/RLD".
  --> contracts/lib/openzeppelin-v5/test/account/AccountEIP7702.t.sol:15:1:
   |
15 | import {ERC4337Utils, IEntryPointExtra} from "@openzeppelin/contracts/account/utils/draft-ERC4337Utils.sol";
   | ^^^^^^^^^^^^^^^^^^^^^^^^^^^^^^^^^^^^^^^^^^^^^^^^^^^^^^^^^^^^^^^^^^^^^^^^^^^^^^^^^^^^^^^^^^^^^^^^^^^^^^^^^^^^

Error (6275): Source "@openzeppelin/contracts/utils/Strings.sol" not found: File not found. Searched the following locations: "/Users/yevhen/Documents/GitHub/RLD".
ParserError: Source "@openzeppelin/contracts/utils/Strings.sol" not found: File not found. Searched the following locations: "/Users/yevhen/Documents/GitHub/RLD".
  --> contracts/lib/openzeppelin-v5/test/account/AccountEIP7702.t.sol:16:1:
   |
16 | import {Strings} from "@openzeppelin/contracts/utils/Strings.sol";
   | ^^^^^^^^^^^^^^^^^^^^^^^^^^^^^^^^^^^^^^^^^^^^^^^^^^^^^^^^^^^^^^^^^^

Error (6275): Source "@openzeppelin/contracts/interfaces/draft-IERC4337.sol" not found: File not found. Searched the following locations: "/Users/yevhen/Documents/GitHub/RLD".
ParserError: Source "@openzeppelin/contracts/interfaces/draft-IERC4337.sol" not found: File not found. Searched the following locations: "/Users/yevhen/Documents/GitHub/RLD".
  --> contracts/lib/openzeppelin-v5/test/account/AccountEIP7702.t.sol:17:1:
   |
17 | import {PackedUserOperation} from "@openzeppelin/contracts/interfaces/draft-IERC4337.sol";
   | ^^^^^^^^^^^^^^^^^^^^^^^^^^^^^^^^^^^^^^^^^^^^^^^^^^^^^^^^^^^^^^^^^^^^^^^^^^^^^^^^^^^^^^^^^^

Error (6275): Source "@openzeppelin/contracts/account/extensions/draft-ERC7821.sol" not found: File not found. Searched the following locations: "/Users/yevhen/Documents/GitHub/RLD".
ParserError: Source "@openzeppelin/contracts/account/extensions/draft-ERC7821.sol" not found: File not found. Searched the following locations: "/Users/yevhen/Documents/GitHub/RLD".
  --> contracts/lib/openzeppelin-v5/test/account/AccountEIP7702.t.sol:18:1:
   |
18 | import {ERC7821} from "@openzeppelin/contracts/account/extensions/draft-ERC7821.sol";
   | ^^^^^^^^^^^^^^^^^^^^^^^^^^^^^^^^^^^^^^^^^^^^^^^^^^^^^^^^^^^^^^^^^^^^^^^^^^^^^^^^^^^^^

Error (6275): Source "@openzeppelin/contracts/access/Ownable.sol" not found: File not found. Searched the following locations: "/Users/yevhen/Documents/GitHub/RLD".
ParserError: Source "@openzeppelin/contracts/access/Ownable.sol" not found: File not found. Searched the following locations: "/Users/yevhen/Documents/GitHub/RLD".
 --> contracts/lib/openzeppelin-v5/test/account/utils/draft-ERC7579Utils.t.sol:9:1:
  |
9 | import {Ownable} from "@openzeppelin/contracts/access/Ownable.sol";
  | ^^^^^^^^^^^^^^^^^^^^^^^^^^^^^^^^^^^^^^^^^^^^^^^^^^^^^^^^^^^^^^^^^^^

Error (6275): Source "@openzeppelin/contracts/utils/cryptography/ECDSA.sol" not found: File not found. Searched the following locations: "/Users/yevhen/Documents/GitHub/RLD".
ParserError: Source "@openzeppelin/contracts/utils/cryptography/ECDSA.sol" not found: File not found. Searched the following locations: "/Users/yevhen/Documents/GitHub/RLD".
  --> contracts/lib/openzeppelin-v5/test/account/utils/draft-ERC7579Utils.t.sol:10:1:
   |
10 | import {ECDSA} from "@openzeppelin/contracts/utils/cryptography/ECDSA.sol";
   | ^^^^^^^^^^^^^^^^^^^^^^^^^^^^^^^^^^^^^^^^^^^^^^^^^^^^^^^^^^^^^^^^^^^^^^^^^^^

Error (6275): Source "@openzeppelin/contracts/utils/cryptography/MessageHashUtils.sol" not found: File not found. Searched the following locations: "/Users/yevhen/Documents/GitHub/RLD".
ParserError: Source "@openzeppelin/contracts/utils/cryptography/MessageHashUtils.sol" not found: File not found. Searched the following locations: "/Users/yevhen/Documents/GitHub/RLD".
  --> contracts/lib/openzeppelin-v5/test/account/utils/draft-ERC7579Utils.t.sol:11:1:
   |
11 | import {MessageHashUtils} from "@openzeppelin/contracts/utils/cryptography/MessageHashUtils.sol";
   | ^^^^^^^^^^^^^^^^^^^^^^^^^^^^^^^^^^^^^^^^^^^^^^^^^^^^^^^^^^^^^^^^^^^^^^^^^^^^^^^^^^^^^^^^^^^^^^^^^

Error (6275): Source "@openzeppelin/contracts/interfaces/draft-IERC4337.sol" not found: File not found. Searched the following locations: "/Users/yevhen/Documents/GitHub/RLD".
ParserError: Source "@openzeppelin/contracts/interfaces/draft-IERC4337.sol" not found: File not found. Searched the following locations: "/Users/yevhen/Documents/GitHub/RLD".
  --> contracts/lib/openzeppelin-v5/test/account/utils/draft-ERC7579Utils.t.sol:12:1:
   |
12 | import {PackedUserOperation, IAccount, IEntryPoint} from "@openzeppelin/contracts/interfaces/draft-IERC4337.sol";
   | ^^^^^^^^^^^^^^^^^^^^^^^^^^^^^^^^^^^^^^^^^^^^^^^^^^^^^^^^^^^^^^^^^^^^^^^^^^^^^^^^^^^^^^^^^^^^^^^^^^^^^^^^^^^^^^^^^

Error (6275): Source "@openzeppelin/contracts/account/utils/draft-ERC4337Utils.sol" not found: File not found. Searched the following locations: "/Users/yevhen/Documents/GitHub/RLD".
ParserError: Source "@openzeppelin/contracts/account/utils/draft-ERC4337Utils.sol" not found: File not found. Searched the following locations: "/Users/yevhen/Documents/GitHub/RLD".
  --> contracts/lib/openzeppelin-v5/test/account/utils/draft-ERC7579Utils.t.sol:13:1:
   |
13 | import {ERC4337Utils} from "@openzeppelin/contracts/account/utils/draft-ERC4337Utils.sol";
   | ^^^^^^^^^^^^^^^^^^^^^^^^^^^^^^^^^^^^^^^^^^^^^^^^^^^^^^^^^^^^^^^^^^^^^^^^^^^^^^^^^^^^^^^^^^

Error (6275): Source "@openzeppelin/contracts/account/utils/draft-ERC7579Utils.sol" not found: File not found. Searched the following locations: "/Users/yevhen/Documents/GitHub/RLD".
ParserError: Source "@openzeppelin/contracts/account/utils/draft-ERC7579Utils.sol" not found: File not found. Searched the following locations: "/Users/yevhen/Documents/GitHub/RLD".
  --> contracts/lib/openzeppelin-v5/test/account/utils/draft-ERC7579Utils.t.sol:14:1:
   |
14 | import {
   | ^ (Relevant source part starts here and spans across multiple lines).

Error (6275): Source "forge-std/Test.sol" not found: File not found. Searched the following locations: "/Users/yevhen/Documents/GitHub/RLD".
ParserError: Source "forge-std/Test.sol" not found: File not found. Searched the following locations: "/Users/yevhen/Documents/GitHub/RLD".
  --> contracts/lib/openzeppelin-v5/test/account/utils/draft-ERC7579Utils.t.sol:23:1:
   |
23 | import {Test, Vm, console} from "forge-std/Test.sol";
   | ^^^^^^^^^^^^^^^^^^^^^^^^^^^^^^^^^^^^^^^^^^^^^^^^^^^^^

Error (6275): Source "forge-std/Test.sol" not found: File not found. Searched the following locations: "/Users/yevhen/Documents/GitHub/RLD".
ParserError: Source "forge-std/Test.sol" not found: File not found. Searched the following locations: "/Users/yevhen/Documents/GitHub/RLD".
 --> contracts/lib/openzeppelin-v5/test/governance/Governor.t.sol:5:1:
  |
5 | import {Test} from "forge-std/Test.sol";
  | ^^^^^^^^^^^^^^^^^^^^^^^^^^^^^^^^^^^^^^^^

Error (6275): Source "@openzeppelin/contracts/utils/Strings.sol" not found: File not found. Searched the following locations: "/Users/yevhen/Documents/GitHub/RLD".
ParserError: Source "@openzeppelin/contracts/utils/Strings.sol" not found: File not found. Searched the following locations: "/Users/yevhen/Documents/GitHub/RLD".
 --> contracts/lib/openzeppelin-v5/test/governance/Governor.t.sol:6:1:
  |
6 | import {Strings} from "@openzeppelin/contracts/utils/Strings.sol";
  | ^^^^^^^^^^^^^^^^^^^^^^^^^^^^^^^^^^^^^^^^^^^^^^^^^^^^^^^^^^^^^^^^^^

Error (6275): Source "@openzeppelin/contracts/governance/Governor.sol" not found: File not found. Searched the following locations: "/Users/yevhen/Documents/GitHub/RLD".
ParserError: Source "@openzeppelin/contracts/governance/Governor.sol" not found: File not found. Searched the following locations: "/Users/yevhen/Documents/GitHub/RLD".
 --> contracts/lib/openzeppelin-v5/test/governance/Governor.t.sol:7:1:
  |
7 | import {Governor} from "@openzeppelin/contracts/governance/Governor.sol";
  | ^^^^^^^^^^^^^^^^^^^^^^^^^^^^^^^^^^^^^^^^^^^^^^^^^^^^^^^^^^^^^^^^^^^^^^^^^

Error (6275): Source "forge-std/Test.sol" not found: File not found. Searched the following locations: "/Users/yevhen/Documents/GitHub/RLD".
ParserError: Source "forge-std/Test.sol" not found: File not found. Searched the following locations: "/Users/yevhen/Documents/GitHub/RLD".
 --> contracts/lib/openzeppelin-v5/test/governance/extensions/GovernorSuperQuorumGreaterThanQuorum.t.sol:5:1:
  |
5 | import {Test} from "forge-std/Test.sol";
  | ^^^^^^^^^^^^^^^^^^^^^^^^^^^^^^^^^^^^^^^^

Error (6275): Source "forge-std/Test.sol" not found: File not found. Searched the following locations: "/Users/yevhen/Documents/GitHub/RLD".
ParserError: Source "forge-std/Test.sol" not found: File not found. Searched the following locations: "/Users/yevhen/Documents/GitHub/RLD".
 --> contracts/lib/openzeppelin-v5/test/metatx/ERC2771Forwarder.t.sol:5:1:
  |
5 | import {Test} from "forge-std/Test.sol";
  | ^^^^^^^^^^^^^^^^^^^^^^^^^^^^^^^^^^^^^^^^

Error (6275): Source "@openzeppelin/contracts/metatx/ERC2771Forwarder.sol" not found: File not found. Searched the following locations: "/Users/yevhen/Documents/GitHub/RLD".
ParserError: Source "@openzeppelin/contracts/metatx/ERC2771Forwarder.sol" not found: File not found. Searched the following locations: "/Users/yevhen/Documents/GitHub/RLD".
 --> contracts/lib/openzeppelin-v5/test/metatx/ERC2771Forwarder.t.sol:6:1:
  |
6 | import {ERC2771Forwarder} from "@openzeppelin/contracts/metatx/ERC2771Forwarder.sol";
  | ^^^^^^^^^^^^^^^^^^^^^^^^^^^^^^^^^^^^^^^^^^^^^^^^^^^^^^^^^^^^^^^^^^^^^^^^^^^^^^^^^^^^^

Error (6275): Source "@openzeppelin/contracts/mocks/CallReceiverMock.sol" not found: File not found. Searched the following locations: "/Users/yevhen/Documents/GitHub/RLD".
ParserError: Source "@openzeppelin/contracts/mocks/CallReceiverMock.sol" not found: File not found. Searched the following locations: "/Users/yevhen/Documents/GitHub/RLD".
 --> contracts/lib/openzeppelin-v5/test/metatx/ERC2771Forwarder.t.sol:7:1:
  |
7 | import {CallReceiverMockTrustingForwarder, CallReceiverMock} from "@openzeppelin/contracts/mocks/CallReceiverMock.sol";
  | ^^^^^^^^^^^^^^^^^^^^^^^^^^^^^^^^^^^^^^^^^^^^^^^^^^^^^^^^^^^^^^^^^^^^^^^^^^^^^^^^^^^^^^^^^^^^^^^^^^^^^^^^^^^^^^^^^^^^^^^

Error (6275): Source "@openzeppelin/contracts/utils/cryptography/ECDSA.sol" not found: File not found. Searched the following locations: "/Users/yevhen/Documents/GitHub/RLD".
ParserError: Source "@openzeppelin/contracts/utils/cryptography/ECDSA.sol" not found: File not found. Searched the following locations: "/Users/yevhen/Documents/GitHub/RLD".
 --> contracts/lib/openzeppelin-v5/test/metatx/ERC2771Forwarder.t.sol:8:1:
  |
8 | import {ECDSA} from "@openzeppelin/contracts/utils/cryptography/ECDSA.sol";
  | ^^^^^^^^^^^^^^^^^^^^^^^^^^^^^^^^^^^^^^^^^^^^^^^^^^^^^^^^^^^^^^^^^^^^^^^^^^^

Error (6275): Source "@openzeppelin/contracts/utils/math/SafeCast.sol" not found: File not found. Searched the following locations: "/Users/yevhen/Documents/GitHub/RLD".
ParserError: Source "@openzeppelin/contracts/utils/math/SafeCast.sol" not found: File not found. Searched the following locations: "/Users/yevhen/Documents/GitHub/RLD".
 --> contracts/lib/openzeppelin-v5/test/metatx/ERC2771Forwarder.t.sol:9:1:
  |
9 | import {SafeCast} from "@openzeppelin/contracts/utils/math/SafeCast.sol";
  | ^^^^^^^^^^^^^^^^^^^^^^^^^^^^^^^^^^^^^^^^^^^^^^^^^^^^^^^^^^^^^^^^^^^^^^^^^

Error (6275): Source "forge-std/Test.sol" not found: File not found. Searched the following locations: "/Users/yevhen/Documents/GitHub/RLD".
ParserError: Source "forge-std/Test.sol" not found: File not found. Searched the following locations: "/Users/yevhen/Documents/GitHub/RLD".
 --> contracts/lib/openzeppelin-v5/test/proxy/Clones.t.sol:5:1:
  |
5 | import {Test} from "forge-std/Test.sol";
  | ^^^^^^^^^^^^^^^^^^^^^^^^^^^^^^^^^^^^^^^^

Error (6275): Source "@openzeppelin/contracts/proxy/Clones.sol" not found: File not found. Searched the following locations: "/Users/yevhen/Documents/GitHub/RLD".
ParserError: Source "@openzeppelin/contracts/proxy/Clones.sol" not found: File not found. Searched the following locations: "/Users/yevhen/Documents/GitHub/RLD".
 --> contracts/lib/openzeppelin-v5/test/proxy/Clones.t.sol:6:1:
  |
6 | import {Clones} from "@openzeppelin/contracts/proxy/Clones.sol";
  | ^^^^^^^^^^^^^^^^^^^^^^^^^^^^^^^^^^^^^^^^^^^^^^^^^^^^^^^^^^^^^^^^

Error (6275): Source "erc4626-tests/ERC4626.test.sol" not found: File not found. Searched the following locations: "/Users/yevhen/Documents/GitHub/RLD".
ParserError: Source "erc4626-tests/ERC4626.test.sol" not found: File not found. Searched the following locations: "/Users/yevhen/Documents/GitHub/RLD".
 --> contracts/lib/openzeppelin-v5/test/token/ERC20/extensions/ERC4626.t.sol:4:1:
  |
4 | import {ERC4626Test} from "erc4626-tests/ERC4626.test.sol";
  | ^^^^^^^^^^^^^^^^^^^^^^^^^^^^^^^^^^^^^^^^^^^^^^^^^^^^^^^^^^^

Error (6275): Source "@openzeppelin/contracts/token/ERC20/ERC20.sol" not found: File not found. Searched the following locations: "/Users/yevhen/Documents/GitHub/RLD".
ParserError: Source "@openzeppelin/contracts/token/ERC20/ERC20.sol" not found: File not found. Searched the following locations: "/Users/yevhen/Documents/GitHub/RLD".
 --> contracts/lib/openzeppelin-v5/test/token/ERC20/extensions/ERC4626.t.sol:6:1:
  |
6 | import {ERC20} from "@openzeppelin/contracts/token/ERC20/ERC20.sol";
  | ^^^^^^^^^^^^^^^^^^^^^^^^^^^^^^^^^^^^^^^^^^^^^^^^^^^^^^^^^^^^^^^^^^^^

Error (6275): Source "@openzeppelin/contracts/token/ERC20/extensions/ERC4626.sol" not found: File not found. Searched the following locations: "/Users/yevhen/Documents/GitHub/RLD".
ParserError: Source "@openzeppelin/contracts/token/ERC20/extensions/ERC4626.sol" not found: File not found. Searched the following locations: "/Users/yevhen/Documents/GitHub/RLD".
 --> contracts/lib/openzeppelin-v5/test/token/ERC20/extensions/ERC4626.t.sol:7:1:
  |
7 | import {ERC4626} from "@openzeppelin/contracts/token/ERC20/extensions/ERC4626.sol";
  | ^^^^^^^^^^^^^^^^^^^^^^^^^^^^^^^^^^^^^^^^^^^^^^^^^^^^^^^^^^^^^^^^^^^^^^^^^^^^^^^^^^^

Error (6275): Source "@openzeppelin/contracts/mocks/token/ERC20Mock.sol" not found: File not found. Searched the following locations: "/Users/yevhen/Documents/GitHub/RLD".
ParserError: Source "@openzeppelin/contracts/mocks/token/ERC20Mock.sol" not found: File not found. Searched the following locations: "/Users/yevhen/Documents/GitHub/RLD".
 --> contracts/lib/openzeppelin-v5/test/token/ERC20/extensions/ERC4626.t.sol:9:1:
  |
9 | import {ERC20Mock} from "@openzeppelin/contracts/mocks/token/ERC20Mock.sol";
  | ^^^^^^^^^^^^^^^^^^^^^^^^^^^^^^^^^^^^^^^^^^^^^^^^^^^^^^^^^^^^^^^^^^^^^^^^^^^^

Error (6275): Source "@openzeppelin/contracts/mocks/token/ERC4626Mock.sol" not found: File not found. Searched the following locations: "/Users/yevhen/Documents/GitHub/RLD".
ParserError: Source "@openzeppelin/contracts/mocks/token/ERC4626Mock.sol" not found: File not found. Searched the following locations: "/Users/yevhen/Documents/GitHub/RLD".
  --> contracts/lib/openzeppelin-v5/test/token/ERC20/extensions/ERC4626.t.sol:10:1:
   |
10 | import {ERC4626Mock} from "@openzeppelin/contracts/mocks/token/ERC4626Mock.sol";
   | ^^^^^^^^^^^^^^^^^^^^^^^^^^^^^^^^^^^^^^^^^^^^^^^^^^^^^^^^^^^^^^^^^^^^^^^^^^^^^^^^

Error (6275): Source "@openzeppelin/contracts/mocks/token/ERC4626OffsetMock.sol" not found: File not found. Searched the following locations: "/Users/yevhen/Documents/GitHub/RLD".
ParserError: Source "@openzeppelin/contracts/mocks/token/ERC4626OffsetMock.sol" not found: File not found. Searched the following locations: "/Users/yevhen/Documents/GitHub/RLD".
  --> contracts/lib/openzeppelin-v5/test/token/ERC20/extensions/ERC4626.t.sol:11:1:
   |
11 | import {ERC4626OffsetMock} from "@openzeppelin/contracts/mocks/token/ERC4626OffsetMock.sol";
   | ^^^^^^^^^^^^^^^^^^^^^^^^^^^^^^^^^^^^^^^^^^^^^^^^^^^^^^^^^^^^^^^^^^^^^^^^^^^^^^^^^^^^^^^^^^^^

Error (6275): Source "@openzeppelin/contracts/token/ERC721/ERC721.sol" not found: File not found. Searched the following locations: "/Users/yevhen/Documents/GitHub/RLD".
ParserError: Source "@openzeppelin/contracts/token/ERC721/ERC721.sol" not found: File not found. Searched the following locations: "/Users/yevhen/Documents/GitHub/RLD".
 --> contracts/lib/openzeppelin-v5/test/token/ERC721/extensions/ERC721Consecutive.t.sol:7:1:
  |
7 | import {ERC721} from "@openzeppelin/contracts/token/ERC721/ERC721.sol";
  | ^^^^^^^^^^^^^^^^^^^^^^^^^^^^^^^^^^^^^^^^^^^^^^^^^^^^^^^^^^^^^^^^^^^^^^^

Error (6275): Source "@openzeppelin/contracts/token/ERC721/extensions/ERC721Consecutive.sol" not found: File not found. Searched the following locations: "/Users/yevhen/Documents/GitHub/RLD".
ParserError: Source "@openzeppelin/contracts/token/ERC721/extensions/ERC721Consecutive.sol" not found: File not found. Searched the following locations: "/Users/yevhen/Documents/GitHub/RLD".
 --> contracts/lib/openzeppelin-v5/test/token/ERC721/extensions/ERC721Consecutive.t.sol:8:1:
  |
8 | import {ERC721Consecutive} from "@openzeppelin/contracts/token/ERC721/extensions/ERC721Consecutive.sol";
  | ^^^^^^^^^^^^^^^^^^^^^^^^^^^^^^^^^^^^^^^^^^^^^^^^^^^^^^^^^^^^^^^^^^^^^^^^^^^^^^^^^^^^^^^^^^^^^^^^^^^^^^^^

Error (6275): Source "forge-std/Test.sol" not found: File not found. Searched the following locations: "/Users/yevhen/Documents/GitHub/RLD".
ParserError: Source "forge-std/Test.sol" not found: File not found. Searched the following locations: "/Users/yevhen/Documents/GitHub/RLD".
 --> contracts/lib/openzeppelin-v5/test/token/ERC721/extensions/ERC721Consecutive.t.sol:9:1:
  |
9 | import {Test, StdUtils} from "forge-std/Test.sol";
  | ^^^^^^^^^^^^^^^^^^^^^^^^^^^^^^^^^^^^^^^^^^^^^^^^^^

Error (6275): Source "forge-std/Test.sol" not found: File not found. Searched the following locations: "/Users/yevhen/Documents/GitHub/RLD".
ParserError: Source "forge-std/Test.sol" not found: File not found. Searched the following locations: "/Users/yevhen/Documents/GitHub/RLD".
 --> contracts/lib/openzeppelin-v5/test/utils/Arrays.t.sol:5:1:
  |
5 | import {Test} from "forge-std/Test.sol";
  | ^^^^^^^^^^^^^^^^^^^^^^^^^^^^^^^^^^^^^^^^

Error (6275): Source "halmos-cheatcodes/SymTest.sol" not found: File not found. Searched the following locations: "/Users/yevhen/Documents/GitHub/RLD".
ParserError: Source "halmos-cheatcodes/SymTest.sol" not found: File not found. Searched the following locations: "/Users/yevhen/Documents/GitHub/RLD".
 --> contracts/lib/openzeppelin-v5/test/utils/Arrays.t.sol:6:1:
  |
6 | import {SymTest} from "halmos-cheatcodes/SymTest.sol";
  | ^^^^^^^^^^^^^^^^^^^^^^^^^^^^^^^^^^^^^^^^^^^^^^^^^^^^^^

Error (6275): Source "@openzeppelin/contracts/utils/Arrays.sol" not found: File not found. Searched the following locations: "/Users/yevhen/Documents/GitHub/RLD".
ParserError: Source "@openzeppelin/contracts/utils/Arrays.sol" not found: File not found. Searched the following locations: "/Users/yevhen/Documents/GitHub/RLD".
 --> contracts/lib/openzeppelin-v5/test/utils/Arrays.t.sol:7:1:
  |
7 | import {Arrays} from "@openzeppelin/contracts/utils/Arrays.sol";
  | ^^^^^^^^^^^^^^^^^^^^^^^^^^^^^^^^^^^^^^^^^^^^^^^^^^^^^^^^^^^^^^^^

Error (6275): Source "@openzeppelin/contracts/utils/math/Math.sol" not found: File not found. Searched the following locations: "/Users/yevhen/Documents/GitHub/RLD".
ParserError: Source "@openzeppelin/contracts/utils/math/Math.sol" not found: File not found. Searched the following locations: "/Users/yevhen/Documents/GitHub/RLD".
 --> contracts/lib/openzeppelin-v5/test/utils/Arrays.t.sol:8:1:
  |
8 | import {Math} from "@openzeppelin/contracts/utils/math/Math.sol";
  | ^^^^^^^^^^^^^^^^^^^^^^^^^^^^^^^^^^^^^^^^^^^^^^^^^^^^^^^^^^^^^^^^^

Error (6275): Source "forge-std/Test.sol" not found: File not found. Searched the following locations: "/Users/yevhen/Documents/GitHub/RLD".
ParserError: Source "forge-std/Test.sol" not found: File not found. Searched the following locations: "/Users/yevhen/Documents/GitHub/RLD".
 --> contracts/lib/openzeppelin-v5/test/utils/Base58.t.sol:5:1:
  |
5 | import {Test} from "forge-std/Test.sol";
  | ^^^^^^^^^^^^^^^^^^^^^^^^^^^^^^^^^^^^^^^^

Error (6275): Source "@openzeppelin/contracts/utils/Base58.sol" not found: File not found. Searched the following locations: "/Users/yevhen/Documents/GitHub/RLD".
ParserError: Source "@openzeppelin/contracts/utils/Base58.sol" not found: File not found. Searched the following locations: "/Users/yevhen/Documents/GitHub/RLD".
 --> contracts/lib/openzeppelin-v5/test/utils/Base58.t.sol:6:1:
  |
6 | import {Base58} from "@openzeppelin/contracts/utils/Base58.sol";
  | ^^^^^^^^^^^^^^^^^^^^^^^^^^^^^^^^^^^^^^^^^^^^^^^^^^^^^^^^^^^^^^^^

Error (6275): Source "forge-std/Test.sol" not found: File not found. Searched the following locations: "/Users/yevhen/Documents/GitHub/RLD".
ParserError: Source "forge-std/Test.sol" not found: File not found. Searched the following locations: "/Users/yevhen/Documents/GitHub/RLD".
 --> contracts/lib/openzeppelin-v5/test/utils/Base64.t.sol:5:1:
  |
5 | import {Test} from "forge-std/Test.sol";
  | ^^^^^^^^^^^^^^^^^^^^^^^^^^^^^^^^^^^^^^^^

Error (6275): Source "@openzeppelin/contracts/utils/Base64.sol" not found: File not found. Searched the following locations: "/Users/yevhen/Documents/GitHub/RLD".
ParserError: Source "@openzeppelin/contracts/utils/Base64.sol" not found: File not found. Searched the following locations: "/Users/yevhen/Documents/GitHub/RLD".
 --> contracts/lib/openzeppelin-v5/test/utils/Base64.t.sol:6:1:
  |
6 | import {Base64} from "@openzeppelin/contracts/utils/Base64.sol";
  | ^^^^^^^^^^^^^^^^^^^^^^^^^^^^^^^^^^^^^^^^^^^^^^^^^^^^^^^^^^^^^^^^

Error (6275): Source "forge-std/Test.sol" not found: File not found. Searched the following locations: "/Users/yevhen/Documents/GitHub/RLD".
ParserError: Source "forge-std/Test.sol" not found: File not found. Searched the following locations: "/Users/yevhen/Documents/GitHub/RLD".
 --> contracts/lib/openzeppelin-v5/test/utils/Blockhash.t.sol:4:1:
  |
4 | import {Test} from "forge-std/Test.sol";
  | ^^^^^^^^^^^^^^^^^^^^^^^^^^^^^^^^^^^^^^^^

Error (6275): Source "forge-std/Test.sol" not found: File not found. Searched the following locations: "/Users/yevhen/Documents/GitHub/RLD".
ParserError: Source "forge-std/Test.sol" not found: File not found. Searched the following locations: "/Users/yevhen/Documents/GitHub/RLD".
 --> contracts/lib/openzeppelin-v5/test/utils/Bytes.t.sol:5:1:
  |
5 | import {Test} from "forge-std/Test.sol";
  | ^^^^^^^^^^^^^^^^^^^^^^^^^^^^^^^^^^^^^^^^

Error (6275): Source "@openzeppelin/contracts/utils/math/Math.sol" not found: File not found. Searched the following locations: "/Users/yevhen/Documents/GitHub/RLD".
ParserError: Source "@openzeppelin/contracts/utils/math/Math.sol" not found: File not found. Searched the following locations: "/Users/yevhen/Documents/GitHub/RLD".
 --> contracts/lib/openzeppelin-v5/test/utils/Bytes.t.sol:6:1:
  |
6 | import {Math} from "@openzeppelin/contracts/utils/math/Math.sol";
  | ^^^^^^^^^^^^^^^^^^^^^^^^^^^^^^^^^^^^^^^^^^^^^^^^^^^^^^^^^^^^^^^^^

Error (6275): Source "@openzeppelin/contracts/utils/Bytes.sol" not found: File not found. Searched the following locations: "/Users/yevhen/Documents/GitHub/RLD".
ParserError: Source "@openzeppelin/contracts/utils/Bytes.sol" not found: File not found. Searched the following locations: "/Users/yevhen/Documents/GitHub/RLD".
 --> contracts/lib/openzeppelin-v5/test/utils/Bytes.t.sol:7:1:
  |
7 | import {Bytes} from "@openzeppelin/contracts/utils/Bytes.sol";
  | ^^^^^^^^^^^^^^^^^^^^^^^^^^^^^^^^^^^^^^^^^^^^^^^^^^^^^^^^^^^^^^

Error (6275): Source "forge-std/Test.sol" not found: File not found. Searched the following locations: "/Users/yevhen/Documents/GitHub/RLD".
ParserError: Source "forge-std/Test.sol" not found: File not found. Searched the following locations: "/Users/yevhen/Documents/GitHub/RLD".
 --> contracts/lib/openzeppelin-v5/test/utils/Create2.t.sol:5:1:
  |
5 | import {Test} from "forge-std/Test.sol";
  | ^^^^^^^^^^^^^^^^^^^^^^^^^^^^^^^^^^^^^^^^

Error (6275): Source "@openzeppelin/contracts/utils/Create2.sol" not found: File not found. Searched the following locations: "/Users/yevhen/Documents/GitHub/RLD".
ParserError: Source "@openzeppelin/contracts/utils/Create2.sol" not found: File not found. Searched the following locations: "/Users/yevhen/Documents/GitHub/RLD".
 --> contracts/lib/openzeppelin-v5/test/utils/Create2.t.sol:6:1:
  |
6 | import {Create2} from "@openzeppelin/contracts/utils/Create2.sol";
  | ^^^^^^^^^^^^^^^^^^^^^^^^^^^^^^^^^^^^^^^^^^^^^^^^^^^^^^^^^^^^^^^^^^

Error (6275): Source "forge-std/Test.sol" not found: File not found. Searched the following locations: "/Users/yevhen/Documents/GitHub/RLD".
ParserError: Source "forge-std/Test.sol" not found: File not found. Searched the following locations: "/Users/yevhen/Documents/GitHub/RLD".
 --> contracts/lib/openzeppelin-v5/test/utils/Memory.t.sol:5:1:
  |
5 | import {Test} from "forge-std/Test.sol";
  | ^^^^^^^^^^^^^^^^^^^^^^^^^^^^^^^^^^^^^^^^

Error (6275): Source "@openzeppelin/contracts/utils/Bytes.sol" not found: File not found. Searched the following locations: "/Users/yevhen/Documents/GitHub/RLD".
ParserError: Source "@openzeppelin/contracts/utils/Bytes.sol" not found: File not found. Searched the following locations: "/Users/yevhen/Documents/GitHub/RLD".
 --> contracts/lib/openzeppelin-v5/test/utils/Memory.t.sol:6:1:
  |
6 | import {Bytes} from "@openzeppelin/contracts/utils/Bytes.sol";
  | ^^^^^^^^^^^^^^^^^^^^^^^^^^^^^^^^^^^^^^^^^^^^^^^^^^^^^^^^^^^^^^

Error (6275): Source "@openzeppelin/contracts/utils/Memory.sol" not found: File not found. Searched the following locations: "/Users/yevhen/Documents/GitHub/RLD".
ParserError: Source "@openzeppelin/contracts/utils/Memory.sol" not found: File not found. Searched the following locations: "/Users/yevhen/Documents/GitHub/RLD".
 --> contracts/lib/openzeppelin-v5/test/utils/Memory.t.sol:7:1:
  |
7 | import {Memory} from "@openzeppelin/contracts/utils/Memory.sol";
  | ^^^^^^^^^^^^^^^^^^^^^^^^^^^^^^^^^^^^^^^^^^^^^^^^^^^^^^^^^^^^^^^^

Error (6275): Source "forge-std/Test.sol" not found: File not found. Searched the following locations: "/Users/yevhen/Documents/GitHub/RLD".
ParserError: Source "forge-std/Test.sol" not found: File not found. Searched the following locations: "/Users/yevhen/Documents/GitHub/RLD".
 --> contracts/lib/openzeppelin-v5/test/utils/NoncesKeyed.t.sol:6:1:
  |
6 | import {Test} from "forge-std/Test.sol";
  | ^^^^^^^^^^^^^^^^^^^^^^^^^^^^^^^^^^^^^^^^

Error (6275): Source "@openzeppelin/contracts/utils/NoncesKeyed.sol" not found: File not found. Searched the following locations: "/Users/yevhen/Documents/GitHub/RLD".
ParserError: Source "@openzeppelin/contracts/utils/NoncesKeyed.sol" not found: File not found. Searched the following locations: "/Users/yevhen/Documents/GitHub/RLD".
 --> contracts/lib/openzeppelin-v5/test/utils/NoncesKeyed.t.sol:7:1:
  |
7 | import {NoncesKeyed} from "@openzeppelin/contracts/utils/NoncesKeyed.sol";
  | ^^^^^^^^^^^^^^^^^^^^^^^^^^^^^^^^^^^^^^^^^^^^^^^^^^^^^^^^^^^^^^^^^^^^^^^^^^

Error (6275): Source "@openzeppelin/contracts/utils/Nonces.sol" not found: File not found. Searched the following locations: "/Users/yevhen/Documents/GitHub/RLD".
ParserError: Source "@openzeppelin/contracts/utils/Nonces.sol" not found: File not found. Searched the following locations: "/Users/yevhen/Documents/GitHub/RLD".
 --> contracts/lib/openzeppelin-v5/test/utils/NoncesKeyed.t.sol:8:1:
  |
8 | import {Nonces} from "@openzeppelin/contracts/utils/Nonces.sol";
  | ^^^^^^^^^^^^^^^^^^^^^^^^^^^^^^^^^^^^^^^^^^^^^^^^^^^^^^^^^^^^^^^^

Error (6275): Source "forge-std/Test.sol" not found: File not found. Searched the following locations: "/Users/yevhen/Documents/GitHub/RLD".
ParserError: Source "forge-std/Test.sol" not found: File not found. Searched the following locations: "/Users/yevhen/Documents/GitHub/RLD".
 --> contracts/lib/openzeppelin-v5/test/utils/Packing.t.sol:6:1:
  |
6 | import {Test} from "forge-std/Test.sol";
  | ^^^^^^^^^^^^^^^^^^^^^^^^^^^^^^^^^^^^^^^^

Error (6275): Source "@openzeppelin/contracts/utils/Packing.sol" not found: File not found. Searched the following locations: "/Users/yevhen/Documents/GitHub/RLD".
ParserError: Source "@openzeppelin/contracts/utils/Packing.sol" not found: File not found. Searched the following locations: "/Users/yevhen/Documents/GitHub/RLD".
 --> contracts/lib/openzeppelin-v5/test/utils/Packing.t.sol:7:1:
  |
7 | import {Packing} from "@openzeppelin/contracts/utils/Packing.sol";
  | ^^^^^^^^^^^^^^^^^^^^^^^^^^^^^^^^^^^^^^^^^^^^^^^^^^^^^^^^^^^^^^^^^^

Error (6275): Source "forge-std/Test.sol" not found: File not found. Searched the following locations: "/Users/yevhen/Documents/GitHub/RLD".
ParserError: Source "forge-std/Test.sol" not found: File not found. Searched the following locations: "/Users/yevhen/Documents/GitHub/RLD".
 --> contracts/lib/openzeppelin-v5/test/utils/RLP.t.sol:5:1:
  |
5 | import {Test} from "forge-std/Test.sol";
  | ^^^^^^^^^^^^^^^^^^^^^^^^^^^^^^^^^^^^^^^^

Error (6275): Source "@openzeppelin/contracts/utils/RLP.sol" not found: File not found. Searched the following locations: "/Users/yevhen/Documents/GitHub/RLD".
ParserError: Source "@openzeppelin/contracts/utils/RLP.sol" not found: File not found. Searched the following locations: "/Users/yevhen/Documents/GitHub/RLD".
 --> contracts/lib/openzeppelin-v5/test/utils/RLP.t.sol:6:1:
  |
6 | import {RLP} from "@openzeppelin/contracts/utils/RLP.sol";
  | ^^^^^^^^^^^^^^^^^^^^^^^^^^^^^^^^^^^^^^^^^^^^^^^^^^^^^^^^^^

Error (6275): Source "@openzeppelin/contracts/utils/Memory.sol" not found: File not found. Searched the following locations: "/Users/yevhen/Documents/GitHub/RLD".
ParserError: Source "@openzeppelin/contracts/utils/Memory.sol" not found: File not found. Searched the following locations: "/Users/yevhen/Documents/GitHub/RLD".
 --> contracts/lib/openzeppelin-v5/test/utils/RLP.t.sol:7:1:
  |
7 | import {Memory} from "@openzeppelin/contracts/utils/Memory.sol";
  | ^^^^^^^^^^^^^^^^^^^^^^^^^^^^^^^^^^^^^^^^^^^^^^^^^^^^^^^^^^^^^^^^

Error (6275): Source "forge-std/Test.sol" not found: File not found. Searched the following locations: "/Users/yevhen/Documents/GitHub/RLD".
ParserError: Source "forge-std/Test.sol" not found: File not found. Searched the following locations: "/Users/yevhen/Documents/GitHub/RLD".
 --> contracts/lib/openzeppelin-v5/test/utils/ShortStrings.t.sol:5:1:
  |
5 | import {Test} from "forge-std/Test.sol";
  | ^^^^^^^^^^^^^^^^^^^^^^^^^^^^^^^^^^^^^^^^

Error (6275): Source "halmos-cheatcodes/SymTest.sol" not found: File not found. Searched the following locations: "/Users/yevhen/Documents/GitHub/RLD".
ParserError: Source "halmos-cheatcodes/SymTest.sol" not found: File not found. Searched the following locations: "/Users/yevhen/Documents/GitHub/RLD".
 --> contracts/lib/openzeppelin-v5/test/utils/ShortStrings.t.sol:6:1:
  |
6 | import {SymTest} from "halmos-cheatcodes/SymTest.sol";
  | ^^^^^^^^^^^^^^^^^^^^^^^^^^^^^^^^^^^^^^^^^^^^^^^^^^^^^^

Error (6275): Source "@openzeppelin/contracts/utils/ShortStrings.sol" not found: File not found. Searched the following locations: "/Users/yevhen/Documents/GitHub/RLD".
ParserError: Source "@openzeppelin/contracts/utils/ShortStrings.sol" not found: File not found. Searched the following locations: "/Users/yevhen/Documents/GitHub/RLD".
 --> contracts/lib/openzeppelin-v5/test/utils/ShortStrings.t.sol:8:1:
  |
8 | import {ShortStrings, ShortString} from "@openzeppelin/contracts/utils/ShortStrings.sol";
  | ^^^^^^^^^^^^^^^^^^^^^^^^^^^^^^^^^^^^^^^^^^^^^^^^^^^^^^^^^^^^^^^^^^^^^^^^^^^^^^^^^^^^^^^^^

Error (6275): Source "forge-std/Test.sol" not found: File not found. Searched the following locations: "/Users/yevhen/Documents/GitHub/RLD".
ParserError: Source "forge-std/Test.sol" not found: File not found. Searched the following locations: "/Users/yevhen/Documents/GitHub/RLD".
 --> contracts/lib/openzeppelin-v5/test/utils/SlotDerivation.t.sol:6:1:
  |
6 | import {Test} from "forge-std/Test.sol";
  | ^^^^^^^^^^^^^^^^^^^^^^^^^^^^^^^^^^^^^^^^

Error (6275): Source "halmos-cheatcodes/SymTest.sol" not found: File not found. Searched the following locations: "/Users/yevhen/Documents/GitHub/RLD".
ParserError: Source "halmos-cheatcodes/SymTest.sol" not found: File not found. Searched the following locations: "/Users/yevhen/Documents/GitHub/RLD".
 --> contracts/lib/openzeppelin-v5/test/utils/SlotDerivation.t.sol:7:1:
  |
7 | import {SymTest} from "halmos-cheatcodes/SymTest.sol";
  | ^^^^^^^^^^^^^^^^^^^^^^^^^^^^^^^^^^^^^^^^^^^^^^^^^^^^^^

Error (6275): Source "@openzeppelin/contracts/utils/SlotDerivation.sol" not found: File not found. Searched the following locations: "/Users/yevhen/Documents/GitHub/RLD".
ParserError: Source "@openzeppelin/contracts/utils/SlotDerivation.sol" not found: File not found. Searched the following locations: "/Users/yevhen/Documents/GitHub/RLD".
 --> contracts/lib/openzeppelin-v5/test/utils/SlotDerivation.t.sol:8:1:
  |
8 | import {SlotDerivation} from "@openzeppelin/contracts/utils/SlotDerivation.sol";
  | ^^^^^^^^^^^^^^^^^^^^^^^^^^^^^^^^^^^^^^^^^^^^^^^^^^^^^^^^^^^^^^^^^^^^^^^^^^^^^^^^

Error (6275): Source "forge-std/Test.sol" not found: File not found. Searched the following locations: "/Users/yevhen/Documents/GitHub/RLD".
ParserError: Source "forge-std/Test.sol" not found: File not found. Searched the following locations: "/Users/yevhen/Documents/GitHub/RLD".
 --> contracts/lib/openzeppelin-v5/test/utils/Strings.t.sol:5:1:
  |
5 | import {Test} from "forge-std/Test.sol";
  | ^^^^^^^^^^^^^^^^^^^^^^^^^^^^^^^^^^^^^^^^

Error (6275): Source "@openzeppelin/contracts/utils/Strings.sol" not found: File not found. Searched the following locations: "/Users/yevhen/Documents/GitHub/RLD".
ParserError: Source "@openzeppelin/contracts/utils/Strings.sol" not found: File not found. Searched the following locations: "/Users/yevhen/Documents/GitHub/RLD".
 --> contracts/lib/openzeppelin-v5/test/utils/Strings.t.sol:7:1:
  |
7 | import {Strings} from "@openzeppelin/contracts/utils/Strings.sol";
  | ^^^^^^^^^^^^^^^^^^^^^^^^^^^^^^^^^^^^^^^^^^^^^^^^^^^^^^^^^^^^^^^^^^

Error (6275): Source "forge-std/Test.sol" not found: File not found. Searched the following locations: "/Users/yevhen/Documents/GitHub/RLD".
ParserError: Source "forge-std/Test.sol" not found: File not found. Searched the following locations: "/Users/yevhen/Documents/GitHub/RLD".
 --> contracts/lib/openzeppelin-v5/test/utils/cryptography/MessageHashUtils.t.sol:5:1:
  |
5 | import {Test} from "forge-std/Test.sol";
  | ^^^^^^^^^^^^^^^^^^^^^^^^^^^^^^^^^^^^^^^^

Error (6275): Source "@openzeppelin/contracts/utils/cryptography/MessageHashUtils.sol" not found: File not found. Searched the following locations: "/Users/yevhen/Documents/GitHub/RLD".
ParserError: Source "@openzeppelin/contracts/utils/cryptography/MessageHashUtils.sol" not found: File not found. Searched the following locations: "/Users/yevhen/Documents/GitHub/RLD".
 --> contracts/lib/openzeppelin-v5/test/utils/cryptography/MessageHashUtils.t.sol:6:1:
  |
6 | import {MessageHashUtils} from "@openzeppelin/contracts/utils/cryptography/MessageHashUtils.sol";
  | ^^^^^^^^^^^^^^^^^^^^^^^^^^^^^^^^^^^^^^^^^^^^^^^^^^^^^^^^^^^^^^^^^^^^^^^^^^^^^^^^^^^^^^^^^^^^^^^^^

Error (6275): Source "forge-std/Test.sol" not found: File not found. Searched the following locations: "/Users/yevhen/Documents/GitHub/RLD".
ParserError: Source "forge-std/Test.sol" not found: File not found. Searched the following locations: "/Users/yevhen/Documents/GitHub/RLD".
 --> contracts/lib/openzeppelin-v5/test/utils/cryptography/P256.t.sol:5:1:
  |
5 | import {Test} from "forge-std/Test.sol";
  | ^^^^^^^^^^^^^^^^^^^^^^^^^^^^^^^^^^^^^^^^

Error (6275): Source "@openzeppelin/contracts/utils/cryptography/P256.sol" not found: File not found. Searched the following locations: "/Users/yevhen/Documents/GitHub/RLD".
ParserError: Source "@openzeppelin/contracts/utils/cryptography/P256.sol" not found: File not found. Searched the following locations: "/Users/yevhen/Documents/GitHub/RLD".
 --> contracts/lib/openzeppelin-v5/test/utils/cryptography/P256.t.sol:7:1:
  |
7 | import {P256} from "@openzeppelin/contracts/utils/cryptography/P256.sol";
  | ^^^^^^^^^^^^^^^^^^^^^^^^^^^^^^^^^^^^^^^^^^^^^^^^^^^^^^^^^^^^^^^^^^^^^^^^^

Error (6275): Source "@openzeppelin/contracts/utils/Errors.sol" not found: File not found. Searched the following locations: "/Users/yevhen/Documents/GitHub/RLD".
ParserError: Source "@openzeppelin/contracts/utils/Errors.sol" not found: File not found. Searched the following locations: "/Users/yevhen/Documents/GitHub/RLD".
 --> contracts/lib/openzeppelin-v5/test/utils/cryptography/P256.t.sol:8:1:
  |
8 | import {Errors} from "@openzeppelin/contracts/utils/Errors.sol";
  | ^^^^^^^^^^^^^^^^^^^^^^^^^^^^^^^^^^^^^^^^^^^^^^^^^^^^^^^^^^^^^^^^

Error (6275): Source "forge-std/Test.sol" not found: File not found. Searched the following locations: "/Users/yevhen/Documents/GitHub/RLD".
ParserError: Source "forge-std/Test.sol" not found: File not found. Searched the following locations: "/Users/yevhen/Documents/GitHub/RLD".
 --> contracts/lib/openzeppelin-v5/test/utils/cryptography/WebAuthn.t.sol:5:1:
  |
5 | import {Test} from "forge-std/Test.sol";
  | ^^^^^^^^^^^^^^^^^^^^^^^^^^^^^^^^^^^^^^^^

Error (6275): Source "@openzeppelin/contracts/utils/cryptography/P256.sol" not found: File not found. Searched the following locations: "/Users/yevhen/Documents/GitHub/RLD".
ParserError: Source "@openzeppelin/contracts/utils/cryptography/P256.sol" not found: File not found. Searched the following locations: "/Users/yevhen/Documents/GitHub/RLD".
 --> contracts/lib/openzeppelin-v5/test/utils/cryptography/WebAuthn.t.sol:6:1:
  |
6 | import {P256} from "@openzeppelin/contracts/utils/cryptography/P256.sol";
  | ^^^^^^^^^^^^^^^^^^^^^^^^^^^^^^^^^^^^^^^^^^^^^^^^^^^^^^^^^^^^^^^^^^^^^^^^^

Error (6275): Source "@openzeppelin/contracts/utils/math/Math.sol" not found: File not found. Searched the following locations: "/Users/yevhen/Documents/GitHub/RLD".
ParserError: Source "@openzeppelin/contracts/utils/math/Math.sol" not found: File not found. Searched the following locations: "/Users/yevhen/Documents/GitHub/RLD".
 --> contracts/lib/openzeppelin-v5/test/utils/cryptography/WebAuthn.t.sol:7:1:
  |
7 | import {Math} from "@openzeppelin/contracts/utils/math/Math.sol";
  | ^^^^^^^^^^^^^^^^^^^^^^^^^^^^^^^^^^^^^^^^^^^^^^^^^^^^^^^^^^^^^^^^^

Error (6275): Source "@openzeppelin/contracts/utils/Base64.sol" not found: File not found. Searched the following locations: "/Users/yevhen/Documents/GitHub/RLD".
ParserError: Source "@openzeppelin/contracts/utils/Base64.sol" not found: File not found. Searched the following locations: "/Users/yevhen/Documents/GitHub/RLD".
 --> contracts/lib/openzeppelin-v5/test/utils/cryptography/WebAuthn.t.sol:8:1:
  |
8 | import {Base64} from "@openzeppelin/contracts/utils/Base64.sol";
  | ^^^^^^^^^^^^^^^^^^^^^^^^^^^^^^^^^^^^^^^^^^^^^^^^^^^^^^^^^^^^^^^^

Error (6275): Source "@openzeppelin/contracts/utils/cryptography/WebAuthn.sol" not found: File not found. Searched the following locations: "/Users/yevhen/Documents/GitHub/RLD".
ParserError: Source "@openzeppelin/contracts/utils/cryptography/WebAuthn.sol" not found: File not found. Searched the following locations: "/Users/yevhen/Documents/GitHub/RLD".
 --> contracts/lib/openzeppelin-v5/test/utils/cryptography/WebAuthn.t.sol:9:1:
  |
9 | import {WebAuthn} from "@openzeppelin/contracts/utils/cryptography/WebAuthn.sol";
  | ^^^^^^^^^^^^^^^^^^^^^^^^^^^^^^^^^^^^^^^^^^^^^^^^^^^^^^^^^^^^^^^^^^^^^^^^^^^^^^^^^

Error (6275): Source "forge-std/Test.sol" not found: File not found. Searched the following locations: "/Users/yevhen/Documents/GitHub/RLD".
ParserError: Source "forge-std/Test.sol" not found: File not found. Searched the following locations: "/Users/yevhen/Documents/GitHub/RLD".
 --> contracts/lib/openzeppelin-v5/test/utils/draft-InteroperableAddress.t.sol:4:1:
  |
4 | import {Test} from "forge-std/Test.sol";
  | ^^^^^^^^^^^^^^^^^^^^^^^^^^^^^^^^^^^^^^^^

Error (6275): Source "forge-std/Test.sol" not found: File not found. Searched the following locations: "/Users/yevhen/Documents/GitHub/RLD".
ParserError: Source "forge-std/Test.sol" not found: File not found. Searched the following locations: "/Users/yevhen/Documents/GitHub/RLD".
 --> contracts/lib/openzeppelin-v5/test/utils/math/Math.t.sol:5:1:
  |
5 | import {Test, stdError} from "forge-std/Test.sol";
  | ^^^^^^^^^^^^^^^^^^^^^^^^^^^^^^^^^^^^^^^^^^^^^^^^^^

Error (6275): Source "@openzeppelin/contracts/utils/math/Math.sol" not found: File not found. Searched the following locations: "/Users/yevhen/Documents/GitHub/RLD".
ParserError: Source "@openzeppelin/contracts/utils/math/Math.sol" not found: File not found. Searched the following locations: "/Users/yevhen/Documents/GitHub/RLD".
 --> contracts/lib/openzeppelin-v5/test/utils/math/Math.t.sol:7:1:
  |
7 | import {Math} from "@openzeppelin/contracts/utils/math/Math.sol";
  | ^^^^^^^^^^^^^^^^^^^^^^^^^^^^^^^^^^^^^^^^^^^^^^^^^^^^^^^^^^^^^^^^^

Error (6275): Source "forge-std/Test.sol" not found: File not found. Searched the following locations: "/Users/yevhen/Documents/GitHub/RLD".
ParserError: Source "forge-std/Test.sol" not found: File not found. Searched the following locations: "/Users/yevhen/Documents/GitHub/RLD".
 --> contracts/lib/openzeppelin-v5/test/utils/math/SignedMath.t.sol:5:1:
  |
5 | import {Test} from "forge-std/Test.sol";
  | ^^^^^^^^^^^^^^^^^^^^^^^^^^^^^^^^^^^^^^^^

Error (6275): Source "forge-std/Test.sol" not found: File not found. Searched the following locations: "/Users/yevhen/Documents/GitHub/RLD".
ParserError: Source "forge-std/Test.sol" not found: File not found. Searched the following locations: "/Users/yevhen/Documents/GitHub/RLD".
 --> contracts/lib/openzeppelin-v5/test/utils/structs/Accumulators.t.sol:5:1:
  |
5 | import {Test} from "forge-std/Test.sol";
  | ^^^^^^^^^^^^^^^^^^^^^^^^^^^^^^^^^^^^^^^^

Error (6275): Source "@openzeppelin/contracts/utils/structs/Accumulators.sol" not found: File not found. Searched the following locations: "/Users/yevhen/Documents/GitHub/RLD".
ParserError: Source "@openzeppelin/contracts/utils/structs/Accumulators.sol" not found: File not found. Searched the following locations: "/Users/yevhen/Documents/GitHub/RLD".
 --> contracts/lib/openzeppelin-v5/test/utils/structs/Accumulators.t.sol:6:1:
  |
6 | import {Accumulators} from "@openzeppelin/contracts/utils/structs/Accumulators.sol";
  | ^^^^^^^^^^^^^^^^^^^^^^^^^^^^^^^^^^^^^^^^^^^^^^^^^^^^^^^^^^^^^^^^^^^^^^^^^^^^^^^^^^^^

Error (6275): Source "@openzeppelin/contracts/utils/Bytes.sol" not found: File not found. Searched the following locations: "/Users/yevhen/Documents/GitHub/RLD".
ParserError: Source "@openzeppelin/contracts/utils/Bytes.sol" not found: File not found. Searched the following locations: "/Users/yevhen/Documents/GitHub/RLD".
 --> contracts/lib/openzeppelin-v5/test/utils/structs/Accumulators.t.sol:7:1:
  |
7 | import {Bytes} from "@openzeppelin/contracts/utils/Bytes.sol";
  | ^^^^^^^^^^^^^^^^^^^^^^^^^^^^^^^^^^^^^^^^^^^^^^^^^^^^^^^^^^^^^^

Error (6275): Source "forge-std/Test.sol" not found: File not found. Searched the following locations: "/Users/yevhen/Documents/GitHub/RLD".
ParserError: Source "forge-std/Test.sol" not found: File not found. Searched the following locations: "/Users/yevhen/Documents/GitHub/RLD".
 --> contracts/lib/openzeppelin-v5/test/utils/structs/Checkpoints.t.sol:6:1:
  |
6 | import {Test} from "forge-std/Test.sol";
  | ^^^^^^^^^^^^^^^^^^^^^^^^^^^^^^^^^^^^^^^^

Error (6275): Source "@openzeppelin/contracts/utils/math/SafeCast.sol" not found: File not found. Searched the following locations: "/Users/yevhen/Documents/GitHub/RLD".
ParserError: Source "@openzeppelin/contracts/utils/math/SafeCast.sol" not found: File not found. Searched the following locations: "/Users/yevhen/Documents/GitHub/RLD".
 --> contracts/lib/openzeppelin-v5/test/utils/structs/Checkpoints.t.sol:7:1:
  |
7 | import {SafeCast} from "@openzeppelin/contracts/utils/math/SafeCast.sol";
  | ^^^^^^^^^^^^^^^^^^^^^^^^^^^^^^^^^^^^^^^^^^^^^^^^^^^^^^^^^^^^^^^^^^^^^^^^^

Error (6275): Source "@openzeppelin/contracts/utils/structs/Checkpoints.sol" not found: File not found. Searched the following locations: "/Users/yevhen/Documents/GitHub/RLD".
ParserError: Source "@openzeppelin/contracts/utils/structs/Checkpoints.sol" not found: File not found. Searched the following locations: "/Users/yevhen/Documents/GitHub/RLD".
 --> contracts/lib/openzeppelin-v5/test/utils/structs/Checkpoints.t.sol:8:1:
  |
8 | import {Checkpoints} from "@openzeppelin/contracts/utils/structs/Checkpoints.sol";
  | ^^^^^^^^^^^^^^^^^^^^^^^^^^^^^^^^^^^^^^^^^^^^^^^^^^^^^^^^^^^^^^^^^^^^^^^^^^^^^^^^^^

Error (6275): Source "forge-std/Test.sol" not found: File not found. Searched the following locations: "/Users/yevhen/Documents/GitHub/RLD".
ParserError: Source "forge-std/Test.sol" not found: File not found. Searched the following locations: "/Users/yevhen/Documents/GitHub/RLD".
 --> contracts/lib/openzeppelin-v5/test/utils/structs/Heap.t.sol:5:1:
  |
5 | import {Test} from "forge-std/Test.sol";
  | ^^^^^^^^^^^^^^^^^^^^^^^^^^^^^^^^^^^^^^^^

Error (6275): Source "@openzeppelin/contracts/utils/math/Math.sol" not found: File not found. Searched the following locations: "/Users/yevhen/Documents/GitHub/RLD".
ParserError: Source "@openzeppelin/contracts/utils/math/Math.sol" not found: File not found. Searched the following locations: "/Users/yevhen/Documents/GitHub/RLD".
 --> contracts/lib/openzeppelin-v5/test/utils/structs/Heap.t.sol:6:1:
  |
6 | import {Math} from "@openzeppelin/contracts/utils/math/Math.sol";
  | ^^^^^^^^^^^^^^^^^^^^^^^^^^^^^^^^^^^^^^^^^^^^^^^^^^^^^^^^^^^^^^^^^

Error (6275): Source "@openzeppelin/contracts/utils/structs/Heap.sol" not found: File not found. Searched the following locations: "/Users/yevhen/Documents/GitHub/RLD".
ParserError: Source "@openzeppelin/contracts/utils/structs/Heap.sol" not found: File not found. Searched the following locations: "/Users/yevhen/Documents/GitHub/RLD".
 --> contracts/lib/openzeppelin-v5/test/utils/structs/Heap.t.sol:7:1:
  |
7 | import {Heap} from "@openzeppelin/contracts/utils/structs/Heap.sol";
  | ^^^^^^^^^^^^^^^^^^^^^^^^^^^^^^^^^^^^^^^^^^^^^^^^^^^^^^^^^^^^^^^^^^^^

Error (6275): Source "@openzeppelin/contracts/utils/Comparators.sol" not found: File not found. Searched the following locations: "/Users/yevhen/Documents/GitHub/RLD".
ParserError: Source "@openzeppelin/contracts/utils/Comparators.sol" not found: File not found. Searched the following locations: "/Users/yevhen/Documents/GitHub/RLD".
 --> contracts/lib/openzeppelin-v5/test/utils/structs/Heap.t.sol:8:1:
  |
8 | import {Comparators} from "@openzeppelin/contracts/utils/Comparators.sol";
  | ^^^^^^^^^^^^^^^^^^^^^^^^^^^^^^^^^^^^^^^^^^^^^^^^^^^^^^^^^^^^^^^^^^^^^^^^^^

Error (6275): Source "ds-test/test.sol" not found: File not found. Searched the following locations: "/Users/yevhen/Documents/GitHub/RLD".
ParserError: Source "ds-test/test.sol" not found: File not found. Searched the following locations: "/Users/yevhen/Documents/GitHub/RLD".
 --> contracts/lib/solmate/src/test/utils/DSTestPlus.sol:4:1:
  |
4 | import {DSTest} from "ds-test/test.sol";
  | ^^^^^^^^^^^^^^^^^^^^^^^^^^^^^^^^^^^^^^^^

Error (6275): Source "solmate/src/auth/Owned.sol" not found: File not found. Searched the following locations: "/Users/yevhen/Documents/GitHub/RLD".
ParserError: Source "solmate/src/auth/Owned.sol" not found: File not found. Searched the following locations: "/Users/yevhen/Documents/GitHub/RLD".
 --> contracts/lib/v4-core/src/ProtocolFees.sol:9:1:
  |
9 | import {Owned} from "solmate/src/auth/Owned.sol";
  | ^^^^^^^^^^^^^^^^^^^^^^^^^^^^^^^^^^^^^^^^^^^^^^^^^

Error (6275): Source "forge-std/Test.sol" not found: File not found. Searched the following locations: "/Users/yevhen/Documents/GitHub/RLD".
ParserError: Source "forge-std/Test.sol" not found: File not found. Searched the following locations: "/Users/yevhen/Documents/GitHub/RLD".
 --> contracts/lib/v4-core/src/test/ActionsRouter.sol:4:1:
  |
4 | import "forge-std/Test.sol";
  | ^^^^^^^^^^^^^^^^^^^^^^^^^^^^

Error (6275): Source "solmate/src/test/utils/mocks/MockERC20.sol" not found: File not found. Searched the following locations: "/Users/yevhen/Documents/GitHub/RLD".
ParserError: Source "solmate/src/test/utils/mocks/MockERC20.sol" not found: File not found. Searched the following locations: "/Users/yevhen/Documents/GitHub/RLD".
 --> contracts/lib/v4-core/src/test/ActionsRouter.sol:8:1:
  |
8 | import {MockERC20} from "solmate/src/test/utils/mocks/MockERC20.sol";
  | ^^^^^^^^^^^^^^^^^^^^^^^^^^^^^^^^^^^^^^^^^^^^^^^^^^^^^^^^^^^^^^^^^^^^^

Error (6275): Source "forge-std/Vm.sol" not found: File not found. Searched the following locations: "/Users/yevhen/Documents/GitHub/RLD".
ParserError: Source "forge-std/Vm.sol" not found: File not found. Searched the following locations: "/Users/yevhen/Documents/GitHub/RLD".
 --> contracts/lib/v4-core/src/test/Fuzzers.sol:4:1:
  |
4 | import {Vm} from "forge-std/Vm.sol";
  | ^^^^^^^^^^^^^^^^^^^^^^^^^^^^^^^^^^^^

Error (6275): Source "forge-std/StdUtils.sol" not found: File not found. Searched the following locations: "/Users/yevhen/Documents/GitHub/RLD".
ParserError: Source "forge-std/StdUtils.sol" not found: File not found. Searched the following locations: "/Users/yevhen/Documents/GitHub/RLD".
 --> contracts/lib/v4-core/src/test/Fuzzers.sol:5:1:
  |
5 | import {StdUtils} from "forge-std/StdUtils.sol";
  | ^^^^^^^^^^^^^^^^^^^^^^^^^^^^^^^^^^^^^^^^^^^^^^^^

Error (6275): Source "@openzeppelin/contracts/proxy/Proxy.sol" not found: File not found. Searched the following locations: "/Users/yevhen/Documents/GitHub/RLD".
ParserError: Source "@openzeppelin/contracts/proxy/Proxy.sol" not found: File not found. Searched the following locations: "/Users/yevhen/Documents/GitHub/RLD".
 --> contracts/lib/v4-core/src/test/MockContract.sol:4:1:
  |
4 | import {Proxy} from "@openzeppelin/contracts/proxy/Proxy.sol";
  | ^^^^^^^^^^^^^^^^^^^^^^^^^^^^^^^^^^^^^^^^^^^^^^^^^^^^^^^^^^^^^^

Error (6275): Source "forge-std/Test.sol" not found: File not found. Searched the following locations: "/Users/yevhen/Documents/GitHub/RLD".
ParserError: Source "forge-std/Test.sol" not found: File not found. Searched the following locations: "/Users/yevhen/Documents/GitHub/RLD".
 --> contracts/lib/v4-core/src/test/NativeERC20.sol:4:1:
  |
4 | import {Test} from "forge-std/Test.sol";
  | ^^^^^^^^^^^^^^^^^^^^^^^^^^^^^^^^^^^^^^^^

Error (6275): Source "forge-std/Test.sol" not found: File not found. Searched the following locations: "/Users/yevhen/Documents/GitHub/RLD".
ParserError: Source "forge-std/Test.sol" not found: File not found. Searched the following locations: "/Users/yevhen/Documents/GitHub/RLD".
  --> contracts/lib/v4-core/src/test/PoolNestedActionsTest.sol:10:1:
   |
10 | import {Test} from "forge-std/Test.sol";
   | ^^^^^^^^^^^^^^^^^^^^^^^^^^^^^^^^^^^^^^^^

Error (6275): Source "forge-std/Test.sol" not found: File not found. Searched the following locations: "/Users/yevhen/Documents/GitHub/RLD".
ParserError: Source "forge-std/Test.sol" not found: File not found. Searched the following locations: "/Users/yevhen/Documents/GitHub/RLD".
  --> contracts/lib/v4-core/src/test/SkipCallsTestHook.sol:12:1:
   |
12 | import {Test} from "forge-std/Test.sol";
   | ^^^^^^^^^^^^^^^^^^^^^^^^^^^^^^^^^^^^^^^^

Error (6275): Source "forge-std/Test.sol" not found: File not found. Searched the following locations: "/Users/yevhen/Documents/GitHub/RLD".
ParserError: Source "forge-std/Test.sol" not found: File not found. Searched the following locations: "/Users/yevhen/Documents/GitHub/RLD".
 --> contracts/lib/v4-core/test/CurrencyReserves.t.sol:5:1:
  |
5 | import {Test} from "forge-std/Test.sol";
  | ^^^^^^^^^^^^^^^^^^^^^^^^^^^^^^^^^^^^^^^^

Error (6275): Source "forge-std/Test.sol" not found: File not found. Searched the following locations: "/Users/yevhen/Documents/GitHub/RLD".
ParserError: Source "forge-std/Test.sol" not found: File not found. Searched the following locations: "/Users/yevhen/Documents/GitHub/RLD".
 --> contracts/lib/v4-core/test/ERC6909Claims.t.sol:4:1:
  |
4 | import {Test} from "forge-std/Test.sol";
  | ^^^^^^^^^^^^^^^^^^^^^^^^^^^^^^^^^^^^^^^^

Error (6275): Source "forge-std/Test.sol" not found: File not found. Searched the following locations: "/Users/yevhen/Documents/GitHub/RLD".
ParserError: Source "forge-std/Test.sol" not found: File not found. Searched the following locations: "/Users/yevhen/Documents/GitHub/RLD".
 --> contracts/lib/v4-core/test/Extsload.t.sol:4:1:
  |
4 | import {Test} from "forge-std/Test.sol";
  | ^^^^^^^^^^^^^^^^^^^^^^^^^^^^^^^^^^^^^^^^

Error (6275): Source "forge-std/Test.sol" not found: File not found. Searched the following locations: "/Users/yevhen/Documents/GitHub/RLD".
ParserError: Source "forge-std/Test.sol" not found: File not found. Searched the following locations: "/Users/yevhen/Documents/GitHub/RLD".
 --> contracts/lib/v4-core/test/Tick.t.sol:4:1:
  |
4 | import {Test} from "forge-std/Test.sol";
  | ^^^^^^^^^^^^^^^^^^^^^^^^^^^^^^^^^^^^^^^^

Error (6275): Source "forge-std/StdError.sol" not found: File not found. Searched the following locations: "/Users/yevhen/Documents/GitHub/RLD".
ParserError: Source "forge-std/StdError.sol" not found: File not found. Searched the following locations: "/Users/yevhen/Documents/GitHub/RLD".
 --> contracts/lib/v4-core/test/Tick.t.sol:5:1:
  |
5 | import {stdError} from "forge-std/StdError.sol";
  | ^^^^^^^^^^^^^^^^^^^^^^^^^^^^^^^^^^^^^^^^^^^^^^^^

Error (6275): Source "forge-std/Test.sol" not found: File not found. Searched the following locations: "/Users/yevhen/Documents/GitHub/RLD".
ParserError: Source "forge-std/Test.sol" not found: File not found. Searched the following locations: "/Users/yevhen/Documents/GitHub/RLD".
 --> contracts/lib/v4-core/test/libraries/BitMath.t.sol:4:1:
  |
4 | import {Test} from "forge-std/Test.sol";
  | ^^^^^^^^^^^^^^^^^^^^^^^^^^^^^^^^^^^^^^^^

Error (6275): Source "forge-std/Test.sol" not found: File not found. Searched the following locations: "/Users/yevhen/Documents/GitHub/RLD".
ParserError: Source "forge-std/Test.sol" not found: File not found. Searched the following locations: "/Users/yevhen/Documents/GitHub/RLD".
 --> contracts/lib/v4-core/test/libraries/FullMath.t.sol:4:1:
  |
4 | import {Test} from "forge-std/Test.sol";
  | ^^^^^^^^^^^^^^^^^^^^^^^^^^^^^^^^^^^^^^^^

Error (6275): Source "forge-std/Test.sol" not found: File not found. Searched the following locations: "/Users/yevhen/Documents/GitHub/RLD".
ParserError: Source "forge-std/Test.sol" not found: File not found. Searched the following locations: "/Users/yevhen/Documents/GitHub/RLD".
 --> contracts/lib/v4-core/test/libraries/LPFeeLibrary.t.sol:5:1:
  |
5 | import "forge-std/Test.sol";
  | ^^^^^^^^^^^^^^^^^^^^^^^^^^^^

Error (6275): Source "forge-std/Test.sol" not found: File not found. Searched the following locations: "/Users/yevhen/Documents/GitHub/RLD".
ParserError: Source "forge-std/Test.sol" not found: File not found. Searched the following locations: "/Users/yevhen/Documents/GitHub/RLD".
 --> contracts/lib/v4-core/test/libraries/LiquidityMath.t.sol:4:1:
  |
4 | import {Test} from "forge-std/Test.sol";
  | ^^^^^^^^^^^^^^^^^^^^^^^^^^^^^^^^^^^^^^^^

Error (6275): Source "src/libraries/SafeCast.sol" not found: File not found. Searched the following locations: "/Users/yevhen/Documents/GitHub/RLD".
ParserError: Source "src/libraries/SafeCast.sol" not found: File not found. Searched the following locations: "/Users/yevhen/Documents/GitHub/RLD".
 --> contracts/lib/v4-core/test/libraries/LiquidityMath.t.sol:5:1:
  |
5 | import {SafeCast} from "src/libraries/SafeCast.sol";
  | ^^^^^^^^^^^^^^^^^^^^^^^^^^^^^^^^^^^^^^^^^^^^^^^^^^^^

Error (6275): Source "src/test/LiquidityMathTest.sol" not found: File not found. Searched the following locations: "/Users/yevhen/Documents/GitHub/RLD".
ParserError: Source "src/test/LiquidityMathTest.sol" not found: File not found. Searched the following locations: "/Users/yevhen/Documents/GitHub/RLD".
 --> contracts/lib/v4-core/test/libraries/LiquidityMath.t.sol:6:1:
  |
6 | import {LiquidityMathTest as LiquidityMath} from "src/test/LiquidityMathTest.sol";
  | ^^^^^^^^^^^^^^^^^^^^^^^^^^^^^^^^^^^^^^^^^^^^^^^^^^^^^^^^^^^^^^^^^^^^^^^^^^^^^^^^^^

Error (6275): Source "forge-std/Test.sol" not found: File not found. Searched the following locations: "/Users/yevhen/Documents/GitHub/RLD".
ParserError: Source "forge-std/Test.sol" not found: File not found. Searched the following locations: "/Users/yevhen/Documents/GitHub/RLD".
 --> contracts/lib/v4-core/test/libraries/Lock.t.sol:4:1:
  |
4 | import {Test} from "forge-std/Test.sol";
  | ^^^^^^^^^^^^^^^^^^^^^^^^^^^^^^^^^^^^^^^^

Error (6275): Source "forge-std/Test.sol" not found: File not found. Searched the following locations: "/Users/yevhen/Documents/GitHub/RLD".
ParserError: Source "forge-std/Test.sol" not found: File not found. Searched the following locations: "/Users/yevhen/Documents/GitHub/RLD".
 --> contracts/lib/v4-core/test/libraries/NonzeroDeltaCount.t.sol:4:1:
  |
4 | import {Test} from "forge-std/Test.sol";
  | ^^^^^^^^^^^^^^^^^^^^^^^^^^^^^^^^^^^^^^^^

Error (6275): Source "forge-std/Test.sol" not found: File not found. Searched the following locations: "/Users/yevhen/Documents/GitHub/RLD".
ParserError: Source "forge-std/Test.sol" not found: File not found. Searched the following locations: "/Users/yevhen/Documents/GitHub/RLD".
 --> contracts/lib/v4-core/test/libraries/PoolId.t.sol:4:1:
  |
4 | import {Test} from "forge-std/Test.sol";
  | ^^^^^^^^^^^^^^^^^^^^^^^^^^^^^^^^^^^^^^^^

Error (6275): Source "forge-std/Test.sol" not found: File not found. Searched the following locations: "/Users/yevhen/Documents/GitHub/RLD".
ParserError: Source "forge-std/Test.sol" not found: File not found. Searched the following locations: "/Users/yevhen/Documents/GitHub/RLD".
 --> contracts/lib/v4-core/test/libraries/Position.t.sol:4:1:
  |
4 | import {Test} from "forge-std/Test.sol";
  | ^^^^^^^^^^^^^^^^^^^^^^^^^^^^^^^^^^^^^^^^

Error (6275): Source "forge-std/Test.sol" not found: File not found. Searched the following locations: "/Users/yevhen/Documents/GitHub/RLD".
ParserError: Source "forge-std/Test.sol" not found: File not found. Searched the following locations: "/Users/yevhen/Documents/GitHub/RLD".
 --> contracts/lib/v4-core/test/libraries/ProtocolFeeLibrary.t.sol:4:1:
  |
4 | import {Test} from "forge-std/Test.sol";
  | ^^^^^^^^^^^^^^^^^^^^^^^^^^^^^^^^^^^^^^^^

Error (6275): Source "forge-std/Test.sol" not found: File not found. Searched the following locations: "/Users/yevhen/Documents/GitHub/RLD".
ParserError: Source "forge-std/Test.sol" not found: File not found. Searched the following locations: "/Users/yevhen/Documents/GitHub/RLD".
 --> contracts/lib/v4-core/test/libraries/SafeCast.t.sol:4:1:
  |
4 | import {Test} from "forge-std/Test.sol";
  | ^^^^^^^^^^^^^^^^^^^^^^^^^^^^^^^^^^^^^^^^

Error (6275): Source "forge-std/Vm.sol" not found: File not found. Searched the following locations: "/Users/yevhen/Documents/GitHub/RLD".
ParserError: Source "forge-std/Vm.sol" not found: File not found. Searched the following locations: "/Users/yevhen/Documents/GitHub/RLD".
 --> contracts/lib/v4-core/test/libraries/SafeCast.t.sol:5:1:
  |
5 | import {Vm} from "forge-std/Vm.sol";
  | ^^^^^^^^^^^^^^^^^^^^^^^^^^^^^^^^^^^^

Error (6275): Source "forge-std/Test.sol" not found: File not found. Searched the following locations: "/Users/yevhen/Documents/GitHub/RLD".
ParserError: Source "forge-std/Test.sol" not found: File not found. Searched the following locations: "/Users/yevhen/Documents/GitHub/RLD".
 --> contracts/lib/v4-core/test/libraries/SqrtPriceMath.t.sol:4:1:
  |
4 | import {Test} from "forge-std/Test.sol";
  | ^^^^^^^^^^^^^^^^^^^^^^^^^^^^^^^^^^^^^^^^

Error (6275): Source "forge-std/Vm.sol" not found: File not found. Searched the following locations: "/Users/yevhen/Documents/GitHub/RLD".
ParserError: Source "forge-std/Vm.sol" not found: File not found. Searched the following locations: "/Users/yevhen/Documents/GitHub/RLD".
 --> contracts/lib/v4-core/test/libraries/SqrtPriceMath.t.sol:5:1:
  |
5 | import {Vm} from "forge-std/Vm.sol";
  | ^^^^^^^^^^^^^^^^^^^^^^^^^^^^^^^^^^^^

Error (6275): Source "forge-std/Test.sol" not found: File not found. Searched the following locations: "/Users/yevhen/Documents/GitHub/RLD".
ParserError: Source "forge-std/Test.sol" not found: File not found. Searched the following locations: "/Users/yevhen/Documents/GitHub/RLD".
 --> contracts/lib/v4-core/test/libraries/SwapMath.t.sol:4:1:
  |
4 | import {Test} from "forge-std/Test.sol";
  | ^^^^^^^^^^^^^^^^^^^^^^^^^^^^^^^^^^^^^^^^

Error (6275): Source "forge-std/Vm.sol" not found: File not found. Searched the following locations: "/Users/yevhen/Documents/GitHub/RLD".
ParserError: Source "forge-std/Vm.sol" not found: File not found. Searched the following locations: "/Users/yevhen/Documents/GitHub/RLD".
 --> contracts/lib/v4-core/test/libraries/SwapMath.t.sol:5:1:
  |
5 | import {Vm} from "forge-std/Vm.sol";
  | ^^^^^^^^^^^^^^^^^^^^^^^^^^^^^^^^^^^^

Error (6275): Source "forge-std/Test.sol" not found: File not found. Searched the following locations: "/Users/yevhen/Documents/GitHub/RLD".
ParserError: Source "forge-std/Test.sol" not found: File not found. Searched the following locations: "/Users/yevhen/Documents/GitHub/RLD".
 --> contracts/lib/v4-core/test/libraries/TickBitmap.t.sol:4:1:
  |
4 | import {Test} from "forge-std/Test.sol";
  | ^^^^^^^^^^^^^^^^^^^^^^^^^^^^^^^^^^^^^^^^

Error (6275): Source "forge-std/Vm.sol" not found: File not found. Searched the following locations: "/Users/yevhen/Documents/GitHub/RLD".
ParserError: Source "forge-std/Vm.sol" not found: File not found. Searched the following locations: "/Users/yevhen/Documents/GitHub/RLD".
 --> contracts/lib/v4-core/test/libraries/TickBitmap.t.sol:5:1:
  |
5 | import {Vm} from "forge-std/Vm.sol";
  | ^^^^^^^^^^^^^^^^^^^^^^^^^^^^^^^^^^^^

Error (6275): Source "forge-std/Test.sol" not found: File not found. Searched the following locations: "/Users/yevhen/Documents/GitHub/RLD".
ParserError: Source "forge-std/Test.sol" not found: File not found. Searched the following locations: "/Users/yevhen/Documents/GitHub/RLD".
 --> contracts/lib/v4-core/test/libraries/TickMath.t.sol:4:1:
  |
4 | import {Test} from "forge-std/Test.sol";
  | ^^^^^^^^^^^^^^^^^^^^^^^^^^^^^^^^^^^^^^^^

Error (6275): Source "forge-std/Vm.sol" not found: File not found. Searched the following locations: "/Users/yevhen/Documents/GitHub/RLD".
ParserError: Source "forge-std/Vm.sol" not found: File not found. Searched the following locations: "/Users/yevhen/Documents/GitHub/RLD".
 --> contracts/lib/v4-core/test/libraries/TickMath.t.sol:5:1:
  |
5 | import {Vm} from "forge-std/Vm.sol";
  | ^^^^^^^^^^^^^^^^^^^^^^^^^^^^^^^^^^^^

Error (6275): Source "src/test/TickMathTest.sol" not found: File not found. Searched the following locations: "/Users/yevhen/Documents/GitHub/RLD".
ParserError: Source "src/test/TickMathTest.sol" not found: File not found. Searched the following locations: "/Users/yevhen/Documents/GitHub/RLD".
 --> contracts/lib/v4-core/test/libraries/TickMath.t.sol:6:1:
  |
6 | import {TickMathTest} from "src/test/TickMathTest.sol";
  | ^^^^^^^^^^^^^^^^^^^^^^^^^^^^^^^^^^^^^^^^^^^^^^^^^^^^^^^

Error (6275): Source "src/libraries/TickMath.sol" not found: File not found. Searched the following locations: "/Users/yevhen/Documents/GitHub/RLD".
ParserError: Source "src/libraries/TickMath.sol" not found: File not found. Searched the following locations: "/Users/yevhen/Documents/GitHub/RLD".
 --> contracts/lib/v4-core/test/libraries/TickMath.t.sol:7:1:
  |
7 | import {TickMath} from "src/libraries/TickMath.sol";
  | ^^^^^^^^^^^^^^^^^^^^^^^^^^^^^^^^^^^^^^^^^^^^^^^^^^^^

Error (6275): Source "test/utils/JavascriptFfi.sol" not found: File not found. Searched the following locations: "/Users/yevhen/Documents/GitHub/RLD".
ParserError: Source "test/utils/JavascriptFfi.sol" not found: File not found. Searched the following locations: "/Users/yevhen/Documents/GitHub/RLD".
 --> contracts/lib/v4-core/test/libraries/TickMath.t.sol:8:1:
  |
8 | import {JavascriptFfi} from "test/utils/JavascriptFfi.sol";
  | ^^^^^^^^^^^^^^^^^^^^^^^^^^^^^^^^^^^^^^^^^^^^^^^^^^^^^^^^^^^

Error (6275): Source "forge-std/Test.sol" not found: File not found. Searched the following locations: "/Users/yevhen/Documents/GitHub/RLD".
ParserError: Source "forge-std/Test.sol" not found: File not found. Searched the following locations: "/Users/yevhen/Documents/GitHub/RLD".
 --> contracts/lib/v4-core/test/libraries/UnsafeMath.t.sol:4:1:
  |
4 | import {Test} from "forge-std/Test.sol";
  | ^^^^^^^^^^^^^^^^^^^^^^^^^^^^^^^^^^^^^^^^

Error (6275): Source "forge-std/Test.sol" not found: File not found. Searched the following locations: "/Users/yevhen/Documents/GitHub/RLD".
ParserError: Source "forge-std/Test.sol" not found: File not found. Searched the following locations: "/Users/yevhen/Documents/GitHub/RLD".
 --> contracts/lib/v4-core/test/types/BalanceDelta.t.sol:4:1:
  |
4 | import {Test} from "forge-std/Test.sol";
  | ^^^^^^^^^^^^^^^^^^^^^^^^^^^^^^^^^^^^^^^^

Error (6275): Source "forge-std/Test.sol" not found: File not found. Searched the following locations: "/Users/yevhen/Documents/GitHub/RLD".
ParserError: Source "forge-std/Test.sol" not found: File not found. Searched the following locations: "/Users/yevhen/Documents/GitHub/RLD".
 --> contracts/lib/v4-core/test/types/Currency.t.sol:4:1:
  |
4 | import {Test} from "forge-std/Test.sol";
  | ^^^^^^^^^^^^^^^^^^^^^^^^^^^^^^^^^^^^^^^^

Error (6275): Source "forge-std/StdError.sol" not found: File not found. Searched the following locations: "/Users/yevhen/Documents/GitHub/RLD".
ParserError: Source "forge-std/StdError.sol" not found: File not found. Searched the following locations: "/Users/yevhen/Documents/GitHub/RLD".
 --> contracts/lib/v4-core/test/types/Currency.t.sol:5:1:
  |
5 | import {stdError} from "forge-std/StdError.sol";
  | ^^^^^^^^^^^^^^^^^^^^^^^^^^^^^^^^^^^^^^^^^^^^^^^^

Error (6275): Source "solmate/src/test/utils/mocks/MockERC20.sol" not found: File not found. Searched the following locations: "/Users/yevhen/Documents/GitHub/RLD".
ParserError: Source "solmate/src/test/utils/mocks/MockERC20.sol" not found: File not found. Searched the following locations: "/Users/yevhen/Documents/GitHub/RLD".
 --> contracts/lib/v4-core/test/types/Currency.t.sol:6:1:
  |
6 | import {MockERC20, ERC20} from "solmate/src/test/utils/mocks/MockERC20.sol";
  | ^^^^^^^^^^^^^^^^^^^^^^^^^^^^^^^^^^^^^^^^^^^^^^^^^^^^^^^^^^^^^^^^^^^^^^^^^^^^

Error (6275): Source "forge-std/Test.sol" not found: File not found. Searched the following locations: "/Users/yevhen/Documents/GitHub/RLD".
ParserError: Source "forge-std/Test.sol" not found: File not found. Searched the following locations: "/Users/yevhen/Documents/GitHub/RLD".
 --> contracts/lib/v4-core/test/types/Slot0.t.sol:4:1:
  |
4 | import {Test} from "forge-std/Test.sol";
  | ^^^^^^^^^^^^^^^^^^^^^^^^^^^^^^^^^^^^^^^^

Error (6275): Source "forge-std/Base.sol" not found: File not found. Searched the following locations: "/Users/yevhen/Documents/GitHub/RLD".
ParserError: Source "forge-std/Base.sol" not found: File not found. Searched the following locations: "/Users/yevhen/Documents/GitHub/RLD".
 --> contracts/lib/v4-core/test/utils/JavascriptFfi.sol:4:1:
  |
4 | import {CommonBase} from "forge-std/Base.sol";
  | ^^^^^^^^^^^^^^^^^^^^^^^^^^^^^^^^^^^^^^^^^^^^^^

Error (6275): Source "forge-std/console2.sol" not found: File not found. Searched the following locations: "/Users/yevhen/Documents/GitHub/RLD".
ParserError: Source "forge-std/console2.sol" not found: File not found. Searched the following locations: "/Users/yevhen/Documents/GitHub/RLD".
 --> contracts/lib/v4-core/test/utils/Logger.sol:6:1:
  |
6 | import "forge-std/console2.sol";
  | ^^^^^^^^^^^^^^^^^^^^^^^^^^^^^^^^

Error (6275): Source "forge-std/Test.sol" not found: File not found. Searched the following locations: "/Users/yevhen/Documents/GitHub/RLD".
ParserError: Source "forge-std/Test.sol" not found: File not found. Searched the following locations: "/Users/yevhen/Documents/GitHub/RLD".
 --> contracts/lib/v4-core/test/utils/NestedActions.t.sol:4:1:
  |
4 | import {Test} from "forge-std/Test.sol";
  | ^^^^^^^^^^^^^^^^^^^^^^^^^^^^^^^^^^^^^^^^

Error (6275): Source "test/utils/Deployers.sol" not found: File not found. Searched the following locations: "/Users/yevhen/Documents/GitHub/RLD".
ParserError: Source "test/utils/Deployers.sol" not found: File not found. Searched the following locations: "/Users/yevhen/Documents/GitHub/RLD".
 --> contracts/lib/v4-core/test/utils/NestedActions.t.sol:5:1:
  |
5 | import {Deployers} from "test/utils/Deployers.sol";
  | ^^^^^^^^^^^^^^^^^^^^^^^^^^^^^^^^^^^^^^^^^^^^^^^^^^^

Error (6275): Source "src/test/PoolNestedActionsTest.sol" not found: File not found. Searched the following locations: "/Users/yevhen/Documents/GitHub/RLD".
ParserError: Source "src/test/PoolNestedActionsTest.sol" not found: File not found. Searched the following locations: "/Users/yevhen/Documents/GitHub/RLD".
 --> contracts/lib/v4-core/test/utils/NestedActions.t.sol:6:1:
  |
6 | import {Action} from "src/test/PoolNestedActionsTest.sol";
  | ^^^^^^^^^^^^^^^^^^^^^^^^^^^^^^^^^^^^^^^^^^^^^^^^^^^^^^^^^^

Error (6275): Source "src/interfaces/IHooks.sol" not found: File not found. Searched the following locations: "/Users/yevhen/Documents/GitHub/RLD".
ParserError: Source "src/interfaces/IHooks.sol" not found: File not found. Searched the following locations: "/Users/yevhen/Documents/GitHub/RLD".
 --> contracts/lib/v4-core/test/utils/NestedActions.t.sol:7:1:
  |
7 | import {IHooks} from "src/interfaces/IHooks.sol";
  | ^^^^^^^^^^^^^^^^^^^^^^^^^^^^^^^^^^^^^^^^^^^^^^^^^

Error (6275): Source "solmate/src/test/utils/mocks/MockERC20.sol" not found: File not found. Searched the following locations: "/Users/yevhen/Documents/GitHub/RLD".
ParserError: Source "solmate/src/test/utils/mocks/MockERC20.sol" not found: File not found. Searched the following locations: "/Users/yevhen/Documents/GitHub/RLD".
 --> contracts/lib/v4-core/test/utils/SortTokens.sol:4:1:
  |
4 | import {MockERC20} from "solmate/src/test/utils/mocks/MockERC20.sol";
  | ^^^^^^^^^^^^^^^^^^^^^^^^^^^^^^^^^^^^^^^^^^^^^^^^^^^^^^^^^^^^^^^^^^^^^

Error (6275): Source "forge-std/Test.sol" not found: File not found. Searched the following locations: "/Users/yevhen/Documents/GitHub/RLD".
ParserError: Source "forge-std/Test.sol" not found: File not found. Searched the following locations: "/Users/yevhen/Documents/GitHub/RLD".
 --> contracts/lib/v4-core/test/utils/V3Helper.sol:4:1:
  |
4 | import "forge-std/Test.sol";
  | ^^^^^^^^^^^^^^^^^^^^^^^^^^^^

Error (6275): Source "forge-std/Script.sol" not found: File not found. Searched the following locations: "/Users/yevhen/Documents/GitHub/RLD".
ParserError: Source "forge-std/Script.sol" not found: File not found. Searched the following locations: "/Users/yevhen/Documents/GitHub/RLD".
 --> contracts/lib/v4-periphery/script/01_PoolManager.s.sol:4:1:
  |
4 | import "forge-std/Script.sol";
  | ^^^^^^^^^^^^^^^^^^^^^^^^^^^^^^

Error (6275): Source "@uniswap/v4-core/src/PoolManager.sol" not found: File not found. Searched the following locations: "/Users/yevhen/Documents/GitHub/RLD".
ParserError: Source "@uniswap/v4-core/src/PoolManager.sol" not found: File not found. Searched the following locations: "/Users/yevhen/Documents/GitHub/RLD".
 --> contracts/lib/v4-periphery/script/01_PoolManager.s.sol:5:1:
  |
5 | import {PoolManager} from "@uniswap/v4-core/src/PoolManager.sol";
  | ^^^^^^^^^^^^^^^^^^^^^^^^^^^^^^^^^^^^^^^^^^^^^^^^^^^^^^^^^^^^^^^^^

Error (6275): Source "@uniswap/v4-core/src/interfaces/IPoolManager.sol" not found: File not found. Searched the following locations: "/Users/yevhen/Documents/GitHub/RLD".
ParserError: Source "@uniswap/v4-core/src/interfaces/IPoolManager.sol" not found: File not found. Searched the following locations: "/Users/yevhen/Documents/GitHub/RLD".
 --> contracts/lib/v4-periphery/script/01_PoolManager.s.sol:6:1:
  |
6 | import {IPoolManager} from "@uniswap/v4-core/src/interfaces/IPoolManager.sol";
  | ^^^^^^^^^^^^^^^^^^^^^^^^^^^^^^^^^^^^^^^^^^^^^^^^^^^^^^^^^^^^^^^^^^^^^^^^^^^^^^

Error (6275): Source "forge-std/console2.sol" not found: File not found. Searched the following locations: "/Users/yevhen/Documents/GitHub/RLD".
ParserError: Source "forge-std/console2.sol" not found: File not found. Searched the following locations: "/Users/yevhen/Documents/GitHub/RLD".
 --> contracts/lib/v4-periphery/script/01_PoolManager.s.sol:8:1:
  |
8 | import "forge-std/console2.sol";
  | ^^^^^^^^^^^^^^^^^^^^^^^^^^^^^^^^

Error (6275): Source "forge-std/Script.sol" not found: File not found. Searched the following locations: "/Users/yevhen/Documents/GitHub/RLD".
ParserError: Source "forge-std/Script.sol" not found: File not found. Searched the following locations: "/Users/yevhen/Documents/GitHub/RLD".
 --> contracts/lib/v4-periphery/script/02_PoolModifyLiquidityTest.s.sol:4:1:
  |
4 | import {Script} from "forge-std/Script.sol";
  | ^^^^^^^^^^^^^^^^^^^^^^^^^^^^^^^^^^^^^^^^^^^^

Error (6275): Source "@uniswap/v4-core/src/interfaces/IPoolManager.sol" not found: File not found. Searched the following locations: "/Users/yevhen/Documents/GitHub/RLD".
ParserError: Source "@uniswap/v4-core/src/interfaces/IPoolManager.sol" not found: File not found. Searched the following locations: "/Users/yevhen/Documents/GitHub/RLD".
 --> contracts/lib/v4-periphery/script/02_PoolModifyLiquidityTest.s.sol:5:1:
  |
5 | import {IPoolManager} from "@uniswap/v4-core/src/interfaces/IPoolManager.sol";
  | ^^^^^^^^^^^^^^^^^^^^^^^^^^^^^^^^^^^^^^^^^^^^^^^^^^^^^^^^^^^^^^^^^^^^^^^^^^^^^^

Error (6275): Source "@uniswap/v4-core/src/test/PoolModifyLiquidityTest.sol" not found: File not found. Searched the following locations: "/Users/yevhen/Documents/GitHub/RLD".
ParserError: Source "@uniswap/v4-core/src/test/PoolModifyLiquidityTest.sol" not found: File not found. Searched the following locations: "/Users/yevhen/Documents/GitHub/RLD".
 --> contracts/lib/v4-periphery/script/02_PoolModifyLiquidityTest.s.sol:6:1:
  |
6 | import {PoolModifyLiquidityTest} from "@uniswap/v4-core/src/test/PoolModifyLiquidityTest.sol";
  | ^^^^^^^^^^^^^^^^^^^^^^^^^^^^^^^^^^^^^^^^^^^^^^^^^^^^^^^^^^^^^^^^^^^^^^^^^^^^^^^^^^^^^^^^^^^^^^

Error (6275): Source "forge-std/console2.sol" not found: File not found. Searched the following locations: "/Users/yevhen/Documents/GitHub/RLD".
ParserError: Source "forge-std/console2.sol" not found: File not found. Searched the following locations: "/Users/yevhen/Documents/GitHub/RLD".
 --> contracts/lib/v4-periphery/script/02_PoolModifyLiquidityTest.s.sol:8:1:
  |
8 | import "forge-std/console2.sol";
  | ^^^^^^^^^^^^^^^^^^^^^^^^^^^^^^^^

Error (6275): Source "forge-std/Script.sol" not found: File not found. Searched the following locations: "/Users/yevhen/Documents/GitHub/RLD".
ParserError: Source "forge-std/Script.sol" not found: File not found. Searched the following locations: "/Users/yevhen/Documents/GitHub/RLD".
 --> contracts/lib/v4-periphery/script/03_PoolSwapTest.s.sol:4:1:
  |
4 | import {Script} from "forge-std/Script.sol";
  | ^^^^^^^^^^^^^^^^^^^^^^^^^^^^^^^^^^^^^^^^^^^^

Error (6275): Source "@uniswap/v4-core/src/interfaces/IPoolManager.sol" not found: File not found. Searched the following locations: "/Users/yevhen/Documents/GitHub/RLD".
ParserError: Source "@uniswap/v4-core/src/interfaces/IPoolManager.sol" not found: File not found. Searched the following locations: "/Users/yevhen/Documents/GitHub/RLD".
 --> contracts/lib/v4-periphery/script/03_PoolSwapTest.s.sol:5:1:
  |
5 | import {IPoolManager} from "@uniswap/v4-core/src/interfaces/IPoolManager.sol";
  | ^^^^^^^^^^^^^^^^^^^^^^^^^^^^^^^^^^^^^^^^^^^^^^^^^^^^^^^^^^^^^^^^^^^^^^^^^^^^^^

Error (6275): Source "@uniswap/v4-core/src/test/PoolSwapTest.sol" not found: File not found. Searched the following locations: "/Users/yevhen/Documents/GitHub/RLD".
ParserError: Source "@uniswap/v4-core/src/test/PoolSwapTest.sol" not found: File not found. Searched the following locations: "/Users/yevhen/Documents/GitHub/RLD".
 --> contracts/lib/v4-periphery/script/03_PoolSwapTest.s.sol:6:1:
  |
6 | import {PoolSwapTest} from "@uniswap/v4-core/src/test/PoolSwapTest.sol";
  | ^^^^^^^^^^^^^^^^^^^^^^^^^^^^^^^^^^^^^^^^^^^^^^^^^^^^^^^^^^^^^^^^^^^^^^^^

Error (6275): Source "forge-std/console2.sol" not found: File not found. Searched the following locations: "/Users/yevhen/Documents/GitHub/RLD".
ParserError: Source "forge-std/console2.sol" not found: File not found. Searched the following locations: "/Users/yevhen/Documents/GitHub/RLD".
 --> contracts/lib/v4-periphery/script/03_PoolSwapTest.s.sol:8:1:
  |
8 | import "forge-std/console2.sol";
  | ^^^^^^^^^^^^^^^^^^^^^^^^^^^^^^^^

Error (6275): Source "forge-std/Script.sol" not found: File not found. Searched the following locations: "/Users/yevhen/Documents/GitHub/RLD".
ParserError: Source "forge-std/Script.sol" not found: File not found. Searched the following locations: "/Users/yevhen/Documents/GitHub/RLD".
 --> contracts/lib/v4-periphery/script/DeployHook.s.sol:4:1:
  |
4 | import "forge-std/Script.sol";
  | ^^^^^^^^^^^^^^^^^^^^^^^^^^^^^^

Error (6275): Source "@uniswap/v4-core/src/libraries/Hooks.sol" not found: File not found. Searched the following locations: "/Users/yevhen/Documents/GitHub/RLD".
ParserError: Source "@uniswap/v4-core/src/libraries/Hooks.sol" not found: File not found. Searched the following locations: "/Users/yevhen/Documents/GitHub/RLD".
 --> contracts/lib/v4-periphery/script/DeployHook.s.sol:5:1:
  |
5 | import {Hooks} from "@uniswap/v4-core/src/libraries/Hooks.sol";
  | ^^^^^^^^^^^^^^^^^^^^^^^^^^^^^^^^^^^^^^^^^^^^^^^^^^^^^^^^^^^^^^^

Error (6275): Source "@uniswap/v4-core/src/interfaces/IPoolManager.sol" not found: File not found. Searched the following locations: "/Users/yevhen/Documents/GitHub/RLD".
ParserError: Source "@uniswap/v4-core/src/interfaces/IPoolManager.sol" not found: File not found. Searched the following locations: "/Users/yevhen/Documents/GitHub/RLD".
 --> contracts/lib/v4-periphery/script/DeployHook.s.sol:6:1:
  |
6 | import {IPoolManager} from "@uniswap/v4-core/src/interfaces/IPoolManager.sol";
  | ^^^^^^^^^^^^^^^^^^^^^^^^^^^^^^^^^^^^^^^^^^^^^^^^^^^^^^^^^^^^^^^^^^^^^^^^^^^^^^

Error (6275): Source "forge-std/console2.sol" not found: File not found. Searched the following locations: "/Users/yevhen/Documents/GitHub/RLD".
ParserError: Source "forge-std/console2.sol" not found: File not found. Searched the following locations: "/Users/yevhen/Documents/GitHub/RLD".
 --> contracts/lib/v4-periphery/script/DeployPosm.s.sol:4:1:
  |
4 | import "forge-std/console2.sol";
  | ^^^^^^^^^^^^^^^^^^^^^^^^^^^^^^^^

Error (6275): Source "forge-std/Script.sol" not found: File not found. Searched the following locations: "/Users/yevhen/Documents/GitHub/RLD".
ParserError: Source "forge-std/Script.sol" not found: File not found. Searched the following locations: "/Users/yevhen/Documents/GitHub/RLD".
 --> contracts/lib/v4-periphery/script/DeployPosm.s.sol:5:1:
  |
5 | import "forge-std/Script.sol";
  | ^^^^^^^^^^^^^^^^^^^^^^^^^^^^^^

Error (6275): Source "@uniswap/v4-core/src/interfaces/IPoolManager.sol" not found: File not found. Searched the following locations: "/Users/yevhen/Documents/GitHub/RLD".
ParserError: Source "@uniswap/v4-core/src/interfaces/IPoolManager.sol" not found: File not found. Searched the following locations: "/Users/yevhen/Documents/GitHub/RLD".
 --> contracts/lib/v4-periphery/script/DeployPosm.s.sol:7:1:
  |
7 | import {IPoolManager} from "@uniswap/v4-core/src/interfaces/IPoolManager.sol";
  | ^^^^^^^^^^^^^^^^^^^^^^^^^^^^^^^^^^^^^^^^^^^^^^^^^^^^^^^^^^^^^^^^^^^^^^^^^^^^^^

Error (6275): Source "permit2/src/interfaces/IAllowanceTransfer.sol" not found: File not found. Searched the following locations: "/Users/yevhen/Documents/GitHub/RLD".
ParserError: Source "permit2/src/interfaces/IAllowanceTransfer.sol" not found: File not found. Searched the following locations: "/Users/yevhen/Documents/GitHub/RLD".
 --> contracts/lib/v4-periphery/script/DeployPosm.s.sol:8:1:
  |
8 | import {IAllowanceTransfer} from "permit2/src/interfaces/IAllowanceTransfer.sol";
  | ^^^^^^^^^^^^^^^^^^^^^^^^^^^^^^^^^^^^^^^^^^^^^^^^^^^^^^^^^^^^^^^^^^^^^^^^^^^^^^^^^

Error (6275): Source "forge-std/console2.sol" not found: File not found. Searched the following locations: "/Users/yevhen/Documents/GitHub/RLD".
ParserError: Source "forge-std/console2.sol" not found: File not found. Searched the following locations: "/Users/yevhen/Documents/GitHub/RLD".
 --> contracts/lib/v4-periphery/script/DeployStateView.s.sol:4:1:
  |
4 | import "forge-std/console2.sol";
  | ^^^^^^^^^^^^^^^^^^^^^^^^^^^^^^^^

Error (6275): Source "forge-std/Script.sol" not found: File not found. Searched the following locations: "/Users/yevhen/Documents/GitHub/RLD".
ParserError: Source "forge-std/Script.sol" not found: File not found. Searched the following locations: "/Users/yevhen/Documents/GitHub/RLD".
 --> contracts/lib/v4-periphery/script/DeployStateView.s.sol:5:1:
  |
5 | import "forge-std/Script.sol";
  | ^^^^^^^^^^^^^^^^^^^^^^^^^^^^^^

Error (6275): Source "forge-std/console2.sol" not found: File not found. Searched the following locations: "/Users/yevhen/Documents/GitHub/RLD".
ParserError: Source "forge-std/console2.sol" not found: File not found. Searched the following locations: "/Users/yevhen/Documents/GitHub/RLD".
 --> contracts/lib/v4-periphery/script/DeployV4Quoter.s.sol:4:1:
  |
4 | import "forge-std/console2.sol";
  | ^^^^^^^^^^^^^^^^^^^^^^^^^^^^^^^^

Error (6275): Source "forge-std/Script.sol" not found: File not found. Searched the following locations: "/Users/yevhen/Documents/GitHub/RLD".
ParserError: Source "forge-std/Script.sol" not found: File not found. Searched the following locations: "/Users/yevhen/Documents/GitHub/RLD".
 --> contracts/lib/v4-periphery/script/DeployV4Quoter.s.sol:5:1:
  |
5 | import "forge-std/Script.sol";
  | ^^^^^^^^^^^^^^^^^^^^^^^^^^^^^^

Error (6275): Source "@uniswap/v4-core/src/interfaces/IPoolManager.sol" not found: File not found. Searched the following locations: "/Users/yevhen/Documents/GitHub/RLD".
ParserError: Source "@uniswap/v4-core/src/interfaces/IPoolManager.sol" not found: File not found. Searched the following locations: "/Users/yevhen/Documents/GitHub/RLD".
 --> contracts/lib/v4-periphery/src/base/BaseActionsRouter.sol:4:1:
  |
4 | import {IPoolManager} from "@uniswap/v4-core/src/interfaces/IPoolManager.sol";
  | ^^^^^^^^^^^^^^^^^^^^^^^^^^^^^^^^^^^^^^^^^^^^^^^^^^^^^^^^^^^^^^^^^^^^^^^^^^^^^^

Error (6275): Source "@uniswap/v4-core/src/interfaces/IPoolManager.sol" not found: File not found. Searched the following locations: "/Users/yevhen/Documents/GitHub/RLD".
ParserError: Source "@uniswap/v4-core/src/interfaces/IPoolManager.sol" not found: File not found. Searched the following locations: "/Users/yevhen/Documents/GitHub/RLD".
 --> contracts/lib/v4-periphery/src/base/BaseV4Quoter.sol:4:1:
  |
4 | import {IPoolManager} from "@uniswap/v4-core/src/interfaces/IPoolManager.sol";
  | ^^^^^^^^^^^^^^^^^^^^^^^^^^^^^^^^^^^^^^^^^^^^^^^^^^^^^^^^^^^^^^^^^^^^^^^^^^^^^^

Error (6275): Source "@uniswap/v4-core/src/types/BalanceDelta.sol" not found: File not found. Searched the following locations: "/Users/yevhen/Documents/GitHub/RLD".
ParserError: Source "@uniswap/v4-core/src/types/BalanceDelta.sol" not found: File not found. Searched the following locations: "/Users/yevhen/Documents/GitHub/RLD".
 --> contracts/lib/v4-periphery/src/base/BaseV4Quoter.sol:5:1:
  |
5 | import {BalanceDelta} from "@uniswap/v4-core/src/types/BalanceDelta.sol";
  | ^^^^^^^^^^^^^^^^^^^^^^^^^^^^^^^^^^^^^^^^^^^^^^^^^^^^^^^^^^^^^^^^^^^^^^^^^

Error (6275): Source "@uniswap/v4-core/src/types/PoolKey.sol" not found: File not found. Searched the following locations: "/Users/yevhen/Documents/GitHub/RLD".
ParserError: Source "@uniswap/v4-core/src/types/PoolKey.sol" not found: File not found. Searched the following locations: "/Users/yevhen/Documents/GitHub/RLD".
 --> contracts/lib/v4-periphery/src/base/BaseV4Quoter.sol:6:1:
  |
6 | import {PoolKey} from "@uniswap/v4-core/src/types/PoolKey.sol";
  | ^^^^^^^^^^^^^^^^^^^^^^^^^^^^^^^^^^^^^^^^^^^^^^^^^^^^^^^^^^^^^^^

Error (6275): Source "@uniswap/v4-core/src/types/PoolId.sol" not found: File not found. Searched the following locations: "/Users/yevhen/Documents/GitHub/RLD".
ParserError: Source "@uniswap/v4-core/src/types/PoolId.sol" not found: File not found. Searched the following locations: "/Users/yevhen/Documents/GitHub/RLD".
 --> contracts/lib/v4-periphery/src/base/BaseV4Quoter.sol:9:1:
  |
9 | import {PoolId} from "@uniswap/v4-core/src/types/PoolId.sol";
  | ^^^^^^^^^^^^^^^^^^^^^^^^^^^^^^^^^^^^^^^^^^^^^^^^^^^^^^^^^^^^^

Error (6275): Source "@uniswap/v4-core/src/libraries/TickMath.sol" not found: File not found. Searched the following locations: "/Users/yevhen/Documents/GitHub/RLD".
ParserError: Source "@uniswap/v4-core/src/libraries/TickMath.sol" not found: File not found. Searched the following locations: "/Users/yevhen/Documents/GitHub/RLD".
  --> contracts/lib/v4-periphery/src/base/BaseV4Quoter.sol:10:1:
   |
10 | import {TickMath} from "@uniswap/v4-core/src/libraries/TickMath.sol";
   | ^^^^^^^^^^^^^^^^^^^^^^^^^^^^^^^^^^^^^^^^^^^^^^^^^^^^^^^^^^^^^^^^^^^^^

Error (6275): Source "@uniswap/v4-core/src/types/PoolOperation.sol" not found: File not found. Searched the following locations: "/Users/yevhen/Documents/GitHub/RLD".
ParserError: Source "@uniswap/v4-core/src/types/PoolOperation.sol" not found: File not found. Searched the following locations: "/Users/yevhen/Documents/GitHub/RLD".
  --> contracts/lib/v4-periphery/src/base/BaseV4Quoter.sol:11:1:
   |
11 | import {SwapParams} from "@uniswap/v4-core/src/types/PoolOperation.sol";
   | ^^^^^^^^^^^^^^^^^^^^^^^^^^^^^^^^^^^^^^^^^^^^^^^^^^^^^^^^^^^^^^^^^^^^^^^^

Error (6275): Source "@uniswap/v4-core/src/types/Currency.sol" not found: File not found. Searched the following locations: "/Users/yevhen/Documents/GitHub/RLD".
ParserError: Source "@uniswap/v4-core/src/types/Currency.sol" not found: File not found. Searched the following locations: "/Users/yevhen/Documents/GitHub/RLD".
 --> contracts/lib/v4-periphery/src/base/DeltaResolver.sol:4:1:
  |
4 | import {Currency} from "@uniswap/v4-core/src/types/Currency.sol";
  | ^^^^^^^^^^^^^^^^^^^^^^^^^^^^^^^^^^^^^^^^^^^^^^^^^^^^^^^^^^^^^^^^^

Error (6275): Source "@uniswap/v4-core/src/libraries/TransientStateLibrary.sol" not found: File not found. Searched the following locations: "/Users/yevhen/Documents/GitHub/RLD".
ParserError: Source "@uniswap/v4-core/src/libraries/TransientStateLibrary.sol" not found: File not found. Searched the following locations: "/Users/yevhen/Documents/GitHub/RLD".
 --> contracts/lib/v4-periphery/src/base/DeltaResolver.sol:5:1:
  |
5 | import {TransientStateLibrary} from "@uniswap/v4-core/src/libraries/TransientStateLibrary.sol";
  | ^^^^^^^^^^^^^^^^^^^^^^^^^^^^^^^^^^^^^^^^^^^^^^^^^^^^^^^^^^^^^^^^^^^^^^^^^^^^^^^^^^^^^^^^^^^^^^^

Error (6275): Source "@uniswap/v4-core/src/interfaces/IPoolManager.sol" not found: File not found. Searched the following locations: "/Users/yevhen/Documents/GitHub/RLD".
ParserError: Source "@uniswap/v4-core/src/interfaces/IPoolManager.sol" not found: File not found. Searched the following locations: "/Users/yevhen/Documents/GitHub/RLD".
 --> contracts/lib/v4-periphery/src/base/DeltaResolver.sol:6:1:
  |
6 | import {IPoolManager} from "@uniswap/v4-core/src/interfaces/IPoolManager.sol";
  | ^^^^^^^^^^^^^^^^^^^^^^^^^^^^^^^^^^^^^^^^^^^^^^^^^^^^^^^^^^^^^^^^^^^^^^^^^^^^^^

Error (6275): Source "solmate/src/tokens/ERC721.sol" not found: File not found. Searched the following locations: "/Users/yevhen/Documents/GitHub/RLD".
ParserError: Source "solmate/src/tokens/ERC721.sol" not found: File not found. Searched the following locations: "/Users/yevhen/Documents/GitHub/RLD".
 --> contracts/lib/v4-periphery/src/base/ERC721Permit_v4.sol:4:1:
  |
4 | import {ERC721} from "solmate/src/tokens/ERC721.sol";
  | ^^^^^^^^^^^^^^^^^^^^^^^^^^^^^^^^^^^^^^^^^^^^^^^^^^^^^

Error (6275): Source "permit2/src/libraries/SignatureVerification.sol" not found: File not found. Searched the following locations: "/Users/yevhen/Documents/GitHub/RLD".
ParserError: Source "permit2/src/libraries/SignatureVerification.sol" not found: File not found. Searched the following locations: "/Users/yevhen/Documents/GitHub/RLD".
 --> contracts/lib/v4-periphery/src/base/ERC721Permit_v4.sol:7:1:
  |
7 | import {SignatureVerification} from "permit2/src/libraries/SignatureVerification.sol";
  | ^^^^^^^^^^^^^^^^^^^^^^^^^^^^^^^^^^^^^^^^^^^^^^^^^^^^^^^^^^^^^^^^^^^^^^^^^^^^^^^^^^^^^^

Error (6275): Source "@uniswap/v4-core/src/interfaces/IPoolManager.sol" not found: File not found. Searched the following locations: "/Users/yevhen/Documents/GitHub/RLD".
ParserError: Source "@uniswap/v4-core/src/interfaces/IPoolManager.sol" not found: File not found. Searched the following locations: "/Users/yevhen/Documents/GitHub/RLD".
 --> contracts/lib/v4-periphery/src/base/ImmutableState.sol:4:1:
  |
4 | import {IPoolManager} from "@uniswap/v4-core/src/interfaces/IPoolManager.sol";
  | ^^^^^^^^^^^^^^^^^^^^^^^^^^^^^^^^^^^^^^^^^^^^^^^^^^^^^^^^^^^^^^^^^^^^^^^^^^^^^^

Error (6275): Source "@uniswap/v4-core/src/libraries/CustomRevert.sol" not found: File not found. Searched the following locations: "/Users/yevhen/Documents/GitHub/RLD".
ParserError: Source "@uniswap/v4-core/src/libraries/CustomRevert.sol" not found: File not found. Searched the following locations: "/Users/yevhen/Documents/GitHub/RLD".
 --> contracts/lib/v4-periphery/src/base/Notifier.sol:6:1:
  |
6 | import {CustomRevert} from "@uniswap/v4-core/src/libraries/CustomRevert.sol";
  | ^^^^^^^^^^^^^^^^^^^^^^^^^^^^^^^^^^^^^^^^^^^^^^^^^^^^^^^^^^^^^^^^^^^^^^^^^^^^^

Error (6275): Source "@uniswap/v4-core/src/types/BalanceDelta.sol" not found: File not found. Searched the following locations: "/Users/yevhen/Documents/GitHub/RLD".
ParserError: Source "@uniswap/v4-core/src/types/BalanceDelta.sol" not found: File not found. Searched the following locations: "/Users/yevhen/Documents/GitHub/RLD".
 --> contracts/lib/v4-periphery/src/base/Notifier.sol:7:1:
  |
7 | import {BalanceDelta} from "@uniswap/v4-core/src/types/BalanceDelta.sol";
  | ^^^^^^^^^^^^^^^^^^^^^^^^^^^^^^^^^^^^^^^^^^^^^^^^^^^^^^^^^^^^^^^^^^^^^^^^^

Error (6275): Source "@uniswap/v4-core/src/types/PoolKey.sol" not found: File not found. Searched the following locations: "/Users/yevhen/Documents/GitHub/RLD".
ParserError: Source "@uniswap/v4-core/src/types/PoolKey.sol" not found: File not found. Searched the following locations: "/Users/yevhen/Documents/GitHub/RLD".
 --> contracts/lib/v4-periphery/src/base/PoolInitializer_v4.sol:5:1:
  |
5 | import {PoolKey} from "@uniswap/v4-core/src/types/PoolKey.sol";
  | ^^^^^^^^^^^^^^^^^^^^^^^^^^^^^^^^^^^^^^^^^^^^^^^^^^^^^^^^^^^^^^^

Error (6275): Source "@uniswap/v4-core/src/interfaces/callback/IUnlockCallback.sol" not found: File not found. Searched the following locations: "/Users/yevhen/Documents/GitHub/RLD".
ParserError: Source "@uniswap/v4-core/src/interfaces/callback/IUnlockCallback.sol" not found: File not found. Searched the following locations: "/Users/yevhen/Documents/GitHub/RLD".
 --> contracts/lib/v4-periphery/src/base/SafeCallback.sol:4:1:
  |
4 | import {IUnlockCallback} from "@uniswap/v4-core/src/interfaces/callback/IUnlockCallback.sol";
  | ^^^^^^^^^^^^^^^^^^^^^^^^^^^^^^^^^^^^^^^^^^^^^^^^^^^^^^^^^^^^^^^^^^^^^^^^^^^^^^^^^^^^^^^^^^^^^

Error (6275): Source "@uniswap/v4-core/src/interfaces/IPoolManager.sol" not found: File not found. Searched the following locations: "/Users/yevhen/Documents/GitHub/RLD".
ParserError: Source "@uniswap/v4-core/src/interfaces/IPoolManager.sol" not found: File not found. Searched the following locations: "/Users/yevhen/Documents/GitHub/RLD".
 --> contracts/lib/v4-periphery/src/base/SafeCallback.sol:5:1:
  |
5 | import {IPoolManager} from "@uniswap/v4-core/src/interfaces/IPoolManager.sol";
  | ^^^^^^^^^^^^^^^^^^^^^^^^^^^^^^^^^^^^^^^^^^^^^^^^^^^^^^^^^^^^^^^^^^^^^^^^^^^^^^

Error (6275): Source "@uniswap/v4-core/src/types/BeforeSwapDelta.sol" not found: File not found. Searched the following locations: "/Users/yevhen/Documents/GitHub/RLD".
ParserError: Source "@uniswap/v4-core/src/types/BeforeSwapDelta.sol" not found: File not found. Searched the following locations: "/Users/yevhen/Documents/GitHub/RLD".
 --> contracts/lib/v4-periphery/src/base/hooks/BaseTokenWrapperHook.sol:4:1:
  |
4 | import {
  | ^ (Relevant source part starts here and spans across multiple lines).

Error (6275): Source "@uniswap/v4-core/src/types/Currency.sol" not found: File not found. Searched the following locations: "/Users/yevhen/Documents/GitHub/RLD".
ParserError: Source "@uniswap/v4-core/src/types/Currency.sol" not found: File not found. Searched the following locations: "/Users/yevhen/Documents/GitHub/RLD".
 --> contracts/lib/v4-periphery/src/base/hooks/BaseTokenWrapperHook.sol:9:1:
  |
9 | import {Currency, CurrencyLibrary} from "@uniswap/v4-core/src/types/Currency.sol";
  | ^^^^^^^^^^^^^^^^^^^^^^^^^^^^^^^^^^^^^^^^^^^^^^^^^^^^^^^^^^^^^^^^^^^^^^^^^^^^^^^^^^

Error (6275): Source "@uniswap/v4-core/src/types/PoolKey.sol" not found: File not found. Searched the following locations: "/Users/yevhen/Documents/GitHub/RLD".
ParserError: Source "@uniswap/v4-core/src/types/PoolKey.sol" not found: File not found. Searched the following locations: "/Users/yevhen/Documents/GitHub/RLD".
  --> contracts/lib/v4-periphery/src/base/hooks/BaseTokenWrapperHook.sol:10:1:
   |
10 | import {PoolKey} from "@uniswap/v4-core/src/types/PoolKey.sol";
   | ^^^^^^^^^^^^^^^^^^^^^^^^^^^^^^^^^^^^^^^^^^^^^^^^^^^^^^^^^^^^^^^

Error (6275): Source "@uniswap/v4-core/src/libraries/SafeCast.sol" not found: File not found. Searched the following locations: "/Users/yevhen/Documents/GitHub/RLD".
ParserError: Source "@uniswap/v4-core/src/libraries/SafeCast.sol" not found: File not found. Searched the following locations: "/Users/yevhen/Documents/GitHub/RLD".
  --> contracts/lib/v4-periphery/src/base/hooks/BaseTokenWrapperHook.sol:11:1:
   |
11 | import {SafeCast} from "@uniswap/v4-core/src/libraries/SafeCast.sol";
   | ^^^^^^^^^^^^^^^^^^^^^^^^^^^^^^^^^^^^^^^^^^^^^^^^^^^^^^^^^^^^^^^^^^^^^

Error (6275): Source "@uniswap/v4-core/src/interfaces/IHooks.sol" not found: File not found. Searched the following locations: "/Users/yevhen/Documents/GitHub/RLD".
ParserError: Source "@uniswap/v4-core/src/interfaces/IHooks.sol" not found: File not found. Searched the following locations: "/Users/yevhen/Documents/GitHub/RLD".
  --> contracts/lib/v4-periphery/src/base/hooks/BaseTokenWrapperHook.sol:12:1:
   |
12 | import {IHooks} from "@uniswap/v4-core/src/interfaces/IHooks.sol";
   | ^^^^^^^^^^^^^^^^^^^^^^^^^^^^^^^^^^^^^^^^^^^^^^^^^^^^^^^^^^^^^^^^^^

Error (6275): Source "@uniswap/v4-core/src/libraries/Hooks.sol" not found: File not found. Searched the following locations: "/Users/yevhen/Documents/GitHub/RLD".
ParserError: Source "@uniswap/v4-core/src/libraries/Hooks.sol" not found: File not found. Searched the following locations: "/Users/yevhen/Documents/GitHub/RLD".
  --> contracts/lib/v4-periphery/src/base/hooks/BaseTokenWrapperHook.sol:13:1:
   |
13 | import {Hooks} from "@uniswap/v4-core/src/libraries/Hooks.sol";
   | ^^^^^^^^^^^^^^^^^^^^^^^^^^^^^^^^^^^^^^^^^^^^^^^^^^^^^^^^^^^^^^^

Error (6275): Source "@uniswap/v4-core/src/interfaces/IPoolManager.sol" not found: File not found. Searched the following locations: "/Users/yevhen/Documents/GitHub/RLD".
ParserError: Source "@uniswap/v4-core/src/interfaces/IPoolManager.sol" not found: File not found. Searched the following locations: "/Users/yevhen/Documents/GitHub/RLD".
  --> contracts/lib/v4-periphery/src/base/hooks/BaseTokenWrapperHook.sol:14:1:
   |
14 | import {IPoolManager} from "@uniswap/v4-core/src/interfaces/IPoolManager.sol";
   | ^^^^^^^^^^^^^^^^^^^^^^^^^^^^^^^^^^^^^^^^^^^^^^^^^^^^^^^^^^^^^^^^^^^^^^^^^^^^^^

Error (6275): Source "@uniswap/v4-core/src/types/PoolOperation.sol" not found: File not found. Searched the following locations: "/Users/yevhen/Documents/GitHub/RLD".
ParserError: Source "@uniswap/v4-core/src/types/PoolOperation.sol" not found: File not found. Searched the following locations: "/Users/yevhen/Documents/GitHub/RLD".
  --> contracts/lib/v4-periphery/src/base/hooks/BaseTokenWrapperHook.sol:17:1:
   |
17 | import {ModifyLiquidityParams, SwapParams} from "@uniswap/v4-core/src/types/PoolOperation.sol";
   | ^^^^^^^^^^^^^^^^^^^^^^^^^^^^^^^^^^^^^^^^^^^^^^^^^^^^^^^^^^^^^^^^^^^^^^^^^^^^^^^^^^^^^^^^^^^^^^^

Error (6275): Source "@uniswap/v4-core/src/interfaces/IPoolManager.sol" not found: File not found. Searched the following locations: "/Users/yevhen/Documents/GitHub/RLD".
ParserError: Source "@uniswap/v4-core/src/interfaces/IPoolManager.sol" not found: File not found. Searched the following locations: "/Users/yevhen/Documents/GitHub/RLD".
 --> contracts/lib/v4-periphery/src/interfaces/IImmutableState.sol:4:1:
  |
4 | import {IPoolManager} from "@uniswap/v4-core/src/interfaces/IPoolManager.sol";
  | ^^^^^^^^^^^^^^^^^^^^^^^^^^^^^^^^^^^^^^^^^^^^^^^^^^^^^^^^^^^^^^^^^^^^^^^^^^^^^^

Error (6275): Source "permit2/src/interfaces/IAllowanceTransfer.sol" not found: File not found. Searched the following locations: "/Users/yevhen/Documents/GitHub/RLD".
ParserError: Source "permit2/src/interfaces/IAllowanceTransfer.sol" not found: File not found. Searched the following locations: "/Users/yevhen/Documents/GitHub/RLD".
 --> contracts/lib/v4-periphery/src/interfaces/IPermit2Forwarder.sol:4:1:
  |
4 | import {IAllowanceTransfer} from "permit2/src/interfaces/IAllowanceTransfer.sol";
  | ^^^^^^^^^^^^^^^^^^^^^^^^^^^^^^^^^^^^^^^^^^^^^^^^^^^^^^^^^^^^^^^^^^^^^^^^^^^^^^^^^

Error (6275): Source "@uniswap/v4-core/src/types/PoolKey.sol" not found: File not found. Searched the following locations: "/Users/yevhen/Documents/GitHub/RLD".
ParserError: Source "@uniswap/v4-core/src/types/PoolKey.sol" not found: File not found. Searched the following locations: "/Users/yevhen/Documents/GitHub/RLD".
 --> contracts/lib/v4-periphery/src/interfaces/IPoolInitializer_v4.sol:4:1:
  |
4 | import {PoolKey} from "@uniswap/v4-core/src/types/PoolKey.sol";
  | ^^^^^^^^^^^^^^^^^^^^^^^^^^^^^^^^^^^^^^^^^^^^^^^^^^^^^^^^^^^^^^^

Error (6275): Source "@uniswap/v4-core/src/interfaces/IPoolManager.sol" not found: File not found. Searched the following locations: "/Users/yevhen/Documents/GitHub/RLD".
ParserError: Source "@uniswap/v4-core/src/interfaces/IPoolManager.sol" not found: File not found. Searched the following locations: "/Users/yevhen/Documents/GitHub/RLD".
 --> contracts/lib/v4-periphery/src/interfaces/IPositionDescriptor.sol:5:1:
  |
5 | import {IPoolManager} from "@uniswap/v4-core/src/interfaces/IPoolManager.sol";
  | ^^^^^^^^^^^^^^^^^^^^^^^^^^^^^^^^^^^^^^^^^^^^^^^^^^^^^^^^^^^^^^^^^^^^^^^^^^^^^^

Error (6275): Source "@uniswap/v4-core/src/types/PoolKey.sol" not found: File not found. Searched the following locations: "/Users/yevhen/Documents/GitHub/RLD".
ParserError: Source "@uniswap/v4-core/src/types/PoolKey.sol" not found: File not found. Searched the following locations: "/Users/yevhen/Documents/GitHub/RLD".
 --> contracts/lib/v4-periphery/src/interfaces/IPositionManager.sol:4:1:
  |
4 | import {PoolKey} from "@uniswap/v4-core/src/types/PoolKey.sol";
  | ^^^^^^^^^^^^^^^^^^^^^^^^^^^^^^^^^^^^^^^^^^^^^^^^^^^^^^^^^^^^^^^

Error (6275): Source "@uniswap/v4-core/src/libraries/StateLibrary.sol" not found: File not found. Searched the following locations: "/Users/yevhen/Documents/GitHub/RLD".
ParserError: Source "@uniswap/v4-core/src/libraries/StateLibrary.sol" not found: File not found. Searched the following locations: "/Users/yevhen/Documents/GitHub/RLD".
 --> contracts/lib/v4-periphery/src/interfaces/IStateView.sol:4:1:
  |
4 | import {StateLibrary} from "@uniswap/v4-core/src/libraries/StateLibrary.sol";
  | ^^^^^^^^^^^^^^^^^^^^^^^^^^^^^^^^^^^^^^^^^^^^^^^^^^^^^^^^^^^^^^^^^^^^^^^^^^^^^

Error (6275): Source "@uniswap/v4-core/src/types/PoolId.sol" not found: File not found. Searched the following locations: "/Users/yevhen/Documents/GitHub/RLD".
ParserError: Source "@uniswap/v4-core/src/types/PoolId.sol" not found: File not found. Searched the following locations: "/Users/yevhen/Documents/GitHub/RLD".
 --> contracts/lib/v4-periphery/src/interfaces/IStateView.sol:5:1:
  |
5 | import {PoolId} from "@uniswap/v4-core/src/types/PoolId.sol";
  | ^^^^^^^^^^^^^^^^^^^^^^^^^^^^^^^^^^^^^^^^^^^^^^^^^^^^^^^^^^^^^

Error (6275): Source "@uniswap/v4-core/src/interfaces/IPoolManager.sol" not found: File not found. Searched the following locations: "/Users/yevhen/Documents/GitHub/RLD".
ParserError: Source "@uniswap/v4-core/src/interfaces/IPoolManager.sol" not found: File not found. Searched the following locations: "/Users/yevhen/Documents/GitHub/RLD".
 --> contracts/lib/v4-periphery/src/interfaces/IStateView.sol:6:1:
  |
6 | import {IPoolManager} from "@uniswap/v4-core/src/interfaces/IPoolManager.sol";
  | ^^^^^^^^^^^^^^^^^^^^^^^^^^^^^^^^^^^^^^^^^^^^^^^^^^^^^^^^^^^^^^^^^^^^^^^^^^^^^^

Error (6275): Source "@uniswap/v4-core/src/libraries/Position.sol" not found: File not found. Searched the following locations: "/Users/yevhen/Documents/GitHub/RLD".
ParserError: Source "@uniswap/v4-core/src/libraries/Position.sol" not found: File not found. Searched the following locations: "/Users/yevhen/Documents/GitHub/RLD".
 --> contracts/lib/v4-periphery/src/interfaces/IStateView.sol:7:1:
  |
7 | import {Position} from "@uniswap/v4-core/src/libraries/Position.sol";
  | ^^^^^^^^^^^^^^^^^^^^^^^^^^^^^^^^^^^^^^^^^^^^^^^^^^^^^^^^^^^^^^^^^^^^^

Error (6275): Source "@uniswap/v4-core/src/types/BalanceDelta.sol" not found: File not found. Searched the following locations: "/Users/yevhen/Documents/GitHub/RLD".
ParserError: Source "@uniswap/v4-core/src/types/BalanceDelta.sol" not found: File not found. Searched the following locations: "/Users/yevhen/Documents/GitHub/RLD".
 --> contracts/lib/v4-periphery/src/interfaces/ISubscriber.sol:4:1:
  |
4 | import {BalanceDelta} from "@uniswap/v4-core/src/types/BalanceDelta.sol";
  | ^^^^^^^^^^^^^^^^^^^^^^^^^^^^^^^^^^^^^^^^^^^^^^^^^^^^^^^^^^^^^^^^^^^^^^^^^

Error (6275): Source "@uniswap/v4-core/src/types/PoolKey.sol" not found: File not found. Searched the following locations: "/Users/yevhen/Documents/GitHub/RLD".
ParserError: Source "@uniswap/v4-core/src/types/PoolKey.sol" not found: File not found. Searched the following locations: "/Users/yevhen/Documents/GitHub/RLD".
 --> contracts/lib/v4-periphery/src/interfaces/IV4Quoter.sol:4:1:
  |
4 | import {PoolKey} from "@uniswap/v4-core/src/types/PoolKey.sol";
  | ^^^^^^^^^^^^^^^^^^^^^^^^^^^^^^^^^^^^^^^^^^^^^^^^^^^^^^^^^^^^^^^

Error (6275): Source "@uniswap/v4-core/src/types/Currency.sol" not found: File not found. Searched the following locations: "/Users/yevhen/Documents/GitHub/RLD".
ParserError: Source "@uniswap/v4-core/src/types/Currency.sol" not found: File not found. Searched the following locations: "/Users/yevhen/Documents/GitHub/RLD".
 --> contracts/lib/v4-periphery/src/interfaces/IV4Quoter.sol:5:1:
  |
5 | import {Currency} from "@uniswap/v4-core/src/types/Currency.sol";
  | ^^^^^^^^^^^^^^^^^^^^^^^^^^^^^^^^^^^^^^^^^^^^^^^^^^^^^^^^^^^^^^^^^

Error (6275): Source "@uniswap/v4-core/src/types/PoolKey.sol" not found: File not found. Searched the following locations: "/Users/yevhen/Documents/GitHub/RLD".
ParserError: Source "@uniswap/v4-core/src/types/PoolKey.sol" not found: File not found. Searched the following locations: "/Users/yevhen/Documents/GitHub/RLD".
 --> contracts/lib/v4-periphery/src/interfaces/IV4Router.sol:4:1:
  |
4 | import {PoolKey} from "@uniswap/v4-core/src/types/PoolKey.sol";
  | ^^^^^^^^^^^^^^^^^^^^^^^^^^^^^^^^^^^^^^^^^^^^^^^^^^^^^^^^^^^^^^^

Error (6275): Source "@uniswap/v4-core/src/types/Currency.sol" not found: File not found. Searched the following locations: "/Users/yevhen/Documents/GitHub/RLD".
ParserError: Source "@uniswap/v4-core/src/types/Currency.sol" not found: File not found. Searched the following locations: "/Users/yevhen/Documents/GitHub/RLD".
 --> contracts/lib/v4-periphery/src/interfaces/IV4Router.sol:5:1:
  |
5 | import {Currency} from "@uniswap/v4-core/src/types/Currency.sol";
  | ^^^^^^^^^^^^^^^^^^^^^^^^^^^^^^^^^^^^^^^^^^^^^^^^^^^^^^^^^^^^^^^^^

Error (6275): Source "@openzeppelin/contracts/token/ERC20/IERC20.sol" not found: File not found. Searched the following locations: "/Users/yevhen/Documents/GitHub/RLD".
ParserError: Source "@openzeppelin/contracts/token/ERC20/IERC20.sol" not found: File not found. Searched the following locations: "/Users/yevhen/Documents/GitHub/RLD".
 --> contracts/lib/v4-periphery/src/interfaces/external/IWETH9.sol:4:1:
  |
4 | import {IERC20} from "@openzeppelin/contracts/token/ERC20/IERC20.sol";
  | ^^^^^^^^^^^^^^^^^^^^^^^^^^^^^^^^^^^^^^^^^^^^^^^^^^^^^^^^^^^^^^^^^^^^^^

Error (6275): Source "@uniswap/v4-core/src/libraries/StateLibrary.sol" not found: File not found. Searched the following locations: "/Users/yevhen/Documents/GitHub/RLD".
ParserError: Source "@uniswap/v4-core/src/libraries/StateLibrary.sol" not found: File not found. Searched the following locations: "/Users/yevhen/Documents/GitHub/RLD".
 --> contracts/lib/v4-periphery/src/lens/StateView.sol:4:1:
  |
4 | import {StateLibrary} from "@uniswap/v4-core/src/libraries/StateLibrary.sol";
  | ^^^^^^^^^^^^^^^^^^^^^^^^^^^^^^^^^^^^^^^^^^^^^^^^^^^^^^^^^^^^^^^^^^^^^^^^^^^^^

Error (6275): Source "@uniswap/v4-core/src/types/PoolId.sol" not found: File not found. Searched the following locations: "/Users/yevhen/Documents/GitHub/RLD".
ParserError: Source "@uniswap/v4-core/src/types/PoolId.sol" not found: File not found. Searched the following locations: "/Users/yevhen/Documents/GitHub/RLD".
 --> contracts/lib/v4-periphery/src/lens/StateView.sol:5:1:
  |
5 | import {PoolId} from "@uniswap/v4-core/src/types/PoolId.sol";
  | ^^^^^^^^^^^^^^^^^^^^^^^^^^^^^^^^^^^^^^^^^^^^^^^^^^^^^^^^^^^^^

Error (6275): Source "@uniswap/v4-core/src/interfaces/IPoolManager.sol" not found: File not found. Searched the following locations: "/Users/yevhen/Documents/GitHub/RLD".
ParserError: Source "@uniswap/v4-core/src/interfaces/IPoolManager.sol" not found: File not found. Searched the following locations: "/Users/yevhen/Documents/GitHub/RLD".
 --> contracts/lib/v4-periphery/src/lens/StateView.sol:6:1:
  |
6 | import {IPoolManager} from "@uniswap/v4-core/src/interfaces/IPoolManager.sol";
  | ^^^^^^^^^^^^^^^^^^^^^^^^^^^^^^^^^^^^^^^^^^^^^^^^^^^^^^^^^^^^^^^^^^^^^^^^^^^^^^

Error (6275): Source "@uniswap/v4-core/src/libraries/Position.sol" not found: File not found. Searched the following locations: "/Users/yevhen/Documents/GitHub/RLD".
ParserError: Source "@uniswap/v4-core/src/libraries/Position.sol" not found: File not found. Searched the following locations: "/Users/yevhen/Documents/GitHub/RLD".
 --> contracts/lib/v4-periphery/src/lens/StateView.sol:7:1:
  |
7 | import {Position} from "@uniswap/v4-core/src/libraries/Position.sol";
  | ^^^^^^^^^^^^^^^^^^^^^^^^^^^^^^^^^^^^^^^^^^^^^^^^^^^^^^^^^^^^^^^^^^^^^

Error (6275): Source "@uniswap/v4-core/src/interfaces/IPoolManager.sol" not found: File not found. Searched the following locations: "/Users/yevhen/Documents/GitHub/RLD".
ParserError: Source "@uniswap/v4-core/src/interfaces/IPoolManager.sol" not found: File not found. Searched the following locations: "/Users/yevhen/Documents/GitHub/RLD".
 --> contracts/lib/v4-periphery/src/lens/V4Quoter.sol:4:1:
  |
4 | import {IPoolManager} from "@uniswap/v4-core/src/interfaces/IPoolManager.sol";
  | ^^^^^^^^^^^^^^^^^^^^^^^^^^^^^^^^^^^^^^^^^^^^^^^^^^^^^^^^^^^^^^^^^^^^^^^^^^^^^^

Error (6275): Source "@uniswap/v4-core/src/types/BalanceDelta.sol" not found: File not found. Searched the following locations: "/Users/yevhen/Documents/GitHub/RLD".
ParserError: Source "@uniswap/v4-core/src/types/BalanceDelta.sol" not found: File not found. Searched the following locations: "/Users/yevhen/Documents/GitHub/RLD".
 --> contracts/lib/v4-periphery/src/lens/V4Quoter.sol:5:1:
  |
5 | import {BalanceDelta} from "@uniswap/v4-core/src/types/BalanceDelta.sol";
  | ^^^^^^^^^^^^^^^^^^^^^^^^^^^^^^^^^^^^^^^^^^^^^^^^^^^^^^^^^^^^^^^^^^^^^^^^^

Error (6275): Source "@uniswap/v4-core/src/types/Currency.sol" not found: File not found. Searched the following locations: "/Users/yevhen/Documents/GitHub/RLD".
ParserError: Source "@uniswap/v4-core/src/types/Currency.sol" not found: File not found. Searched the following locations: "/Users/yevhen/Documents/GitHub/RLD".
 --> contracts/lib/v4-periphery/src/lens/V4Quoter.sol:6:1:
  |
6 | import {Currency} from "@uniswap/v4-core/src/types/Currency.sol";
  | ^^^^^^^^^^^^^^^^^^^^^^^^^^^^^^^^^^^^^^^^^^^^^^^^^^^^^^^^^^^^^^^^^

Error (6275): Source "@uniswap/v4-core/src/types/PoolKey.sol" not found: File not found. Searched the following locations: "/Users/yevhen/Documents/GitHub/RLD".
ParserError: Source "@uniswap/v4-core/src/types/PoolKey.sol" not found: File not found. Searched the following locations: "/Users/yevhen/Documents/GitHub/RLD".
 --> contracts/lib/v4-periphery/src/lens/V4Quoter.sol:7:1:
  |
7 | import {PoolKey} from "@uniswap/v4-core/src/types/PoolKey.sol";
  | ^^^^^^^^^^^^^^^^^^^^^^^^^^^^^^^^^^^^^^^^^^^^^^^^^^^^^^^^^^^^^^^

Error (6275): Source "@uniswap/v4-core/src/libraries/StateLibrary.sol" not found: File not found. Searched the following locations: "/Users/yevhen/Documents/GitHub/RLD".
ParserError: Source "@uniswap/v4-core/src/libraries/StateLibrary.sol" not found: File not found. Searched the following locations: "/Users/yevhen/Documents/GitHub/RLD".
 --> contracts/lib/v4-periphery/src/lens/V4Quoter.sol:8:1:
  |
8 | import {StateLibrary} from "@uniswap/v4-core/src/libraries/StateLibrary.sol";
  | ^^^^^^^^^^^^^^^^^^^^^^^^^^^^^^^^^^^^^^^^^^^^^^^^^^^^^^^^^^^^^^^^^^^^^^^^^^^^^

Error (6275): Source "@uniswap/v4-core/src/types/Currency.sol" not found: File not found. Searched the following locations: "/Users/yevhen/Documents/GitHub/RLD".
ParserError: Source "@uniswap/v4-core/src/types/Currency.sol" not found: File not found. Searched the following locations: "/Users/yevhen/Documents/GitHub/RLD".
 --> contracts/lib/v4-periphery/src/libraries/CalldataDecoder.sol:4:1:
  |
4 | import {Currency} from "@uniswap/v4-core/src/types/Currency.sol";
  | ^^^^^^^^^^^^^^^^^^^^^^^^^^^^^^^^^^^^^^^^^^^^^^^^^^^^^^^^^^^^^^^^^

Error (6275): Source "@uniswap/v4-core/src/types/PoolKey.sol" not found: File not found. Searched the following locations: "/Users/yevhen/Documents/GitHub/RLD".
ParserError: Source "@uniswap/v4-core/src/types/PoolKey.sol" not found: File not found. Searched the following locations: "/Users/yevhen/Documents/GitHub/RLD".
 --> contracts/lib/v4-periphery/src/libraries/CalldataDecoder.sol:6:1:
  |
6 | import {PoolKey} from "@uniswap/v4-core/src/types/PoolKey.sol";
  | ^^^^^^^^^^^^^^^^^^^^^^^^^^^^^^^^^^^^^^^^^^^^^^^^^^^^^^^^^^^^^^^

Error (6275): Source "@uniswap/v4-core/src/libraries/TickMath.sol" not found: File not found. Searched the following locations: "/Users/yevhen/Documents/GitHub/RLD".
ParserError: Source "@uniswap/v4-core/src/libraries/TickMath.sol" not found: File not found. Searched the following locations: "/Users/yevhen/Documents/GitHub/RLD".
 --> contracts/lib/v4-periphery/src/libraries/Descriptor.sol:4:1:
  |
4 | import {TickMath} from "@uniswap/v4-core/src/libraries/TickMath.sol";
  | ^^^^^^^^^^^^^^^^^^^^^^^^^^^^^^^^^^^^^^^^^^^^^^^^^^^^^^^^^^^^^^^^^^^^^

Error (6275): Source "@uniswap/v4-core/src/libraries/FullMath.sol" not found: File not found. Searched the following locations: "/Users/yevhen/Documents/GitHub/RLD".
ParserError: Source "@uniswap/v4-core/src/libraries/FullMath.sol" not found: File not found. Searched the following locations: "/Users/yevhen/Documents/GitHub/RLD".
 --> contracts/lib/v4-periphery/src/libraries/Descriptor.sol:5:1:
  |
5 | import {FullMath} from "@uniswap/v4-core/src/libraries/FullMath.sol";
  | ^^^^^^^^^^^^^^^^^^^^^^^^^^^^^^^^^^^^^^^^^^^^^^^^^^^^^^^^^^^^^^^^^^^^^

Error (6275): Source "@uniswap/v4-core/src/libraries/LPFeeLibrary.sol" not found: File not found. Searched the following locations: "/Users/yevhen/Documents/GitHub/RLD".
ParserError: Source "@uniswap/v4-core/src/libraries/LPFeeLibrary.sol" not found: File not found. Searched the following locations: "/Users/yevhen/Documents/GitHub/RLD".
 --> contracts/lib/v4-periphery/src/libraries/Descriptor.sol:6:1:
  |
6 | import {LPFeeLibrary} from "@uniswap/v4-core/src/libraries/LPFeeLibrary.sol";
  | ^^^^^^^^^^^^^^^^^^^^^^^^^^^^^^^^^^^^^^^^^^^^^^^^^^^^^^^^^^^^^^^^^^^^^^^^^^^^^

Error (6275): Source "openzeppelin-contracts/contracts/utils/Strings.sol" not found: File not found. Searched the following locations: "/Users/yevhen/Documents/GitHub/RLD".
ParserError: Source "openzeppelin-contracts/contracts/utils/Strings.sol" not found: File not found. Searched the following locations: "/Users/yevhen/Documents/GitHub/RLD".
 --> contracts/lib/v4-periphery/src/libraries/Descriptor.sol:7:1:
  |
7 | import {Strings} from "openzeppelin-contracts/contracts/utils/Strings.sol";
  | ^^^^^^^^^^^^^^^^^^^^^^^^^^^^^^^^^^^^^^^^^^^^^^^^^^^^^^^^^^^^^^^^^^^^^^^^^^^

Error (6275): Source "openzeppelin-contracts/contracts/utils/Base64.sol" not found: File not found. Searched the following locations: "/Users/yevhen/Documents/GitHub/RLD".
ParserError: Source "openzeppelin-contracts/contracts/utils/Base64.sol" not found: File not found. Searched the following locations: "/Users/yevhen/Documents/GitHub/RLD".
 --> contracts/lib/v4-periphery/src/libraries/Descriptor.sol:8:1:
  |
8 | import {Base64} from "openzeppelin-contracts/contracts/utils/Base64.sol";
  | ^^^^^^^^^^^^^^^^^^^^^^^^^^^^^^^^^^^^^^^^^^^^^^^^^^^^^^^^^^^^^^^^^^^^^^^^^

Error (6275): Source "@uniswap/v4-core/src/libraries/FullMath.sol" not found: File not found. Searched the following locations: "/Users/yevhen/Documents/GitHub/RLD".
ParserError: Source "@uniswap/v4-core/src/libraries/FullMath.sol" not found: File not found. Searched the following locations: "/Users/yevhen/Documents/GitHub/RLD".
 --> contracts/lib/v4-periphery/src/libraries/LiquidityAmounts.sol:4:1:
  |
4 | import {FullMath} from "@uniswap/v4-core/src/libraries/FullMath.sol";
  | ^^^^^^^^^^^^^^^^^^^^^^^^^^^^^^^^^^^^^^^^^^^^^^^^^^^^^^^^^^^^^^^^^^^^^

Error (6275): Source "@uniswap/v4-core/src/libraries/FixedPoint96.sol" not found: File not found. Searched the following locations: "/Users/yevhen/Documents/GitHub/RLD".
ParserError: Source "@uniswap/v4-core/src/libraries/FixedPoint96.sol" not found: File not found. Searched the following locations: "/Users/yevhen/Documents/GitHub/RLD".
 --> contracts/lib/v4-periphery/src/libraries/LiquidityAmounts.sol:5:1:
  |
5 | import {FixedPoint96} from "@uniswap/v4-core/src/libraries/FixedPoint96.sol";
  | ^^^^^^^^^^^^^^^^^^^^^^^^^^^^^^^^^^^^^^^^^^^^^^^^^^^^^^^^^^^^^^^^^^^^^^^^^^^^^

Warning (4013): There are more than 256 errors. Aborting.
Warning (4013): There are more than 256 errors. Aborting.
Warning (4013): There are more than 256 errors. Aborting.
Warning (4013): There are more than 256 errors. Aborting.
Warning (4013): There are more than 256 errors. Aborting.
Warning (4013): There are more than 256 errors. Aborting.
Warning (4013): There are more than 256 errors. Aborting.
Warning (4013): There are more than 256 errors. Aborting.
Warning (4013): There are more than 256 errors. Aborting.
Warning (4013): There are more than 256 errors. Aborting.
Warning (4013): There are more than 256 errors. Aborting.
Warning (4013): There are more than 256 errors. Aborting.
Warning (4013): There are more than 256 errors. Aborting.
Warning (4013): There are more than 256 errors. Aborting.
Warning (4013): There are more than 256 errors. Aborting.
Warning (4013): There are more than 256 errors. Aborting.
Warning (4013): There are more than 256 errors. Aborting.
Warning (4013): There are more than 256 errors. Aborting.
Warning (4013): There are more than 256 errors. Aborting.
Warning (4013): There are more than 256 errors. Aborting.
Warning (4013): There are more than 256 errors. Aborting.
Warning (4013): There are more than 256 errors. Aborting.
Warning (4013): There are more than 256 errors. Aborting.
Warning (4013): There are more than 256 errors. Aborting.
Warning (4013): There are more than 256 errors. Aborting.
Warning (4013): There are more than 256 errors. Aborting.
Warning (4013): There are more than 256 errors. Aborting.
Warning (4013): There are more than 256 errors. Aborting.
Warning (4013): There are more than 256 errors. Aborting.
Warning (4013): There are more than 256 errors. Aborting.
Warning (4013): There are more than 256 errors. Aborting.
Warning (4013): There are more than 256 errors. Aborting.
Warning (4013): There are more than 256 errors. Aborting.
Warning (4013): There are more than 256 errors. Aborting.
Warning (4013): There are more than 256 errors. Aborting.
Warning (4013): There are more than 256 errors. Aborting.
Warning (4013): There are more than 256 errors. Aborting.
Warning (4013): There are more than 256 errors. Aborting.
Warning (4013): There are more than 256 errors. Aborting.
Warning (4013): There are more than 256 errors. Aborting.
Warning (4013): There are more than 256 errors. Aborting.
Warning (4013): There are more than 256 errors. Aborting.
Warning (4013): There are more than 256 errors. Aborting.
Warning (4013): There are more than 256 errors. Aborting.
Warning (4013): There are more than 256 errors. Aborting.
Warning (4013): There are more than 256 errors. Aborting.
Warning (4013): There are more than 256 errors. Aborting.
Warning (4013): There are more than 256 errors. Aborting.
Warning (4013): There are more than 256 errors. Aborting.
Warning (4013): There are more than 256 errors. Aborting.
Warning (4013): There are more than 256 errors. Aborting.
Warning (4013): There are more than 256 errors. Aborting.
Warning (4013): There are more than 256 errors. Aborting.
Warning (4013): There are more than 256 errors. Aborting.
Warning (4013): There are more than 256 errors. Aborting.
Warning (4013): There are more than 256 errors. Aborting.
Warning (4013): There are more than 256 errors. Aborting.
Warning (4013): There are more than 256 errors. Aborting.
Warning (4013): There are more than 256 errors. Aborting.
Warning (4013): There are more than 256 errors. Aborting.
Warning (4013): There are more than 256 errors. Aborting.
Warning (4013): There are more than 256 errors. Aborting.
Warning (4013): There are more than 256 errors. Aborting.
Warning (4013): There are more than 256 errors. Aborting.
Warning (4013): There are more than 256 errors. Aborting.
Warning (4013): There are more than 256 errors. Aborting.
Warning (4013): There are more than 256 errors. Aborting.
Warning (4013): There are more than 256 errors. Aborting.
Warning (4013): There are more than 256 errors. Aborting.
Warning (4013): There are more than 256 errors. Aborting.
Warning (4013): There are more than 256 errors. Aborting.
Warning (4013): There are more than 256 errors. Aborting.
Warning (4013): There are more than 256 errors. Aborting.
Warning (4013): There are more than 256 errors. Aborting.
Warning (4013): There are more than 256 errors. Aborting.
Warning (4013): There are more than 256 errors. Aborting.
Warning (4013): There are more than 256 errors. Aborting.
Warning (4013): There are more than 256 errors. Aborting.
Warning (4013): There are more than 256 errors. Aborting.
Warning (4013): There are more than 256 errors. Aborting.
Warning (4013): There are more than 256 errors. Aborting.
Warning (4013): There are more than 256 errors. Aborting.
Warning (4013): There are more than 256 errors. Aborting.
Warning (4013): There are more than 256 errors. Aborting.
Warning (4013): There are more than 256 errors. Aborting.
Warning (4013): There are more than 256 errors. Aborting.
Warning (4013): There are more than 256 errors. Aborting.
Warning (4013): There are more than 256 errors. Aborting.
Warning (4013): There are more than 256 errors. Aborting.
Warning (4013): There are more than 256 errors. Aborting.
Warning (4013): There are more than 256 errors. Aborting.
Warning (4013): There are more than 256 errors. Aborting.
Warning (4013): There are more than 256 errors. Aborting.
Warning (4013): There are more than 256 errors. Aborting.
Warning (4013): There are more than 256 errors. Aborting.
Warning (4013): There are more than 256 errors. Aborting.
Warning (4013): There are more than 256 errors. Aborting.
Warning (4013): There are more than 256 errors. Aborting.
Warning (4013): There are more than 256 errors. Aborting.
Warning (4013): There are more than 256 errors. Aborting.
Warning (4013): There are more than 256 errors. Aborting.
Warning (4013): There are more than 256 errors. Aborting.
Warning (4013): There are more than 256 errors. Aborting.
Warning (4013): There are more than 256 errors. Aborting.
Warning (4013): There are more than 256 errors. Aborting.
Warning (4013): There are more than 256 errors. Aborting.
Warning (4013): There are more than 256 errors. Aborting.
Warning (4013): There are more than 256 errors. Aborting.
Warning (4013): There are more than 256 errors. Aborting.
Warning (4013): There are more than 256 errors. Aborting.
Warning (4013): There are more than 256 errors. Aborting.
Warning (4013): There are more than 256 errors. Aborting.
Warning (4013): There are more than 256 errors. Aborting.
Warning (4013): There are more than 256 errors. Aborting.
Warning (4013): There are more than 256 errors. Aborting.
Warning (4013): There are more than 256 errors. Aborting.
Warning (4013): There are more than 256 errors. Aborting.
Warning (4013): There are more than 256 errors. Aborting.
Warning (4013): There are more than 256 errors. Aborting.
Warning (4013): There are more than 256 errors. Aborting.
Warning (4013): There are more than 256 errors. Aborting.
Warning (4013): There are more than 256 errors. Aborting.
Warning (4013): There are more than 256 errors. Aborting.
Warning (4013): There are more than 256 errors. Aborting.
Warning (4013): There are more than 256 errors. Aborting.
Warning (4013): There are more than 256 errors. Aborting.
Warning (4013): There are more than 256 errors. Aborting.
Warning (4013): There are more than 256 errors. Aborting.
Warning (4013): There are more than 256 errors. Aborting.
Warning (4013): There are more than 256 errors. Aborting.
Warning (4013): There are more than 256 errors. Aborting.
Warning (4013): There are more than 256 errors. Aborting.
Warning (4013): There are more than 256 errors. Aborting.
Warning (4013): There are more than 256 errors. Aborting.
Warning (4013): There are more than 256 errors. Aborting.
Warning (4013): There are more than 256 errors. Aborting.
Warning (4013): There are more than 256 errors. Aborting.
Warning (4013): There are more than 256 errors. Aborting.
Warning (4013): There are more than 256 errors. Aborting.
Warning (4013): There are more than 256 errors. Aborting.
Warning (4013): There are more than 256 errors. Aborting.
Warning (4013): There are more than 256 errors. Aborting.
Warning (4013): There are more than 256 errors. Aborting.
Warning (4013): There are more than 256 errors. Aborting.
Warning (4013): There are more than 256 errors. Aborting.
Warning (4013): There are more than 256 errors. Aborting.
Warning (4013): There are more than 256 errors. Aborting.
Warning (4013): There are more than 256 errors. Aborting.
Warning (4013): There are more than 256 errors. Aborting.
Warning (4013): There are more than 256 errors. Aborting.
Warning (4013): There are more than 256 errors. Aborting.
Warning (4013): There are more than 256 errors. Aborting.
Warning (4013): There are more than 256 errors. Aborting.
Warning (4013): There are more than 256 errors. Aborting.
Warning (4013): There are more than 256 errors. Aborting.
Warning (4013): There are more than 256 errors. Aborting.
Warning (4013): There are more than 256 errors. Aborting.
Warning (4013): There are more than 256 errors. Aborting.
Warning (4013): There are more than 256 errors. Aborting.
Warning (4013): There are more than 256 errors. Aborting.
Warning (4013): There are more than 256 errors. Aborting.
Warning (4013): There are more than 256 errors. Aborting.
Warning (4013): There are more than 256 errors. Aborting.
Warning (4013): There are more than 256 errors. Aborting.
Warning (4013): There are more than 256 errors. Aborting.
Warning (4013): There are more than 256 errors. Aborting.
Warning (4013): There are more than 256 errors. Aborting.
Warning (4013): There are more than 256 errors. Aborting.
Warning (4013): There are more than 256 errors. Aborting.
Warning (4013): There are more than 256 errors. Aborting.
Warning (4013): There are more than 256 errors. Aborting.
Warning (4013): There are more than 256 errors. Aborting.
Warning (4013): There are more than 256 errors. Aborting.
Warning (4013): There are more than 256 errors. Aborting.
Warning (4013): There are more than 256 errors. Aborting.
Warning (4013): There are more than 256 errors. Aborting.
Warning (4013): There are more than 256 errors. Aborting.
Warning (4013): There are more than 256 errors. Aborting.
Warning (4013): There are more than 256 errors. Aborting.
Warning (4013): There are more than 256 errors. Aborting.
Warning (4013): There are more than 256 errors. Aborting.
Warning (4013): There are more than 256 errors. Aborting.
Warning (4013): There are more than 256 errors. Aborting.
Warning (4013): There are more than 256 errors. Aborting.
Warning (4013): There are more than 256 errors. Aborting.
Warning (4013): There are more than 256 errors. Aborting.
Warning (4013): There are more than 256 errors. Aborting.
Warning (4013): There are more than 256 errors. Aborting.
Warning (4013): There are more than 256 errors. Aborting.
Warning (4013): There are more than 256 errors. Aborting.
Warning (4013): There are more than 256 errors. Aborting.
Warning (4013): There are more than 256 errors. Aborting.
Warning (4013): There are more than 256 errors. Aborting.
Warning (4013): There are more than 256 errors. Aborting.
Warning (4013): There are more than 256 errors. Aborting.
Warning (4013): There are more than 256 errors. Aborting.
Warning (4013): There are more than 256 errors. Aborting.
Warning (4013): There are more than 256 errors. Aborting.
Warning (4013): There are more than 256 errors. Aborting.
Warning (4013): There are more than 256 errors. Aborting.
Warning (4013): There are more than 256 errors. Aborting.
Warning (4013): There are more than 256 errors. Aborting.
Warning (4013): There are more than 256 errors. Aborting.
Warning (4013): There are more than 256 errors. Aborting.
Warning (4013): There are more than 256 errors. Aborting.
Warning (4013): There are more than 256 errors. Aborting.
Warning (4013): There are more than 256 errors. Aborting.
Warning (4013): There are more than 256 errors. Aborting.
Warning (4013): There are more than 256 errors. Aborting.
Warning (4013): There are more than 256 errors. Aborting.
Warning (4013): There are more than 256 errors. Aborting.
Warning (4013): There are more than 256 errors. Aborting.
Warning (4013): There are more than 256 errors. Aborting.
Warning (4013): There are more than 256 errors. Aborting.
Warning (4013): There are more than 256 errors. Aborting.
Warning (4013): There are more than 256 errors. Aborting.
Warning (4013): There are more than 256 errors. Aborting.
Warning (4013): There are more than 256 errors. Aborting.
Warning (4013): There are more than 256 errors. Aborting.
Warning (4013): There are more than 256 errors. Aborting.
Warning (4013): There are more than 256 errors. Aborting.
Warning (4013): There are more than 256 errors. Aborting.
Warning (4013): There are more than 256 errors. Aborting.
Warning (4013): There are more than 256 errors. Aborting.
Warning (4013): There are more than 256 errors. Aborting.
Warning (4013): There are more than 256 errors. Aborting.
Warning (4013): There are more than 256 errors. Aborting.
Warning (4013): There are more than 256 errors. Aborting.
Warning (4013): There are more than 256 errors. Aborting.
Warning (4013): There are more than 256 errors. Aborting.
Warning (4013): There are more than 256 errors. Aborting.
Warning (4013): There are more than 256 errors. Aborting.
Warning (4013): There are more than 256 errors. Aborting.
Warning (4013): There are more than 256 errors. Aborting.
Warning (4013): There are more than 256 errors. Aborting.
Warning (4013): There are more than 256 errors. Aborting.
Warning (4013): There are more than 256 errors. Aborting.
Warning (4013): There are more than 256 errors. Aborting.
Warning (4013): There are more than 256 errors. Aborting.
Warning (4013): There are more than 256 errors. Aborting.
Warning (4013): There are more than 256 errors. Aborting.
Warning (4013): There are more than 256 errors. Aborting.
Warning (4013): There are more than 256 errors. Aborting.
Warning (4013): There are more than 256 errors. Aborting.
Warning (4013): There are more than 256 errors. Aborting.
Warning (4013): There are more than 256 errors. Aborting.
Warning (4013): There are more than 256 errors. Aborting.
Warning (4013): There are more than 256 errors. Aborting.
Warning (4013): There are more than 256 errors. Aborting.
Warning (4013): There are more than 256 errors. Aborting.
Warning (4013): There are more than 256 errors. Aborting.
Warning (4013): There are more than 256 errors. Aborting.
Warning (4013): There are more than 256 errors. Aborting.
Warning (4013): There are more than 256 errors. Aborting.
Warning (4013): There are more than 256 errors. Aborting.
Warning (4013): There are more than 256 errors. Aborting.
Warning (4013): There are more than 256 errors. Aborting.
Warning (4013): There are more than 256 errors. Aborting.
Warning (4013): There are more than 256 errors. Aborting.
Warning (4013): There are more than 256 errors. Aborting.
Warning (4013): There are more than 256 errors. Aborting.
Warning (4013): There are more than 256 errors. Aborting.
Warning (4013): There are more than 256 errors. Aborting.
Warning (4013): There are more than 256 errors. Aborting.
Warning (4013): There are more than 256 errors. Aborting.
Warning (4013): There are more than 256 errors. Aborting.
Warning (4013): There are more than 256 errors. Aborting.
Warning (4013): There are more than 256 errors. Aborting.
Warning (4013): There are more than 256 errors. Aborting.
Warning (4013): There are more than 256 errors. Aborting.
Warning (4013): There are more than 256 errors. Aborting.
Warning (4013): There are more than 256 errors. Aborting.
Warning (4013): There are more than 256 errors. Aborting.
Warning (4013): There are more than 256 errors. Aborting.
Warning (4013): There are more than 256 errors. Aborting.
Warning (4013): There are more than 256 errors. Aborting.
Warning (4013): There are more than 256 errors. Aborting.
Warning (4013): There are more than 256 errors. Aborting.
Warning (4013): There are more than 256 errors. Aborting.
Warning (4013): There are more than 256 errors. Aborting.
Warning (4013): There are more than 256 errors. Aborting.
Warning (4013): There are more than 256 errors. Aborting.
Warning (4013): There are more than 256 errors. Aborting.
Warning (4013): There are more than 256 errors. Aborting.
Warning (4013): There are more than 256 errors. Aborting.
Warning (4013): There are more than 256 errors. Aborting.
Warning (4013): There are more than 256 errors. Aborting.
Warning (4013): There are more than 256 errors. Aborting.
Warning (4013): There are more than 256 errors. Aborting.
Warning (4013): There are more than 256 errors. Aborting.
Warning (4013): There are more than 256 errors. Aborting.
Warning (4013): There are more than 256 errors. Aborting.
Warning (4013): There are more than 256 errors. Aborting.
Warning (4013): There are more than 256 errors. Aborting.
Warning (4013): There are more than 256 errors. Aborting.
Warning (4013): There are more than 256 errors. Aborting.
Warning (4013): There are more than 256 errors. Aborting.
Warning (4013): There are more than 256 errors. Aborting.
Warning (4013): There are more than 256 errors. Aborting.
Warning (4013): There are more than 256 errors. Aborting.
Warning (4013): There are more than 256 errors. Aborting.
Warning (4013): There are more than 256 errors. Aborting.
Warning (4013): There are more than 256 errors. Aborting.
Warning (4013): There are more than 256 errors. Aborting.
Warning (4013): There are more than 256 errors. Aborting.
Warning (4013): There are more than 256 errors. Aborting.
Warning (4013): There are more than 256 errors. Aborting.
Warning (4013): There are more than 256 errors. Aborting.
Warning (4013): There are more than 256 errors. Aborting.
Warning (4013): There are more than 256 errors. Aborting.
Warning (4013): There are more than 256 errors. Aborting.
Warning (4013): There are more than 256 errors. Aborting.
Warning (4013): There are more than 256 errors. Aborting.
Warning (4013): There are more than 256 errors. Aborting.
Warning (4013): There are more than 256 errors. Aborting.
Warning (4013): There are more than 256 errors. Aborting.
Warning (4013): There are more than 256 errors. Aborting.
Warning (4013): There are more than 256 errors. Aborting.
Warning (4013): There are more than 256 errors. Aborting.
Warning (4013): There are more than 256 errors. Aborting.
Warning (4013): There are more than 256 errors. Aborting.
Warning (4013): There are more than 256 errors. Aborting.
Warning (4013): There are more than 256 errors. Aborting.
Warning (4013): There are more than 256 errors. Aborting.
Warning (4013): There are more than 256 errors. Aborting.
Warning (4013): There are more than 256 errors. Aborting.
Warning (4013): There are more than 256 errors. Aborting.
Warning (4013): There are more than 256 errors. Aborting.
Warning (4013): There are more than 256 errors. Aborting.
Warning (4013): There are more than 256 errors. Aborting.
Warning (4013): There are more than 256 errors. Aborting.
Warning (4013): There are more than 256 errors. Aborting.
Warning (4013): There are more than 256 errors. Aborting.
Warning (4013): There are more than 256 errors. Aborting.
Warning (4013): There are more than 256 errors. Aborting.
Warning (4013): There are more than 256 errors. Aborting.
Warning (4013): There are more than 256 errors. Aborting.
Warning (4013): There are more than 256 errors. Aborting.
Warning (4013): There are more than 256 errors. Aborting.
Warning (4013): There are more than 256 errors. Aborting.
